[2025-12-07T21:59:47.160+0000][gc,init] CardTable entry size: 512
[2025-12-07T21:59:47.164+0000][gc     ] Using G1
[2025-12-07T21:59:47.167+0000][gc,init] Version: 21.0.9+10-Ubuntu-124.04 (release)
[2025-12-07T21:59:47.167+0000][gc,init] CPUs: 15 total, 1 available
[2025-12-07T21:59:47.167+0000][gc,init] Memory: 957M
[2025-12-07T21:59:47.167+0000][gc,init] Large Page Support: Disabled
[2025-12-07T21:59:47.167+0000][gc,init] NUMA Support: Disabled
[2025-12-07T21:59:47.167+0000][gc,init] Compressed Oops: Enabled (32-bit)
[2025-12-07T21:59:47.167+0000][gc,init] Heap Region Size: 1M
[2025-12-07T21:59:47.167+0000][gc,init] Heap Min Capacity: 256M
[2025-12-07T21:59:47.167+0000][gc,init] Heap Initial Capacity: 256M
[2025-12-07T21:59:47.167+0000][gc,init] Heap Max Capacity: 700M
[2025-12-07T21:59:47.167+0000][gc,init] Pre-touch: Disabled
[2025-12-07T21:59:47.167+0000][gc,init] Parallel Workers: 1
[2025-12-07T21:59:47.167+0000][gc,init] Concurrent Workers: 1
[2025-12-07T21:59:47.167+0000][gc,init] Concurrent Refinement Workers: 1
[2025-12-07T21:59:47.167+0000][gc,init] Periodic GC: Disabled
[2025-12-07T21:59:47.175+0000][gc,metaspace] CDS archive(s) mapped at: [0x000079846b000000-0x000079846bca0000-0x000079846bca0000), size 13238272, SharedBaseAddress: 0x000079846b000000, ArchiveRelocationMode: 1.
[2025-12-07T21:59:47.175+0000][gc,metaspace] Compressed class space mapped at: 0x000079846c000000-0x00007984ac000000, reserved size: 1073741824
[2025-12-07T21:59:47.175+0000][gc,metaspace] Narrow klass base: 0x000079846b000000, Narrow klass shift: 0, Narrow klass range: 0x100000000
[2025-12-07T21:59:48.263+0000][gc,start    ] GC(0) Pause Young (Normal) (G1 Evacuation Pause)
[2025-12-07T21:59:48.263+0000][gc,task     ] GC(0) Using 1 workers of 1 for evacuation
[2025-12-07T21:59:48.278+0000][gc,phases   ] GC(0)   Pre Evacuate Collection Set: 0.07ms
[2025-12-07T21:59:48.278+0000][gc,phases   ] GC(0)   Merge Heap Roots: 0.04ms
[2025-12-07T21:59:48.278+0000][gc,phases   ] GC(0)   Evacuate Collection Set: 14.68ms
[2025-12-07T21:59:48.278+0000][gc,phases   ] GC(0)   Post Evacuate Collection Set: 0.18ms
[2025-12-07T21:59:48.278+0000][gc,phases   ] GC(0)   Other: 0.07ms
[2025-12-07T21:59:48.278+0000][gc,heap     ] GC(0) Eden regions: 12->0(10)
[2025-12-07T21:59:48.278+0000][gc,heap     ] GC(0) Survivor regions: 0->2(2)
[2025-12-07T21:59:48.278+0000][gc,heap     ] GC(0) Old regions: 2->5
[2025-12-07T21:59:48.278+0000][gc,heap     ] GC(0) Humongous regions: 0->0
[2025-12-07T21:59:48.278+0000][gc,metaspace] GC(0) Metaspace: 3848K(4032K)->3848K(4032K) NonClass: 3465K(3584K)->3465K(3584K) Class: 383K(448K)->383K(448K)
[2025-12-07T21:59:48.279+0000][gc          ] GC(0) Pause Young (Normal) (G1 Evacuation Pause) 13M->5M(258M) 15.222ms
[2025-12-07T21:59:48.279+0000][gc,cpu      ] GC(0) User=0.01s Sys=0.00s Real=0.02s
[2025-12-07T21:59:48.982+0000][gc,start    ] GC(1) Pause Young (Normal) (G1 Evacuation Pause)
[2025-12-07T21:59:48.982+0000][gc,task     ] GC(1) Using 1 workers of 1 for evacuation
[2025-12-07T21:59:48.989+0000][gc,phases   ] GC(1)   Pre Evacuate Collection Set: 0.06ms
[2025-12-07T21:59:48.989+0000][gc,phases   ] GC(1)   Merge Heap Roots: 0.02ms
[2025-12-07T21:59:48.989+0000][gc,phases   ] GC(1)   Evacuate Collection Set: 6.61ms
[2025-12-07T21:59:48.989+0000][gc,phases   ] GC(1)   Post Evacuate Collection Set: 0.21ms
[2025-12-07T21:59:48.989+0000][gc,phases   ] GC(1)   Other: 0.05ms
[2025-12-07T21:59:48.989+0000][gc,heap     ] GC(1) Eden regions: 10->0(10)
[2025-12-07T21:59:48.989+0000][gc,heap     ] GC(1) Survivor regions: 2->2(2)
[2025-12-07T21:59:48.989+0000][gc,heap     ] GC(1) Old regions: 5->7
[2025-12-07T21:59:48.989+0000][gc,heap     ] GC(1) Humongous regions: 0->0
[2025-12-07T21:59:48.989+0000][gc,metaspace] GC(1) Metaspace: 8156K(8384K)->8156K(8384K) NonClass: 7299K(7424K)->7299K(7424K) Class: 857K(960K)->857K(960K)
[2025-12-07T21:59:48.989+0000][gc          ] GC(1) Pause Young (Normal) (G1 Evacuation Pause) 15M->7M(258M) 7.062ms
[2025-12-07T21:59:48.989+0000][gc,cpu      ] GC(1) User=0.01s Sys=0.00s Real=0.01s
[2025-12-07T21:59:49.338+0000][gc,start    ] GC(2) Pause Young (Normal) (G1 Evacuation Pause)
[2025-12-07T21:59:49.339+0000][gc,task     ] GC(2) Using 1 workers of 1 for evacuation
[2025-12-07T21:59:49.344+0000][gc,phases   ] GC(2)   Pre Evacuate Collection Set: 0.06ms
[2025-12-07T21:59:49.344+0000][gc,phases   ] GC(2)   Merge Heap Roots: 0.02ms
[2025-12-07T21:59:49.344+0000][gc,phases   ] GC(2)   Evacuate Collection Set: 5.17ms
[2025-12-07T21:59:49.344+0000][gc,phases   ] GC(2)   Post Evacuate Collection Set: 0.63ms
[2025-12-07T21:59:49.344+0000][gc,phases   ] GC(2)   Other: 0.06ms
[2025-12-07T21:59:49.345+0000][gc,heap     ] GC(2) Eden regions: 10->0(11)
[2025-12-07T21:59:49.345+0000][gc,heap     ] GC(2) Survivor regions: 2->1(2)
[2025-12-07T21:59:49.345+0000][gc,heap     ] GC(2) Old regions: 7->9
[2025-12-07T21:59:49.345+0000][gc,heap     ] GC(2) Humongous regions: 0->0
[2025-12-07T21:59:49.345+0000][gc,metaspace] GC(2) Metaspace: 10661K(10880K)->10661K(10880K) NonClass: 9520K(9664K)->9520K(9664K) Class: 1141K(1216K)->1141K(1216K)
[2025-12-07T21:59:49.345+0000][gc          ] GC(2) Pause Young (Normal) (G1 Evacuation Pause) 17M->8M(258M) 6.098ms
[2025-12-07T21:59:49.345+0000][gc,cpu      ] GC(2) User=0.00s Sys=0.01s Real=0.01s
[2025-12-07T21:59:49.649+0000][gc,start    ] GC(3) Pause Young (Normal) (G1 Evacuation Pause)
[2025-12-07T21:59:49.649+0000][gc,task     ] GC(3) Using 1 workers of 1 for evacuation
[2025-12-07T21:59:49.654+0000][gc,phases   ] GC(3)   Pre Evacuate Collection Set: 0.07ms
[2025-12-07T21:59:49.654+0000][gc,phases   ] GC(3)   Merge Heap Roots: 0.02ms
[2025-12-07T21:59:49.654+0000][gc,phases   ] GC(3)   Evacuate Collection Set: 3.93ms
[2025-12-07T21:59:49.654+0000][gc,phases   ] GC(3)   Post Evacuate Collection Set: 0.38ms
[2025-12-07T21:59:49.654+0000][gc,phases   ] GC(3)   Other: 0.05ms
[2025-12-07T21:59:49.654+0000][gc,heap     ] GC(3) Eden regions: 11->0(10)
[2025-12-07T21:59:49.654+0000][gc,heap     ] GC(3) Survivor regions: 1->2(2)
[2025-12-07T21:59:49.654+0000][gc,heap     ] GC(3) Old regions: 9->9
[2025-12-07T21:59:49.654+0000][gc,heap     ] GC(3) Humongous regions: 0->0
[2025-12-07T21:59:49.654+0000][gc,metaspace] GC(3) Metaspace: 14025K(14208K)->14025K(14208K) NonClass: 12478K(12608K)->12478K(12608K) Class: 1547K(1600K)->1547K(1600K)
[2025-12-07T21:59:49.654+0000][gc          ] GC(3) Pause Young (Normal) (G1 Evacuation Pause) 19M->9M(258M) 4.595ms
[2025-12-07T21:59:49.654+0000][gc,cpu      ] GC(3) User=0.00s Sys=0.00s Real=0.00s
[2025-12-07T21:59:50.064+0000][gc,start    ] GC(4) Pause Young (Normal) (G1 Evacuation Pause)
[2025-12-07T21:59:50.064+0000][gc,task     ] GC(4) Using 1 workers of 1 for evacuation
[2025-12-07T21:59:50.068+0000][gc,phases   ] GC(4)   Pre Evacuate Collection Set: 0.06ms
[2025-12-07T21:59:50.068+0000][gc,phases   ] GC(4)   Merge Heap Roots: 0.02ms
[2025-12-07T21:59:50.068+0000][gc,phases   ] GC(4)   Evacuate Collection Set: 4.52ms
[2025-12-07T21:59:50.068+0000][gc,phases   ] GC(4)   Post Evacuate Collection Set: 0.21ms
[2025-12-07T21:59:50.068+0000][gc,phases   ] GC(4)   Other: 0.06ms
[2025-12-07T21:59:50.068+0000][gc,heap     ] GC(4) Eden regions: 10->0(10)
[2025-12-07T21:59:50.068+0000][gc,heap     ] GC(4) Survivor regions: 2->2(2)
[2025-12-07T21:59:50.068+0000][gc,heap     ] GC(4) Old regions: 9->10
[2025-12-07T21:59:50.068+0000][gc,heap     ] GC(4) Humongous regions: 0->0
[2025-12-07T21:59:50.069+0000][gc,metaspace] GC(4) Metaspace: 17345K(17664K)->17345K(17664K) NonClass: 15394K(15552K)->15394K(15552K) Class: 1951K(2112K)->1951K(2112K)
[2025-12-07T21:59:50.069+0000][gc          ] GC(4) Pause Young (Normal) (G1 Evacuation Pause) 19M->9M(258M) 4.999ms
[2025-12-07T21:59:50.069+0000][gc,cpu      ] GC(4) User=0.00s Sys=0.00s Real=0.01s
[2025-12-07T21:59:50.444+0000][gc,start    ] GC(5) Pause Young (Normal) (G1 Evacuation Pause)
[2025-12-07T21:59:50.444+0000][gc,task     ] GC(5) Using 1 workers of 1 for evacuation
[2025-12-07T21:59:50.449+0000][gc,phases   ] GC(5)   Pre Evacuate Collection Set: 0.07ms
[2025-12-07T21:59:50.449+0000][gc,phases   ] GC(5)   Merge Heap Roots: 0.02ms
[2025-12-07T21:59:50.449+0000][gc,phases   ] GC(5)   Evacuate Collection Set: 4.71ms
[2025-12-07T21:59:50.449+0000][gc,phases   ] GC(5)   Post Evacuate Collection Set: 0.23ms
[2025-12-07T21:59:50.449+0000][gc,phases   ] GC(5)   Other: 0.06ms
[2025-12-07T21:59:50.449+0000][gc,heap     ] GC(5) Eden regions: 10->0(10)
[2025-12-07T21:59:50.449+0000][gc,heap     ] GC(5) Survivor regions: 2->2(2)
[2025-12-07T21:59:50.449+0000][gc,heap     ] GC(5) Old regions: 10->10
[2025-12-07T21:59:50.449+0000][gc,heap     ] GC(5) Humongous regions: 0->0
[2025-12-07T21:59:50.449+0000][gc,metaspace] GC(5) Metaspace: 20849K(21120K)->20849K(21120K) NonClass: 18353K(18496K)->18353K(18496K) Class: 2496K(2624K)->2496K(2624K)
[2025-12-07T21:59:50.449+0000][gc          ] GC(5) Pause Young (Normal) (G1 Evacuation Pause) 19M->9M(258M) 5.223ms
[2025-12-07T21:59:50.449+0000][gc,cpu      ] GC(5) User=0.00s Sys=0.00s Real=0.01s
[2025-12-07T21:59:50.478+0000][gc,start    ] GC(6) Pause Young (Concurrent Start) (Metadata GC Threshold)
[2025-12-07T21:59:50.479+0000][gc,task     ] GC(6) Using 1 workers of 1 for evacuation
[2025-12-07T21:59:50.482+0000][gc,phases   ] GC(6)   Pre Evacuate Collection Set: 0.07ms
[2025-12-07T21:59:50.482+0000][gc,phases   ] GC(6)   Merge Heap Roots: 0.02ms
[2025-12-07T21:59:50.482+0000][gc,phases   ] GC(6)   Evacuate Collection Set: 2.84ms
[2025-12-07T21:59:50.482+0000][gc,phases   ] GC(6)   Post Evacuate Collection Set: 0.21ms
[2025-12-07T21:59:50.482+0000][gc,phases   ] GC(6)   Other: 0.05ms
[2025-12-07T21:59:50.482+0000][gc,heap     ] GC(6) Eden regions: 2->0(11)
[2025-12-07T21:59:50.482+0000][gc,heap     ] GC(6) Survivor regions: 2->1(2)
[2025-12-07T21:59:50.482+0000][gc,heap     ] GC(6) Old regions: 10->11
[2025-12-07T21:59:50.482+0000][gc,heap     ] GC(6) Humongous regions: 0->0
[2025-12-07T21:59:50.482+0000][gc,metaspace] GC(6) Metaspace: 21239K(21504K)->21239K(21504K) NonClass: 18682K(18816K)->18682K(18816K) Class: 2557K(2688K)->2557K(2688K)
[2025-12-07T21:59:50.482+0000][gc          ] GC(6) Pause Young (Concurrent Start) (Metadata GC Threshold) 11M->10M(258M) 3.315ms
[2025-12-07T21:59:50.482+0000][gc,cpu      ] GC(6) User=0.00s Sys=0.00s Real=0.00s
[2025-12-07T21:59:50.482+0000][gc          ] GC(7) Concurrent Mark Cycle
[2025-12-07T21:59:50.482+0000][gc,marking  ] GC(7) Concurrent Scan Root Regions
[2025-12-07T21:59:50.483+0000][gc,marking  ] GC(7) Concurrent Scan Root Regions 0.924ms
[2025-12-07T21:59:50.483+0000][gc,marking  ] GC(7) Concurrent Mark
[2025-12-07T21:59:50.483+0000][gc,marking  ] GC(7) Concurrent Mark From Roots
[2025-12-07T21:59:50.483+0000][gc,task     ] GC(7) Using 1 workers of 1 for marking
[2025-12-07T21:59:50.495+0000][gc,marking  ] GC(7) Concurrent Mark From Roots 12.274ms
[2025-12-07T21:59:50.495+0000][gc,marking  ] GC(7) Concurrent Preclean
[2025-12-07T21:59:50.495+0000][gc,marking  ] GC(7) Concurrent Preclean 0.038ms
[2025-12-07T21:59:50.495+0000][gc,start    ] GC(7) Pause Remark
[2025-12-07T21:59:50.498+0000][gc          ] GC(7) Pause Remark 10M->10M(256M) 3.332ms
[2025-12-07T21:59:50.499+0000][gc,cpu      ] GC(7) User=0.01s Sys=0.00s Real=0.00s
[2025-12-07T21:59:50.500+0000][gc,marking  ] GC(7) Concurrent Mark 16.733ms
[2025-12-07T21:59:50.500+0000][gc,marking  ] GC(7) Concurrent Rebuild Remembered Sets and Scrub Regions
[2025-12-07T21:59:50.507+0000][gc,marking  ] GC(7) Concurrent Rebuild Remembered Sets and Scrub Regions 7.583ms
[2025-12-07T21:59:50.507+0000][gc,start    ] GC(7) Pause Cleanup
[2025-12-07T21:59:50.507+0000][gc          ] GC(7) Pause Cleanup 10M->10M(256M) 0.062ms
[2025-12-07T21:59:50.507+0000][gc,cpu      ] GC(7) User=0.00s Sys=0.00s Real=0.00s
[2025-12-07T21:59:50.507+0000][gc,marking  ] GC(7) Concurrent Clear Claimed Marks
[2025-12-07T21:59:50.507+0000][gc,marking  ] GC(7) Concurrent Clear Claimed Marks 0.013ms
[2025-12-07T21:59:50.507+0000][gc,marking  ] GC(7) Concurrent Cleanup for Next Mark
[2025-12-07T21:59:50.511+0000][gc,marking  ] GC(7) Concurrent Cleanup for Next Mark 3.490ms
[2025-12-07T21:59:50.511+0000][gc          ] GC(7) Concurrent Mark Cycle 28.935ms
[2025-12-07T21:59:50.949+0000][gc,start    ] GC(8) Pause Young (Prepare Mixed) (G1 Evacuation Pause)
[2025-12-07T21:59:50.949+0000][gc,task     ] GC(8) Using 1 workers of 1 for evacuation
[2025-12-07T21:59:50.955+0000][gc,phases   ] GC(8)   Pre Evacuate Collection Set: 0.06ms
[2025-12-07T21:59:50.955+0000][gc,phases   ] GC(8)   Merge Heap Roots: 0.02ms
[2025-12-07T21:59:50.955+0000][gc,phases   ] GC(8)   Evacuate Collection Set: 4.40ms
[2025-12-07T21:59:50.955+0000][gc,phases   ] GC(8)   Post Evacuate Collection Set: 0.24ms
[2025-12-07T21:59:50.955+0000][gc,phases   ] GC(8)   Other: 0.07ms
[2025-12-07T21:59:50.955+0000][gc,heap     ] GC(8) Eden regions: 11->0(10)
[2025-12-07T21:59:50.955+0000][gc,heap     ] GC(8) Survivor regions: 1->2(2)
[2025-12-07T21:59:50.955+0000][gc,heap     ] GC(8) Old regions: 11->11
[2025-12-07T21:59:50.955+0000][gc,heap     ] GC(8) Humongous regions: 0->0
[2025-12-07T21:59:50.955+0000][gc,metaspace] GC(8) Metaspace: 24434K(24704K)->24434K(24704K) NonClass: 21560K(21696K)->21560K(21696K) Class: 2873K(3008K)->2873K(3008K)
[2025-12-07T21:59:50.955+0000][gc          ] GC(8) Pause Young (Prepare Mixed) (G1 Evacuation Pause) 21M->10M(256M) 5.872ms
[2025-12-07T21:59:50.955+0000][gc,cpu      ] GC(8) User=0.00s Sys=0.00s Real=0.01s
[2025-12-07T21:59:51.130+0000][gc,start    ] GC(9) Pause Young (Mixed) (G1 Evacuation Pause)
[2025-12-07T21:59:51.130+0000][gc,task     ] GC(9) Using 1 workers of 1 for evacuation
[2025-12-07T21:59:51.136+0000][gc,phases   ] GC(9)   Pre Evacuate Collection Set: 0.07ms
[2025-12-07T21:59:51.136+0000][gc,phases   ] GC(9)   Merge Heap Roots: 0.02ms
[2025-12-07T21:59:51.136+0000][gc,phases   ] GC(9)   Evacuate Collection Set: 4.94ms
[2025-12-07T21:59:51.136+0000][gc,phases   ] GC(9)   Post Evacuate Collection Set: 0.28ms
[2025-12-07T21:59:51.136+0000][gc,phases   ] GC(9)   Other: 0.06ms
[2025-12-07T21:59:51.136+0000][gc,heap     ] GC(9) Eden regions: 10->0(10)
[2025-12-07T21:59:51.136+0000][gc,heap     ] GC(9) Survivor regions: 2->2(2)
[2025-12-07T21:59:51.136+0000][gc,heap     ] GC(9) Old regions: 11->11
[2025-12-07T21:59:51.136+0000][gc,heap     ] GC(9) Humongous regions: 0->0
[2025-12-07T21:59:51.136+0000][gc,metaspace] GC(9) Metaspace: 27607K(27904K)->27607K(27904K) NonClass: 24530K(24704K)->24530K(24704K) Class: 3077K(3200K)->3077K(3200K)
[2025-12-07T21:59:51.136+0000][gc          ] GC(9) Pause Young (Mixed) (G1 Evacuation Pause) 20M->11M(256M) 5.498ms
[2025-12-07T21:59:51.136+0000][gc,cpu      ] GC(9) User=0.01s Sys=0.00s Real=0.01s
[2025-12-07T21:59:51.435+0000][gc,start    ] GC(10) Pause Young (Normal) (G1 Evacuation Pause)
[2025-12-07T21:59:51.435+0000][gc,task     ] GC(10) Using 1 workers of 1 for evacuation
[2025-12-07T21:59:51.447+0000][gc,phases   ] GC(10)   Pre Evacuate Collection Set: 0.08ms
[2025-12-07T21:59:51.447+0000][gc,phases   ] GC(10)   Merge Heap Roots: 0.04ms
[2025-12-07T21:59:51.447+0000][gc,phases   ] GC(10)   Evacuate Collection Set: 11.60ms
[2025-12-07T21:59:51.447+0000][gc,phases   ] GC(10)   Post Evacuate Collection Set: 0.28ms
[2025-12-07T21:59:51.447+0000][gc,phases   ] GC(10)   Other: 0.05ms
[2025-12-07T21:59:51.447+0000][gc,heap     ] GC(10) Eden regions: 10->0(10)
[2025-12-07T21:59:51.447+0000][gc,heap     ] GC(10) Survivor regions: 2->2(2)
[2025-12-07T21:59:51.447+0000][gc,heap     ] GC(10) Old regions: 11->12
[2025-12-07T21:59:51.447+0000][gc,heap     ] GC(10) Humongous regions: 0->0
[2025-12-07T21:59:51.447+0000][gc,metaspace] GC(10) Metaspace: 29687K(30016K)->29687K(30016K) NonClass: 26307K(26496K)->26307K(26496K) Class: 3379K(3520K)->3379K(3520K)
[2025-12-07T21:59:51.447+0000][gc          ] GC(10) Pause Young (Normal) (G1 Evacuation Pause) 21M->13M(256M) 12.181ms
[2025-12-07T21:59:51.447+0000][gc,cpu      ] GC(10) User=0.01s Sys=0.00s Real=0.01s
[2025-12-07T21:59:52.006+0000][gc,start    ] GC(11) Pause Young (Normal) (G1 Evacuation Pause)
[2025-12-07T21:59:52.006+0000][gc,task     ] GC(11) Using 1 workers of 1 for evacuation
[2025-12-07T21:59:52.020+0000][gc,phases   ] GC(11)   Pre Evacuate Collection Set: 0.07ms
[2025-12-07T21:59:52.020+0000][gc,phases   ] GC(11)   Merge Heap Roots: 0.03ms
[2025-12-07T21:59:52.020+0000][gc,phases   ] GC(11)   Evacuate Collection Set: 13.13ms
[2025-12-07T21:59:52.020+0000][gc,phases   ] GC(11)   Post Evacuate Collection Set: 0.32ms
[2025-12-07T21:59:52.020+0000][gc,phases   ] GC(11)   Other: 0.06ms
[2025-12-07T21:59:52.020+0000][gc,heap     ] GC(11) Eden regions: 10->0(10)
[2025-12-07T21:59:52.020+0000][gc,heap     ] GC(11) Survivor regions: 2->2(2)
[2025-12-07T21:59:52.020+0000][gc,heap     ] GC(11) Old regions: 12->14
[2025-12-07T21:59:52.020+0000][gc,heap     ] GC(11) Humongous regions: 0->0
[2025-12-07T21:59:52.020+0000][gc,metaspace] GC(11) Metaspace: 31969K(32384K)->31969K(32384K) NonClass: 28285K(28480K)->28285K(28480K) Class: 3684K(3904K)->3684K(3904K)
[2025-12-07T21:59:52.020+0000][gc          ] GC(11) Pause Young (Normal) (G1 Evacuation Pause) 23M->15M(256M) 13.756ms
[2025-12-07T21:59:52.020+0000][gc,cpu      ] GC(11) User=0.01s Sys=0.00s Real=0.01s
[2025-12-07T21:59:52.450+0000][gc,start    ] GC(12) Pause Young (Normal) (G1 Evacuation Pause)
[2025-12-07T21:59:52.450+0000][gc,task     ] GC(12) Using 1 workers of 1 for evacuation
[2025-12-07T21:59:52.457+0000][gc,phases   ] GC(12)   Pre Evacuate Collection Set: 0.07ms
[2025-12-07T21:59:52.457+0000][gc,phases   ] GC(12)   Merge Heap Roots: 0.02ms
[2025-12-07T21:59:52.457+0000][gc,phases   ] GC(12)   Evacuate Collection Set: 6.20ms
[2025-12-07T21:59:52.457+0000][gc,phases   ] GC(12)   Post Evacuate Collection Set: 0.27ms
[2025-12-07T21:59:52.457+0000][gc,phases   ] GC(12)   Other: 0.05ms
[2025-12-07T21:59:52.457+0000][gc,heap     ] GC(12) Eden regions: 10->0(11)
[2025-12-07T21:59:52.457+0000][gc,heap     ] GC(12) Survivor regions: 2->1(2)
[2025-12-07T21:59:52.457+0000][gc,heap     ] GC(12) Old regions: 14->16
[2025-12-07T21:59:52.457+0000][gc,heap     ] GC(12) Humongous regions: 0->0
[2025-12-07T21:59:52.457+0000][gc,metaspace] GC(12) Metaspace: 34109K(34560K)->34109K(34560K) NonClass: 30190K(30464K)->30190K(30464K) Class: 3918K(4096K)->3918K(4096K)
[2025-12-07T21:59:52.457+0000][gc          ] GC(12) Pause Young (Normal) (G1 Evacuation Pause) 25M->15M(256M) 7.175ms
[2025-12-07T21:59:52.458+0000][gc,cpu      ] GC(12) User=0.01s Sys=0.00s Real=0.01s
[2025-12-07T21:59:52.689+0000][gc,start    ] GC(13) Pause Young (Concurrent Start) (Metadata GC Threshold)
[2025-12-07T21:59:52.689+0000][gc,task     ] GC(13) Using 1 workers of 1 for evacuation
[2025-12-07T21:59:52.696+0000][gc,phases   ] GC(13)   Pre Evacuate Collection Set: 0.08ms
[2025-12-07T21:59:52.696+0000][gc,phases   ] GC(13)   Merge Heap Roots: 0.03ms
[2025-12-07T21:59:52.696+0000][gc,phases   ] GC(13)   Evacuate Collection Set: 5.60ms
[2025-12-07T21:59:52.696+0000][gc,phases   ] GC(13)   Post Evacuate Collection Set: 1.41ms
[2025-12-07T21:59:52.696+0000][gc,phases   ] GC(13)   Other: 0.07ms
[2025-12-07T21:59:52.696+0000][gc,heap     ] GC(13) Eden regions: 7->0(10)
[2025-12-07T21:59:52.696+0000][gc,heap     ] GC(13) Survivor regions: 1->2(2)
[2025-12-07T21:59:52.696+0000][gc,heap     ] GC(13) Old regions: 16->16
[2025-12-07T21:59:52.696+0000][gc,heap     ] GC(13) Humongous regions: 9->9
[2025-12-07T21:59:52.696+0000][gc,metaspace] GC(13) Metaspace: 35653K(36160K)->35653K(36160K) NonClass: 31518K(31808K)->31518K(31808K) Class: 4134K(4352K)->4134K(4352K)
[2025-12-07T21:59:52.696+0000][gc          ] GC(13) Pause Young (Concurrent Start) (Metadata GC Threshold) 31M->25M(256M) 7.289ms
[2025-12-07T21:59:52.696+0000][gc,cpu      ] GC(13) User=0.00s Sys=0.00s Real=0.01s
[2025-12-07T21:59:52.699+0000][gc          ] GC(14) Concurrent Mark Cycle
[2025-12-07T21:59:52.699+0000][gc,marking  ] GC(14) Concurrent Scan Root Regions
[2025-12-07T21:59:52.701+0000][gc,marking  ] GC(14) Concurrent Scan Root Regions 1.569ms
[2025-12-07T21:59:52.701+0000][gc,marking  ] GC(14) Concurrent Mark
[2025-12-07T21:59:52.701+0000][gc,marking  ] GC(14) Concurrent Mark From Roots
[2025-12-07T21:59:52.701+0000][gc,task     ] GC(14) Using 1 workers of 1 for marking
[2025-12-07T21:59:52.778+0000][gc,marking  ] GC(14) Concurrent Mark From Roots 77.174ms
[2025-12-07T21:59:52.778+0000][gc,marking  ] GC(14) Concurrent Preclean
[2025-12-07T21:59:52.778+0000][gc,marking  ] GC(14) Concurrent Preclean 0.053ms
[2025-12-07T21:59:52.781+0000][gc,start    ] GC(14) Pause Remark
[2025-12-07T21:59:52.790+0000][gc          ] GC(14) Pause Remark 27M->27M(256M) 9.362ms
[2025-12-07T21:59:52.790+0000][gc,cpu      ] GC(14) User=0.01s Sys=0.00s Real=0.01s
[2025-12-07T21:59:52.808+0000][gc,marking  ] GC(14) Concurrent Mark 107.393ms
[2025-12-07T21:59:52.808+0000][gc,marking  ] GC(14) Concurrent Rebuild Remembered Sets and Scrub Regions
[2025-12-07T21:59:52.845+0000][gc,marking  ] GC(14) Concurrent Rebuild Remembered Sets and Scrub Regions 36.698ms
[2025-12-07T21:59:52.845+0000][gc,start    ] GC(14) Pause Cleanup
[2025-12-07T21:59:52.845+0000][gc          ] GC(14) Pause Cleanup 28M->28M(256M) 0.086ms
[2025-12-07T21:59:52.845+0000][gc,cpu      ] GC(14) User=0.00s Sys=0.00s Real=0.00s
[2025-12-07T21:59:52.845+0000][gc,marking  ] GC(14) Concurrent Clear Claimed Marks
[2025-12-07T21:59:52.845+0000][gc,marking  ] GC(14) Concurrent Clear Claimed Marks 0.041ms
[2025-12-07T21:59:52.845+0000][gc,marking  ] GC(14) Concurrent Cleanup for Next Mark
[2025-12-07T21:59:52.846+0000][gc,marking  ] GC(14) Concurrent Cleanup for Next Mark 0.395ms
[2025-12-07T21:59:52.846+0000][gc          ] GC(14) Concurrent Mark Cycle 146.488ms
[2025-12-07T21:59:53.013+0000][gc,start    ] GC(15) Pause Young (Prepare Mixed) (G1 Evacuation Pause)
[2025-12-07T21:59:53.014+0000][gc,task     ] GC(15) Using 1 workers of 1 for evacuation
[2025-12-07T21:59:53.019+0000][gc,phases   ] GC(15)   Pre Evacuate Collection Set: 0.09ms
[2025-12-07T21:59:53.019+0000][gc,phases   ] GC(15)   Merge Heap Roots: 0.04ms
[2025-12-07T21:59:53.019+0000][gc,phases   ] GC(15)   Evacuate Collection Set: 5.19ms
[2025-12-07T21:59:53.019+0000][gc,phases   ] GC(15)   Post Evacuate Collection Set: 0.29ms
[2025-12-07T21:59:53.019+0000][gc,phases   ] GC(15)   Other: 0.10ms
[2025-12-07T21:59:53.019+0000][gc,heap     ] GC(15) Eden regions: 10->0(10)
[2025-12-07T21:59:53.019+0000][gc,heap     ] GC(15) Survivor regions: 2->2(2)
[2025-12-07T21:59:53.019+0000][gc,heap     ] GC(15) Old regions: 16->17
[2025-12-07T21:59:53.019+0000][gc,heap     ] GC(15) Humongous regions: 9->9
[2025-12-07T21:59:53.019+0000][gc,metaspace] GC(15) Metaspace: 37064K(37696K)->37064K(37696K) NonClass: 32776K(33152K)->32776K(33152K) Class: 4287K(4544K)->4287K(4544K)
[2025-12-07T21:59:53.019+0000][gc          ] GC(15) Pause Young (Prepare Mixed) (G1 Evacuation Pause) 35M->26M(256M) 6.685ms
[2025-12-07T21:59:53.019+0000][gc,cpu      ] GC(15) User=0.01s Sys=0.00s Real=0.01s
[2025-12-07T21:59:53.291+0000][gc,start    ] GC(16) Pause Young (Mixed) (G1 Evacuation Pause)
[2025-12-07T21:59:53.291+0000][gc,task     ] GC(16) Using 1 workers of 1 for evacuation
[2025-12-07T21:59:53.308+0000][gc,phases   ] GC(16)   Pre Evacuate Collection Set: 0.08ms
[2025-12-07T21:59:53.308+0000][gc,phases   ] GC(16)   Merge Heap Roots: 0.05ms
[2025-12-07T21:59:53.308+0000][gc,phases   ] GC(16)   Evacuate Collection Set: 16.48ms
[2025-12-07T21:59:53.308+0000][gc,phases   ] GC(16)   Post Evacuate Collection Set: 0.31ms
[2025-12-07T21:59:53.308+0000][gc,phases   ] GC(16)   Other: 0.04ms
[2025-12-07T21:59:53.308+0000][gc,heap     ] GC(16) Eden regions: 10->0(11)
[2025-12-07T21:59:53.308+0000][gc,heap     ] GC(16) Survivor regions: 2->1(2)
[2025-12-07T21:59:53.308+0000][gc,heap     ] GC(16) Old regions: 17->17
[2025-12-07T21:59:53.308+0000][gc,heap     ] GC(16) Humongous regions: 9->9
[2025-12-07T21:59:53.308+0000][gc,metaspace] GC(16) Metaspace: 38767K(39552K)->38767K(39552K) NonClass: 34246K(34688K)->34246K(34688K) Class: 4521K(4864K)->4521K(4864K)
[2025-12-07T21:59:53.308+0000][gc          ] GC(16) Pause Young (Mixed) (G1 Evacuation Pause) 36M->26M(256M) 17.103ms
[2025-12-07T21:59:53.308+0000][gc,cpu      ] GC(16) User=0.02s Sys=0.00s Real=0.02s
[2025-12-07T21:59:53.528+0000][gc,start    ] GC(17) Pause Young (Normal) (G1 Evacuation Pause)
[2025-12-07T21:59:53.528+0000][gc,task     ] GC(17) Using 1 workers of 1 for evacuation
[2025-12-07T21:59:53.539+0000][gc,phases   ] GC(17)   Pre Evacuate Collection Set: 0.08ms
[2025-12-07T21:59:53.539+0000][gc,phases   ] GC(17)   Merge Heap Roots: 0.03ms
[2025-12-07T21:59:53.539+0000][gc,phases   ] GC(17)   Evacuate Collection Set: 10.63ms
[2025-12-07T21:59:53.539+0000][gc,phases   ] GC(17)   Post Evacuate Collection Set: 0.30ms
[2025-12-07T21:59:53.539+0000][gc,phases   ] GC(17)   Other: 0.07ms
[2025-12-07T21:59:53.539+0000][gc,heap     ] GC(17) Eden regions: 11->0(10)
[2025-12-07T21:59:53.539+0000][gc,heap     ] GC(17) Survivor regions: 1->2(2)
[2025-12-07T21:59:53.540+0000][gc,heap     ] GC(17) Old regions: 17->20
[2025-12-07T21:59:53.540+0000][gc,heap     ] GC(17) Humongous regions: 9->9
[2025-12-07T21:59:53.540+0000][gc,metaspace] GC(17) Metaspace: 39850K(40640K)->39850K(40640K) NonClass: 35178K(35648K)->35178K(35648K) Class: 4671K(4992K)->4671K(4992K)
[2025-12-07T21:59:53.540+0000][gc          ] GC(17) Pause Young (Normal) (G1 Evacuation Pause) 37M->30M(256M) 11.259ms
[2025-12-07T21:59:53.540+0000][gc,cpu      ] GC(17) User=0.01s Sys=0.00s Real=0.01s
[2025-12-07T21:59:53.822+0000][gc,start    ] GC(18) Pause Young (Normal) (G1 Evacuation Pause)
[2025-12-07T21:59:53.822+0000][gc,task     ] GC(18) Using 1 workers of 1 for evacuation
[2025-12-07T21:59:53.831+0000][gc,phases   ] GC(18)   Pre Evacuate Collection Set: 0.08ms
[2025-12-07T21:59:53.831+0000][gc,phases   ] GC(18)   Merge Heap Roots: 0.04ms
[2025-12-07T21:59:53.831+0000][gc,phases   ] GC(18)   Evacuate Collection Set: 8.06ms
[2025-12-07T21:59:53.831+0000][gc,phases   ] GC(18)   Post Evacuate Collection Set: 0.33ms
[2025-12-07T21:59:53.831+0000][gc,phases   ] GC(18)   Other: 0.06ms
[2025-12-07T21:59:53.831+0000][gc,heap     ] GC(18) Eden regions: 10->0(10)
[2025-12-07T21:59:53.831+0000][gc,heap     ] GC(18) Survivor regions: 2->2(2)
[2025-12-07T21:59:53.831+0000][gc,heap     ] GC(18) Old regions: 20->22
[2025-12-07T21:59:53.831+0000][gc,heap     ] GC(18) Humongous regions: 9->9
[2025-12-07T21:59:53.831+0000][gc,metaspace] GC(18) Metaspace: 42423K(43200K)->42423K(43200K) NonClass: 37463K(37888K)->37463K(37888K) Class: 4960K(5312K)->4960K(5312K)
[2025-12-07T21:59:53.831+0000][gc          ] GC(18) Pause Young (Normal) (G1 Evacuation Pause) 40M->32M(256M) 8.701ms
[2025-12-07T21:59:53.831+0000][gc,cpu      ] GC(18) User=0.01s Sys=0.00s Real=0.01s
[2025-12-07T21:59:54.311+0000][gc,start    ] GC(19) Pause Young (Normal) (G1 Evacuation Pause)
[2025-12-07T21:59:54.311+0000][gc,task     ] GC(19) Using 1 workers of 1 for evacuation
[2025-12-07T21:59:54.320+0000][gc,phases   ] GC(19)   Pre Evacuate Collection Set: 0.09ms
[2025-12-07T21:59:54.320+0000][gc,phases   ] GC(19)   Merge Heap Roots: 0.03ms
[2025-12-07T21:59:54.320+0000][gc,phases   ] GC(19)   Evacuate Collection Set: 8.04ms
[2025-12-07T21:59:54.320+0000][gc,phases   ] GC(19)   Post Evacuate Collection Set: 0.82ms
[2025-12-07T21:59:54.320+0000][gc,phases   ] GC(19)   Other: 0.08ms
[2025-12-07T21:59:54.320+0000][gc,heap     ] GC(19) Eden regions: 10->0(11)
[2025-12-07T21:59:54.320+0000][gc,heap     ] GC(19) Survivor regions: 2->1(2)
[2025-12-07T21:59:54.320+0000][gc,heap     ] GC(19) Old regions: 22->24
[2025-12-07T21:59:54.320+0000][gc,heap     ] GC(19) Humongous regions: 9->9
[2025-12-07T21:59:54.320+0000][gc,metaspace] GC(19) Metaspace: 43484K(44288K)->43484K(44288K) NonClass: 38444K(38912K)->38444K(38912K) Class: 5039K(5376K)->5039K(5376K)
[2025-12-07T21:59:54.320+0000][gc          ] GC(19) Pause Young (Normal) (G1 Evacuation Pause) 42M->33M(256M) 9.177ms
[2025-12-07T21:59:54.320+0000][gc,cpu      ] GC(19) User=0.01s Sys=0.00s Real=0.01s
[2025-12-07T21:59:54.551+0000][gc,start    ] GC(20) Pause Young (Concurrent Start) (G1 Humongous Allocation)
[2025-12-07T21:59:54.551+0000][gc,task     ] GC(20) Using 1 workers of 1 for evacuation
[2025-12-07T21:59:54.559+0000][gc,phases   ] GC(20)   Pre Evacuate Collection Set: 0.09ms
[2025-12-07T21:59:54.559+0000][gc,phases   ] GC(20)   Merge Heap Roots: 0.03ms
[2025-12-07T21:59:54.559+0000][gc,phases   ] GC(20)   Evacuate Collection Set: 6.42ms
[2025-12-07T21:59:54.559+0000][gc,phases   ] GC(20)   Post Evacuate Collection Set: 1.57ms
[2025-12-07T21:59:54.559+0000][gc,phases   ] GC(20)   Other: 0.05ms
[2025-12-07T21:59:54.559+0000][gc,heap     ] GC(20) Eden regions: 5->0(13)
[2025-12-07T21:59:54.559+0000][gc,heap     ] GC(20) Survivor regions: 1->1(2)
[2025-12-07T21:59:54.559+0000][gc,heap     ] GC(20) Old regions: 24->24
[2025-12-07T21:59:54.559+0000][gc,heap     ] GC(20) Humongous regions: 9->9
[2025-12-07T21:59:54.559+0000][gc,metaspace] GC(20) Metaspace: 43913K(44736K)->43913K(44736K) NonClass: 38833K(39296K)->38833K(39296K) Class: 5079K(5440K)->5079K(5440K)
[2025-12-07T21:59:54.559+0000][gc          ] GC(20) Pause Young (Concurrent Start) (G1 Humongous Allocation) 37M->33M(256M) 8.294ms
[2025-12-07T21:59:54.559+0000][gc          ] GC(21) Concurrent Undo Cycle
[2025-12-07T21:59:54.559+0000][gc,marking  ] GC(21) Concurrent Clear Claimed Marks
[2025-12-07T21:59:54.559+0000][gc,marking  ] GC(21) Concurrent Clear Claimed Marks 0.493ms
[2025-12-07T21:59:54.559+0000][gc,marking  ] GC(21) Concurrent Cleanup for Next Mark
[2025-12-07T21:59:54.559+0000][gc,cpu      ] GC(20) User=0.01s Sys=0.00s Real=0.01s
[2025-12-07T21:59:54.560+0000][gc,marking  ] GC(21) Concurrent Cleanup for Next Mark 0.274ms
[2025-12-07T21:59:54.560+0000][gc          ] GC(21) Concurrent Undo Cycle 0.807ms
[2025-12-07T22:00:04.981+0000][gc,start    ] GC(22) Pause Young (Normal) (G1 Evacuation Pause)
[2025-12-07T22:00:04.981+0000][gc,task     ] GC(22) Using 1 workers of 1 for evacuation
[2025-12-07T22:00:04.989+0000][gc,phases   ] GC(22)   Pre Evacuate Collection Set: 0.10ms
[2025-12-07T22:00:04.989+0000][gc,phases   ] GC(22)   Merge Heap Roots: 0.04ms
[2025-12-07T22:00:04.989+0000][gc,phases   ] GC(22)   Evacuate Collection Set: 7.09ms
[2025-12-07T22:00:04.989+0000][gc,phases   ] GC(22)   Post Evacuate Collection Set: 0.36ms
[2025-12-07T22:00:04.989+0000][gc,phases   ] GC(22)   Other: 0.05ms
[2025-12-07T22:00:04.989+0000][gc,heap     ] GC(22) Eden regions: 14->0(12)
[2025-12-07T22:00:04.989+0000][gc,heap     ] GC(22) Survivor regions: 1->2(2)
[2025-12-07T22:00:04.989+0000][gc,heap     ] GC(22) Old regions: 24->24
[2025-12-07T22:00:04.989+0000][gc,heap     ] GC(22) Humongous regions: 138->138
[2025-12-07T22:00:04.989+0000][gc,metaspace] GC(22) Metaspace: 45753K(46720K)->45753K(46720K) NonClass: 40349K(40896K)->40349K(40896K) Class: 5404K(5824K)->5404K(5824K)
[2025-12-07T22:00:04.989+0000][gc          ] GC(22) Pause Young (Normal) (G1 Evacuation Pause) 176M->164M(256M) 7.750ms
[2025-12-07T22:00:04.989+0000][gc,cpu      ] GC(22) User=0.01s Sys=0.01s Real=0.01s
[2025-12-07T22:00:05.271+0000][gc,start    ] GC(23) Pause Young (Concurrent Start) (G1 Humongous Allocation)
[2025-12-07T22:00:05.271+0000][gc,task     ] GC(23) Using 1 workers of 1 for evacuation
[2025-12-07T22:00:05.278+0000][gc,phases   ] GC(23)   Pre Evacuate Collection Set: 0.09ms
[2025-12-07T22:00:05.279+0000][gc,phases   ] GC(23)   Merge Heap Roots: 0.03ms
[2025-12-07T22:00:05.279+0000][gc,phases   ] GC(23)   Evacuate Collection Set: 6.81ms
[2025-12-07T22:00:05.279+0000][gc,phases   ] GC(23)   Post Evacuate Collection Set: 0.34ms
[2025-12-07T22:00:05.279+0000][gc,phases   ] GC(23)   Other: 0.06ms
[2025-12-07T22:00:05.279+0000][gc,heap     ] GC(23) Eden regions: 4->0(15)
[2025-12-07T22:00:05.279+0000][gc,heap     ] GC(23) Survivor regions: 2->1(2)
[2025-12-07T22:00:05.279+0000][gc,heap     ] GC(23) Old regions: 24->26
[2025-12-07T22:00:05.279+0000][gc,heap     ] GC(23) Humongous regions: 138->138
[2025-12-07T22:00:05.279+0000][gc,metaspace] GC(23) Metaspace: 46212K(47232K)->46212K(47232K) NonClass: 40772K(41344K)->40772K(41344K) Class: 5440K(5888K)->5440K(5888K)
[2025-12-07T22:00:05.279+0000][gc          ] GC(23) Pause Young (Concurrent Start) (G1 Humongous Allocation) 167M->164M(256M) 7.472ms
[2025-12-07T22:00:05.279+0000][gc          ] GC(24) Concurrent Mark Cycle
[2025-12-07T22:00:05.279+0000][gc,marking  ] GC(24) Concurrent Scan Root Regions
[2025-12-07T22:00:05.280+0000][gc,cpu      ] GC(23) User=0.01s Sys=0.00s Real=0.01s
[2025-12-07T22:00:05.286+0000][gc,marking  ] GC(24) Concurrent Scan Root Regions 7.181ms
[2025-12-07T22:00:05.287+0000][gc,marking  ] GC(24) Concurrent Mark
[2025-12-07T22:00:05.287+0000][gc,marking  ] GC(24) Concurrent Mark From Roots
[2025-12-07T22:00:05.287+0000][gc,task     ] GC(24) Using 1 workers of 1 for marking
[2025-12-07T22:00:05.383+0000][gc,marking  ] GC(24) Concurrent Mark From Roots 96.367ms
[2025-12-07T22:00:05.383+0000][gc,marking  ] GC(24) Concurrent Preclean
[2025-12-07T22:00:05.383+0000][gc,marking  ] GC(24) Concurrent Preclean 0.074ms
[2025-12-07T22:00:05.383+0000][gc,start    ] GC(24) Pause Remark
[2025-12-07T22:00:05.400+0000][gc          ] GC(24) Pause Remark 171M->171M(285M) 17.163ms
[2025-12-07T22:00:05.400+0000][gc,cpu      ] GC(24) User=0.02s Sys=0.00s Real=0.02s
[2025-12-07T22:00:05.402+0000][gc,marking  ] GC(24) Concurrent Mark 114.904ms
[2025-12-07T22:00:05.402+0000][gc,marking  ] GC(24) Concurrent Rebuild Remembered Sets and Scrub Regions
[2025-12-07T22:00:05.419+0000][gc,marking  ] GC(24) Concurrent Rebuild Remembered Sets and Scrub Regions 17.487ms
[2025-12-07T22:00:05.419+0000][gc,start    ] GC(24) Pause Cleanup
[2025-12-07T22:00:05.419+0000][gc          ] GC(24) Pause Cleanup 171M->171M(285M) 0.098ms
[2025-12-07T22:00:05.419+0000][gc,cpu      ] GC(24) User=0.00s Sys=0.00s Real=0.00s
[2025-12-07T22:00:05.419+0000][gc,marking  ] GC(24) Concurrent Clear Claimed Marks
[2025-12-07T22:00:05.419+0000][gc,marking  ] GC(24) Concurrent Clear Claimed Marks 0.094ms
[2025-12-07T22:00:05.419+0000][gc,marking  ] GC(24) Concurrent Cleanup for Next Mark
[2025-12-07T22:00:05.420+0000][gc,marking  ] GC(24) Concurrent Cleanup for Next Mark 0.590ms
[2025-12-07T22:00:05.420+0000][gc          ] GC(24) Concurrent Mark Cycle 141.360ms
[2025-12-07T22:01:25.306+0000][gc,start    ] GC(25) Pause Young (Prepare Mixed) (G1 Evacuation Pause)
[2025-12-07T22:01:25.306+0000][gc,task     ] GC(25) Using 1 workers of 1 for evacuation
[2025-12-07T22:01:25.310+0000][gc,phases   ] GC(25)   Pre Evacuate Collection Set: 0.10ms
[2025-12-07T22:01:25.310+0000][gc,phases   ] GC(25)   Merge Heap Roots: 0.05ms
[2025-12-07T22:01:25.310+0000][gc,phases   ] GC(25)   Evacuate Collection Set: 3.74ms
[2025-12-07T22:01:25.310+0000][gc,phases   ] GC(25)   Post Evacuate Collection Set: 0.39ms
[2025-12-07T22:01:25.310+0000][gc,phases   ] GC(25)   Other: 0.05ms
[2025-12-07T22:01:25.310+0000][gc,heap     ] GC(25) Eden regions: 14->0(17)
[2025-12-07T22:01:25.310+0000][gc,heap     ] GC(25) Survivor regions: 1->1(2)
[2025-12-07T22:01:25.310+0000][gc,heap     ] GC(25) Old regions: 26->26
[2025-12-07T22:01:25.310+0000][gc,heap     ] GC(25) Humongous regions: 144->138
[2025-12-07T22:01:25.310+0000][gc,metaspace] GC(25) Metaspace: 47247K(48256K)->47247K(48256K) NonClass: 41719K(42304K)->41719K(42304K) Class: 5527K(5952K)->5527K(5952K)
[2025-12-07T22:01:25.310+0000][gc          ] GC(25) Pause Young (Prepare Mixed) (G1 Evacuation Pause) 184M->164M(285M) 4.459ms
[2025-12-07T22:01:25.310+0000][gc,cpu      ] GC(25) User=0.00s Sys=0.00s Real=0.00s
[2025-12-07T22:03:28.852+0000][gc,start    ] GC(26) Pause Young (Mixed) (G1 Evacuation Pause)
[2025-12-07T22:03:28.852+0000][gc,task     ] GC(26) Using 1 workers of 1 for evacuation
[2025-12-07T22:03:28.858+0000][gc,phases   ] GC(26)   Pre Evacuate Collection Set: 0.11ms
[2025-12-07T22:03:28.858+0000][gc,phases   ] GC(26)   Merge Heap Roots: 0.05ms
[2025-12-07T22:03:28.858+0000][gc,phases   ] GC(26)   Evacuate Collection Set: 5.41ms
[2025-12-07T22:03:28.858+0000][gc,phases   ] GC(26)   Post Evacuate Collection Set: 0.37ms
[2025-12-07T22:03:28.858+0000][gc,phases   ] GC(26)   Other: 0.05ms
[2025-12-07T22:03:28.858+0000][gc,heap     ] GC(26) Eden regions: 16->0(105)
[2025-12-07T22:03:28.858+0000][gc,heap     ] GC(26) Survivor regions: 1->1(3)
[2025-12-07T22:03:28.858+0000][gc,heap     ] GC(26) Old regions: 26->26
[2025-12-07T22:03:28.858+0000][gc,heap     ] GC(26) Humongous regions: 138->138
[2025-12-07T22:03:28.858+0000][gc,metaspace] GC(26) Metaspace: 47726K(48704K)->47726K(48704K) NonClass: 42198K(42752K)->42198K(42752K) Class: 5527K(5952K)->5527K(5952K)
[2025-12-07T22:03:28.858+0000][gc          ] GC(26) Pause Young (Mixed) (G1 Evacuation Pause) 180M->164M(285M) 6.118ms
[2025-12-07T22:03:28.858+0000][gc,cpu      ] GC(26) User=0.01s Sys=0.00s Real=0.01s
[2025-12-07T22:18:06.193+0000][gc,start    ] GC(27) Pause Young (Concurrent Start) (G1 Evacuation Pause)
[2025-12-07T22:18:06.193+0000][gc,task     ] GC(27) Using 1 workers of 1 for evacuation
[2025-12-07T22:18:06.204+0000][gc,phases   ] GC(27)   Pre Evacuate Collection Set: 0.11ms
[2025-12-07T22:18:06.204+0000][gc,phases   ] GC(27)   Merge Heap Roots: 0.05ms
[2025-12-07T22:18:06.204+0000][gc,phases   ] GC(27)   Evacuate Collection Set: 9.57ms
[2025-12-07T22:18:06.204+0000][gc,phases   ] GC(27)   Post Evacuate Collection Set: 0.93ms
[2025-12-07T22:18:06.204+0000][gc,phases   ] GC(27)   Other: 0.08ms
[2025-12-07T22:18:06.204+0000][gc,heap     ] GC(27) Eden regions: 105->0(91)
[2025-12-07T22:18:06.204+0000][gc,heap     ] GC(27) Survivor regions: 1->2(14)
[2025-12-07T22:18:06.204+0000][gc,heap     ] GC(27) Old regions: 26->26
[2025-12-07T22:18:06.204+0000][gc,heap     ] GC(27) Humongous regions: 138->138
[2025-12-07T22:18:06.204+0000][gc,metaspace] GC(27) Metaspace: 48457K(49408K)->48457K(49408K) NonClass: 42911K(43456K)->42911K(43456K) Class: 5545K(5952K)->5545K(5952K)
[2025-12-07T22:18:06.204+0000][gc          ] GC(27) Pause Young (Concurrent Start) (G1 Evacuation Pause) 269M->165M(285M) 10.882ms
[2025-12-07T22:18:06.204+0000][gc          ] GC(28) Concurrent Mark Cycle
[2025-12-07T22:18:06.204+0000][gc,marking  ] GC(28) Concurrent Scan Root Regions
[2025-12-07T22:18:06.205+0000][gc,cpu      ] GC(27) User=0.01s Sys=0.00s Real=0.02s
[2025-12-07T22:18:06.205+0000][gc,marking  ] GC(28) Concurrent Scan Root Regions 1.501ms
[2025-12-07T22:18:06.205+0000][gc,marking  ] GC(28) Concurrent Mark
[2025-12-07T22:18:06.205+0000][gc,marking  ] GC(28) Concurrent Mark From Roots
[2025-12-07T22:18:06.205+0000][gc,task     ] GC(28) Using 1 workers of 1 for marking
[2025-12-07T22:18:06.233+0000][gc,marking  ] GC(28) Concurrent Mark From Roots 27.414ms
[2025-12-07T22:18:06.233+0000][gc,marking  ] GC(28) Concurrent Preclean
[2025-12-07T22:18:06.233+0000][gc,marking  ] GC(28) Concurrent Preclean 0.140ms
[2025-12-07T22:18:06.233+0000][gc,start    ] GC(28) Pause Remark
[2025-12-07T22:18:06.254+0000][gc,mmu      ] GC(28) MMU target violated: 20.9ms (20.0ms/21.0ms)
[2025-12-07T22:18:06.255+0000][gc          ] GC(28) Pause Remark 166M->166M(285M) 21.602ms
[2025-12-07T22:18:06.255+0000][gc,cpu      ] GC(28) User=0.02s Sys=0.00s Real=0.03s
[2025-12-07T22:18:06.257+0000][gc,marking  ] GC(28) Concurrent Mark 51.704ms
[2025-12-07T22:18:06.257+0000][gc,marking  ] GC(28) Concurrent Rebuild Remembered Sets and Scrub Regions
[2025-12-07T22:18:06.279+0000][gc,marking  ] GC(28) Concurrent Rebuild Remembered Sets and Scrub Regions 21.957ms
[2025-12-07T22:18:06.279+0000][gc,start    ] GC(28) Pause Cleanup
[2025-12-07T22:18:06.279+0000][gc          ] GC(28) Pause Cleanup 166M->166M(285M) 0.081ms
[2025-12-07T22:18:06.279+0000][gc,cpu      ] GC(28) User=0.00s Sys=0.00s Real=0.00s
[2025-12-07T22:18:06.279+0000][gc,marking  ] GC(28) Concurrent Clear Claimed Marks
[2025-12-07T22:18:06.279+0000][gc,marking  ] GC(28) Concurrent Clear Claimed Marks 0.056ms
[2025-12-07T22:18:06.279+0000][gc,marking  ] GC(28) Concurrent Cleanup for Next Mark
[2025-12-07T22:18:06.280+0000][gc,marking  ] GC(28) Concurrent Cleanup for Next Mark 0.470ms
[2025-12-07T22:18:06.280+0000][gc          ] GC(28) Concurrent Mark Cycle 75.945ms
[2025-12-07T22:21:49.923+0000][gc,start    ] GC(29) Pause Young (Prepare Mixed) (G1 Evacuation Pause)
[2025-12-07T22:21:49.923+0000][gc,task     ] GC(29) Using 1 workers of 1 for evacuation
[2025-12-07T22:21:49.932+0000][gc,phases   ] GC(29)   Pre Evacuate Collection Set: 0.13ms
[2025-12-07T22:21:49.932+0000][gc,phases   ] GC(29)   Merge Heap Roots: 0.07ms
[2025-12-07T22:21:49.932+0000][gc,phases   ] GC(29)   Evacuate Collection Set: 7.63ms
[2025-12-07T22:21:49.932+0000][gc,phases   ] GC(29)   Post Evacuate Collection Set: 0.43ms
[2025-12-07T22:21:49.932+0000][gc,phases   ] GC(29)   Other: 0.05ms
[2025-12-07T22:21:49.932+0000][gc,heap     ] GC(29) Eden regions: 27->0(71)
[2025-12-07T22:21:49.932+0000][gc,heap     ] GC(29) Survivor regions: 2->3(4)
[2025-12-07T22:21:49.932+0000][gc,heap     ] GC(29) Old regions: 26->26
[2025-12-07T22:21:49.932+0000][gc,heap     ] GC(29) Humongous regions: 138->138
[2025-12-07T22:21:49.932+0000][gc,metaspace] GC(29) Metaspace: 47976K(49408K)->47976K(49408K) NonClass: 42578K(43456K)->42578K(43456K) Class: 5397K(5952K)->5397K(5952K)
[2025-12-07T22:21:49.932+0000][gc          ] GC(29) Pause Young (Prepare Mixed) (G1 Evacuation Pause) 192M->166M(285M) 8.487ms
[2025-12-07T22:21:49.932+0000][gc,cpu      ] GC(29) User=0.00s Sys=0.00s Real=0.01s
[2025-12-07T22:29:23.448+0000][gc,start    ] GC(30) Pause Young (Mixed) (G1 Evacuation Pause)
[2025-12-07T22:29:23.448+0000][gc,task     ] GC(30) Using 1 workers of 1 for evacuation
[2025-12-07T22:29:23.461+0000][gc,phases   ] GC(30)   Pre Evacuate Collection Set: 0.12ms
[2025-12-07T22:29:23.461+0000][gc,phases   ] GC(30)   Merge Heap Roots: 0.06ms
[2025-12-07T22:29:23.461+0000][gc,phases   ] GC(30)   Evacuate Collection Set: 11.84ms
[2025-12-07T22:29:23.461+0000][gc,phases   ] GC(30)   Post Evacuate Collection Set: 1.02ms
[2025-12-07T22:29:23.461+0000][gc,phases   ] GC(30)   Other: 0.05ms
[2025-12-07T22:29:23.461+0000][gc,heap     ] GC(30) Eden regions: 58->0(10)
[2025-12-07T22:29:23.461+0000][gc,heap     ] GC(30) Survivor regions: 3->4(8)
[2025-12-07T22:29:23.461+0000][gc,heap     ] GC(30) Old regions: 26->25
[2025-12-07T22:29:23.461+0000][gc,heap     ] GC(30) Humongous regions: 138->138
[2025-12-07T22:29:23.461+0000][gc,metaspace] GC(30) Metaspace: 48726K(49664K)->48726K(49664K) NonClass: 43156K(43712K)->43156K(43712K) Class: 5570K(5952K)->5570K(5952K)
[2025-12-07T22:29:23.461+0000][gc          ] GC(30) Pause Young (Mixed) (G1 Evacuation Pause) 224M->166M(285M) 13.248ms
[2025-12-07T22:29:23.461+0000][gc,cpu      ] GC(30) User=0.02s Sys=0.00s Real=0.01s
[2025-12-07T22:30:29.923+0000][gc,start    ] GC(31) Pause Young (Mixed) (G1 Evacuation Pause)
[2025-12-07T22:30:29.923+0000][gc,task     ] GC(31) Using 1 workers of 1 for evacuation
[2025-12-07T22:30:29.935+0000][gc,phases   ] GC(31)   Pre Evacuate Collection Set: 0.10ms
[2025-12-07T22:30:29.935+0000][gc,phases   ] GC(31)   Merge Heap Roots: 0.06ms
[2025-12-07T22:30:29.935+0000][gc,phases   ] GC(31)   Evacuate Collection Set: 11.09ms
[2025-12-07T22:30:29.935+0000][gc,phases   ] GC(31)   Post Evacuate Collection Set: 0.39ms
[2025-12-07T22:30:29.935+0000][gc,phases   ] GC(31)   Other: 0.06ms
[2025-12-07T22:30:29.935+0000][gc,heap     ] GC(31) Eden regions: 10->0(102)
[2025-12-07T22:30:29.935+0000][gc,heap     ] GC(31) Survivor regions: 4->1(2)
[2025-12-07T22:30:29.935+0000][gc,heap     ] GC(31) Old regions: 25->29
[2025-12-07T22:30:29.935+0000][gc,heap     ] GC(31) Humongous regions: 138->138
[2025-12-07T22:30:29.935+0000][gc,metaspace] GC(31) Metaspace: 48778K(49664K)->48778K(49664K) NonClass: 43208K(43712K)->43208K(43712K) Class: 5570K(5952K)->5570K(5952K)
[2025-12-07T22:30:29.935+0000][gc          ] GC(31) Pause Young (Mixed) (G1 Evacuation Pause) 176M->166M(285M) 11.847ms
[2025-12-07T22:30:29.935+0000][gc,cpu      ] GC(31) User=0.01s Sys=0.00s Real=0.02s
[2025-12-07T22:31:38.733+0000][gc,start    ] GC(32) Pause Young (Concurrent Start) (G1 Humongous Allocation)
[2025-12-07T22:31:38.733+0000][gc,task     ] GC(32) Using 1 workers of 1 for evacuation
[2025-12-07T22:31:38.742+0000][gc,phases   ] GC(32)   Pre Evacuate Collection Set: 0.10ms
[2025-12-07T22:31:38.742+0000][gc,phases   ] GC(32)   Merge Heap Roots: 0.04ms
[2025-12-07T22:31:38.742+0000][gc,phases   ] GC(32)   Evacuate Collection Set: 8.47ms
[2025-12-07T22:31:38.742+0000][gc,phases   ] GC(32)   Post Evacuate Collection Set: 1.14ms
[2025-12-07T22:31:38.742+0000][gc,phases   ] GC(32)   Other: 0.06ms
[2025-12-07T22:31:38.742+0000][gc,heap     ] GC(32) Eden regions: 12->0(102)
[2025-12-07T22:31:38.742+0000][gc,heap     ] GC(32) Survivor regions: 1->1(13)
[2025-12-07T22:31:38.742+0000][gc,heap     ] GC(32) Old regions: 29->29
[2025-12-07T22:31:38.742+0000][gc,heap     ] GC(32) Humongous regions: 138->138
[2025-12-07T22:31:38.742+0000][gc,metaspace] GC(32) Metaspace: 49159K(49920K)->49159K(49920K) NonClass: 43541K(43968K)->43541K(43968K) Class: 5617K(5952K)->5617K(5952K)
[2025-12-07T22:31:38.743+0000][gc          ] GC(32) Pause Young (Concurrent Start) (G1 Humongous Allocation) 177M->167M(285M) 9.967ms
[2025-12-07T22:31:38.743+0000][gc,cpu      ] GC(32) User=0.01s Sys=0.00s Real=0.01s
[2025-12-07T22:31:38.745+0000][gc          ] GC(33) Concurrent Mark Cycle
[2025-12-07T22:31:38.745+0000][gc,marking  ] GC(33) Concurrent Scan Root Regions
[2025-12-07T22:31:38.746+0000][gc,marking  ] GC(33) Concurrent Scan Root Regions 1.330ms
[2025-12-07T22:31:38.746+0000][gc,marking  ] GC(33) Concurrent Mark
[2025-12-07T22:31:38.746+0000][gc,marking  ] GC(33) Concurrent Mark From Roots
[2025-12-07T22:31:38.746+0000][gc,task     ] GC(33) Using 1 workers of 1 for marking
[2025-12-07T22:31:38.834+0000][gc,marking  ] GC(33) Concurrent Mark From Roots 87.541ms
[2025-12-07T22:31:38.834+0000][gc,marking  ] GC(33) Concurrent Preclean
[2025-12-07T22:31:38.834+0000][gc,marking  ] GC(33) Concurrent Preclean 0.093ms
[2025-12-07T22:31:38.834+0000][gc,start    ] GC(33) Pause Remark
[2025-12-07T22:31:38.862+0000][gc,mmu      ] GC(33) MMU target violated: 21.0ms (20.0ms/21.0ms)
[2025-12-07T22:31:38.862+0000][gc          ] GC(33) Pause Remark 170M->170M(285M) 27.969ms
[2025-12-07T22:31:38.862+0000][gc,cpu      ] GC(33) User=0.03s Sys=0.00s Real=0.03s
[2025-12-07T22:31:38.866+0000][gc,marking  ] GC(33) Concurrent Mark 119.357ms
[2025-12-07T22:31:38.866+0000][gc,marking  ] GC(33) Concurrent Rebuild Remembered Sets and Scrub Regions
[2025-12-07T22:31:38.895+0000][gc,marking  ] GC(33) Concurrent Rebuild Remembered Sets and Scrub Regions 29.480ms
[2025-12-07T22:31:38.895+0000][gc,start    ] GC(33) Pause Cleanup
[2025-12-07T22:31:38.895+0000][gc          ] GC(33) Pause Cleanup 170M->170M(285M) 0.082ms
[2025-12-07T22:31:38.895+0000][gc,cpu      ] GC(33) User=0.00s Sys=0.00s Real=0.00s
[2025-12-07T22:31:38.895+0000][gc,marking  ] GC(33) Concurrent Clear Claimed Marks
[2025-12-07T22:31:38.895+0000][gc,marking  ] GC(33) Concurrent Clear Claimed Marks 0.064ms
[2025-12-07T22:31:38.895+0000][gc,marking  ] GC(33) Concurrent Cleanup for Next Mark
[2025-12-07T22:31:38.896+0000][gc,marking  ] GC(33) Concurrent Cleanup for Next Mark 0.410ms
[2025-12-07T22:31:38.896+0000][gc          ] GC(33) Concurrent Mark Cycle 150.929ms
[2025-12-07T22:41:24.357+0000][gc,start    ] GC(34) Pause Young (Prepare Mixed) (G1 Evacuation Pause)
[2025-12-07T22:41:24.357+0000][gc,task     ] GC(34) Using 1 workers of 1 for evacuation
[2025-12-07T22:41:24.375+0000][gc,phases   ] GC(34)   Pre Evacuate Collection Set: 0.11ms
[2025-12-07T22:41:24.376+0000][gc,phases   ] GC(34)   Merge Heap Roots: 0.09ms
[2025-12-07T22:41:24.376+0000][gc,phases   ] GC(34)   Evacuate Collection Set: 17.30ms
[2025-12-07T22:41:24.376+0000][gc,phases   ] GC(34)   Post Evacuate Collection Set: 0.54ms
[2025-12-07T22:41:24.376+0000][gc,phases   ] GC(34)   Other: 0.05ms
[2025-12-07T22:41:24.376+0000][gc,heap     ] GC(34) Eden regions: 102->0(29)
[2025-12-07T22:41:24.376+0000][gc,heap     ] GC(34) Survivor regions: 1->5(13)
[2025-12-07T22:41:24.376+0000][gc,heap     ] GC(34) Old regions: 29->29
[2025-12-07T22:41:24.376+0000][gc,heap     ] GC(34) Humongous regions: 140->140
[2025-12-07T22:41:24.376+0000][gc,metaspace] GC(34) Metaspace: 49920K(50624K)->49920K(50624K) NonClass: 44213K(44608K)->44213K(44608K) Class: 5706K(6016K)->5706K(6016K)
[2025-12-07T22:41:24.376+0000][gc          ] GC(34) Pause Young (Prepare Mixed) (G1 Evacuation Pause) 271M->173M(285M) 19.186ms
[2025-12-07T22:41:24.376+0000][gc,cpu      ] GC(34) User=0.02s Sys=0.00s Real=0.02s
[2025-12-07T22:43:17.045+0000][gc,start    ] GC(35) Pause Young (Mixed) (G1 Evacuation Pause)
[2025-12-07T22:43:17.045+0000][gc,task     ] GC(35) Using 1 workers of 1 for evacuation
[2025-12-07T22:43:17.061+0000][gc,phases   ] GC(35)   Pre Evacuate Collection Set: 0.11ms
[2025-12-07T22:43:17.061+0000][gc,phases   ] GC(35)   Merge Heap Roots: 0.08ms
[2025-12-07T22:43:17.062+0000][gc,phases   ] GC(35)   Evacuate Collection Set: 14.86ms
[2025-12-07T22:43:17.062+0000][gc,phases   ] GC(35)   Post Evacuate Collection Set: 0.41ms
[2025-12-07T22:43:17.062+0000][gc,phases   ] GC(35)   Other: 0.06ms
[2025-12-07T22:43:17.062+0000][gc,heap     ] GC(35) Eden regions: 20->0(90)
[2025-12-07T22:43:17.062+0000][gc,heap     ] GC(35) Survivor regions: 5->2(4)
[2025-12-07T22:43:17.062+0000][gc,heap     ] GC(35) Old regions: 29->33
[2025-12-07T22:43:17.062+0000][gc,heap     ] GC(35) Humongous regions: 140->140
[2025-12-07T22:43:17.062+0000][gc,metaspace] GC(35) Metaspace: 49959K(50688K)->49959K(50688K) NonClass: 44252K(44672K)->44252K(44672K) Class: 5706K(6016K)->5706K(6016K)
[2025-12-07T22:43:17.062+0000][gc          ] GC(35) Pause Young (Mixed) (G1 Evacuation Pause) 193M->174M(285M) 16.630ms
[2025-12-07T22:43:17.062+0000][gc,cpu      ] GC(35) User=0.01s Sys=0.01s Real=0.01s
[2025-12-07T22:50:03.848+0000][gc,start    ] GC(36) Pause Young (Mixed) (G1 Evacuation Pause)
[2025-12-07T22:50:03.848+0000][gc,task     ] GC(36) Using 1 workers of 1 for evacuation
[2025-12-07T22:50:03.864+0000][gc,phases   ] GC(36)   Pre Evacuate Collection Set: 0.11ms
[2025-12-07T22:50:03.864+0000][gc,phases   ] GC(36)   Merge Heap Roots: 0.09ms
[2025-12-07T22:50:03.864+0000][gc,phases   ] GC(36)   Evacuate Collection Set: 13.84ms
[2025-12-07T22:50:03.864+0000][gc,phases   ] GC(36)   Post Evacuate Collection Set: 1.63ms
[2025-12-07T22:50:03.864+0000][gc,phases   ] GC(36)   Other: 0.06ms
[2025-12-07T22:50:03.864+0000][gc,heap     ] GC(36) Eden regions: 69->0(16)
[2025-12-07T22:50:03.864+0000][gc,heap     ] GC(36) Survivor regions: 2->4(9)
[2025-12-07T22:50:03.864+0000][gc,heap     ] GC(36) Old regions: 33->33
[2025-12-07T22:50:03.864+0000][gc,heap     ] GC(36) Humongous regions: 140->140
[2025-12-07T22:50:03.864+0000][gc,metaspace] GC(36) Metaspace: 50031K(50752K)->50031K(50752K) NonClass: 44325K(44736K)->44325K(44736K) Class: 5706K(6016K)->5706K(6016K)
[2025-12-07T22:50:03.864+0000][gc          ] GC(36) Pause Young (Mixed) (G1 Evacuation Pause) 242M->176M(285M) 15.874ms
[2025-12-07T22:50:03.864+0000][gc,cpu      ] GC(36) User=0.01s Sys=0.00s Real=0.01s
[2025-12-07T22:51:01.373+0000][gc,start    ] GC(37) Pause Young (Concurrent Start) (G1 Evacuation Pause)
[2025-12-07T22:51:01.373+0000][gc,task     ] GC(37) Using 1 workers of 1 for evacuation
[2025-12-07T22:51:01.385+0000][gc,phases   ] GC(37)   Pre Evacuate Collection Set: 0.11ms
[2025-12-07T22:51:01.385+0000][gc,phases   ] GC(37)   Merge Heap Roots: 0.06ms
[2025-12-07T22:51:01.385+0000][gc,phases   ] GC(37)   Evacuate Collection Set: 11.36ms
[2025-12-07T22:51:01.385+0000][gc,phases   ] GC(37)   Post Evacuate Collection Set: 0.37ms
[2025-12-07T22:51:01.385+0000][gc,phases   ] GC(37)   Other: 0.05ms
[2025-12-07T22:51:01.385+0000][gc,heap     ] GC(37) Eden regions: 10->0(65)
[2025-12-07T22:51:01.385+0000][gc,heap     ] GC(37) Survivor regions: 4->1(2)
[2025-12-07T22:51:01.385+0000][gc,heap     ] GC(37) Old regions: 33->37
[2025-12-07T22:51:01.385+0000][gc,heap     ] GC(37) Humongous regions: 140->140
[2025-12-07T22:51:01.385+0000][gc,metaspace] GC(37) Metaspace: 50044K(50752K)->50044K(50752K) NonClass: 44338K(44736K)->44338K(44736K) Class: 5706K(6016K)->5706K(6016K)
[2025-12-07T22:51:01.385+0000][gc          ] GC(37) Pause Young (Concurrent Start) (G1 Evacuation Pause) 186M->177M(285M) 12.516ms
[2025-12-07T22:51:01.385+0000][gc,cpu      ] GC(37) User=0.01s Sys=0.00s Real=0.02s
[2025-12-07T22:51:01.387+0000][gc          ] GC(38) Concurrent Mark Cycle
[2025-12-07T22:51:01.387+0000][gc,marking  ] GC(38) Concurrent Scan Root Regions
[2025-12-07T22:51:01.391+0000][gc,marking  ] GC(38) Concurrent Scan Root Regions 4.051ms
[2025-12-07T22:51:01.391+0000][gc,marking  ] GC(38) Concurrent Mark
[2025-12-07T22:51:01.391+0000][gc,marking  ] GC(38) Concurrent Mark From Roots
[2025-12-07T22:51:01.391+0000][gc,task     ] GC(38) Using 1 workers of 1 for marking
[2025-12-07T22:51:01.426+0000][gc,marking  ] GC(38) Concurrent Mark From Roots 34.412ms
[2025-12-07T22:51:01.426+0000][gc,marking  ] GC(38) Concurrent Preclean
[2025-12-07T22:51:01.426+0000][gc,marking  ] GC(38) Concurrent Preclean 0.509ms
[2025-12-07T22:51:01.426+0000][gc,start    ] GC(38) Pause Remark
[2025-12-07T22:51:01.450+0000][gc,mmu      ] GC(38) MMU target violated: 21.0ms (20.0ms/21.0ms)
[2025-12-07T22:51:01.450+0000][gc          ] GC(38) Pause Remark 177M->177M(297M) 23.967ms
[2025-12-07T22:51:01.450+0000][gc,cpu      ] GC(38) User=0.02s Sys=0.00s Real=0.02s
[2025-12-07T22:51:01.452+0000][gc,marking  ] GC(38) Concurrent Mark 60.459ms
[2025-12-07T22:51:01.452+0000][gc,marking  ] GC(38) Concurrent Rebuild Remembered Sets and Scrub Regions
[2025-12-07T22:51:01.479+0000][gc,marking  ] GC(38) Concurrent Rebuild Remembered Sets and Scrub Regions 27.154ms
[2025-12-07T22:51:01.479+0000][gc,start    ] GC(38) Pause Cleanup
[2025-12-07T22:51:01.479+0000][gc          ] GC(38) Pause Cleanup 177M->177M(297M) 0.111ms
[2025-12-07T22:51:01.479+0000][gc,cpu      ] GC(38) User=0.00s Sys=0.00s Real=0.00s
[2025-12-07T22:51:01.479+0000][gc,marking  ] GC(38) Concurrent Clear Claimed Marks
[2025-12-07T22:51:01.479+0000][gc,marking  ] GC(38) Concurrent Clear Claimed Marks 0.075ms
[2025-12-07T22:51:01.479+0000][gc,marking  ] GC(38) Concurrent Cleanup for Next Mark
[2025-12-07T22:51:01.480+0000][gc,marking  ] GC(38) Concurrent Cleanup for Next Mark 0.512ms
[2025-12-07T22:51:01.480+0000][gc          ] GC(38) Concurrent Mark Cycle 92.576ms
[2025-12-07T22:54:01.975+0000][gc,start    ] GC(39) Pause Young (Prepare Mixed) (G1 Evacuation Pause)
[2025-12-07T22:54:01.975+0000][gc,task     ] GC(39) Using 1 workers of 1 for evacuation
[2025-12-07T22:54:01.984+0000][gc,phases   ] GC(39)   Pre Evacuate Collection Set: 0.11ms
[2025-12-07T22:54:01.984+0000][gc,phases   ] GC(39)   Merge Heap Roots: 0.07ms
[2025-12-07T22:54:01.984+0000][gc,phases   ] GC(39)   Evacuate Collection Set: 8.39ms
[2025-12-07T22:54:01.984+0000][gc,phases   ] GC(39)   Post Evacuate Collection Set: 0.40ms
[2025-12-07T22:54:01.984+0000][gc,phases   ] GC(39)   Other: 0.06ms
[2025-12-07T22:54:01.984+0000][gc,heap     ] GC(39) Eden regions: 31->0(48)
[2025-12-07T22:54:01.984+0000][gc,heap     ] GC(39) Survivor regions: 1->3(4)
[2025-12-07T22:54:01.984+0000][gc,heap     ] GC(39) Old regions: 37->37
[2025-12-07T22:54:01.984+0000][gc,heap     ] GC(39) Humongous regions: 140->140
[2025-12-07T22:54:01.984+0000][gc,metaspace] GC(39) Metaspace: 50103K(50880K)->50103K(50880K) NonClass: 44403K(44864K)->44403K(44864K) Class: 5700K(6016K)->5700K(6016K)
[2025-12-07T22:54:01.984+0000][gc          ] GC(39) Pause Young (Prepare Mixed) (G1 Evacuation Pause) 208M->179M(297M) 9.160ms
[2025-12-07T22:54:01.984+0000][gc,cpu      ] GC(39) User=0.00s Sys=0.00s Real=0.00s
[2025-12-07T22:58:19.892+0000][gc,start    ] GC(40) Pause Young (Mixed) (G1 Evacuation Pause)
[2025-12-07T22:58:19.892+0000][gc,task     ] GC(40) Using 1 workers of 1 for evacuation
[2025-12-07T22:58:19.907+0000][gc,phases   ] GC(40)   Pre Evacuate Collection Set: 0.14ms
[2025-12-07T22:58:19.907+0000][gc,phases   ] GC(40)   Merge Heap Roots: 0.07ms
[2025-12-07T22:58:19.907+0000][gc,phases   ] GC(40)   Evacuate Collection Set: 13.73ms
[2025-12-07T22:58:19.907+0000][gc,phases   ] GC(40)   Post Evacuate Collection Set: 0.75ms
[2025-12-07T22:58:19.907+0000][gc,phases   ] GC(40)   Other: 0.06ms
[2025-12-07T22:58:19.907+0000][gc,heap     ] GC(40) Eden regions: 42->0(14)
[2025-12-07T22:58:19.907+0000][gc,heap     ] GC(40) Survivor regions: 3->5(6)
[2025-12-07T22:58:19.907+0000][gc,heap     ] GC(40) Old regions: 37->36
[2025-12-07T22:58:19.907+0000][gc,heap     ] GC(40) Humongous regions: 140->140
[2025-12-07T22:58:19.907+0000][gc,metaspace] GC(40) Metaspace: 50121K(50880K)->50121K(50880K) NonClass: 44420K(44864K)->44420K(44864K) Class: 5700K(6016K)->5700K(6016K)
[2025-12-07T22:58:19.907+0000][gc          ] GC(40) Pause Young (Mixed) (G1 Evacuation Pause) 220M->180M(297M) 14.901ms
[2025-12-07T22:58:19.907+0000][gc,cpu      ] GC(40) User=0.01s Sys=0.00s Real=0.02s
[2025-12-07T22:59:31.715+0000][gc,start    ] GC(41) Pause Young (Mixed) (G1 Evacuation Pause)
[2025-12-07T22:59:31.715+0000][gc,task     ] GC(41) Using 1 workers of 1 for evacuation
[2025-12-07T22:59:31.726+0000][gc,phases   ] GC(41)   Pre Evacuate Collection Set: 0.12ms
[2025-12-07T22:59:31.726+0000][gc,phases   ] GC(41)   Merge Heap Roots: 0.08ms
[2025-12-07T22:59:31.726+0000][gc,phases   ] GC(41)   Evacuate Collection Set: 10.55ms
[2025-12-07T22:59:31.726+0000][gc,phases   ] GC(41)   Post Evacuate Collection Set: 0.37ms
[2025-12-07T22:59:31.726+0000][gc,phases   ] GC(41)   Other: 0.06ms
[2025-12-07T22:59:31.726+0000][gc,heap     ] GC(41) Eden regions: 12->0(84)
[2025-12-07T22:59:31.726+0000][gc,heap     ] GC(41) Survivor regions: 5->1(3)
[2025-12-07T22:59:31.726+0000][gc,heap     ] GC(41) Old regions: 36->39
[2025-12-07T22:59:31.726+0000][gc,heap     ] GC(41) Humongous regions: 140->140
[2025-12-07T22:59:31.726+0000][gc,metaspace] GC(41) Metaspace: 50122K(50880K)->50122K(50880K) NonClass: 44421K(44864K)->44421K(44864K) Class: 5700K(6016K)->5700K(6016K)
[2025-12-07T22:59:31.726+0000][gc          ] GC(41) Pause Young (Mixed) (G1 Evacuation Pause) 192M->179M(297M) 11.333ms
[2025-12-07T22:59:31.726+0000][gc,cpu      ] GC(41) User=0.01s Sys=0.00s Real=0.01s
[2025-12-07T23:06:39.208+0000][gc,start    ] GC(42) Pause Young (Mixed) (G1 Evacuation Pause)
[2025-12-07T23:06:39.208+0000][gc,task     ] GC(42) Using 1 workers of 1 for evacuation
[2025-12-07T23:06:39.224+0000][gc,phases   ] GC(42)   Pre Evacuate Collection Set: 0.14ms
[2025-12-07T23:06:39.224+0000][gc,phases   ] GC(42)   Merge Heap Roots: 0.11ms
[2025-12-07T23:06:39.224+0000][gc,phases   ] GC(42)   Evacuate Collection Set: 15.69ms
[2025-12-07T23:06:39.224+0000][gc,phases   ] GC(42)   Post Evacuate Collection Set: 0.50ms
[2025-12-07T23:06:39.224+0000][gc,phases   ] GC(42)   Other: 0.06ms
[2025-12-07T23:06:39.224+0000][gc,heap     ] GC(42) Eden regions: 76->0(10)
[2025-12-07T23:06:39.224+0000][gc,heap     ] GC(42) Survivor regions: 1->6(10)
[2025-12-07T23:06:39.224+0000][gc,heap     ] GC(42) Old regions: 39->38
[2025-12-07T23:06:39.224+0000][gc,heap     ] GC(42) Humongous regions: 149->149
[2025-12-07T23:06:39.224+0000][gc,metaspace] GC(42) Metaspace: 50460K(51264K)->50460K(51264K) NonClass: 44712K(45184K)->44712K(45184K) Class: 5748K(6080K)->5748K(6080K)
[2025-12-07T23:06:39.224+0000][gc          ] GC(42) Pause Young (Mixed) (G1 Evacuation Pause) 264M->192M(297M) 16.648ms
[2025-12-07T23:06:39.224+0000][gc,cpu      ] GC(42) User=0.02s Sys=0.00s Real=0.01s
[2025-12-07T23:07:24.902+0000][gc,start    ] GC(43) Pause Young (Concurrent Start) (G1 Evacuation Pause)
[2025-12-07T23:07:24.902+0000][gc,task     ] GC(43) Using 1 workers of 1 for evacuation
[2025-12-07T23:07:24.914+0000][gc,phases   ] GC(43)   Pre Evacuate Collection Set: 0.12ms
[2025-12-07T23:07:24.914+0000][gc,phases   ] GC(43)   Merge Heap Roots: 0.07ms
[2025-12-07T23:07:24.914+0000][gc,phases   ] GC(43)   Evacuate Collection Set: 11.97ms
[2025-12-07T23:07:24.914+0000][gc,phases   ] GC(43)   Post Evacuate Collection Set: 0.37ms
[2025-12-07T23:07:24.914+0000][gc,phases   ] GC(43)   Other: 0.08ms
[2025-12-07T23:07:24.914+0000][gc,heap     ] GC(43) Eden regions: 8->0(81)
[2025-12-07T23:07:24.914+0000][gc,heap     ] GC(43) Survivor regions: 6->1(2)
[2025-12-07T23:07:24.914+0000][gc,heap     ] GC(43) Old regions: 38->43
[2025-12-07T23:07:24.914+0000][gc,heap     ] GC(43) Humongous regions: 149->149
[2025-12-07T23:07:24.914+0000][gc,metaspace] GC(43) Metaspace: 50466K(51264K)->50466K(51264K) NonClass: 44718K(45184K)->44718K(45184K) Class: 5748K(6080K)->5748K(6080K)
[2025-12-07T23:07:24.914+0000][gc          ] GC(43) Pause Young (Concurrent Start) (G1 Evacuation Pause) 200M->192M(297M) 12.760ms
[2025-12-07T23:07:24.914+0000][gc,cpu      ] GC(43) User=0.02s Sys=0.00s Real=0.01s
[2025-12-07T23:07:24.914+0000][gc          ] GC(44) Concurrent Mark Cycle
[2025-12-07T23:07:24.914+0000][gc,marking  ] GC(44) Concurrent Scan Root Regions
[2025-12-07T23:07:24.920+0000][gc,marking  ] GC(44) Concurrent Scan Root Regions 5.068ms
[2025-12-07T23:07:24.920+0000][gc,marking  ] GC(44) Concurrent Mark
[2025-12-07T23:07:24.920+0000][gc,marking  ] GC(44) Concurrent Mark From Roots
[2025-12-07T23:07:24.920+0000][gc,task     ] GC(44) Using 1 workers of 1 for marking
[2025-12-07T23:07:24.951+0000][gc,marking  ] GC(44) Concurrent Mark From Roots 31.705ms
[2025-12-07T23:07:24.951+0000][gc,marking  ] GC(44) Concurrent Preclean
[2025-12-07T23:07:24.951+0000][gc,marking  ] GC(44) Concurrent Preclean 0.086ms
[2025-12-07T23:07:24.951+0000][gc,start    ] GC(44) Pause Remark
[2025-12-07T23:07:24.972+0000][gc,mmu      ] GC(44) MMU target violated: 20.2ms (20.0ms/21.0ms)
[2025-12-07T23:07:24.972+0000][gc          ] GC(44) Pause Remark 192M->192M(322M) 20.212ms
[2025-12-07T23:07:24.972+0000][gc,cpu      ] GC(44) User=0.02s Sys=0.00s Real=0.02s
[2025-12-07T23:07:24.972+0000][gc,marking  ] GC(44) Concurrent Mark 52.237ms
[2025-12-07T23:07:24.972+0000][gc,marking  ] GC(44) Concurrent Rebuild Remembered Sets and Scrub Regions
[2025-12-07T23:07:24.996+0000][gc,marking  ] GC(44) Concurrent Rebuild Remembered Sets and Scrub Regions 24.299ms
[2025-12-07T23:07:24.996+0000][gc,start    ] GC(44) Pause Cleanup
[2025-12-07T23:07:24.996+0000][gc          ] GC(44) Pause Cleanup 192M->192M(322M) 0.107ms
[2025-12-07T23:07:24.996+0000][gc,cpu      ] GC(44) User=0.00s Sys=0.00s Real=0.00s
[2025-12-07T23:07:24.996+0000][gc,marking  ] GC(44) Concurrent Clear Claimed Marks
[2025-12-07T23:07:24.996+0000][gc,marking  ] GC(44) Concurrent Clear Claimed Marks 0.071ms
[2025-12-07T23:07:24.996+0000][gc,marking  ] GC(44) Concurrent Cleanup for Next Mark
[2025-12-07T23:07:24.997+0000][gc,marking  ] GC(44) Concurrent Cleanup for Next Mark 0.609ms
[2025-12-07T23:07:24.997+0000][gc          ] GC(44) Concurrent Mark Cycle 82.674ms
[2025-12-07T23:15:29.647+0000][gc,start    ] GC(45) Pause Young (Prepare Mixed) (G1 Evacuation Pause)
[2025-12-07T23:15:29.648+0000][gc,task     ] GC(45) Using 1 workers of 1 for evacuation
[2025-12-07T23:15:29.663+0000][gc,phases   ] GC(45)   Pre Evacuate Collection Set: 0.11ms
[2025-12-07T23:15:29.663+0000][gc,phases   ] GC(45)   Merge Heap Roots: 0.08ms
[2025-12-07T23:15:29.663+0000][gc,phases   ] GC(45)   Evacuate Collection Set: 13.97ms
[2025-12-07T23:15:29.663+0000][gc,phases   ] GC(45)   Post Evacuate Collection Set: 0.49ms
[2025-12-07T23:15:29.663+0000][gc,phases   ] GC(45)   Other: 0.07ms
[2025-12-07T23:15:29.663+0000][gc,heap     ] GC(45) Eden regions: 80->0(45)
[2025-12-07T23:15:29.663+0000][gc,heap     ] GC(45) Survivor regions: 1->5(11)
[2025-12-07T23:15:29.663+0000][gc,heap     ] GC(45) Old regions: 43->43
[2025-12-07T23:15:29.663+0000][gc,heap     ] GC(45) Humongous regions: 149->149
[2025-12-07T23:15:29.663+0000][gc,metaspace] GC(45) Metaspace: 50534K(51264K)->50534K(51264K) NonClass: 44786K(45184K)->44786K(45184K) Class: 5748K(6080K)->5748K(6080K)
[2025-12-07T23:15:29.663+0000][gc          ] GC(45) Pause Young (Prepare Mixed) (G1 Evacuation Pause) 272M->196M(322M) 15.740ms
[2025-12-07T23:15:29.663+0000][gc,cpu      ] GC(45) User=0.02s Sys=0.00s Real=0.01s
[2025-12-07T23:21:12.396+0000][gc,start    ] GC(46) Pause Young (Mixed) (G1 Evacuation Pause)
[2025-12-07T23:21:12.396+0000][gc,task     ] GC(46) Using 1 workers of 1 for evacuation
[2025-12-07T23:21:12.414+0000][gc,phases   ] GC(46)   Pre Evacuate Collection Set: 0.12ms
[2025-12-07T23:21:12.414+0000][gc,phases   ] GC(46)   Merge Heap Roots: 0.06ms
[2025-12-07T23:21:12.414+0000][gc,phases   ] GC(46)   Evacuate Collection Set: 16.67ms
[2025-12-07T23:21:12.414+0000][gc,phases   ] GC(46)   Post Evacuate Collection Set: 0.95ms
[2025-12-07T23:21:12.414+0000][gc,phases   ] GC(46)   Other: 0.06ms
[2025-12-07T23:21:12.414+0000][gc,heap     ] GC(46) Eden regions: 54->0(24)
[2025-12-07T23:21:12.414+0000][gc,heap     ] GC(46) Survivor regions: 5->7(8)
[2025-12-07T23:21:12.414+0000][gc,heap     ] GC(46) Old regions: 43->43
[2025-12-07T23:21:12.414+0000][gc,heap     ] GC(46) Humongous regions: 149->149
[2025-12-07T23:21:12.414+0000][gc,metaspace] GC(46) Metaspace: 50563K(51328K)->50563K(51328K) NonClass: 44815K(45248K)->44815K(45248K) Class: 5748K(6080K)->5748K(6080K)
[2025-12-07T23:21:12.414+0000][gc          ] GC(46) Pause Young (Mixed) (G1 Evacuation Pause) 250M->197M(322M) 18.012ms
[2025-12-07T23:21:12.414+0000][gc,cpu      ] GC(46) User=0.02s Sys=0.00s Real=0.01s
[2025-12-07T23:24:08.973+0000][gc,start    ] GC(47) Pause Young (Mixed) (G1 Evacuation Pause)
[2025-12-07T23:24:08.973+0000][gc,task     ] GC(47) Using 1 workers of 1 for evacuation
[2025-12-07T23:24:08.990+0000][gc,phases   ] GC(47)   Pre Evacuate Collection Set: 0.11ms
[2025-12-07T23:24:08.990+0000][gc,phases   ] GC(47)   Merge Heap Roots: 0.06ms
[2025-12-07T23:24:08.990+0000][gc,phases   ] GC(47)   Evacuate Collection Set: 16.17ms
[2025-12-07T23:24:08.990+0000][gc,phases   ] GC(47)   Post Evacuate Collection Set: 0.42ms
[2025-12-07T23:24:08.990+0000][gc,phases   ] GC(47)   Other: 0.05ms
[2025-12-07T23:24:08.990+0000][gc,heap     ] GC(47) Eden regions: 28->0(95)
[2025-12-07T23:24:08.990+0000][gc,heap     ] GC(47) Survivor regions: 7->2(5)
[2025-12-07T23:24:08.990+0000][gc,heap     ] GC(47) Old regions: 43->48
[2025-12-07T23:24:08.990+0000][gc,heap     ] GC(47) Humongous regions: 149->149
[2025-12-07T23:24:08.990+0000][gc,metaspace] GC(47) Metaspace: 50565K(51328K)->50565K(51328K) NonClass: 44816K(45248K)->44816K(45248K) Class: 5748K(6080K)->5748K(6080K)
[2025-12-07T23:24:08.990+0000][gc          ] GC(47) Pause Young (Mixed) (G1 Evacuation Pause) 225M->198M(322M) 16.958ms
[2025-12-07T23:24:08.990+0000][gc,cpu      ] GC(47) User=0.01s Sys=0.00s Real=0.02s
[2025-12-07T23:34:40.741+0000][gc,start    ] GC(48) Pause Young (Mixed) (G1 Evacuation Pause)
[2025-12-07T23:34:40.741+0000][gc,task     ] GC(48) Using 1 workers of 1 for evacuation
[2025-12-07T23:34:40.763+0000][gc,mmu      ] GC(48) MMU target violated: 21.0ms (20.0ms/21.0ms)
[2025-12-07T23:34:40.763+0000][gc,phases   ] GC(48)   Pre Evacuate Collection Set: 0.13ms
[2025-12-07T23:34:40.763+0000][gc,phases   ] GC(48)   Merge Heap Roots: 0.09ms
[2025-12-07T23:34:40.763+0000][gc,phases   ] GC(48)   Evacuate Collection Set: 21.33ms
[2025-12-07T23:34:40.763+0000][gc,phases   ] GC(48)   Post Evacuate Collection Set: 0.54ms
[2025-12-07T23:34:40.763+0000][gc,phases   ] GC(48)   Other: 0.10ms
[2025-12-07T23:34:40.763+0000][gc,heap     ] GC(48) Eden regions: 100->0(9)
[2025-12-07T23:34:40.763+0000][gc,heap     ] GC(48) Survivor regions: 2->7(13)
[2025-12-07T23:34:40.763+0000][gc,heap     ] GC(48) Old regions: 48->47
[2025-12-07T23:34:40.763+0000][gc,heap     ] GC(48) Humongous regions: 149->149
[2025-12-07T23:34:40.763+0000][gc,metaspace] GC(48) Metaspace: 50574K(51328K)->50574K(51328K) NonClass: 44825K(45248K)->44825K(45248K) Class: 5748K(6080K)->5748K(6080K)
[2025-12-07T23:34:40.763+0000][gc          ] GC(48) Pause Young (Mixed) (G1 Evacuation Pause) 298M->202M(322M) 22.323ms
[2025-12-07T23:34:40.763+0000][gc,cpu      ] GC(48) User=0.02s Sys=0.00s Real=0.02s
[2025-12-07T23:35:33.639+0000][gc,start    ] GC(49) Pause Young (Concurrent Start) (G1 Evacuation Pause)
[2025-12-07T23:35:33.639+0000][gc,task     ] GC(49) Using 1 workers of 1 for evacuation
[2025-12-07T23:35:33.653+0000][gc,phases   ] GC(49)   Pre Evacuate Collection Set: 0.13ms
[2025-12-07T23:35:33.653+0000][gc,phases   ] GC(49)   Merge Heap Roots: 0.06ms
[2025-12-07T23:35:33.653+0000][gc,phases   ] GC(49)   Evacuate Collection Set: 13.36ms
[2025-12-07T23:35:33.653+0000][gc,phases   ] GC(49)   Post Evacuate Collection Set: 0.39ms
[2025-12-07T23:35:33.653+0000][gc,phases   ] GC(49)   Other: 0.07ms
[2025-12-07T23:35:33.653+0000][gc,heap     ] GC(49) Eden regions: 9->0(69)
[2025-12-07T23:35:33.653+0000][gc,heap     ] GC(49) Survivor regions: 7->1(2)
[2025-12-07T23:35:33.653+0000][gc,heap     ] GC(49) Old regions: 47->53
[2025-12-07T23:35:33.653+0000][gc,heap     ] GC(49) Humongous regions: 149->149
[2025-12-07T23:35:33.653+0000][gc,metaspace] GC(49) Metaspace: 50577K(51328K)->50577K(51328K) NonClass: 44828K(45248K)->44828K(45248K) Class: 5748K(6080K)->5748K(6080K)
[2025-12-07T23:35:33.653+0000][gc          ] GC(49) Pause Young (Concurrent Start) (G1 Evacuation Pause) 211M->203M(322M) 14.176ms
[2025-12-07T23:35:33.653+0000][gc          ] GC(50) Concurrent Mark Cycle
[2025-12-07T23:35:33.653+0000][gc,marking  ] GC(50) Concurrent Scan Root Regions
[2025-12-07T23:35:33.653+0000][gc,cpu      ] GC(49) User=0.02s Sys=0.00s Real=0.01s
[2025-12-07T23:35:33.660+0000][gc,marking  ] GC(50) Concurrent Scan Root Regions 7.157ms
[2025-12-07T23:35:33.660+0000][gc,marking  ] GC(50) Concurrent Mark
[2025-12-07T23:35:33.660+0000][gc,marking  ] GC(50) Concurrent Mark From Roots
[2025-12-07T23:35:33.660+0000][gc,task     ] GC(50) Using 1 workers of 1 for marking
[2025-12-07T23:35:33.695+0000][gc,marking  ] GC(50) Concurrent Mark From Roots 34.682ms
[2025-12-07T23:35:33.695+0000][gc,marking  ] GC(50) Concurrent Preclean
[2025-12-07T23:35:33.695+0000][gc,marking  ] GC(50) Concurrent Preclean 0.110ms
[2025-12-07T23:35:33.695+0000][gc,start    ] GC(50) Pause Remark
[2025-12-07T23:35:33.715+0000][gc          ] GC(50) Pause Remark 203M->201M(335M) 19.480ms
[2025-12-07T23:35:33.715+0000][gc,cpu      ] GC(50) User=0.02s Sys=0.00s Real=0.02s
[2025-12-07T23:35:33.716+0000][gc,marking  ] GC(50) Concurrent Mark 55.467ms
[2025-12-07T23:35:33.716+0000][gc,marking  ] GC(50) Concurrent Rebuild Remembered Sets and Scrub Regions
[2025-12-07T23:35:33.746+0000][gc,marking  ] GC(50) Concurrent Rebuild Remembered Sets and Scrub Regions 30.267ms
[2025-12-07T23:35:33.746+0000][gc,start    ] GC(50) Pause Cleanup
[2025-12-07T23:35:33.747+0000][gc          ] GC(50) Pause Cleanup 201M->201M(335M) 0.531ms
[2025-12-07T23:35:33.747+0000][gc,cpu      ] GC(50) User=0.00s Sys=0.00s Real=0.00s
[2025-12-07T23:35:33.747+0000][gc,marking  ] GC(50) Concurrent Clear Claimed Marks
[2025-12-07T23:35:33.747+0000][gc,marking  ] GC(50) Concurrent Clear Claimed Marks 0.077ms
[2025-12-07T23:35:33.747+0000][gc,marking  ] GC(50) Concurrent Cleanup for Next Mark
[2025-12-07T23:35:33.748+0000][gc,marking  ] GC(50) Concurrent Cleanup for Next Mark 0.565ms
[2025-12-07T23:35:33.748+0000][gc          ] GC(50) Concurrent Mark Cycle 94.281ms
[2025-12-07T23:42:55.297+0000][gc,start    ] GC(51) Pause Young (Prepare Mixed) (G1 Evacuation Pause)
[2025-12-07T23:42:55.297+0000][gc,task     ] GC(51) Using 1 workers of 1 for evacuation
[2025-12-07T23:42:55.311+0000][gc,phases   ] GC(51)   Pre Evacuate Collection Set: 0.11ms
[2025-12-07T23:42:55.311+0000][gc,phases   ] GC(51)   Merge Heap Roots: 0.12ms
[2025-12-07T23:42:55.311+0000][gc,phases   ] GC(51)   Evacuate Collection Set: 13.65ms
[2025-12-07T23:42:55.311+0000][gc,phases   ] GC(51)   Post Evacuate Collection Set: 0.48ms
[2025-12-07T23:42:55.311+0000][gc,phases   ] GC(51)   Other: 0.05ms
[2025-12-07T23:42:55.311+0000][gc,heap     ] GC(51) Eden regions: 68->0(42)
[2025-12-07T23:42:55.311+0000][gc,heap     ] GC(51) Survivor regions: 1->4(9)
[2025-12-07T23:42:55.311+0000][gc,heap     ] GC(51) Old regions: 51->51
[2025-12-07T23:42:55.311+0000][gc,heap     ] GC(51) Humongous regions: 149->149
[2025-12-07T23:42:55.311+0000][gc,metaspace] GC(51) Metaspace: 50638K(51456K)->50638K(51456K) NonClass: 44883K(45312K)->44883K(45312K) Class: 5754K(6144K)->5754K(6144K)
[2025-12-07T23:42:55.311+0000][gc          ] GC(51) Pause Young (Prepare Mixed) (G1 Evacuation Pause) 268M->204M(335M) 14.552ms
[2025-12-07T23:42:55.311+0000][gc,cpu      ] GC(51) User=0.02s Sys=0.00s Real=0.01s
[2025-12-07T23:48:40.599+0000][gc,start    ] GC(52) Pause Young (Mixed) (G1 Evacuation Pause)
[2025-12-07T23:48:40.599+0000][gc,task     ] GC(52) Using 1 workers of 1 for evacuation
[2025-12-07T23:48:40.612+0000][gc,phases   ] GC(52)   Pre Evacuate Collection Set: 0.13ms
[2025-12-07T23:48:40.612+0000][gc,phases   ] GC(52)   Merge Heap Roots: 0.08ms
[2025-12-07T23:48:40.612+0000][gc,phases   ] GC(52)   Evacuate Collection Set: 12.69ms
[2025-12-07T23:48:40.612+0000][gc,phases   ] GC(52)   Post Evacuate Collection Set: 0.45ms
[2025-12-07T23:48:40.612+0000][gc,phases   ] GC(52)   Other: 0.06ms
[2025-12-07T23:48:40.612+0000][gc,heap     ] GC(52) Eden regions: 43->0(58)
[2025-12-07T23:48:40.612+0000][gc,heap     ] GC(52) Survivor regions: 4->2(6)
[2025-12-07T23:48:40.612+0000][gc,heap     ] GC(52) Old regions: 51->51
[2025-12-07T23:48:40.612+0000][gc,heap     ] GC(52) Humongous regions: 149->149
[2025-12-07T23:48:40.612+0000][gc,metaspace] GC(52) Metaspace: 50640K(51456K)->50640K(51456K) NonClass: 44886K(45312K)->44886K(45312K) Class: 5754K(6144K)->5754K(6144K)
[2025-12-07T23:48:40.612+0000][gc          ] GC(52) Pause Young (Mixed) (G1 Evacuation Pause) 247M->201M(335M) 13.549ms
[2025-12-07T23:48:40.612+0000][gc,cpu      ] GC(52) User=0.01s Sys=0.00s Real=0.01s
[2025-12-07T23:56:55.433+0000][gc,start    ] GC(53) Pause Young (Concurrent Start) (G1 Evacuation Pause)
[2025-12-07T23:56:55.433+0000][gc,task     ] GC(53) Using 1 workers of 1 for evacuation
[2025-12-07T23:56:55.446+0000][gc,phases   ] GC(53)   Pre Evacuate Collection Set: 0.13ms
[2025-12-07T23:56:55.446+0000][gc,phases   ] GC(53)   Merge Heap Roots: 0.08ms
[2025-12-07T23:56:55.446+0000][gc,phases   ] GC(53)   Evacuate Collection Set: 12.09ms
[2025-12-07T23:56:55.446+0000][gc,phases   ] GC(53)   Post Evacuate Collection Set: 0.47ms
[2025-12-07T23:56:55.446+0000][gc,phases   ] GC(53)   Other: 0.06ms
[2025-12-07T23:56:55.446+0000][gc,heap     ] GC(53) Eden regions: 63->0(44)
[2025-12-07T23:56:55.446+0000][gc,heap     ] GC(53) Survivor regions: 2->4(9)
[2025-12-07T23:56:55.446+0000][gc,heap     ] GC(53) Old regions: 51->51
[2025-12-07T23:56:55.446+0000][gc,heap     ] GC(53) Humongous regions: 149->149
[2025-12-07T23:56:55.446+0000][gc,metaspace] GC(53) Metaspace: 50649K(51456K)->50649K(51456K) NonClass: 44894K(45312K)->44894K(45312K) Class: 5754K(6144K)->5754K(6144K)
[2025-12-07T23:56:55.446+0000][gc          ] GC(53) Pause Young (Concurrent Start) (G1 Evacuation Pause) 264M->202M(335M) 12.984ms
[2025-12-07T23:56:55.446+0000][gc          ] GC(54) Concurrent Mark Cycle
[2025-12-07T23:56:55.446+0000][gc,marking  ] GC(54) Concurrent Scan Root Regions
[2025-12-07T23:56:55.447+0000][gc,cpu      ] GC(53) User=0.02s Sys=0.00s Real=0.02s
[2025-12-07T23:56:55.451+0000][gc,marking  ] GC(54) Concurrent Scan Root Regions 5.013ms
[2025-12-07T23:56:55.451+0000][gc,marking  ] GC(54) Concurrent Mark
[2025-12-07T23:56:55.451+0000][gc,marking  ] GC(54) Concurrent Mark From Roots
[2025-12-07T23:56:55.451+0000][gc,task     ] GC(54) Using 1 workers of 1 for marking
[2025-12-07T23:56:55.485+0000][gc,marking  ] GC(54) Concurrent Mark From Roots 33.546ms
[2025-12-07T23:56:55.485+0000][gc,marking  ] GC(54) Concurrent Preclean
[2025-12-07T23:56:55.485+0000][gc,marking  ] GC(54) Concurrent Preclean 0.092ms
[2025-12-07T23:56:55.485+0000][gc,start    ] GC(54) Pause Remark
[2025-12-07T23:56:55.504+0000][gc          ] GC(54) Pause Remark 203M->201M(337M) 18.912ms
[2025-12-07T23:56:55.504+0000][gc,cpu      ] GC(54) User=0.01s Sys=0.00s Real=0.01s
[2025-12-07T23:56:55.505+0000][gc,marking  ] GC(54) Concurrent Mark 53.808ms
[2025-12-07T23:56:55.505+0000][gc,marking  ] GC(54) Concurrent Rebuild Remembered Sets and Scrub Regions
[2025-12-07T23:56:55.533+0000][gc,marking  ] GC(54) Concurrent Rebuild Remembered Sets and Scrub Regions 27.955ms
[2025-12-07T23:56:55.533+0000][gc,start    ] GC(54) Pause Cleanup
[2025-12-07T23:56:55.533+0000][gc          ] GC(54) Pause Cleanup 201M->201M(337M) 0.103ms
[2025-12-07T23:56:55.533+0000][gc,cpu      ] GC(54) User=0.00s Sys=0.00s Real=0.00s
[2025-12-07T23:56:55.533+0000][gc,marking  ] GC(54) Concurrent Clear Claimed Marks
[2025-12-07T23:56:55.533+0000][gc,marking  ] GC(54) Concurrent Clear Claimed Marks 0.071ms
[2025-12-07T23:56:55.533+0000][gc,marking  ] GC(54) Concurrent Cleanup for Next Mark
[2025-12-07T23:56:55.534+0000][gc,marking  ] GC(54) Concurrent Cleanup for Next Mark 0.926ms
[2025-12-07T23:56:55.534+0000][gc          ] GC(54) Concurrent Mark Cycle 88.057ms
[2025-12-08T00:01:05.318+0000][gc,start    ] GC(55) Pause Young (Prepare Mixed) (G1 Evacuation Pause)
[2025-12-08T00:01:05.318+0000][gc,task     ] GC(55) Using 1 workers of 1 for evacuation
[2025-12-08T00:01:05.337+0000][gc,phases   ] GC(55)   Pre Evacuate Collection Set: 0.13ms
[2025-12-08T00:01:05.337+0000][gc,phases   ] GC(55)   Merge Heap Roots: 0.10ms
[2025-12-08T00:01:05.337+0000][gc,phases   ] GC(55)   Evacuate Collection Set: 18.07ms
[2025-12-08T00:01:05.337+0000][gc,phases   ] GC(55)   Post Evacuate Collection Set: 0.44ms
[2025-12-08T00:01:05.337+0000][gc,phases   ] GC(55)   Other: 0.06ms
[2025-12-08T00:01:05.337+0000][gc,heap     ] GC(55) Eden regions: 37->0(10)
[2025-12-08T00:01:05.337+0000][gc,heap     ] GC(55) Survivor regions: 4->6(6)
[2025-12-08T00:01:05.337+0000][gc,heap     ] GC(55) Old regions: 49->51
[2025-12-08T00:01:05.337+0000][gc,heap     ] GC(55) Humongous regions: 149->149
[2025-12-08T00:01:05.337+0000][gc,metaspace] GC(55) Metaspace: 50685K(51456K)->50685K(51456K) NonClass: 44927K(45312K)->44927K(45312K) Class: 5758K(6144K)->5758K(6144K)
[2025-12-08T00:01:05.337+0000][gc          ] GC(55) Pause Young (Prepare Mixed) (G1 Evacuation Pause) 237M->205M(337M) 18.986ms
[2025-12-08T00:01:05.337+0000][gc,cpu      ] GC(55) User=0.02s Sys=0.00s Real=0.02s
[2025-12-08T00:02:21.998+0000][gc,start    ] GC(56) Pause Young (Mixed) (G1 Evacuation Pause)
[2025-12-08T00:02:21.998+0000][gc,task     ] GC(56) Using 1 workers of 1 for evacuation
[2025-12-08T00:02:22.012+0000][gc,phases   ] GC(56)   Pre Evacuate Collection Set: 0.14ms
[2025-12-08T00:02:22.012+0000][gc,phases   ] GC(56)   Merge Heap Roots: 0.09ms
[2025-12-08T00:02:22.012+0000][gc,phases   ] GC(56)   Evacuate Collection Set: 12.33ms
[2025-12-08T00:02:22.012+0000][gc,phases   ] GC(56)   Post Evacuate Collection Set: 0.41ms
[2025-12-08T00:02:22.012+0000][gc,phases   ] GC(56)   Other: 0.07ms
[2025-12-08T00:02:22.012+0000][gc,heap     ] GC(56) Eden regions: 10->0(78)
[2025-12-08T00:02:22.012+0000][gc,heap     ] GC(56) Survivor regions: 6->1(2)
[2025-12-08T00:02:22.012+0000][gc,heap     ] GC(56) Old regions: 51->53
[2025-12-08T00:02:22.012+0000][gc,heap     ] GC(56) Humongous regions: 149->149
[2025-12-08T00:02:22.012+0000][gc,metaspace] GC(56) Metaspace: 50689K(51456K)->50689K(51456K) NonClass: 44931K(45312K)->44931K(45312K) Class: 5758K(6144K)->5758K(6144K)
[2025-12-08T00:02:22.012+0000][gc          ] GC(56) Pause Young (Mixed) (G1 Evacuation Pause) 215M->202M(337M) 13.186ms
[2025-12-08T00:02:22.012+0000][gc,cpu      ] GC(56) User=0.01s Sys=0.00s Real=0.01s
[2025-12-08T00:13:03.106+0000][gc,start    ] GC(57) Pause Young (Mixed) (G1 Evacuation Pause)
[2025-12-08T00:13:03.108+0000][gc,task     ] GC(57) Using 1 workers of 1 for evacuation
[2025-12-08T00:13:03.122+0000][gc,phases   ] GC(57)   Pre Evacuate Collection Set: 0.16ms
[2025-12-08T00:13:03.122+0000][gc,phases   ] GC(57)   Merge Heap Roots: 0.07ms
[2025-12-08T00:13:03.122+0000][gc,phases   ] GC(57)   Evacuate Collection Set: 13.54ms
[2025-12-08T00:13:03.122+0000][gc,phases   ] GC(57)   Post Evacuate Collection Set: 0.53ms
[2025-12-08T00:13:03.122+0000][gc,phases   ] GC(57)   Other: 0.08ms
[2025-12-08T00:13:03.122+0000][gc,heap     ] GC(57) Eden regions: 84->0(22)
[2025-12-08T00:13:03.122+0000][gc,heap     ] GC(57) Survivor regions: 1->4(11)
[2025-12-08T00:13:03.122+0000][gc,heap     ] GC(57) Old regions: 53->52
[2025-12-08T00:13:03.122+0000][gc,heap     ] GC(57) Humongous regions: 149->149
[2025-12-08T00:13:03.122+0000][gc,metaspace] GC(57) Metaspace: 50776K(51648K)->50776K(51648K) NonClass: 45018K(45504K)->45018K(45504K) Class: 5758K(6144K)->5758K(6144K)
[2025-12-08T00:13:03.122+0000][gc          ] GC(57) Pause Young (Mixed) (G1 Evacuation Pause) 285M->205M(337M) 16.479ms
[2025-12-08T00:13:03.122+0000][gc,cpu      ] GC(57) User=0.01s Sys=0.00s Real=0.01s
[2025-12-08T00:16:41.676+0000][gc,start    ] GC(58) Pause Young (Concurrent Start) (G1 Evacuation Pause)
[2025-12-08T00:16:41.676+0000][gc,task     ] GC(58) Using 1 workers of 1 for evacuation
[2025-12-08T00:16:41.689+0000][gc,phases   ] GC(58)   Pre Evacuate Collection Set: 0.15ms
[2025-12-08T00:16:41.689+0000][gc,phases   ] GC(58)   Merge Heap Roots: 0.06ms
[2025-12-08T00:16:41.689+0000][gc,phases   ] GC(58)   Evacuate Collection Set: 11.28ms
[2025-12-08T00:16:41.689+0000][gc,phases   ] GC(58)   Post Evacuate Collection Set: 0.87ms
[2025-12-08T00:16:41.689+0000][gc,phases   ] GC(58)   Other: 0.07ms
[2025-12-08T00:16:41.689+0000][gc,heap     ] GC(58) Eden regions: 28->0(66)
[2025-12-08T00:16:41.689+0000][gc,heap     ] GC(58) Survivor regions: 4->2(4)
[2025-12-08T00:16:41.689+0000][gc,heap     ] GC(58) Old regions: 52->56
[2025-12-08T00:16:41.689+0000][gc,heap     ] GC(58) Humongous regions: 149->149
[2025-12-08T00:16:41.689+0000][gc,metaspace] GC(58) Metaspace: 50776K(51648K)->50776K(51648K) NonClass: 45018K(45504K)->45018K(45504K) Class: 5758K(6144K)->5758K(6144K)
[2025-12-08T00:16:41.689+0000][gc          ] GC(58) Pause Young (Concurrent Start) (G1 Evacuation Pause) 233M->206M(337M) 12.578ms
[2025-12-08T00:16:41.689+0000][gc          ] GC(59) Concurrent Mark Cycle
[2025-12-08T00:16:41.689+0000][gc,marking  ] GC(59) Concurrent Scan Root Regions
[2025-12-08T00:16:41.690+0000][gc,cpu      ] GC(58) User=0.02s Sys=0.00s Real=0.01s
[2025-12-08T00:16:41.693+0000][gc,marking  ] GC(59) Concurrent Scan Root Regions 4.650ms
[2025-12-08T00:16:41.693+0000][gc,marking  ] GC(59) Concurrent Mark
[2025-12-08T00:16:41.693+0000][gc,marking  ] GC(59) Concurrent Mark From Roots
[2025-12-08T00:16:41.693+0000][gc,task     ] GC(59) Using 1 workers of 1 for marking
[2025-12-08T00:16:41.728+0000][gc,marking  ] GC(59) Concurrent Mark From Roots 35.058ms
[2025-12-08T00:16:41.729+0000][gc,marking  ] GC(59) Concurrent Preclean
[2025-12-08T00:16:41.729+0000][gc,marking  ] GC(59) Concurrent Preclean 0.097ms
[2025-12-08T00:16:41.729+0000][gc,start    ] GC(59) Pause Remark
[2025-12-08T00:16:41.743+0000][gc          ] GC(59) Pause Remark 206M->206M(345M) 14.642ms
[2025-12-08T00:16:41.743+0000][gc,cpu      ] GC(59) User=0.02s Sys=0.00s Real=0.01s
[2025-12-08T00:16:41.743+0000][gc,marking  ] GC(59) Concurrent Mark 50.034ms
[2025-12-08T00:16:41.743+0000][gc,marking  ] GC(59) Concurrent Rebuild Remembered Sets and Scrub Regions
[2025-12-08T00:16:41.769+0000][gc,marking  ] GC(59) Concurrent Rebuild Remembered Sets and Scrub Regions 25.699ms
[2025-12-08T00:16:41.769+0000][gc,start    ] GC(59) Pause Cleanup
[2025-12-08T00:16:41.769+0000][gc          ] GC(59) Pause Cleanup 206M->206M(345M) 0.097ms
[2025-12-08T00:16:41.769+0000][gc,cpu      ] GC(59) User=0.00s Sys=0.00s Real=0.00s
[2025-12-08T00:16:41.769+0000][gc,marking  ] GC(59) Concurrent Clear Claimed Marks
[2025-12-08T00:16:41.769+0000][gc,marking  ] GC(59) Concurrent Clear Claimed Marks 0.078ms
[2025-12-08T00:16:41.769+0000][gc,marking  ] GC(59) Concurrent Cleanup for Next Mark
[2025-12-08T00:16:41.771+0000][gc,marking  ] GC(59) Concurrent Cleanup for Next Mark 1.251ms
[2025-12-08T00:16:41.771+0000][gc          ] GC(59) Concurrent Mark Cycle 81.999ms
[2025-12-08T00:24:53.203+0000][gc,start    ] GC(60) Pause Young (Prepare Mixed) (G1 Evacuation Pause)
[2025-12-08T00:24:53.204+0000][gc,task     ] GC(60) Using 1 workers of 1 for evacuation
[2025-12-08T00:24:53.216+0000][gc,phases   ] GC(60)   Pre Evacuate Collection Set: 0.13ms
[2025-12-08T00:24:53.216+0000][gc,phases   ] GC(60)   Merge Heap Roots: 0.09ms
[2025-12-08T00:24:53.216+0000][gc,phases   ] GC(60)   Evacuate Collection Set: 11.51ms
[2025-12-08T00:24:53.216+0000][gc,phases   ] GC(60)   Post Evacuate Collection Set: 0.47ms
[2025-12-08T00:24:53.216+0000][gc,phases   ] GC(60)   Other: 0.06ms
[2025-12-08T00:24:53.216+0000][gc,heap     ] GC(60) Eden regions: 63->0(34)
[2025-12-08T00:24:53.216+0000][gc,heap     ] GC(60) Survivor regions: 2->4(9)
[2025-12-08T00:24:53.216+0000][gc,heap     ] GC(60) Old regions: 56->56
[2025-12-08T00:24:53.216+0000][gc,heap     ] GC(60) Humongous regions: 149->149
[2025-12-08T00:24:53.216+0000][gc,metaspace] GC(60) Metaspace: 50783K(51648K)->50783K(51648K) NonClass: 45025K(45504K)->45025K(45504K) Class: 5758K(6144K)->5758K(6144K)
[2025-12-08T00:24:53.216+0000][gc          ] GC(60) Pause Young (Prepare Mixed) (G1 Evacuation Pause) 269M->208M(345M) 13.236ms
[2025-12-08T00:24:53.216+0000][gc,cpu      ] GC(60) User=0.02s Sys=0.00s Real=0.02s
[2025-12-08T00:29:26.528+0000][gc,start    ] GC(61) Pause Young (Mixed) (G1 Evacuation Pause)
[2025-12-08T00:29:26.528+0000][gc,task     ] GC(61) Using 1 workers of 1 for evacuation
[2025-12-08T00:29:26.539+0000][gc,phases   ] GC(61)   Pre Evacuate Collection Set: 0.34ms
[2025-12-08T00:29:26.539+0000][gc,phases   ] GC(61)   Merge Heap Roots: 0.07ms
[2025-12-08T00:29:26.539+0000][gc,phases   ] GC(61)   Evacuate Collection Set: 9.26ms
[2025-12-08T00:29:26.539+0000][gc,phases   ] GC(61)   Post Evacuate Collection Set: 1.12ms
[2025-12-08T00:29:26.539+0000][gc,phases   ] GC(61)   Other: 0.06ms
[2025-12-08T00:29:26.539+0000][gc,heap     ] GC(61) Eden regions: 35->0(76)
[2025-12-08T00:29:26.539+0000][gc,heap     ] GC(61) Survivor regions: 4->2(5)
[2025-12-08T00:29:26.539+0000][gc,heap     ] GC(61) Old regions: 56->57
[2025-12-08T00:29:26.539+0000][gc,heap     ] GC(61) Humongous regions: 149->149
[2025-12-08T00:29:26.539+0000][gc,metaspace] GC(61) Metaspace: 50800K(51648K)->50800K(51648K) NonClass: 45042K(45504K)->45042K(45504K) Class: 5758K(6144K)->5758K(6144K)
[2025-12-08T00:29:26.539+0000][gc          ] GC(61) Pause Young (Mixed) (G1 Evacuation Pause) 243M->207M(345M) 10.995ms
[2025-12-08T00:29:26.539+0000][gc,cpu      ] GC(61) User=0.01s Sys=0.00s Real=0.01s
[2025-12-08T00:39:34.924+0000][gc,start    ] GC(62) Pause Young (Mixed) (G1 Evacuation Pause)
[2025-12-08T00:39:34.924+0000][gc,task     ] GC(62) Using 1 workers of 1 for evacuation
[2025-12-08T00:39:34.938+0000][gc,phases   ] GC(62)   Pre Evacuate Collection Set: 0.12ms
[2025-12-08T00:39:34.938+0000][gc,phases   ] GC(62)   Merge Heap Roots: 0.10ms
[2025-12-08T00:39:34.938+0000][gc,phases   ] GC(62)   Evacuate Collection Set: 13.92ms
[2025-12-08T00:39:34.938+0000][gc,phases   ] GC(62)   Post Evacuate Collection Set: 0.48ms
[2025-12-08T00:39:34.938+0000][gc,phases   ] GC(62)   Other: 0.06ms
[2025-12-08T00:39:34.938+0000][gc,heap     ] GC(62) Eden regions: 77->0(36)
[2025-12-08T00:39:34.938+0000][gc,heap     ] GC(62) Survivor regions: 2->5(10)
[2025-12-08T00:39:34.938+0000][gc,heap     ] GC(62) Old regions: 57->55
[2025-12-08T00:39:34.938+0000][gc,heap     ] GC(62) Humongous regions: 149->149
[2025-12-08T00:39:34.938+0000][gc,metaspace] GC(62) Metaspace: 50804K(51648K)->50804K(51648K) NonClass: 45046K(45504K)->45046K(45504K) Class: 5758K(6144K)->5758K(6144K)
[2025-12-08T00:39:34.938+0000][gc          ] GC(62) Pause Young (Mixed) (G1 Evacuation Pause) 284M->209M(345M) 14.818ms
[2025-12-08T00:39:34.938+0000][gc,cpu      ] GC(62) User=0.02s Sys=0.00s Real=0.02s
[2025-12-08T00:44:25.224+0000][gc,start    ] GC(63) Pause Young (Mixed) (G1 Evacuation Pause)
[2025-12-08T00:44:25.224+0000][gc,task     ] GC(63) Using 1 workers of 1 for evacuation
[2025-12-08T00:44:25.237+0000][gc,phases   ] GC(63)   Pre Evacuate Collection Set: 0.13ms
[2025-12-08T00:44:25.237+0000][gc,phases   ] GC(63)   Merge Heap Roots: 0.07ms
[2025-12-08T00:44:25.237+0000][gc,phases   ] GC(63)   Evacuate Collection Set: 12.19ms
[2025-12-08T00:44:25.237+0000][gc,phases   ] GC(63)   Post Evacuate Collection Set: 0.42ms
[2025-12-08T00:44:25.237+0000][gc,phases   ] GC(63)   Other: 0.06ms
[2025-12-08T00:44:25.237+0000][gc,heap     ] GC(63) Eden regions: 37->0(84)
[2025-12-08T00:44:25.237+0000][gc,heap     ] GC(63) Survivor regions: 5->2(6)
[2025-12-08T00:44:25.237+0000][gc,heap     ] GC(63) Old regions: 55->56
[2025-12-08T00:44:25.237+0000][gc,heap     ] GC(63) Humongous regions: 149->149
[2025-12-08T00:44:25.237+0000][gc,metaspace] GC(63) Metaspace: 50805K(51648K)->50805K(51648K) NonClass: 45047K(45504K)->45047K(45504K) Class: 5758K(6144K)->5758K(6144K)
[2025-12-08T00:44:25.237+0000][gc          ] GC(63) Pause Young (Mixed) (G1 Evacuation Pause) 246M->206M(345M) 13.026ms
[2025-12-08T00:44:25.237+0000][gc,cpu      ] GC(63) User=0.01s Sys=0.00s Real=0.02s
[2025-12-08T00:55:49.924+0000][gc,start    ] GC(64) Pause Young (Mixed) (G1 Evacuation Pause)
[2025-12-08T00:55:49.924+0000][gc,task     ] GC(64) Using 1 workers of 1 for evacuation
[2025-12-08T00:55:49.939+0000][gc,phases   ] GC(64)   Pre Evacuate Collection Set: 0.13ms
[2025-12-08T00:55:49.939+0000][gc,phases   ] GC(64)   Merge Heap Roots: 0.09ms
[2025-12-08T00:55:49.939+0000][gc,phases   ] GC(64)   Evacuate Collection Set: 13.39ms
[2025-12-08T00:55:49.939+0000][gc,phases   ] GC(64)   Post Evacuate Collection Set: 1.42ms
[2025-12-08T00:55:49.939+0000][gc,phases   ] GC(64)   Other: 0.06ms
[2025-12-08T00:55:49.939+0000][gc,heap     ] GC(64) Eden regions: 87->0(43)
[2025-12-08T00:55:49.939+0000][gc,heap     ] GC(64) Survivor regions: 2->5(12)
[2025-12-08T00:55:49.939+0000][gc,heap     ] GC(64) Old regions: 56->54
[2025-12-08T00:55:49.939+0000][gc,heap     ] GC(64) Humongous regions: 149->149
[2025-12-08T00:55:49.939+0000][gc,metaspace] GC(64) Metaspace: 50810K(51648K)->50810K(51648K) NonClass: 45052K(45504K)->45052K(45504K) Class: 5758K(6144K)->5758K(6144K)
[2025-12-08T00:55:49.939+0000][gc          ] GC(64) Pause Young (Mixed) (G1 Evacuation Pause) 293M->207M(345M) 15.251ms
[2025-12-08T00:55:49.939+0000][gc,cpu      ] GC(64) User=0.02s Sys=0.00s Real=0.02s
[2025-12-08T01:01:15.281+0000][gc,start    ] GC(65) Pause Young (Concurrent Start) (G1 Evacuation Pause)
[2025-12-08T01:01:15.282+0000][gc,task     ] GC(65) Using 1 workers of 1 for evacuation
[2025-12-08T01:01:15.304+0000][gc,mmu      ] GC(65) MMU target violated: 21.0ms (20.0ms/21.0ms)
[2025-12-08T01:01:15.304+0000][gc,phases   ] GC(65)   Pre Evacuate Collection Set: 0.17ms
[2025-12-08T01:01:15.304+0000][gc,phases   ] GC(65)   Merge Heap Roots: 0.08ms
[2025-12-08T01:01:15.304+0000][gc,phases   ] GC(65)   Evacuate Collection Set: 21.66ms
[2025-12-08T01:01:15.304+0000][gc,phases   ] GC(65)   Post Evacuate Collection Set: 0.84ms
[2025-12-08T01:01:15.304+0000][gc,phases   ] GC(65)   Other: 0.11ms
[2025-12-08T01:01:15.304+0000][gc,heap     ] GC(65) Eden regions: 47->0(10)
[2025-12-08T01:01:15.304+0000][gc,heap     ] GC(65) Survivor regions: 5->7(7)
[2025-12-08T01:01:15.304+0000][gc,heap     ] GC(65) Old regions: 54->57
[2025-12-08T01:01:15.304+0000][gc,heap     ] GC(65) Humongous regions: 149->149
[2025-12-08T01:01:15.304+0000][gc,metaspace] GC(65) Metaspace: 50830K(51648K)->50830K(51648K) NonClass: 45067K(45504K)->45067K(45504K) Class: 5763K(6144K)->5763K(6144K)
[2025-12-08T01:01:15.304+0000][gc          ] GC(65) Pause Young (Concurrent Start) (G1 Evacuation Pause) 254M->212M(345M) 23.000ms
[2025-12-08T01:01:15.305+0000][gc,cpu      ] GC(65) User=0.03s Sys=0.00s Real=0.03s
[2025-12-08T01:01:15.306+0000][gc          ] GC(66) Concurrent Mark Cycle
[2025-12-08T01:01:15.306+0000][gc,marking  ] GC(66) Concurrent Scan Root Regions
[2025-12-08T01:01:15.312+0000][gc,marking  ] GC(66) Concurrent Scan Root Regions 6.381ms
[2025-12-08T01:01:15.312+0000][gc,marking  ] GC(66) Concurrent Mark
[2025-12-08T01:01:15.312+0000][gc,marking  ] GC(66) Concurrent Mark From Roots
[2025-12-08T01:01:15.312+0000][gc,task     ] GC(66) Using 1 workers of 1 for marking
[2025-12-08T01:01:15.346+0000][gc,marking  ] GC(66) Concurrent Mark From Roots 33.945ms
[2025-12-08T01:01:15.346+0000][gc,marking  ] GC(66) Concurrent Preclean
[2025-12-08T01:01:15.346+0000][gc,marking  ] GC(66) Concurrent Preclean 0.102ms
[2025-12-08T01:01:15.346+0000][gc,start    ] GC(66) Pause Remark
[2025-12-08T01:01:15.357+0000][gc          ] GC(66) Pause Remark 212M->212M(355M) 11.191ms
[2025-12-08T01:01:15.357+0000][gc,cpu      ] GC(66) User=0.01s Sys=0.00s Real=0.01s
[2025-12-08T01:01:15.357+0000][gc,marking  ] GC(66) Concurrent Mark 45.404ms
[2025-12-08T01:01:15.357+0000][gc,marking  ] GC(66) Concurrent Rebuild Remembered Sets and Scrub Regions
[2025-12-08T01:01:15.381+0000][gc,marking  ] GC(66) Concurrent Rebuild Remembered Sets and Scrub Regions 23.559ms
[2025-12-08T01:01:15.381+0000][gc,start    ] GC(66) Pause Cleanup
[2025-12-08T01:01:15.381+0000][gc          ] GC(66) Pause Cleanup 212M->212M(355M) 0.118ms
[2025-12-08T01:01:15.381+0000][gc,cpu      ] GC(66) User=0.00s Sys=0.00s Real=0.00s
[2025-12-08T01:01:15.381+0000][gc,marking  ] GC(66) Concurrent Clear Claimed Marks
[2025-12-08T01:01:15.381+0000][gc,marking  ] GC(66) Concurrent Clear Claimed Marks 0.072ms
[2025-12-08T01:01:15.381+0000][gc,marking  ] GC(66) Concurrent Cleanup for Next Mark
[2025-12-08T01:01:15.382+0000][gc,marking  ] GC(66) Concurrent Cleanup for Next Mark 0.568ms
[2025-12-08T01:01:15.382+0000][gc          ] GC(66) Concurrent Mark Cycle 76.283ms
[2025-12-08T01:02:31.589+0000][gc,start    ] GC(67) Pause Young (Prepare Mixed) (G1 Evacuation Pause)
[2025-12-08T01:02:31.589+0000][gc,task     ] GC(67) Using 1 workers of 1 for evacuation
[2025-12-08T01:02:31.606+0000][gc,phases   ] GC(67)   Pre Evacuate Collection Set: 0.13ms
[2025-12-08T01:02:31.606+0000][gc,phases   ] GC(67)   Merge Heap Roots: 0.10ms
[2025-12-08T01:02:31.606+0000][gc,phases   ] GC(67)   Evacuate Collection Set: 16.56ms
[2025-12-08T01:02:31.606+0000][gc,phases   ] GC(67)   Post Evacuate Collection Set: 0.39ms
[2025-12-08T01:02:31.606+0000][gc,phases   ] GC(67)   Other: 0.06ms
[2025-12-08T01:02:31.606+0000][gc,heap     ] GC(67) Eden regions: 10->0(89)
[2025-12-08T01:02:31.606+0000][gc,heap     ] GC(67) Survivor regions: 7->1(3)
[2025-12-08T01:02:31.606+0000][gc,heap     ] GC(67) Old regions: 57->64
[2025-12-08T01:02:31.606+0000][gc,heap     ] GC(67) Humongous regions: 149->149
[2025-12-08T01:02:31.606+0000][gc,metaspace] GC(67) Metaspace: 50831K(51648K)->50831K(51648K) NonClass: 45068K(45504K)->45068K(45504K) Class: 5763K(6144K)->5763K(6144K)
[2025-12-08T01:02:31.606+0000][gc          ] GC(67) Pause Young (Prepare Mixed) (G1 Evacuation Pause) 222M->213M(355M) 17.390ms
[2025-12-08T01:02:31.606+0000][gc,cpu      ] GC(67) User=0.02s Sys=0.00s Real=0.02s
[2025-12-08T01:14:17.322+0000][gc,start    ] GC(68) Pause Young (Mixed) (G1 Evacuation Pause)
[2025-12-08T01:14:17.322+0000][gc,task     ] GC(68) Using 1 workers of 1 for evacuation
[2025-12-08T01:14:17.337+0000][gc,phases   ] GC(68)   Pre Evacuate Collection Set: 0.15ms
[2025-12-08T01:14:17.337+0000][gc,phases   ] GC(68)   Merge Heap Roots: 0.07ms
[2025-12-08T01:14:17.337+0000][gc,phases   ] GC(68)   Evacuate Collection Set: 14.07ms
[2025-12-08T01:14:17.337+0000][gc,phases   ] GC(68)   Post Evacuate Collection Set: 0.53ms
[2025-12-08T01:14:17.337+0000][gc,phases   ] GC(68)   Other: 0.06ms
[2025-12-08T01:14:17.337+0000][gc,heap     ] GC(68) Eden regions: 92->0(15)
[2025-12-08T01:14:17.337+0000][gc,heap     ] GC(68) Survivor regions: 1->5(12)
[2025-12-08T01:14:17.337+0000][gc,heap     ] GC(68) Old regions: 64->62
[2025-12-08T01:14:17.337+0000][gc,heap     ] GC(68) Humongous regions: 149->149
[2025-12-08T01:14:17.337+0000][gc,metaspace] GC(68) Metaspace: 50857K(51648K)->50857K(51648K) NonClass: 45093K(45504K)->45093K(45504K) Class: 5763K(6144K)->5763K(6144K)
[2025-12-08T01:14:17.337+0000][gc          ] GC(68) Pause Young (Mixed) (G1 Evacuation Pause) 304M->216M(355M) 15.040ms
[2025-12-08T01:14:17.337+0000][gc,cpu      ] GC(68) User=0.01s Sys=0.00s Real=0.02s
[2025-12-08T01:16:11.831+0000][gc,start    ] GC(69) Pause Young (Mixed) (G1 Evacuation Pause)
[2025-12-08T01:16:11.831+0000][gc,task     ] GC(69) Using 1 workers of 1 for evacuation
[2025-12-08T01:16:11.844+0000][gc,phases   ] GC(69)   Pre Evacuate Collection Set: 0.12ms
[2025-12-08T01:16:11.844+0000][gc,phases   ] GC(69)   Merge Heap Roots: 0.06ms
[2025-12-08T01:16:11.844+0000][gc,phases   ] GC(69)   Evacuate Collection Set: 11.76ms
[2025-12-08T01:16:11.844+0000][gc,phases   ] GC(69)   Merge Optional Heap Roots: 0.02ms
[2025-12-08T01:16:11.844+0000][gc,phases   ] GC(69)   Evacuate Optional Collection Set: 0.11ms
[2025-12-08T01:16:11.844+0000][gc,phases   ] GC(69)   Post Evacuate Collection Set: 0.85ms
[2025-12-08T01:16:11.844+0000][gc,phases   ] GC(69)   Other: 0.07ms
[2025-12-08T01:16:11.844+0000][gc,heap     ] GC(69) Eden regions: 15->0(90)
[2025-12-08T01:16:11.844+0000][gc,heap     ] GC(69) Survivor regions: 5->1(3)
[2025-12-08T01:16:11.844+0000][gc,heap     ] GC(69) Old regions: 62->61
[2025-12-08T01:16:11.844+0000][gc,heap     ] GC(69) Humongous regions: 149->149
[2025-12-08T01:16:11.844+0000][gc,metaspace] GC(69) Metaspace: 50857K(51648K)->50857K(51648K) NonClass: 45094K(45504K)->45094K(45504K) Class: 5763K(6144K)->5763K(6144K)
[2025-12-08T01:16:11.845+0000][gc          ] GC(69) Pause Young (Mixed) (G1 Evacuation Pause) 231M->210M(355M) 13.156ms
[2025-12-08T01:16:11.845+0000][gc,cpu      ] GC(69) User=0.01s Sys=0.01s Real=0.02s
[2025-12-08T01:27:53.399+0000][gc,start    ] GC(70) Pause Young (Mixed) (G1 Evacuation Pause)
[2025-12-08T01:27:53.399+0000][gc,task     ] GC(70) Using 1 workers of 1 for evacuation
[2025-12-08T01:27:53.412+0000][gc,phases   ] GC(70)   Pre Evacuate Collection Set: 0.13ms
[2025-12-08T01:27:53.412+0000][gc,phases   ] GC(70)   Merge Heap Roots: 0.06ms
[2025-12-08T01:27:53.413+0000][gc,phases   ] GC(70)   Evacuate Collection Set: 12.05ms
[2025-12-08T01:27:53.413+0000][gc,phases   ] GC(70)   Post Evacuate Collection Set: 1.26ms
[2025-12-08T01:27:53.413+0000][gc,phases   ] GC(70)   Other: 0.06ms
[2025-12-08T01:27:53.413+0000][gc,heap     ] GC(70) Eden regions: 91->0(42)
[2025-12-08T01:27:53.413+0000][gc,heap     ] GC(70) Survivor regions: 1->4(12)
[2025-12-08T01:27:53.413+0000][gc,heap     ] GC(70) Old regions: 61->59
[2025-12-08T01:27:53.413+0000][gc,heap     ] GC(70) Humongous regions: 149->149
[2025-12-08T01:27:53.413+0000][gc,metaspace] GC(70) Metaspace: 50859K(51648K)->50859K(51648K) NonClass: 45096K(45504K)->45096K(45504K) Class: 5763K(6144K)->5763K(6144K)
[2025-12-08T01:27:53.413+0000][gc          ] GC(70) Pause Young (Mixed) (G1 Evacuation Pause) 301M->211M(355M) 13.729ms
[2025-12-08T01:27:53.413+0000][gc,cpu      ] GC(70) User=0.01s Sys=0.00s Real=0.01s
[2025-12-08T01:33:24.520+0000][gc,start    ] GC(71) Pause Young (Mixed) (G1 Evacuation Pause)
[2025-12-08T01:33:24.520+0000][gc,task     ] GC(71) Using 1 workers of 1 for evacuation
[2025-12-08T01:33:24.535+0000][gc,phases   ] GC(71)   Pre Evacuate Collection Set: 0.13ms
[2025-12-08T01:33:24.535+0000][gc,phases   ] GC(71)   Merge Heap Roots: 0.08ms
[2025-12-08T01:33:24.535+0000][gc,phases   ] GC(71)   Evacuate Collection Set: 13.96ms
[2025-12-08T01:33:24.535+0000][gc,phases   ] GC(71)   Post Evacuate Collection Set: 0.45ms
[2025-12-08T01:33:24.535+0000][gc,phases   ] GC(71)   Other: 0.05ms
[2025-12-08T01:33:24.535+0000][gc,heap     ] GC(71) Eden regions: 42->0(37)
[2025-12-08T01:33:24.535+0000][gc,heap     ] GC(71) Survivor regions: 4->5(6)
[2025-12-08T01:33:24.535+0000][gc,heap     ] GC(71) Old regions: 59->58
[2025-12-08T01:33:24.535+0000][gc,heap     ] GC(71) Humongous regions: 149->149
[2025-12-08T01:33:24.535+0000][gc,metaspace] GC(71) Metaspace: 50860K(51648K)->50860K(51648K) NonClass: 45097K(45504K)->45097K(45504K) Class: 5763K(6144K)->5763K(6144K)
[2025-12-08T01:33:24.535+0000][gc          ] GC(71) Pause Young (Mixed) (G1 Evacuation Pause) 253M->211M(355M) 14.806ms
[2025-12-08T01:33:24.535+0000][gc,cpu      ] GC(71) User=0.02s Sys=0.00s Real=0.02s
[2025-12-08T01:39:07.336+0000][gc,start    ] GC(72) Pause Young (Concurrent Start) (G1 Evacuation Pause)
[2025-12-08T01:39:07.336+0000][gc,task     ] GC(72) Using 1 workers of 1 for evacuation
[2025-12-08T01:39:07.351+0000][gc,phases   ] GC(72)   Pre Evacuate Collection Set: 0.13ms
[2025-12-08T01:39:07.351+0000][gc,phases   ] GC(72)   Merge Heap Roots: 0.07ms
[2025-12-08T01:39:07.351+0000][gc,phases   ] GC(72)   Evacuate Collection Set: 14.40ms
[2025-12-08T01:39:07.351+0000][gc,phases   ] GC(72)   Post Evacuate Collection Set: 0.43ms
[2025-12-08T01:39:07.351+0000][gc,phases   ] GC(72)   Other: 0.07ms
[2025-12-08T01:39:07.351+0000][gc,heap     ] GC(72) Eden regions: 44->0(86)
[2025-12-08T01:39:07.351+0000][gc,heap     ] GC(72) Survivor regions: 5->3(7)
[2025-12-08T01:39:07.351+0000][gc,heap     ] GC(72) Old regions: 58->61
[2025-12-08T01:39:07.351+0000][gc,heap     ] GC(72) Humongous regions: 149->149
[2025-12-08T01:39:07.351+0000][gc,metaspace] GC(72) Metaspace: 50869K(51648K)->50869K(51648K) NonClass: 45106K(45504K)->45106K(45504K) Class: 5763K(6144K)->5763K(6144K)
[2025-12-08T01:39:07.351+0000][gc          ] GC(72) Pause Young (Concurrent Start) (G1 Evacuation Pause) 255M->212M(355M) 15.255ms
[2025-12-08T01:39:07.351+0000][gc,cpu      ] GC(72) User=0.02s Sys=0.00s Real=0.01s
[2025-12-08T01:39:07.351+0000][gc          ] GC(73) Concurrent Mark Cycle
[2025-12-08T01:39:07.351+0000][gc,marking  ] GC(73) Concurrent Scan Root Regions
[2025-12-08T01:39:07.357+0000][gc,marking  ] GC(73) Concurrent Scan Root Regions 5.605ms
[2025-12-08T01:39:07.357+0000][gc,marking  ] GC(73) Concurrent Mark
[2025-12-08T01:39:07.357+0000][gc,marking  ] GC(73) Concurrent Mark From Roots
[2025-12-08T01:39:07.357+0000][gc,task     ] GC(73) Using 1 workers of 1 for marking
[2025-12-08T01:39:07.393+0000][gc,marking  ] GC(73) Concurrent Mark From Roots 35.834ms
[2025-12-08T01:39:07.393+0000][gc,marking  ] GC(73) Concurrent Preclean
[2025-12-08T01:39:07.393+0000][gc,marking  ] GC(73) Concurrent Preclean 0.091ms
[2025-12-08T01:39:07.393+0000][gc,start    ] GC(73) Pause Remark
[2025-12-08T01:39:07.404+0000][gc          ] GC(73) Pause Remark 212M->209M(355M) 11.195ms
[2025-12-08T01:39:07.404+0000][gc,cpu      ] GC(73) User=0.01s Sys=0.00s Real=0.01s
[2025-12-08T01:39:07.404+0000][gc,marking  ] GC(73) Concurrent Mark 47.297ms
[2025-12-08T01:39:07.404+0000][gc,marking  ] GC(73) Concurrent Rebuild Remembered Sets and Scrub Regions
[2025-12-08T01:39:07.427+0000][gc,marking  ] GC(73) Concurrent Rebuild Remembered Sets and Scrub Regions 22.997ms
[2025-12-08T01:39:07.427+0000][gc,start    ] GC(73) Pause Cleanup
[2025-12-08T01:39:07.427+0000][gc          ] GC(73) Pause Cleanup 209M->209M(355M) 0.092ms
[2025-12-08T01:39:07.427+0000][gc,cpu      ] GC(73) User=0.00s Sys=0.00s Real=0.00s
[2025-12-08T01:39:07.428+0000][gc,marking  ] GC(73) Concurrent Clear Claimed Marks
[2025-12-08T01:39:07.428+0000][gc,marking  ] GC(73) Concurrent Clear Claimed Marks 1.185ms
[2025-12-08T01:39:07.428+0000][gc,marking  ] GC(73) Concurrent Cleanup for Next Mark
[2025-12-08T01:39:07.429+0000][gc,marking  ] GC(73) Concurrent Cleanup for Next Mark 0.494ms
[2025-12-08T01:39:07.429+0000][gc          ] GC(73) Concurrent Mark Cycle 77.838ms
[2025-12-08T01:50:25.343+0000][gc,start    ] GC(74) Pause Young (Prepare Mixed) (G1 Evacuation Pause)
[2025-12-08T01:50:25.343+0000][gc,task     ] GC(74) Using 1 workers of 1 for evacuation
[2025-12-08T01:50:25.363+0000][gc,mmu      ] GC(74) MMU target violated: 20.1ms (20.0ms/21.0ms)
[2025-12-08T01:50:25.364+0000][gc,phases   ] GC(74)   Pre Evacuate Collection Set: 0.15ms
[2025-12-08T01:50:25.364+0000][gc,phases   ] GC(74)   Merge Heap Roots: 0.11ms
[2025-12-08T01:50:25.364+0000][gc,phases   ] GC(74)   Evacuate Collection Set: 18.81ms
[2025-12-08T01:50:25.364+0000][gc,phases   ] GC(74)   Post Evacuate Collection Set: 0.95ms
[2025-12-08T01:50:25.364+0000][gc,phases   ] GC(74)   Other: 0.11ms
[2025-12-08T01:50:25.364+0000][gc,heap     ] GC(74) Eden regions: 86->0(22)
[2025-12-08T01:50:25.364+0000][gc,heap     ] GC(74) Survivor regions: 3->6(12)
[2025-12-08T01:50:25.364+0000][gc,heap     ] GC(74) Old regions: 58->58
[2025-12-08T01:50:25.364+0000][gc,heap     ] GC(74) Humongous regions: 149->149
[2025-12-08T01:50:25.364+0000][gc,metaspace] GC(74) Metaspace: 50876K(51712K)->50876K(51712K) NonClass: 45113K(45568K)->45113K(45568K) Class: 5763K(6144K)->5763K(6144K)
[2025-12-08T01:50:25.364+0000][gc          ] GC(74) Pause Young (Prepare Mixed) (G1 Evacuation Pause) 295M->211M(355M) 20.262ms
[2025-12-08T01:50:25.364+0000][gc,cpu      ] GC(74) User=0.02s Sys=0.00s Real=0.02s
[2025-12-08T01:53:34.135+0000][gc,start    ] GC(75) Pause Young (Mixed) (G1 Evacuation Pause)
[2025-12-08T01:53:34.135+0000][gc,task     ] GC(75) Using 1 workers of 1 for evacuation
[2025-12-08T01:53:34.150+0000][gc,phases   ] GC(75)   Pre Evacuate Collection Set: 0.12ms
[2025-12-08T01:53:34.150+0000][gc,phases   ] GC(75)   Merge Heap Roots: 0.10ms
[2025-12-08T01:53:34.151+0000][gc,phases   ] GC(75)   Evacuate Collection Set: 14.54ms
[2025-12-08T01:53:34.151+0000][gc,phases   ] GC(75)   Merge Optional Heap Roots: 0.02ms
[2025-12-08T01:53:34.151+0000][gc,phases   ] GC(75)   Evacuate Optional Collection Set: 0.10ms
[2025-12-08T01:53:34.151+0000][gc,phases   ] GC(75)   Post Evacuate Collection Set: 0.46ms
[2025-12-08T01:53:34.151+0000][gc,phases   ] GC(75)   Other: 0.06ms
[2025-12-08T01:53:34.151+0000][gc,heap     ] GC(75) Eden regions: 24->0(118)
[2025-12-08T01:53:34.151+0000][gc,heap     ] GC(75) Survivor regions: 6->2(4)
[2025-12-08T01:53:34.151+0000][gc,heap     ] GC(75) Old regions: 58->53
[2025-12-08T01:53:34.151+0000][gc,heap     ] GC(75) Humongous regions: 149->149
[2025-12-08T01:53:34.151+0000][gc,metaspace] GC(75) Metaspace: 50876K(51712K)->50876K(51712K) NonClass: 45113K(45568K)->45113K(45568K) Class: 5763K(6144K)->5763K(6144K)
[2025-12-08T01:53:34.151+0000][gc          ] GC(75) Pause Young (Mixed) (G1 Evacuation Pause) 235M->203M(355M) 15.572ms
[2025-12-08T01:53:34.151+0000][gc,cpu      ] GC(75) User=0.01s Sys=0.00s Real=0.01s
[2025-12-08T02:08:09.387+0000][gc,start    ] GC(76) Pause Young (Mixed) (G1 Evacuation Pause)
[2025-12-08T02:08:09.389+0000][gc,task     ] GC(76) Using 1 workers of 1 for evacuation
[2025-12-08T02:08:09.411+0000][gc,mmu      ] GC(76) MMU target violated: 21.0ms (20.0ms/21.0ms)
[2025-12-08T02:08:09.411+0000][gc,phases   ] GC(76)   Pre Evacuate Collection Set: 0.16ms
[2025-12-08T02:08:09.411+0000][gc,phases   ] GC(76)   Merge Heap Roots: 0.11ms
[2025-12-08T02:08:09.411+0000][gc,phases   ] GC(76)   Evacuate Collection Set: 20.73ms
[2025-12-08T02:08:09.411+0000][gc,phases   ] GC(76)   Post Evacuate Collection Set: 1.00ms
[2025-12-08T02:08:09.411+0000][gc,phases   ] GC(76)   Other: 0.11ms
[2025-12-08T02:08:09.411+0000][gc,heap     ] GC(76) Eden regions: 116->0(9)
[2025-12-08T02:08:09.411+0000][gc,heap     ] GC(76) Survivor regions: 2->8(15)
[2025-12-08T02:08:09.411+0000][gc,heap     ] GC(76) Old regions: 53->53
[2025-12-08T02:08:09.411+0000][gc,heap     ] GC(76) Humongous regions: 149->149
[2025-12-08T02:08:09.411+0000][gc,metaspace] GC(76) Metaspace: 50889K(51712K)->50889K(51712K) NonClass: 45124K(45568K)->45124K(45568K) Class: 5765K(6144K)->5765K(6144K)
[2025-12-08T02:08:09.411+0000][gc          ] GC(76) Pause Young (Mixed) (G1 Evacuation Pause) 319M->209M(355M) 24.278ms
[2025-12-08T02:08:09.411+0000][gc,cpu      ] GC(76) User=0.02s Sys=0.00s Real=0.02s
[2025-12-08T02:09:27.163+0000][gc,start    ] GC(77) Pause Young (Concurrent Start) (G1 Evacuation Pause)
[2025-12-08T02:09:27.163+0000][gc,task     ] GC(77) Using 1 workers of 1 for evacuation
[2025-12-08T02:09:27.177+0000][gc,phases   ] GC(77)   Pre Evacuate Collection Set: 0.14ms
[2025-12-08T02:09:27.178+0000][gc,phases   ] GC(77)   Merge Heap Roots: 0.08ms
[2025-12-08T02:09:27.178+0000][gc,phases   ] GC(77)   Evacuate Collection Set: 13.41ms
[2025-12-08T02:09:27.178+0000][gc,phases   ] GC(77)   Post Evacuate Collection Set: 0.36ms
[2025-12-08T02:09:27.178+0000][gc,phases   ] GC(77)   Other: 0.07ms
[2025-12-08T02:09:27.178+0000][gc,heap     ] GC(77) Eden regions: 9->0(126)
[2025-12-08T02:09:27.178+0000][gc,heap     ] GC(77) Survivor regions: 8->1(3)
[2025-12-08T02:09:27.178+0000][gc,heap     ] GC(77) Old regions: 53->60
[2025-12-08T02:09:27.178+0000][gc,heap     ] GC(77) Humongous regions: 149->149
[2025-12-08T02:09:27.178+0000][gc,metaspace] GC(77) Metaspace: 50889K(51712K)->50889K(51712K) NonClass: 45124K(45568K)->45124K(45568K) Class: 5765K(6144K)->5765K(6144K)
[2025-12-08T02:09:27.178+0000][gc          ] GC(77) Pause Young (Concurrent Start) (G1 Evacuation Pause) 218M->209M(355M) 14.239ms
[2025-12-08T02:09:27.178+0000][gc          ] GC(78) Concurrent Mark Cycle
[2025-12-08T02:09:27.178+0000][gc,marking  ] GC(78) Concurrent Scan Root Regions
[2025-12-08T02:09:27.179+0000][gc,cpu      ] GC(77) User=0.01s Sys=0.00s Real=0.02s
[2025-12-08T02:09:27.184+0000][gc,marking  ] GC(78) Concurrent Scan Root Regions 6.164ms
[2025-12-08T02:09:27.184+0000][gc,marking  ] GC(78) Concurrent Mark
[2025-12-08T02:09:27.184+0000][gc,marking  ] GC(78) Concurrent Mark From Roots
[2025-12-08T02:09:27.184+0000][gc,task     ] GC(78) Using 1 workers of 1 for marking
[2025-12-08T02:09:27.221+0000][gc,marking  ] GC(78) Concurrent Mark From Roots 36.725ms
[2025-12-08T02:09:27.221+0000][gc,marking  ] GC(78) Concurrent Preclean
[2025-12-08T02:09:27.221+0000][gc,marking  ] GC(78) Concurrent Preclean 0.100ms
[2025-12-08T02:09:27.221+0000][gc,start    ] GC(78) Pause Remark
[2025-12-08T02:09:27.228+0000][gc          ] GC(78) Pause Remark 209M->209M(355M) 7.081ms
[2025-12-08T02:09:27.228+0000][gc,cpu      ] GC(78) User=0.01s Sys=0.00s Real=0.01s
[2025-12-08T02:09:27.228+0000][gc,marking  ] GC(78) Concurrent Mark 44.101ms
[2025-12-08T02:09:27.228+0000][gc,marking  ] GC(78) Concurrent Rebuild Remembered Sets and Scrub Regions
[2025-12-08T02:09:27.254+0000][gc,marking  ] GC(78) Concurrent Rebuild Remembered Sets and Scrub Regions 26.326ms
[2025-12-08T02:09:27.254+0000][gc,start    ] GC(78) Pause Cleanup
[2025-12-08T02:09:27.254+0000][gc          ] GC(78) Pause Cleanup 209M->209M(355M) 0.098ms
[2025-12-08T02:09:27.254+0000][gc,cpu      ] GC(78) User=0.00s Sys=0.00s Real=0.00s
[2025-12-08T02:09:27.254+0000][gc,marking  ] GC(78) Concurrent Clear Claimed Marks
[2025-12-08T02:09:27.255+0000][gc,marking  ] GC(78) Concurrent Clear Claimed Marks 0.088ms
[2025-12-08T02:09:27.255+0000][gc,marking  ] GC(78) Concurrent Cleanup for Next Mark
[2025-12-08T02:09:27.255+0000][gc,marking  ] GC(78) Concurrent Cleanup for Next Mark 0.501ms
[2025-12-08T02:09:27.255+0000][gc          ] GC(78) Concurrent Mark Cycle 77.457ms
[2025-12-08T02:28:46.313+0000][gc,start    ] GC(79) Pause Young (Prepare Mixed) (G1 Evacuation Pause)
[2025-12-08T02:28:46.313+0000][gc,task     ] GC(79) Using 1 workers of 1 for evacuation
[2025-12-08T02:28:46.322+0000][gc,phases   ] GC(79)   Pre Evacuate Collection Set: 0.13ms
[2025-12-08T02:28:46.322+0000][gc,phases   ] GC(79)   Merge Heap Roots: 0.06ms
[2025-12-08T02:28:46.322+0000][gc,phases   ] GC(79)   Evacuate Collection Set: 8.05ms
[2025-12-08T02:28:46.322+0000][gc,phases   ] GC(79)   Post Evacuate Collection Set: 0.59ms
[2025-12-08T02:28:46.322+0000][gc,phases   ] GC(79)   Other: 0.07ms
[2025-12-08T02:28:46.322+0000][gc,heap     ] GC(79) Eden regions: 126->0(125)
[2025-12-08T02:28:46.322+0000][gc,heap     ] GC(79) Survivor regions: 1->2(16)
[2025-12-08T02:28:46.322+0000][gc,heap     ] GC(79) Old regions: 60->60
[2025-12-08T02:28:46.322+0000][gc,heap     ] GC(79) Humongous regions: 149->149
[2025-12-08T02:28:46.322+0000][gc,metaspace] GC(79) Metaspace: 50931K(51712K)->50931K(51712K) NonClass: 45165K(45568K)->45165K(45568K) Class: 5765K(6144K)->5765K(6144K)
[2025-12-08T02:28:46.322+0000][gc          ] GC(79) Pause Young (Prepare Mixed) (G1 Evacuation Pause) 335M->210M(355M) 9.045ms
[2025-12-08T02:28:46.322+0000][gc,cpu      ] GC(79) User=0.01s Sys=0.00s Real=0.01s
[2025-12-08T02:48:30.206+0000][gc,start    ] GC(80) Pause Young (Mixed) (G1 Evacuation Pause)
[2025-12-08T02:48:30.209+0000][gc,task     ] GC(80) Using 1 workers of 1 for evacuation
[2025-12-08T02:48:30.223+0000][gc,phases   ] GC(80)   Pre Evacuate Collection Set: 0.16ms
[2025-12-08T02:48:30.223+0000][gc,phases   ] GC(80)   Merge Heap Roots: 0.07ms
[2025-12-08T02:48:30.223+0000][gc,phases   ] GC(80)   Evacuate Collection Set: 12.36ms
[2025-12-08T02:48:30.223+0000][gc,phases   ] GC(80)   Post Evacuate Collection Set: 1.33ms
[2025-12-08T02:48:30.223+0000][gc,phases   ] GC(80)   Other: 0.08ms
[2025-12-08T02:48:30.223+0000][gc,heap     ] GC(80) Eden regions: 125->0(58)
[2025-12-08T02:48:30.223+0000][gc,heap     ] GC(80) Survivor regions: 2->4(16)
[2025-12-08T02:48:30.223+0000][gc,heap     ] GC(80) Old regions: 60->52
[2025-12-08T02:48:30.223+0000][gc,heap     ] GC(80) Humongous regions: 149->149
[2025-12-08T02:48:30.223+0000][gc,metaspace] GC(80) Metaspace: 50931K(51712K)->50931K(51712K) NonClass: 45166K(45568K)->45166K(45568K) Class: 5765K(6144K)->5765K(6144K)
[2025-12-08T02:48:30.223+0000][gc          ] GC(80) Pause Young (Mixed) (G1 Evacuation Pause) 335M->204M(355M) 16.364ms
[2025-12-08T02:48:30.223+0000][gc,cpu      ] GC(80) User=0.01s Sys=0.00s Real=0.01s
[2025-12-08T02:59:10.916+0000][gc,start    ] GC(81) Pause Young (Concurrent Start) (G1 Evacuation Pause)
[2025-12-08T02:59:10.916+0000][gc,task     ] GC(81) Using 1 workers of 1 for evacuation
[2025-12-08T02:59:10.929+0000][gc,phases   ] GC(81)   Pre Evacuate Collection Set: 0.17ms
[2025-12-08T02:59:10.929+0000][gc,phases   ] GC(81)   Merge Heap Roots: 0.05ms
[2025-12-08T02:59:10.929+0000][gc,phases   ] GC(81)   Evacuate Collection Set: 10.96ms
[2025-12-08T02:59:10.929+0000][gc,phases   ] GC(81)   Post Evacuate Collection Set: 0.89ms
[2025-12-08T02:59:10.929+0000][gc,phases   ] GC(81)   Other: 0.06ms
[2025-12-08T02:59:10.929+0000][gc,heap     ] GC(81) Eden regions: 68->0(58)
[2025-12-08T02:59:10.929+0000][gc,heap     ] GC(81) Survivor regions: 4->5(9)
[2025-12-08T02:59:10.929+0000][gc,heap     ] GC(81) Old regions: 52->52
[2025-12-08T02:59:10.929+0000][gc,heap     ] GC(81) Humongous regions: 149->149
[2025-12-08T02:59:10.929+0000][gc,metaspace] GC(81) Metaspace: 50933K(51712K)->50933K(51712K) NonClass: 45168K(45568K)->45168K(45568K) Class: 5765K(6144K)->5765K(6144K)
[2025-12-08T02:59:10.929+0000][gc          ] GC(81) Pause Young (Concurrent Start) (G1 Evacuation Pause) 272M->205M(355M) 12.291ms
[2025-12-08T02:59:10.929+0000][gc          ] GC(82) Concurrent Mark Cycle
[2025-12-08T02:59:10.929+0000][gc,marking  ] GC(82) Concurrent Scan Root Regions
[2025-12-08T02:59:10.930+0000][gc,cpu      ] GC(81) User=0.01s Sys=0.00s Real=0.01s
[2025-12-08T02:59:10.935+0000][gc,marking  ] GC(82) Concurrent Scan Root Regions 5.905ms
[2025-12-08T02:59:10.935+0000][gc,marking  ] GC(82) Concurrent Mark
[2025-12-08T02:59:10.935+0000][gc,marking  ] GC(82) Concurrent Mark From Roots
[2025-12-08T02:59:10.935+0000][gc,task     ] GC(82) Using 1 workers of 1 for marking
[2025-12-08T02:59:10.976+0000][gc,marking  ] GC(82) Concurrent Mark From Roots 41.262ms
[2025-12-08T02:59:10.976+0000][gc,marking  ] GC(82) Concurrent Preclean
[2025-12-08T02:59:10.976+0000][gc,marking  ] GC(82) Concurrent Preclean 0.098ms
[2025-12-08T02:59:10.976+0000][gc,start    ] GC(82) Pause Remark
[2025-12-08T02:59:10.983+0000][gc          ] GC(82) Pause Remark 205M->203M(355M) 6.624ms
[2025-12-08T02:59:10.983+0000][gc,cpu      ] GC(82) User=0.01s Sys=0.00s Real=0.00s
[2025-12-08T02:59:10.983+0000][gc,marking  ] GC(82) Concurrent Mark 48.178ms
[2025-12-08T02:59:10.983+0000][gc,marking  ] GC(82) Concurrent Rebuild Remembered Sets and Scrub Regions
[2025-12-08T02:59:11.005+0000][gc,marking  ] GC(82) Concurrent Rebuild Remembered Sets and Scrub Regions 22.637ms
[2025-12-08T02:59:11.006+0000][gc,start    ] GC(82) Pause Cleanup
[2025-12-08T02:59:11.006+0000][gc          ] GC(82) Pause Cleanup 203M->203M(355M) 0.096ms
[2025-12-08T02:59:11.006+0000][gc,cpu      ] GC(82) User=0.00s Sys=0.00s Real=0.00s
[2025-12-08T02:59:11.006+0000][gc,marking  ] GC(82) Concurrent Clear Claimed Marks
[2025-12-08T02:59:11.006+0000][gc,marking  ] GC(82) Concurrent Clear Claimed Marks 0.078ms
[2025-12-08T02:59:11.006+0000][gc,marking  ] GC(82) Concurrent Cleanup for Next Mark
[2025-12-08T02:59:11.006+0000][gc,marking  ] GC(82) Concurrent Cleanup for Next Mark 0.474ms
[2025-12-08T02:59:11.006+0000][gc          ] GC(82) Concurrent Mark Cycle 77.555ms
[2025-12-08T03:08:46.777+0000][gc,start    ] GC(83) Pause Young (Prepare Mixed) (G1 Evacuation Pause)
[2025-12-08T03:08:46.777+0000][gc,task     ] GC(83) Using 1 workers of 1 for evacuation
[2025-12-08T03:08:46.790+0000][gc,phases   ] GC(83)   Pre Evacuate Collection Set: 0.13ms
[2025-12-08T03:08:46.790+0000][gc,phases   ] GC(83)   Merge Heap Roots: 0.07ms
[2025-12-08T03:08:46.790+0000][gc,phases   ] GC(83)   Evacuate Collection Set: 11.95ms
[2025-12-08T03:08:46.790+0000][gc,phases   ] GC(83)   Post Evacuate Collection Set: 0.49ms
[2025-12-08T03:08:46.790+0000][gc,phases   ] GC(83)   Other: 0.07ms
[2025-12-08T03:08:46.790+0000][gc,heap     ] GC(83) Eden regions: 63->0(53)
[2025-12-08T03:08:46.790+0000][gc,heap     ] GC(83) Survivor regions: 5->6(9)
[2025-12-08T03:08:46.790+0000][gc,heap     ] GC(83) Old regions: 50->50
[2025-12-08T03:08:46.790+0000][gc,heap     ] GC(83) Humongous regions: 149->149
[2025-12-08T03:08:46.790+0000][gc,metaspace] GC(83) Metaspace: 50942K(51712K)->50942K(51712K) NonClass: 45176K(45568K)->45176K(45568K) Class: 5765K(6144K)->5765K(6144K)
[2025-12-08T03:08:46.790+0000][gc          ] GC(83) Pause Young (Prepare Mixed) (G1 Evacuation Pause) 266M->204M(355M) 12.868ms
[2025-12-08T03:08:46.790+0000][gc,cpu      ] GC(83) User=0.01s Sys=0.00s Real=0.01s
[2025-12-08T03:17:48.086+0000][gc,start    ] GC(84) Pause Young (Mixed) (G1 Evacuation Pause)
[2025-12-08T03:17:48.086+0000][gc,task     ] GC(84) Using 1 workers of 1 for evacuation
[2025-12-08T03:17:48.098+0000][gc,phases   ] GC(84)   Pre Evacuate Collection Set: 0.12ms
[2025-12-08T03:17:48.098+0000][gc,phases   ] GC(84)   Merge Heap Roots: 0.06ms
[2025-12-08T03:17:48.098+0000][gc,phases   ] GC(84)   Evacuate Collection Set: 11.20ms
[2025-12-08T03:17:48.098+0000][gc,phases   ] GC(84)   Post Evacuate Collection Set: 0.45ms
[2025-12-08T03:17:48.098+0000][gc,phases   ] GC(84)   Other: 0.21ms
[2025-12-08T03:17:48.099+0000][gc,heap     ] GC(84) Eden regions: 58->0(132)
[2025-12-08T03:17:48.099+0000][gc,heap     ] GC(84) Survivor regions: 6->4(8)
[2025-12-08T03:17:48.099+0000][gc,heap     ] GC(84) Old regions: 50->51
[2025-12-08T03:17:48.099+0000][gc,heap     ] GC(84) Humongous regions: 149->149
[2025-12-08T03:17:48.099+0000][gc,metaspace] GC(84) Metaspace: 50963K(51776K)->50963K(51776K) NonClass: 45198K(45632K)->45198K(45632K) Class: 5765K(6144K)->5765K(6144K)
[2025-12-08T03:17:48.099+0000][gc          ] GC(84) Pause Young (Mixed) (G1 Evacuation Pause) 262M->203M(355M) 12.193ms
[2025-12-08T03:17:48.099+0000][gc,cpu      ] GC(84) User=0.02s Sys=0.00s Real=0.01s
[2025-12-08T03:38:29.923+0000][gc,start    ] GC(85) Pause Young (Mixed) (G1 Evacuation Pause)
[2025-12-08T03:38:29.923+0000][gc,task     ] GC(85) Using 1 workers of 1 for evacuation
[2025-12-08T03:38:29.933+0000][gc,phases   ] GC(85)   Pre Evacuate Collection Set: 0.14ms
[2025-12-08T03:38:29.934+0000][gc,phases   ] GC(85)   Merge Heap Roots: 0.05ms
[2025-12-08T03:38:29.934+0000][gc,phases   ] GC(85)   Evacuate Collection Set: 9.22ms
[2025-12-08T03:38:29.934+0000][gc,phases   ] GC(85)   Post Evacuate Collection Set: 0.56ms
[2025-12-08T03:38:29.934+0000][gc,phases   ] GC(85)   Other: 0.10ms
[2025-12-08T03:38:29.934+0000][gc,heap     ] GC(85) Eden regions: 132->0(136)
[2025-12-08T03:38:29.934+0000][gc,heap     ] GC(85) Survivor regions: 4->4(17)
[2025-12-08T03:38:29.934+0000][gc,heap     ] GC(85) Old regions: 51->47
[2025-12-08T03:38:29.934+0000][gc,heap     ] GC(85) Humongous regions: 149->149
[2025-12-08T03:38:29.934+0000][gc,metaspace] GC(85) Metaspace: 50965K(51776K)->50965K(51776K) NonClass: 45200K(45632K)->45200K(45632K) Class: 5765K(6144K)->5765K(6144K)
[2025-12-08T03:38:29.934+0000][gc          ] GC(85) Pause Young (Mixed) (G1 Evacuation Pause) 335M->199M(355M) 10.227ms
[2025-12-08T03:38:29.934+0000][gc,cpu      ] GC(85) User=0.01s Sys=0.00s Real=0.01s
[2025-12-08T03:59:54.650+0000][gc,start    ] GC(86) Pause Young (Concurrent Start) (G1 Evacuation Pause)
[2025-12-08T03:59:54.655+0000][gc,task     ] GC(86) Using 1 workers of 1 for evacuation
[2025-12-08T03:59:54.669+0000][gc,phases   ] GC(86)   Pre Evacuate Collection Set: 0.16ms
[2025-12-08T03:59:54.669+0000][gc,phases   ] GC(86)   Merge Heap Roots: 0.05ms
[2025-12-08T03:59:54.669+0000][gc,phases   ] GC(86)   Evacuate Collection Set: 11.17ms
[2025-12-08T03:59:54.669+0000][gc,phases   ] GC(86)   Post Evacuate Collection Set: 1.59ms
[2025-12-08T03:59:54.669+0000][gc,phases   ] GC(86)   Other: 2.12ms
[2025-12-08T03:59:54.670+0000][gc,heap     ] GC(86) Eden regions: 136->0(136)
[2025-12-08T03:59:54.670+0000][gc,heap     ] GC(86) Survivor regions: 4->4(18)
[2025-12-08T03:59:54.670+0000][gc,heap     ] GC(86) Old regions: 47->47
[2025-12-08T03:59:54.670+0000][gc,heap     ] GC(86) Humongous regions: 149->149
[2025-12-08T03:59:54.670+0000][gc,metaspace] GC(86) Metaspace: 50967K(51776K)->50967K(51776K) NonClass: 45201K(45632K)->45201K(45632K) Class: 5765K(6144K)->5765K(6144K)
[2025-12-08T03:59:54.670+0000][gc          ] GC(86) Pause Young (Concurrent Start) (G1 Evacuation Pause) 335M->199M(355M) 20.076ms
[2025-12-08T03:59:54.670+0000][gc,cpu      ] GC(86) User=0.01s Sys=0.00s Real=0.02s
[2025-12-08T03:59:54.670+0000][gc          ] GC(87) Concurrent Mark Cycle
[2025-12-08T03:59:54.670+0000][gc,marking  ] GC(87) Concurrent Scan Root Regions
[2025-12-08T03:59:54.675+0000][gc,marking  ] GC(87) Concurrent Scan Root Regions 4.893ms
[2025-12-08T03:59:54.675+0000][gc,marking  ] GC(87) Concurrent Mark
[2025-12-08T03:59:54.675+0000][gc,marking  ] GC(87) Concurrent Mark From Roots
[2025-12-08T03:59:54.675+0000][gc,task     ] GC(87) Using 1 workers of 1 for marking
[2025-12-08T03:59:54.724+0000][gc,marking  ] GC(87) Concurrent Mark From Roots 49.145ms
[2025-12-08T03:59:54.724+0000][gc,marking  ] GC(87) Concurrent Preclean
[2025-12-08T03:59:54.724+0000][gc,marking  ] GC(87) Concurrent Preclean 0.109ms
[2025-12-08T03:59:54.724+0000][gc,start    ] GC(87) Pause Remark
[2025-12-08T03:59:54.736+0000][gc          ] GC(87) Pause Remark 200M->200M(355M) 11.738ms
[2025-12-08T03:59:54.736+0000][gc,cpu      ] GC(87) User=0.01s Sys=0.00s Real=0.02s
[2025-12-08T03:59:54.736+0000][gc,marking  ] GC(87) Concurrent Mark 61.216ms
[2025-12-08T03:59:54.736+0000][gc,marking  ] GC(87) Concurrent Rebuild Remembered Sets and Scrub Regions
[2025-12-08T03:59:54.760+0000][gc,marking  ] GC(87) Concurrent Rebuild Remembered Sets and Scrub Regions 23.439ms
[2025-12-08T03:59:54.760+0000][gc,start    ] GC(87) Pause Cleanup
[2025-12-08T03:59:54.760+0000][gc          ] GC(87) Pause Cleanup 200M->200M(355M) 0.584ms
[2025-12-08T03:59:54.760+0000][gc,cpu      ] GC(87) User=0.00s Sys=0.00s Real=0.00s
[2025-12-08T03:59:54.760+0000][gc,marking  ] GC(87) Concurrent Clear Claimed Marks
[2025-12-08T03:59:54.761+0000][gc,marking  ] GC(87) Concurrent Clear Claimed Marks 0.096ms
[2025-12-08T03:59:54.761+0000][gc,marking  ] GC(87) Concurrent Cleanup for Next Mark
[2025-12-08T03:59:54.763+0000][gc,marking  ] GC(87) Concurrent Cleanup for Next Mark 2.221ms
[2025-12-08T03:59:54.763+0000][gc          ] GC(87) Concurrent Mark Cycle 92.699ms
[2025-12-08T04:21:14.923+0000][gc,start    ] GC(88) Pause Young (Prepare Mixed) (G1 Evacuation Pause)
[2025-12-08T04:21:14.924+0000][gc,task     ] GC(88) Using 1 workers of 1 for evacuation
[2025-12-08T04:21:14.934+0000][gc,phases   ] GC(88)   Pre Evacuate Collection Set: 0.13ms
[2025-12-08T04:21:14.934+0000][gc,phases   ] GC(88)   Merge Heap Roots: 0.07ms
[2025-12-08T04:21:14.934+0000][gc,phases   ] GC(88)   Evacuate Collection Set: 9.11ms
[2025-12-08T04:21:14.934+0000][gc,phases   ] GC(88)   Post Evacuate Collection Set: 1.06ms
[2025-12-08T04:21:14.934+0000][gc,phases   ] GC(88)   Other: 0.06ms
[2025-12-08T04:21:14.934+0000][gc,heap     ] GC(88) Eden regions: 136->0(136)
[2025-12-08T04:21:14.934+0000][gc,heap     ] GC(88) Survivor regions: 4->4(18)
[2025-12-08T04:21:14.934+0000][gc,heap     ] GC(88) Old regions: 47->47
[2025-12-08T04:21:14.934+0000][gc,heap     ] GC(88) Humongous regions: 149->149
[2025-12-08T04:21:14.934+0000][gc,metaspace] GC(88) Metaspace: 50982K(51776K)->50982K(51776K) NonClass: 45216K(45632K)->45216K(45632K) Class: 5765K(6144K)->5765K(6144K)
[2025-12-08T04:21:14.934+0000][gc          ] GC(88) Pause Young (Prepare Mixed) (G1 Evacuation Pause) 335M->199M(355M) 10.590ms
[2025-12-08T04:21:14.934+0000][gc,cpu      ] GC(88) User=0.01s Sys=0.00s Real=0.01s
[2025-12-08T04:42:42.411+0000][gc,start    ] GC(89) Pause Young (Mixed) (G1 Evacuation Pause)
[2025-12-08T04:42:42.412+0000][gc,task     ] GC(89) Using 1 workers of 1 for evacuation
[2025-12-08T04:42:42.421+0000][gc,phases   ] GC(89)   Pre Evacuate Collection Set: 0.28ms
[2025-12-08T04:42:42.421+0000][gc,phases   ] GC(89)   Merge Heap Roots: 0.06ms
[2025-12-08T04:42:42.421+0000][gc,phases   ] GC(89)   Evacuate Collection Set: 8.41ms
[2025-12-08T04:42:42.421+0000][gc,phases   ] GC(89)   Post Evacuate Collection Set: 0.56ms
[2025-12-08T04:42:42.421+0000][gc,phases   ] GC(89)   Other: 0.08ms
[2025-12-08T04:42:42.421+0000][gc,heap     ] GC(89) Eden regions: 136->0(140)
[2025-12-08T04:42:42.421+0000][gc,heap     ] GC(89) Survivor regions: 4->4(18)
[2025-12-08T04:42:42.421+0000][gc,heap     ] GC(89) Old regions: 47->43
[2025-12-08T04:42:42.421+0000][gc,heap     ] GC(89) Humongous regions: 149->149
[2025-12-08T04:42:42.421+0000][gc,metaspace] GC(89) Metaspace: 50990K(51776K)->50990K(51776K) NonClass: 45225K(45632K)->45225K(45632K) Class: 5765K(6144K)->5765K(6144K)
[2025-12-08T04:42:42.421+0000][gc          ] GC(89) Pause Young (Mixed) (G1 Evacuation Pause) 335M->195M(355M) 10.685ms
[2025-12-08T04:42:42.422+0000][gc,cpu      ] GC(89) User=0.01s Sys=0.00s Real=0.01s
[2025-12-08T05:04:35.510+0000][gc,start    ] GC(90) Pause Young (Concurrent Start) (G1 Evacuation Pause)
[2025-12-08T05:04:35.510+0000][gc,task     ] GC(90) Using 1 workers of 1 for evacuation
[2025-12-08T05:04:35.520+0000][gc,phases   ] GC(90)   Pre Evacuate Collection Set: 0.14ms
[2025-12-08T05:04:35.520+0000][gc,phases   ] GC(90)   Merge Heap Roots: 0.05ms
[2025-12-08T05:04:35.520+0000][gc,phases   ] GC(90)   Evacuate Collection Set: 9.40ms
[2025-12-08T05:04:35.520+0000][gc,phases   ] GC(90)   Post Evacuate Collection Set: 0.58ms
[2025-12-08T05:04:35.520+0000][gc,phases   ] GC(90)   Other: 0.08ms
[2025-12-08T05:04:35.520+0000][gc,heap     ] GC(90) Eden regions: 140->0(140)
[2025-12-08T05:04:35.520+0000][gc,heap     ] GC(90) Survivor regions: 4->4(18)
[2025-12-08T05:04:35.520+0000][gc,heap     ] GC(90) Old regions: 43->43
[2025-12-08T05:04:35.520+0000][gc,heap     ] GC(90) Humongous regions: 149->149
[2025-12-08T05:04:35.520+0000][gc,metaspace] GC(90) Metaspace: 50994K(51776K)->50994K(51776K) NonClass: 45228K(45632K)->45228K(45632K) Class: 5765K(6144K)->5765K(6144K)
[2025-12-08T05:04:35.520+0000][gc          ] GC(90) Pause Young (Concurrent Start) (G1 Evacuation Pause) 335M->195M(355M) 10.390ms
[2025-12-08T05:04:35.520+0000][gc,cpu      ] GC(90) User=0.01s Sys=0.00s Real=0.01s
[2025-12-08T05:04:35.521+0000][gc          ] GC(91) Concurrent Mark Cycle
[2025-12-08T05:04:35.521+0000][gc,marking  ] GC(91) Concurrent Scan Root Regions
[2025-12-08T05:04:35.524+0000][gc,marking  ] GC(91) Concurrent Scan Root Regions 3.173ms
[2025-12-08T05:04:35.524+0000][gc,marking  ] GC(91) Concurrent Mark
[2025-12-08T05:04:35.524+0000][gc,marking  ] GC(91) Concurrent Mark From Roots
[2025-12-08T05:04:35.524+0000][gc,task     ] GC(91) Using 1 workers of 1 for marking
[2025-12-08T05:04:35.561+0000][gc,marking  ] GC(91) Concurrent Mark From Roots 37.327ms
[2025-12-08T05:04:35.561+0000][gc,marking  ] GC(91) Concurrent Preclean
[2025-12-08T05:04:35.561+0000][gc,marking  ] GC(91) Concurrent Preclean 0.085ms
[2025-12-08T05:04:35.561+0000][gc,start    ] GC(91) Pause Remark
[2025-12-08T05:04:35.567+0000][gc          ] GC(91) Pause Remark 197M->197M(355M) 6.174ms
[2025-12-08T05:04:35.567+0000][gc,cpu      ] GC(91) User=0.01s Sys=0.00s Real=0.01s
[2025-12-08T05:04:35.567+0000][gc,marking  ] GC(91) Concurrent Mark 43.732ms
[2025-12-08T05:04:35.567+0000][gc,marking  ] GC(91) Concurrent Rebuild Remembered Sets and Scrub Regions
[2025-12-08T05:04:35.590+0000][gc,marking  ] GC(91) Concurrent Rebuild Remembered Sets and Scrub Regions 22.613ms
[2025-12-08T05:04:35.590+0000][gc,start    ] GC(91) Pause Cleanup
[2025-12-08T05:04:35.590+0000][gc          ] GC(91) Pause Cleanup 197M->197M(355M) 0.090ms
[2025-12-08T05:04:35.590+0000][gc,cpu      ] GC(91) User=0.00s Sys=0.00s Real=0.00s
[2025-12-08T05:04:35.590+0000][gc,marking  ] GC(91) Concurrent Clear Claimed Marks
[2025-12-08T05:04:35.590+0000][gc,marking  ] GC(91) Concurrent Clear Claimed Marks 0.075ms
[2025-12-08T05:04:35.590+0000][gc,marking  ] GC(91) Concurrent Cleanup for Next Mark
[2025-12-08T05:04:35.591+0000][gc,marking  ] GC(91) Concurrent Cleanup for Next Mark 0.490ms
[2025-12-08T05:04:35.591+0000][gc          ] GC(91) Concurrent Mark Cycle 70.360ms
[2025-12-08T05:26:40.720+0000][gc,start    ] GC(92) Pause Young (Prepare Mixed) (G1 Evacuation Pause)
[2025-12-08T05:26:40.720+0000][gc,task     ] GC(92) Using 1 workers of 1 for evacuation
[2025-12-08T05:26:40.730+0000][gc,phases   ] GC(92)   Pre Evacuate Collection Set: 0.14ms
[2025-12-08T05:26:40.730+0000][gc,phases   ] GC(92)   Merge Heap Roots: 0.09ms
[2025-12-08T05:26:40.730+0000][gc,phases   ] GC(92)   Evacuate Collection Set: 9.40ms
[2025-12-08T05:26:40.730+0000][gc,phases   ] GC(92)   Post Evacuate Collection Set: 0.57ms
[2025-12-08T05:26:40.730+0000][gc,phases   ] GC(92)   Other: 0.06ms
[2025-12-08T05:26:40.730+0000][gc,heap     ] GC(92) Eden regions: 140->0(140)
[2025-12-08T05:26:40.730+0000][gc,heap     ] GC(92) Survivor regions: 4->4(18)
[2025-12-08T05:26:40.731+0000][gc,heap     ] GC(92) Old regions: 43->43
[2025-12-08T05:26:40.731+0000][gc,heap     ] GC(92) Humongous regions: 149->149
[2025-12-08T05:26:40.731+0000][gc,metaspace] GC(92) Metaspace: 51005K(51776K)->51005K(51776K) NonClass: 45240K(45632K)->45240K(45632K) Class: 5765K(6144K)->5765K(6144K)
[2025-12-08T05:26:40.731+0000][gc          ] GC(92) Pause Young (Prepare Mixed) (G1 Evacuation Pause) 335M->195M(355M) 10.435ms
[2025-12-08T05:26:40.731+0000][gc,cpu      ] GC(92) User=0.01s Sys=0.00s Real=0.01s
[2025-12-08T05:48:54.923+0000][gc,start    ] GC(93) Pause Young (Mixed) (G1 Evacuation Pause)
[2025-12-08T05:48:54.925+0000][gc,task     ] GC(93) Using 1 workers of 1 for evacuation
[2025-12-08T05:48:54.937+0000][gc,phases   ] GC(93)   Pre Evacuate Collection Set: 0.14ms
[2025-12-08T05:48:54.937+0000][gc,phases   ] GC(93)   Merge Heap Roots: 0.42ms
[2025-12-08T05:48:54.937+0000][gc,phases   ] GC(93)   Evacuate Collection Set: 10.99ms
[2025-12-08T05:48:54.937+0000][gc,phases   ] GC(93)   Post Evacuate Collection Set: 0.61ms
[2025-12-08T05:48:54.937+0000][gc,phases   ] GC(93)   Other: 0.08ms
[2025-12-08T05:48:54.937+0000][gc,heap     ] GC(93) Eden regions: 140->0(143)
[2025-12-08T05:48:54.937+0000][gc,heap     ] GC(93) Survivor regions: 4->4(18)
[2025-12-08T05:48:54.937+0000][gc,heap     ] GC(93) Old regions: 43->40
[2025-12-08T05:48:54.937+0000][gc,heap     ] GC(93) Humongous regions: 149->149
[2025-12-08T05:48:54.937+0000][gc,metaspace] GC(93) Metaspace: 51005K(51776K)->51005K(51776K) NonClass: 45240K(45632K)->45240K(45632K) Class: 5765K(6144K)->5765K(6144K)
[2025-12-08T05:48:54.937+0000][gc          ] GC(93) Pause Young (Mixed) (G1 Evacuation Pause) 335M->192M(355M) 13.678ms
[2025-12-08T05:48:54.937+0000][gc,cpu      ] GC(93) User=0.02s Sys=0.00s Real=0.02s
[2025-12-08T06:11:14.672+0000][gc,start    ] GC(94) Pause Young (Concurrent Start) (G1 Evacuation Pause)
[2025-12-08T06:11:14.672+0000][gc,task     ] GC(94) Using 1 workers of 1 for evacuation
[2025-12-08T06:11:14.681+0000][gc,phases   ] GC(94)   Pre Evacuate Collection Set: 0.14ms
[2025-12-08T06:11:14.681+0000][gc,phases   ] GC(94)   Merge Heap Roots: 0.07ms
[2025-12-08T06:11:14.681+0000][gc,phases   ] GC(94)   Evacuate Collection Set: 8.29ms
[2025-12-08T06:11:14.681+0000][gc,phases   ] GC(94)   Post Evacuate Collection Set: 0.98ms
[2025-12-08T06:11:14.681+0000][gc,phases   ] GC(94)   Other: 0.07ms
[2025-12-08T06:11:14.681+0000][gc,heap     ] GC(94) Eden regions: 143->0(143)
[2025-12-08T06:11:14.681+0000][gc,heap     ] GC(94) Survivor regions: 4->4(19)
[2025-12-08T06:11:14.681+0000][gc,heap     ] GC(94) Old regions: 40->40
[2025-12-08T06:11:14.681+0000][gc,heap     ] GC(94) Humongous regions: 149->149
[2025-12-08T06:11:14.681+0000][gc,metaspace] GC(94) Metaspace: 51005K(51776K)->51005K(51776K) NonClass: 45240K(45632K)->45240K(45632K) Class: 5765K(6144K)->5765K(6144K)
[2025-12-08T06:11:14.681+0000][gc          ] GC(94) Pause Young (Concurrent Start) (G1 Evacuation Pause) 335M->192M(355M) 9.681ms
[2025-12-08T06:11:14.681+0000][gc,cpu      ] GC(94) User=0.00s Sys=0.00s Real=0.01s
[2025-12-08T06:11:14.681+0000][gc          ] GC(95) Concurrent Mark Cycle
[2025-12-08T06:11:14.681+0000][gc,marking  ] GC(95) Concurrent Scan Root Regions
[2025-12-08T06:11:14.686+0000][gc,marking  ] GC(95) Concurrent Scan Root Regions 4.205ms
[2025-12-08T06:11:14.686+0000][gc,marking  ] GC(95) Concurrent Mark
[2025-12-08T06:11:14.686+0000][gc,marking  ] GC(95) Concurrent Mark From Roots
[2025-12-08T06:11:14.686+0000][gc,task     ] GC(95) Using 1 workers of 1 for marking
[2025-12-08T06:11:14.723+0000][gc,marking  ] GC(95) Concurrent Mark From Roots 37.516ms
[2025-12-08T06:11:14.723+0000][gc,marking  ] GC(95) Concurrent Preclean
[2025-12-08T06:11:14.723+0000][gc,marking  ] GC(95) Concurrent Preclean 0.102ms
[2025-12-08T06:11:14.723+0000][gc,start    ] GC(95) Pause Remark
[2025-12-08T06:11:14.732+0000][gc          ] GC(95) Pause Remark 192M->192M(355M) 9.016ms
[2025-12-08T06:11:14.732+0000][gc,cpu      ] GC(95) User=0.01s Sys=0.00s Real=0.01s
[2025-12-08T06:11:14.732+0000][gc,marking  ] GC(95) Concurrent Mark 46.800ms
[2025-12-08T06:11:14.732+0000][gc,marking  ] GC(95) Concurrent Rebuild Remembered Sets and Scrub Regions
[2025-12-08T06:11:14.755+0000][gc,marking  ] GC(95) Concurrent Rebuild Remembered Sets and Scrub Regions 22.253ms
[2025-12-08T06:11:14.755+0000][gc,start    ] GC(95) Pause Cleanup
[2025-12-08T06:11:14.755+0000][gc          ] GC(95) Pause Cleanup 192M->192M(355M) 0.087ms
[2025-12-08T06:11:14.755+0000][gc,cpu      ] GC(95) User=0.00s Sys=0.00s Real=0.00s
[2025-12-08T06:11:14.755+0000][gc,marking  ] GC(95) Concurrent Clear Claimed Marks
[2025-12-08T06:11:14.755+0000][gc,marking  ] GC(95) Concurrent Clear Claimed Marks 0.075ms
[2025-12-08T06:11:14.755+0000][gc,marking  ] GC(95) Concurrent Cleanup for Next Mark
[2025-12-08T06:11:14.755+0000][gc,marking  ] GC(95) Concurrent Cleanup for Next Mark 0.491ms
[2025-12-08T06:11:14.755+0000][gc          ] GC(95) Concurrent Mark Cycle 74.093ms
[2025-12-08T06:33:53.054+0000][gc,start    ] GC(96) Pause Young (Prepare Mixed) (G1 Evacuation Pause)
[2025-12-08T06:33:53.069+0000][gc,task     ] GC(96) Using 1 workers of 1 for evacuation
[2025-12-08T06:33:53.108+0000][gc,mmu      ] GC(96) MMU target violated: 21.0ms (20.0ms/21.0ms)
[2025-12-08T06:33:53.109+0000][gc,phases   ] GC(96)   Pre Evacuate Collection Set: 3.32ms
[2025-12-08T06:33:53.109+0000][gc,phases   ] GC(96)   Merge Heap Roots: 2.43ms
[2025-12-08T06:33:53.109+0000][gc,phases   ] GC(96)   Evacuate Collection Set: 22.68ms
[2025-12-08T06:33:53.109+0000][gc,phases   ] GC(96)   Post Evacuate Collection Set: 4.64ms
[2025-12-08T06:33:53.109+0000][gc,phases   ] GC(96)   Other: 8.32ms
[2025-12-08T06:33:53.109+0000][gc,heap     ] GC(96) Eden regions: 143->0(143)
[2025-12-08T06:33:53.109+0000][gc,heap     ] GC(96) Survivor regions: 4->4(19)
[2025-12-08T06:33:53.109+0000][gc,heap     ] GC(96) Old regions: 40->40
[2025-12-08T06:33:53.109+0000][gc,heap     ] GC(96) Humongous regions: 149->149
[2025-12-08T06:33:53.110+0000][gc,metaspace] GC(96) Metaspace: 51018K(51776K)->51018K(51776K) NonClass: 45252K(45632K)->45252K(45632K) Class: 5765K(6144K)->5765K(6144K)
[2025-12-08T06:33:53.112+0000][gc          ] GC(96) Pause Young (Prepare Mixed) (G1 Evacuation Pause) 335M->192M(355M) 57.949ms
[2025-12-08T06:33:53.112+0000][gc,cpu      ] GC(96) User=0.01s Sys=0.00s Real=0.06s
[2025-12-08T06:56:22.016+0000][gc,start    ] GC(97) Pause Young (Mixed) (G1 Evacuation Pause)
[2025-12-08T06:56:22.026+0000][gc,task     ] GC(97) Using 1 workers of 1 for evacuation
[2025-12-08T06:56:22.059+0000][gc,mmu      ] GC(97) MMU target violated: 21.0ms (20.0ms/21.0ms)
[2025-12-08T06:56:22.061+0000][gc,phases   ] GC(97)   Pre Evacuate Collection Set: 1.06ms
[2025-12-08T06:56:22.061+0000][gc,phases   ] GC(97)   Merge Heap Roots: 2.59ms
[2025-12-08T06:56:22.061+0000][gc,phases   ] GC(97)   Evacuate Collection Set: 21.34ms
[2025-12-08T06:56:22.061+0000][gc,phases   ] GC(97)   Post Evacuate Collection Set: 4.75ms
[2025-12-08T06:56:22.061+0000][gc,phases   ] GC(97)   Other: 5.90ms
[2025-12-08T06:56:22.061+0000][gc,heap     ] GC(97) Eden regions: 143->0(13)
[2025-12-08T06:56:22.061+0000][gc,heap     ] GC(97) Survivor regions: 4->4(19)
[2025-12-08T06:56:22.061+0000][gc,heap     ] GC(97) Old regions: 40->38
[2025-12-08T06:56:22.061+0000][gc,heap     ] GC(97) Humongous regions: 149->149
[2025-12-08T06:56:22.062+0000][gc,metaspace] GC(97) Metaspace: 51018K(51776K)->51018K(51776K) NonClass: 45252K(45632K)->45252K(45632K) Class: 5765K(6144K)->5765K(6144K)
[2025-12-08T06:56:22.063+0000][gc          ] GC(97) Pause Young (Mixed) (G1 Evacuation Pause) 335M->190M(355M) 48.592ms
[2025-12-08T06:56:22.063+0000][gc,cpu      ] GC(97) User=0.00s Sys=0.00s Real=0.05s
[2025-12-08T07:01:05.513+0000][gc,start    ] GC(98) Pause Young (Mixed) (G1 Evacuation Pause)
[2025-12-08T07:01:05.526+0000][gc,task     ] GC(98) Using 1 workers of 1 for evacuation
[2025-12-08T07:01:05.560+0000][gc,mmu      ] GC(98) MMU target violated: 21.0ms (20.0ms/21.0ms)
[2025-12-08T07:01:05.561+0000][gc,phases   ] GC(98)   Pre Evacuate Collection Set: 4.15ms
[2025-12-08T07:01:05.561+0000][gc,phases   ] GC(98)   Merge Heap Roots: 1.96ms
[2025-12-08T07:01:05.561+0000][gc,phases   ] GC(98)   Evacuate Collection Set: 19.23ms
[2025-12-08T07:01:05.561+0000][gc,phases   ] GC(98)   Post Evacuate Collection Set: 4.92ms
[2025-12-08T07:01:05.561+0000][gc,phases   ] GC(98)   Other: 5.89ms
[2025-12-08T07:01:05.561+0000][gc,heap     ] GC(98) Eden regions: 32->0(141)
[2025-12-08T07:01:05.561+0000][gc,heap     ] GC(98) Survivor regions: 4->2(5)
[2025-12-08T07:01:05.561+0000][gc,heap     ] GC(98) Old regions: 38->38
[2025-12-08T07:01:05.561+0000][gc,heap     ] GC(98) Humongous regions: 149->149
[2025-12-08T07:01:05.562+0000][gc,metaspace] GC(98) Metaspace: 51042K(51840K)->51042K(51840K) NonClass: 45272K(45696K)->45272K(45696K) Class: 5769K(6144K)->5769K(6144K)
[2025-12-08T07:01:05.564+0000][gc          ] GC(98) Pause Young (Mixed) (G1 Evacuation Pause) 222M->188M(355M) 52.680ms
[2025-12-08T07:01:05.564+0000][gc,cpu      ] GC(98) User=0.01s Sys=0.01s Real=0.05s
[2025-12-08T07:23:40.318+0000][gc,start    ] GC(99) Pause Young (Concurrent Start) (G1 Evacuation Pause)
[2025-12-08T07:23:40.329+0000][gc,task     ] GC(99) Using 1 workers of 1 for evacuation
[2025-12-08T07:23:40.362+0000][gc,mmu      ] GC(99) MMU target violated: 21.0ms (20.0ms/21.0ms)
[2025-12-08T07:23:40.364+0000][gc,phases   ] GC(99)   Pre Evacuate Collection Set: 1.77ms
[2025-12-08T07:23:40.364+0000][gc,phases   ] GC(99)   Merge Heap Roots: 2.98ms
[2025-12-08T07:23:40.364+0000][gc,phases   ] GC(99)   Evacuate Collection Set: 18.15ms
[2025-12-08T07:23:40.364+0000][gc,phases   ] GC(99)   Post Evacuate Collection Set: 4.39ms
[2025-12-08T07:23:40.364+0000][gc,phases   ] GC(99)   Other: 8.48ms
[2025-12-08T07:23:40.364+0000][gc,heap     ] GC(99) Eden regions: 147->0(29)
[2025-12-08T07:23:40.364+0000][gc,heap     ] GC(99) Survivor regions: 2->2(19)
[2025-12-08T07:23:40.364+0000][gc,heap     ] GC(99) Old regions: 38->38
[2025-12-08T07:23:40.364+0000][gc,heap     ] GC(99) Humongous regions: 149->149
[2025-12-08T07:23:40.365+0000][gc,metaspace] GC(99) Metaspace: 51042K(51840K)->51042K(51840K) NonClass: 45272K(45696K)->45272K(45696K) Class: 5769K(6144K)->5769K(6144K)
[2025-12-08T07:23:40.366+0000][gc          ] GC(99) Pause Young (Concurrent Start) (G1 Evacuation Pause) 335M->188M(355M) 50.555ms
[2025-12-08T07:23:40.366+0000][gc          ] GC(100) Concurrent Mark Cycle
[2025-12-08T07:23:40.366+0000][gc,marking  ] GC(100) Concurrent Scan Root Regions
[2025-12-08T07:23:40.367+0000][gc,cpu      ] GC(99) User=0.01s Sys=0.00s Real=0.06s
[2025-12-08T07:23:40.369+0000][gc,marking  ] GC(100) Concurrent Scan Root Regions 3.363ms
[2025-12-08T07:23:40.369+0000][gc,marking  ] GC(100) Concurrent Mark
[2025-12-08T07:23:40.369+0000][gc,marking  ] GC(100) Concurrent Mark From Roots
[2025-12-08T07:23:40.369+0000][gc,task     ] GC(100) Using 1 workers of 1 for marking
[2025-12-08T07:23:40.412+0000][gc,marking  ] GC(100) Concurrent Mark From Roots 42.205ms
[2025-12-08T07:23:40.412+0000][gc,marking  ] GC(100) Concurrent Preclean
[2025-12-08T07:23:40.412+0000][gc,marking  ] GC(100) Concurrent Preclean 0.189ms
[2025-12-08T07:23:40.412+0000][gc,start    ] GC(100) Pause Remark
[2025-12-08T07:23:40.431+0000][gc          ] GC(100) Pause Remark 188M->188M(355M) 18.841ms
[2025-12-08T07:23:40.431+0000][gc,cpu      ] GC(100) User=0.00s Sys=0.00s Real=0.02s
[2025-12-08T07:23:40.431+0000][gc,marking  ] GC(100) Concurrent Mark 61.537ms
[2025-12-08T07:23:40.431+0000][gc,marking  ] GC(100) Concurrent Rebuild Remembered Sets and Scrub Regions
[2025-12-08T07:23:40.459+0000][gc,marking  ] GC(100) Concurrent Rebuild Remembered Sets and Scrub Regions 27.626ms
[2025-12-08T07:23:40.459+0000][gc,start    ] GC(100) Pause Cleanup
[2025-12-08T07:23:40.461+0000][gc          ] GC(100) Pause Cleanup 188M->188M(355M) 2.242ms
[2025-12-08T07:23:40.461+0000][gc,cpu      ] GC(100) User=0.00s Sys=0.00s Real=0.00s
[2025-12-08T07:23:40.461+0000][gc,marking  ] GC(100) Concurrent Clear Claimed Marks
[2025-12-08T07:23:40.461+0000][gc,marking  ] GC(100) Concurrent Clear Claimed Marks 0.174ms
[2025-12-08T07:23:40.461+0000][gc,marking  ] GC(100) Concurrent Cleanup for Next Mark
[2025-12-08T07:23:40.463+0000][gc,marking  ] GC(100) Concurrent Cleanup for Next Mark 1.496ms
[2025-12-08T07:23:40.463+0000][gc          ] GC(100) Concurrent Mark Cycle 96.751ms
[2025-12-08T07:31:49.969+0000][gc,start    ] GC(101) Pause Young (Prepare Mixed) (G1 Evacuation Pause)
[2025-12-08T07:31:49.980+0000][gc,task     ] GC(101) Using 1 workers of 1 for evacuation
[2025-12-08T07:31:50.015+0000][gc,mmu      ] GC(101) MMU target violated: 21.0ms (20.0ms/21.0ms)
[2025-12-08T07:31:50.016+0000][gc,phases   ] GC(101)   Pre Evacuate Collection Set: 2.10ms
[2025-12-08T07:31:50.016+0000][gc,phases   ] GC(101)   Merge Heap Roots: 2.16ms
[2025-12-08T07:31:50.016+0000][gc,phases   ] GC(101)   Evacuate Collection Set: 20.02ms
[2025-12-08T07:31:50.016+0000][gc,phases   ] GC(101)   Post Evacuate Collection Set: 6.01ms
[2025-12-08T07:31:50.016+0000][gc,phases   ] GC(101)   Other: 7.69ms
[2025-12-08T07:31:50.016+0000][gc,heap     ] GC(101) Eden regions: 53->0(22)
[2025-12-08T07:31:50.016+0000][gc,heap     ] GC(101) Survivor regions: 2->2(7)
[2025-12-08T07:31:50.016+0000][gc,heap     ] GC(101) Old regions: 38->39
[2025-12-08T07:31:50.016+0000][gc,heap     ] GC(101) Humongous regions: 149->149
[2025-12-08T07:31:50.017+0000][gc,metaspace] GC(101) Metaspace: 51043K(51840K)->51043K(51840K) NonClass: 45274K(45696K)->45274K(45696K) Class: 5769K(6144K)->5769K(6144K)
[2025-12-08T07:31:50.018+0000][gc          ] GC(101) Pause Young (Prepare Mixed) (G1 Evacuation Pause) 241M->188M(355M) 50.281ms
[2025-12-08T07:31:50.018+0000][gc,cpu      ] GC(101) User=0.01s Sys=0.01s Real=0.05s
[2025-12-08T07:42:29.960+0000][gc,start    ] GC(102) Pause Young (Mixed) (G1 Evacuation Pause)
[2025-12-08T07:42:29.972+0000][gc,task     ] GC(102) Using 1 workers of 1 for evacuation
[2025-12-08T07:42:30.014+0000][gc,mmu      ] GC(102) MMU target violated: 21.0ms (20.0ms/21.0ms)
[2025-12-08T07:42:30.015+0000][gc,phases   ] GC(102)   Pre Evacuate Collection Set: 2.35ms
[2025-12-08T07:42:30.015+0000][gc,phases   ] GC(102)   Merge Heap Roots: 5.25ms
[2025-12-08T07:42:30.015+0000][gc,phases   ] GC(102)   Evacuate Collection Set: 22.71ms
[2025-12-08T07:42:30.015+0000][gc,phases   ] GC(102)   Post Evacuate Collection Set: 4.26ms
[2025-12-08T07:42:30.015+0000][gc,phases   ] GC(102)   Other: 12.20ms
[2025-12-08T07:42:30.015+0000][gc,heap     ] GC(102) Eden regions: 69->0(16)
[2025-12-08T07:42:30.015+0000][gc,heap     ] GC(102) Survivor regions: 2->1(9)
[2025-12-08T07:42:30.015+0000][gc,heap     ] GC(102) Old regions: 39->38
[2025-12-08T07:42:30.015+0000][gc,heap     ] GC(102) Humongous regions: 149->149
[2025-12-08T07:42:30.017+0000][gc,metaspace] GC(102) Metaspace: 51050K(51840K)->51050K(51840K) NonClass: 45280K(45696K)->45280K(45696K) Class: 5769K(6144K)->5769K(6144K)
[2025-12-08T07:42:30.018+0000][gc          ] GC(102) Pause Young (Mixed) (G1 Evacuation Pause) 257M->187M(355M) 59.757ms
[2025-12-08T07:42:30.018+0000][gc,cpu      ] GC(102) User=0.01s Sys=0.00s Real=0.06s
[2025-12-08T07:53:03.175+0000][gc,start    ] GC(103) Pause Young (Mixed) (G1 Evacuation Pause)
[2025-12-08T07:53:03.386+0000][gc,task     ] GC(103) Using 1 workers of 1 for evacuation
[2025-12-08T07:53:03.981+0000][gc,mmu      ] GC(103) MMU target violated: 21.0ms (20.0ms/21.0ms)
[2025-12-08T07:53:04.008+0000][gc,phases   ] GC(103)   Pre Evacuate Collection Set: 60.30ms
[2025-12-08T07:53:04.008+0000][gc,phases   ] GC(103)   Merge Heap Roots: 49.93ms
[2025-12-08T07:53:04.008+0000][gc,phases   ] GC(103)   Evacuate Collection Set: 293.67ms
[2025-12-08T07:53:04.008+0000][gc,phases   ] GC(103)   Post Evacuate Collection Set: 75.05ms
[2025-12-08T07:53:04.008+0000][gc,phases   ] GC(103)   Other: 181.33ms
[2025-12-08T07:53:04.008+0000][gc,heap     ] GC(103) Eden regions: 68->0(16)
[2025-12-08T07:53:04.008+0000][gc,heap     ] GC(103) Survivor regions: 1->1(9)
[2025-12-08T07:53:04.008+0000][gc,heap     ] GC(103) Old regions: 38->38
[2025-12-08T07:53:04.008+0000][gc,heap     ] GC(103) Humongous regions: 149->149
[2025-12-08T07:53:04.034+0000][gc,metaspace] GC(103) Metaspace: 51050K(51840K)->51050K(51840K) NonClass: 45280K(45696K)->45280K(45696K) Class: 5769K(6144K)->5769K(6144K)
[2025-12-08T07:53:04.066+0000][gc          ] GC(103) Pause Young (Mixed) (G1 Evacuation Pause) 255M->187M(355M) 891.067ms
[2025-12-08T07:53:04.066+0000][gc,cpu      ] GC(103) User=0.01s Sys=0.00s Real=0.96s
[2025-12-08T07:55:26.238+0000][gc,start    ] GC(104) Pause Young (Mixed) (G1 Evacuation Pause)
[2025-12-08T07:55:26.449+0000][gc,task     ] GC(104) Using 1 workers of 1 for evacuation
[2025-12-08T07:55:26.851+0000][gc,mmu      ] GC(104) MMU target violated: 21.0ms (20.0ms/21.0ms)
[2025-12-08T07:55:26.851+0000][gc,phases   ] GC(104)   Pre Evacuate Collection Set: 71.27ms
[2025-12-08T07:55:26.851+0000][gc,phases   ] GC(104)   Merge Heap Roots: 15.45ms
[2025-12-08T07:55:26.851+0000][gc,phases   ] GC(104)   Evacuate Collection Set: 212.15ms
[2025-12-08T07:55:26.851+0000][gc,phases   ] GC(104)   Post Evacuate Collection Set: 48.56ms
[2025-12-08T07:55:26.851+0000][gc,phases   ] GC(104)   Other: 81.68ms
[2025-12-08T07:55:26.851+0000][gc,heap     ] GC(104) Eden regions: 16->0(16)
[2025-12-08T07:55:26.851+0000][gc,heap     ] GC(104) Survivor regions: 1->1(3)
[2025-12-08T07:55:26.851+0000][gc,heap     ] GC(104) Old regions: 38->37
[2025-12-08T07:55:26.851+0000][gc,heap     ] GC(104) Humongous regions: 149->149
[2025-12-08T07:55:26.864+0000][gc,metaspace] GC(104) Metaspace: 51050K(51840K)->51050K(51840K) NonClass: 45280K(45696K)->45280K(45696K) Class: 5769K(6144K)->5769K(6144K)
[2025-12-08T07:55:26.885+0000][gc          ] GC(104) Pause Young (Mixed) (G1 Evacuation Pause) 203M->186M(355M) 662.087ms
[2025-12-08T07:55:26.885+0000][gc,cpu      ] GC(104) User=0.01s Sys=0.00s Real=0.70s
[2025-12-08T07:57:53.080+0000][gc,start    ] GC(105) Pause Young (Concurrent Start) (G1 Evacuation Pause)
[2025-12-08T07:57:53.271+0000][gc,task     ] GC(105) Using 1 workers of 1 for evacuation
[2025-12-08T07:57:53.648+0000][gc,mmu      ] GC(105) MMU target violated: 21.0ms (20.0ms/21.0ms)
[2025-12-08T07:57:53.661+0000][gc,phases   ] GC(105)   Pre Evacuate Collection Set: 78.67ms
[2025-12-08T07:57:53.661+0000][gc,phases   ] GC(105)   Merge Heap Roots: 39.69ms
[2025-12-08T07:57:53.661+0000][gc,phases   ] GC(105)   Evacuate Collection Set: 128.13ms
[2025-12-08T07:57:53.661+0000][gc,phases   ] GC(105)   Post Evacuate Collection Set: 67.03ms
[2025-12-08T07:57:53.661+0000][gc,phases   ] GC(105)   Other: 119.86ms
[2025-12-08T07:57:53.661+0000][gc,heap     ] GC(105) Eden regions: 16->0(16)
[2025-12-08T07:57:53.661+0000][gc,heap     ] GC(105) Survivor regions: 1->1(3)
[2025-12-08T07:57:53.661+0000][gc,heap     ] GC(105) Old regions: 37->37
[2025-12-08T07:57:53.661+0000][gc,heap     ] GC(105) Humongous regions: 149->149
[2025-12-08T07:57:53.679+0000][gc,metaspace] GC(105) Metaspace: 51050K(51840K)->51050K(51840K) NonClass: 45280K(45696K)->45280K(45696K) Class: 5769K(6144K)->5769K(6144K)
[2025-12-08T07:57:53.693+0000][gc          ] GC(105) Pause Young (Concurrent Start) (G1 Evacuation Pause) 202M->186M(355M) 613.361ms
[2025-12-08T07:57:53.693+0000][gc,cpu      ] GC(105) User=0.01s Sys=0.00s Real=0.66s
[2025-12-08T07:57:53.693+0000][gc          ] GC(106) Concurrent Mark Cycle
[2025-12-08T07:57:53.728+0000][gc,marking  ] GC(106) Concurrent Scan Root Regions
[2025-12-08T07:57:53.768+0000][gc,marking  ] GC(106) Concurrent Scan Root Regions 75.000ms
[2025-12-08T07:57:53.768+0000][gc,marking  ] GC(106) Concurrent Mark
[2025-12-08T07:57:53.768+0000][gc,marking  ] GC(106) Concurrent Mark From Roots
[2025-12-08T07:57:53.768+0000][gc,task     ] GC(106) Using 1 workers of 1 for marking
[2025-12-08T07:57:53.900+0000][gc,marking  ] GC(106) Concurrent Mark From Roots 131.957ms
[2025-12-08T07:57:53.900+0000][gc,marking  ] GC(106) Concurrent Preclean
[2025-12-08T07:57:53.900+0000][gc,marking  ] GC(106) Concurrent Preclean 0.087ms
[2025-12-08T07:57:53.900+0000][gc,start    ] GC(106) Pause Remark
[2025-12-08T07:57:54.232+0000][gc,mmu      ] GC(106) MMU target violated: 21.0ms (20.0ms/21.0ms)
[2025-12-08T07:57:54.232+0000][gc          ] GC(106) Pause Remark 186M->185M(355M) 332.164ms
[2025-12-08T07:57:54.232+0000][gc,cpu      ] GC(106) User=0.01s Sys=0.00s Real=0.33s
[2025-12-08T07:57:54.234+0000][gc,marking  ] GC(106) Concurrent Mark 465.559ms
[2025-12-08T07:57:54.234+0000][gc,marking  ] GC(106) Concurrent Rebuild Remembered Sets and Scrub Regions
[2025-12-08T07:57:54.257+0000][gc,marking  ] GC(106) Concurrent Rebuild Remembered Sets and Scrub Regions 22.989ms
[2025-12-08T07:57:54.257+0000][gc,start    ] GC(106) Pause Cleanup
[2025-12-08T07:57:54.257+0000][gc          ] GC(106) Pause Cleanup 185M->185M(355M) 0.089ms
[2025-12-08T07:57:54.257+0000][gc,cpu      ] GC(106) User=0.00s Sys=0.00s Real=0.00s
[2025-12-08T07:57:54.257+0000][gc,marking  ] GC(106) Concurrent Clear Claimed Marks
[2025-12-08T07:57:54.257+0000][gc,marking  ] GC(106) Concurrent Clear Claimed Marks 0.078ms
[2025-12-08T07:57:54.257+0000][gc,marking  ] GC(106) Concurrent Cleanup for Next Mark
[2025-12-08T07:57:54.274+0000][gc,marking  ] GC(106) Concurrent Cleanup for Next Mark 17.182ms
[2025-12-08T07:57:54.282+0000][gc          ] GC(106) Concurrent Mark Cycle 589.024ms
[2025-12-08T08:00:05.472+0000][gc,start    ] GC(107) Pause Young (Prepare Mixed) (G1 Evacuation Pause)
[2025-12-08T08:00:05.678+0000][gc,task     ] GC(107) Using 1 workers of 1 for evacuation
[2025-12-08T08:00:06.034+0000][gc,mmu      ] GC(107) MMU target violated: 21.0ms (20.0ms/21.0ms)
[2025-12-08T08:00:06.048+0000][gc,phases   ] GC(107)   Pre Evacuate Collection Set: 54.79ms
[2025-12-08T08:00:06.048+0000][gc,phases   ] GC(107)   Merge Heap Roots: 26.89ms
[2025-12-08T08:00:06.048+0000][gc,phases   ] GC(107)   Evacuate Collection Set: 183.48ms
[2025-12-08T08:00:06.048+0000][gc,phases   ] GC(107)   Post Evacuate Collection Set: 60.49ms
[2025-12-08T08:00:06.048+0000][gc,phases   ] GC(107)   Other: 67.38ms
[2025-12-08T08:00:06.048+0000][gc,heap     ] GC(107) Eden regions: 16->0(16)
[2025-12-08T08:00:06.048+0000][gc,heap     ] GC(107) Survivor regions: 1->1(3)
[2025-12-08T08:00:06.048+0000][gc,heap     ] GC(107) Old regions: 36->36
[2025-12-08T08:00:06.048+0000][gc,heap     ] GC(107) Humongous regions: 149->149
[2025-12-08T08:00:06.066+0000][gc,metaspace] GC(107) Metaspace: 51051K(51840K)->51051K(51840K) NonClass: 45281K(45696K)->45281K(45696K) Class: 5769K(6144K)->5769K(6144K)
[2025-12-08T08:00:06.082+0000][gc          ] GC(107) Pause Young (Prepare Mixed) (G1 Evacuation Pause) 201M->185M(355M) 643.995ms
[2025-12-08T08:00:06.082+0000][gc,cpu      ] GC(107) User=0.00s Sys=0.01s Real=0.70s
[2025-12-08T08:02:30.360+0000][gc,start    ] GC(108) Pause Young (Mixed) (G1 Evacuation Pause)
[2025-12-08T08:02:30.540+0000][gc,task     ] GC(108) Using 1 workers of 1 for evacuation
[2025-12-08T08:02:30.972+0000][gc,mmu      ] GC(108) MMU target violated: 21.0ms (20.0ms/21.0ms)
[2025-12-08T08:02:30.984+0000][gc,phases   ] GC(108)   Pre Evacuate Collection Set: 82.94ms
[2025-12-08T08:02:30.984+0000][gc,phases   ] GC(108)   Merge Heap Roots: 43.63ms
[2025-12-08T08:02:30.984+0000][gc,phases   ] GC(108)   Evacuate Collection Set: 190.68ms
[2025-12-08T08:02:30.984+0000][gc,phases   ] GC(108)   Post Evacuate Collection Set: 53.80ms
[2025-12-08T08:02:30.984+0000][gc,phases   ] GC(108)   Other: 114.87ms
[2025-12-08T08:02:30.984+0000][gc,heap     ] GC(108) Eden regions: 16->0(16)
[2025-12-08T08:02:30.984+0000][gc,heap     ] GC(108) Survivor regions: 1->1(3)
[2025-12-08T08:02:30.984+0000][gc,heap     ] GC(108) Old regions: 36->35
[2025-12-08T08:02:30.984+0000][gc,heap     ] GC(108) Humongous regions: 149->149
[2025-12-08T08:02:31.004+0000][gc,metaspace] GC(108) Metaspace: 51051K(51840K)->51051K(51840K) NonClass: 45281K(45696K)->45281K(45696K) Class: 5769K(6144K)->5769K(6144K)
[2025-12-08T08:02:31.024+0000][gc          ] GC(108) Pause Young (Mixed) (G1 Evacuation Pause) 201M->184M(355M) 719.262ms
[2025-12-08T08:02:31.024+0000][gc,cpu      ] GC(108) User=0.01s Sys=0.00s Real=0.77s
[2025-12-08T08:04:56.868+0000][gc,start    ] GC(109) Pause Young (Mixed) (G1 Evacuation Pause)
[2025-12-08T08:04:57.049+0000][gc,task     ] GC(109) Using 1 workers of 1 for evacuation
[2025-12-08T08:04:57.510+0000][gc,mmu      ] GC(109) MMU target violated: 21.0ms (20.0ms/21.0ms)
[2025-12-08T08:04:57.524+0000][gc,phases   ] GC(109)   Pre Evacuate Collection Set: 38.59ms
[2025-12-08T08:04:57.525+0000][gc,phases   ] GC(109)   Merge Heap Roots: 41.78ms
[2025-12-08T08:04:57.525+0000][gc,phases   ] GC(109)   Evacuate Collection Set: 198.94ms
[2025-12-08T08:04:57.525+0000][gc,phases   ] GC(109)   Post Evacuate Collection Set: 103.83ms
[2025-12-08T08:04:57.525+0000][gc,phases   ] GC(109)   Other: 136.66ms
[2025-12-08T08:04:57.525+0000][gc,heap     ] GC(109) Eden regions: 16->0(16)
[2025-12-08T08:04:57.525+0000][gc,heap     ] GC(109) Survivor regions: 1->1(3)
[2025-12-08T08:04:57.525+0000][gc,heap     ] GC(109) Old regions: 35->35
[2025-12-08T08:04:57.525+0000][gc,heap     ] GC(109) Humongous regions: 149->149
[2025-12-08T08:04:57.547+0000][gc,metaspace] GC(109) Metaspace: 51051K(51840K)->51051K(51840K) NonClass: 45281K(45696K)->45281K(45696K) Class: 5769K(6144K)->5769K(6144K)
[2025-12-08T08:04:57.565+0000][gc          ] GC(109) Pause Young (Mixed) (G1 Evacuation Pause) 200M->184M(355M) 733.779ms
[2025-12-08T08:04:57.565+0000][gc,cpu      ] GC(109) User=0.01s Sys=0.01s Real=0.79s
[2025-12-08T08:07:25.098+0000][gc,start    ] GC(110) Pause Young (Mixed) (G1 Evacuation Pause)
[2025-12-08T08:07:25.310+0000][gc,task     ] GC(110) Using 1 workers of 1 for evacuation
[2025-12-08T08:07:25.713+0000][gc,mmu      ] GC(110) MMU target violated: 21.0ms (20.0ms/21.0ms)
[2025-12-08T08:07:25.727+0000][gc,phases   ] GC(110)   Pre Evacuate Collection Set: 76.92ms
[2025-12-08T08:07:25.727+0000][gc,phases   ] GC(110)   Merge Heap Roots: 37.94ms
[2025-12-08T08:07:25.727+0000][gc,phases   ] GC(110)   Evacuate Collection Set: 182.62ms
[2025-12-08T08:07:25.727+0000][gc,phases   ] GC(110)   Post Evacuate Collection Set: 45.23ms
[2025-12-08T08:07:25.727+0000][gc,phases   ] GC(110)   Other: 149.16ms
[2025-12-08T08:07:25.727+0000][gc,heap     ] GC(110) Eden regions: 16->0(16)
[2025-12-08T08:07:25.727+0000][gc,heap     ] GC(110) Survivor regions: 1->1(3)
[2025-12-08T08:07:25.727+0000][gc,heap     ] GC(110) Old regions: 35->34
[2025-12-08T08:07:25.727+0000][gc,heap     ] GC(110) Humongous regions: 149->149
[2025-12-08T08:07:25.747+0000][gc,metaspace] GC(110) Metaspace: 51051K(51840K)->51051K(51840K) NonClass: 45281K(45696K)->45281K(45696K) Class: 5769K(6144K)->5769K(6144K)
[2025-12-08T08:07:25.755+0000][gc          ] GC(110) Pause Young (Mixed) (G1 Evacuation Pause) 200M->183M(355M) 685.257ms
[2025-12-08T08:07:25.755+0000][gc,cpu      ] GC(110) User=0.00s Sys=0.00s Real=0.74s
[2025-12-08T08:09:50.738+0000][gc,start    ] GC(111) Pause Young (Concurrent Start) (G1 Evacuation Pause)
[2025-12-08T08:09:50.910+0000][gc,task     ] GC(111) Using 1 workers of 1 for evacuation
[2025-12-08T08:09:51.261+0000][gc,mmu      ] GC(111) MMU target violated: 21.0ms (20.0ms/21.0ms)
[2025-12-08T08:09:51.275+0000][gc,phases   ] GC(111)   Pre Evacuate Collection Set: 42.22ms
[2025-12-08T08:09:51.275+0000][gc,phases   ] GC(111)   Merge Heap Roots: 43.00ms
[2025-12-08T08:09:51.275+0000][gc,phases   ] GC(111)   Evacuate Collection Set: 140.23ms
[2025-12-08T08:09:51.275+0000][gc,phases   ] GC(111)   Post Evacuate Collection Set: 40.28ms
[2025-12-08T08:09:51.275+0000][gc,phases   ] GC(111)   Other: 137.89ms
[2025-12-08T08:09:51.275+0000][gc,heap     ] GC(111) Eden regions: 16->0(16)
[2025-12-08T08:09:51.275+0000][gc,heap     ] GC(111) Survivor regions: 1->1(3)
[2025-12-08T08:09:51.275+0000][gc,heap     ] GC(111) Old regions: 34->34
[2025-12-08T08:09:51.275+0000][gc,heap     ] GC(111) Humongous regions: 149->149
[2025-12-08T08:09:51.296+0000][gc,metaspace] GC(111) Metaspace: 51051K(51840K)->51051K(51840K) NonClass: 45281K(45696K)->45281K(45696K) Class: 5769K(6144K)->5769K(6144K)
[2025-12-08T08:09:51.309+0000][gc          ] GC(111) Pause Young (Concurrent Start) (G1 Evacuation Pause) 199M->183M(355M) 612.987ms
[2025-12-08T08:09:51.309+0000][gc,cpu      ] GC(111) User=0.00s Sys=0.01s Real=0.67s
[2025-12-08T08:09:51.309+0000][gc          ] GC(112) Concurrent Mark Cycle
[2025-12-08T08:09:51.337+0000][gc,marking  ] GC(112) Concurrent Scan Root Regions
[2025-12-08T08:09:51.338+0000][gc,marking  ] GC(112) Concurrent Scan Root Regions 28.460ms
[2025-12-08T08:09:51.338+0000][gc,marking  ] GC(112) Concurrent Mark
[2025-12-08T08:09:51.338+0000][gc,marking  ] GC(112) Concurrent Mark From Roots
[2025-12-08T08:09:51.338+0000][gc,task     ] GC(112) Using 1 workers of 1 for marking
[2025-12-08T08:09:51.455+0000][gc,marking  ] GC(112) Concurrent Mark From Roots 116.886ms
[2025-12-08T08:09:51.455+0000][gc,marking  ] GC(112) Concurrent Preclean
[2025-12-08T08:09:51.455+0000][gc,marking  ] GC(112) Concurrent Preclean 0.093ms
[2025-12-08T08:09:51.455+0000][gc,start    ] GC(112) Pause Remark
[2025-12-08T08:09:51.607+0000][gc,mmu      ] GC(112) MMU target violated: 21.0ms (20.0ms/21.0ms)
[2025-12-08T08:09:51.607+0000][gc          ] GC(112) Pause Remark 184M->184M(355M) 152.466ms
[2025-12-08T08:09:51.607+0000][gc,cpu      ] GC(112) User=0.00s Sys=0.00s Real=0.15s
[2025-12-08T08:09:51.608+0000][gc,marking  ] GC(112) Concurrent Mark 269.841ms
[2025-12-08T08:09:51.608+0000][gc,marking  ] GC(112) Concurrent Rebuild Remembered Sets and Scrub Regions
[2025-12-08T08:09:51.630+0000][gc,marking  ] GC(112) Concurrent Rebuild Remembered Sets and Scrub Regions 22.474ms
[2025-12-08T08:09:51.630+0000][gc,start    ] GC(112) Pause Cleanup
[2025-12-08T08:09:51.630+0000][gc          ] GC(112) Pause Cleanup 184M->184M(355M) 0.088ms
[2025-12-08T08:09:51.630+0000][gc,cpu      ] GC(112) User=0.00s Sys=0.00s Real=0.00s
[2025-12-08T08:09:51.630+0000][gc,marking  ] GC(112) Concurrent Clear Claimed Marks
[2025-12-08T08:09:51.630+0000][gc,marking  ] GC(112) Concurrent Clear Claimed Marks 0.077ms
[2025-12-08T08:09:51.630+0000][gc,marking  ] GC(112) Concurrent Cleanup for Next Mark
[2025-12-08T08:09:51.642+0000][gc,marking  ] GC(112) Concurrent Cleanup for Next Mark 11.665ms
[2025-12-08T08:09:51.642+0000][gc          ] GC(112) Concurrent Mark Cycle 332.792ms
[2025-12-08T08:12:16.073+0000][gc,start    ] GC(113) Pause Young (Prepare Mixed) (G1 Evacuation Pause)
[2025-12-08T08:12:16.229+0000][gc,task     ] GC(113) Using 1 workers of 1 for evacuation
[2025-12-08T08:12:16.656+0000][gc,mmu      ] GC(113) MMU target violated: 21.0ms (20.0ms/21.0ms)
[2025-12-08T08:12:16.666+0000][gc,phases   ] GC(113)   Pre Evacuate Collection Set: 45.21ms
[2025-12-08T08:12:16.666+0000][gc,phases   ] GC(113)   Merge Heap Roots: 35.13ms
[2025-12-08T08:12:16.666+0000][gc,phases   ] GC(113)   Evacuate Collection Set: 206.98ms
[2025-12-08T08:12:16.666+0000][gc,phases   ] GC(113)   Post Evacuate Collection Set: 62.56ms
[2025-12-08T08:12:16.666+0000][gc,phases   ] GC(113)   Other: 126.25ms
[2025-12-08T08:12:16.666+0000][gc,heap     ] GC(113) Eden regions: 16->0(16)
[2025-12-08T08:12:16.666+0000][gc,heap     ] GC(113) Survivor regions: 1->1(3)
[2025-12-08T08:12:16.666+0000][gc,heap     ] GC(113) Old regions: 34->34
[2025-12-08T08:12:16.666+0000][gc,heap     ] GC(113) Humongous regions: 149->149
[2025-12-08T08:12:16.688+0000][gc,metaspace] GC(113) Metaspace: 51051K(51840K)->51051K(51840K) NonClass: 45281K(45696K)->45281K(45696K) Class: 5769K(6144K)->5769K(6144K)
[2025-12-08T08:12:16.703+0000][gc          ] GC(113) Pause Young (Prepare Mixed) (G1 Evacuation Pause) 199M->183M(355M) 683.462ms
[2025-12-08T08:12:16.703+0000][gc,cpu      ] GC(113) User=0.00s Sys=0.00s Real=0.73s
[2025-12-08T08:14:42.896+0000][gc,start    ] GC(114) Pause Young (Mixed) (G1 Evacuation Pause)
[2025-12-08T08:14:43.079+0000][gc,task     ] GC(114) Using 1 workers of 1 for evacuation
[2025-12-08T08:14:43.504+0000][gc,mmu      ] GC(114) MMU target violated: 21.0ms (20.0ms/21.0ms)
[2025-12-08T08:14:43.516+0000][gc,phases   ] GC(114)   Pre Evacuate Collection Set: 55.95ms
[2025-12-08T08:14:43.516+0000][gc,phases   ] GC(114)   Merge Heap Roots: 45.43ms
[2025-12-08T08:14:43.516+0000][gc,phases   ] GC(114)   Evacuate Collection Set: 208.13ms
[2025-12-08T08:14:43.516+0000][gc,phases   ] GC(114)   Post Evacuate Collection Set: 50.41ms
[2025-12-08T08:14:43.516+0000][gc,phases   ] GC(114)   Other: 118.95ms
[2025-12-08T08:14:43.516+0000][gc,heap     ] GC(114) Eden regions: 16->0(16)
[2025-12-08T08:14:43.516+0000][gc,heap     ] GC(114) Survivor regions: 1->1(3)
[2025-12-08T08:14:43.516+0000][gc,heap     ] GC(114) Old regions: 34->34
[2025-12-08T08:14:43.516+0000][gc,heap     ] GC(114) Humongous regions: 149->149
[2025-12-08T08:14:43.539+0000][gc,metaspace] GC(114) Metaspace: 51051K(51840K)->51051K(51840K) NonClass: 45281K(45696K)->45281K(45696K) Class: 5769K(6144K)->5769K(6144K)
[2025-12-08T08:14:43.552+0000][gc          ] GC(114) Pause Young (Mixed) (G1 Evacuation Pause) 199M->183M(355M) 692.409ms
[2025-12-08T08:14:43.552+0000][gc,cpu      ] GC(114) User=0.00s Sys=0.00s Real=0.73s
[2025-12-08T08:17:08.168+0000][gc,start    ] GC(115) Pause Young (Mixed) (G1 Evacuation Pause)
[2025-12-08T08:17:08.311+0000][gc,task     ] GC(115) Using 1 workers of 1 for evacuation
[2025-12-08T08:17:08.582+0000][gc,mmu      ] GC(115) MMU target violated: 21.0ms (20.0ms/21.0ms)
[2025-12-08T08:17:08.596+0000][gc,phases   ] GC(115)   Pre Evacuate Collection Set: 38.33ms
[2025-12-08T08:17:08.596+0000][gc,phases   ] GC(115)   Merge Heap Roots: 44.46ms
[2025-12-08T08:17:08.596+0000][gc,phases   ] GC(115)   Evacuate Collection Set: 89.95ms
[2025-12-08T08:17:08.596+0000][gc,phases   ] GC(115)   Post Evacuate Collection Set: 37.09ms
[2025-12-08T08:17:08.596+0000][gc,phases   ] GC(115)   Other: 88.55ms
[2025-12-08T08:17:08.596+0000][gc,heap     ] GC(115) Eden regions: 16->0(16)
[2025-12-08T08:17:08.596+0000][gc,heap     ] GC(115) Survivor regions: 1->1(3)
[2025-12-08T08:17:08.596+0000][gc,heap     ] GC(115) Old regions: 34->34
[2025-12-08T08:17:08.596+0000][gc,heap     ] GC(115) Humongous regions: 149->149
[2025-12-08T08:17:08.620+0000][gc,metaspace] GC(115) Metaspace: 51052K(51840K)->51052K(51840K) NonClass: 45282K(45696K)->45282K(45696K) Class: 5769K(6144K)->5769K(6144K)
[2025-12-08T08:17:08.634+0000][gc          ] GC(115) Pause Young (Mixed) (G1 Evacuation Pause) 199M->183M(355M) 485.232ms
[2025-12-08T08:17:08.634+0000][gc,cpu      ] GC(115) User=0.01s Sys=0.00s Real=0.52s
[2025-12-08T08:19:33.936+0000][gc,start    ] GC(116) Pause Young (Mixed) (G1 Evacuation Pause)
[2025-12-08T08:19:34.090+0000][gc,task     ] GC(116) Using 1 workers of 1 for evacuation
[2025-12-08T08:19:34.600+0000][gc,mmu      ] GC(116) MMU target violated: 21.0ms (20.0ms/21.0ms)
[2025-12-08T08:19:34.614+0000][gc,phases   ] GC(116)   Pre Evacuate Collection Set: 71.06ms
[2025-12-08T08:19:34.614+0000][gc,phases   ] GC(116)   Merge Heap Roots: 47.82ms
[2025-12-08T08:19:34.614+0000][gc,phases   ] GC(116)   Evacuate Collection Set: 229.51ms
[2025-12-08T08:19:34.614+0000][gc,phases   ] GC(116)   Post Evacuate Collection Set: 87.01ms
[2025-12-08T08:19:34.614+0000][gc,phases   ] GC(116)   Other: 133.81ms
[2025-12-08T08:19:34.614+0000][gc,heap     ] GC(116) Eden regions: 16->0(16)
[2025-12-08T08:19:34.614+0000][gc,heap     ] GC(116) Survivor regions: 1->1(3)
[2025-12-08T08:19:34.614+0000][gc,heap     ] GC(116) Old regions: 34->33
[2025-12-08T08:19:34.614+0000][gc,heap     ] GC(116) Humongous regions: 149->149
[2025-12-08T08:19:34.637+0000][gc,metaspace] GC(116) Metaspace: 51052K(51840K)->51052K(51840K) NonClass: 45282K(45696K)->45282K(45696K) Class: 5769K(6144K)->5769K(6144K)
[2025-12-08T08:19:34.651+0000][gc          ] GC(116) Pause Young (Mixed) (G1 Evacuation Pause) 199M->182M(355M) 747.644ms
[2025-12-08T08:19:34.651+0000][gc,cpu      ] GC(116) User=0.00s Sys=0.00s Real=0.77s
[2025-12-08T08:22:00.999+0000][gc,start    ] GC(117) Pause Young (Concurrent Start) (G1 Evacuation Pause)
[2025-12-08T08:22:01.191+0000][gc,task     ] GC(117) Using 1 workers of 1 for evacuation
[2025-12-08T08:22:01.762+0000][gc,mmu      ] GC(117) MMU target violated: 21.0ms (20.0ms/21.0ms)
[2025-12-08T08:22:01.776+0000][gc,phases   ] GC(117)   Pre Evacuate Collection Set: 138.94ms
[2025-12-08T08:22:01.776+0000][gc,phases   ] GC(117)   Merge Heap Roots: 44.77ms
[2025-12-08T08:22:01.776+0000][gc,phases   ] GC(117)   Evacuate Collection Set: 229.04ms
[2025-12-08T08:22:01.776+0000][gc,phases   ] GC(117)   Post Evacuate Collection Set: 62.12ms
[2025-12-08T08:22:01.776+0000][gc,phases   ] GC(117)   Other: 161.00ms
[2025-12-08T08:22:01.776+0000][gc,heap     ] GC(117) Eden regions: 16->0(16)
[2025-12-08T08:22:01.776+0000][gc,heap     ] GC(117) Survivor regions: 1->1(3)
[2025-12-08T08:22:01.776+0000][gc,heap     ] GC(117) Old regions: 33->33
[2025-12-08T08:22:01.776+0000][gc,heap     ] GC(117) Humongous regions: 149->149
[2025-12-08T08:22:01.799+0000][gc,metaspace] GC(117) Metaspace: 51052K(51840K)->51052K(51840K) NonClass: 45282K(45696K)->45282K(45696K) Class: 5769K(6144K)->5769K(6144K)
[2025-12-08T08:22:01.815+0000][gc          ] GC(117) Pause Young (Concurrent Start) (G1 Evacuation Pause) 198M->182M(355M) 854.751ms
[2025-12-08T08:22:01.815+0000][gc          ] GC(118) Concurrent Mark Cycle
[2025-12-08T08:22:01.815+0000][gc,cpu      ] GC(117) User=0.01s Sys=0.00s Real=0.91s
[2025-12-08T08:22:01.839+0000][gc,marking  ] GC(118) Concurrent Scan Root Regions
[2025-12-08T08:22:01.840+0000][gc,marking  ] GC(118) Concurrent Scan Root Regions 25.242ms
[2025-12-08T08:22:01.840+0000][gc,marking  ] GC(118) Concurrent Mark
[2025-12-08T08:22:01.840+0000][gc,marking  ] GC(118) Concurrent Mark From Roots
[2025-12-08T08:22:01.840+0000][gc,task     ] GC(118) Using 1 workers of 1 for marking
[2025-12-08T08:22:01.952+0000][gc,marking  ] GC(118) Concurrent Mark From Roots 111.363ms
[2025-12-08T08:22:01.952+0000][gc,marking  ] GC(118) Concurrent Preclean
[2025-12-08T08:22:01.952+0000][gc,marking  ] GC(118) Concurrent Preclean 0.113ms
[2025-12-08T08:22:01.952+0000][gc,start    ] GC(118) Pause Remark
[2025-12-08T08:22:02.100+0000][gc,mmu      ] GC(118) MMU target violated: 21.0ms (20.0ms/21.0ms)
[2025-12-08T08:22:02.100+0000][gc          ] GC(118) Pause Remark 182M->182M(355M) 148.127ms
[2025-12-08T08:22:02.100+0000][gc,cpu      ] GC(118) User=0.01s Sys=0.00s Real=0.15s
[2025-12-08T08:22:02.102+0000][gc,marking  ] GC(118) Concurrent Mark 261.522ms
[2025-12-08T08:22:02.102+0000][gc,marking  ] GC(118) Concurrent Rebuild Remembered Sets and Scrub Regions
[2025-12-08T08:22:02.127+0000][gc,marking  ] GC(118) Concurrent Rebuild Remembered Sets and Scrub Regions 25.529ms
[2025-12-08T08:22:02.290+0000][gc,start    ] GC(118) Pause Cleanup
[2025-12-08T08:22:02.290+0000][gc          ] GC(118) Pause Cleanup 182M->182M(355M) 0.147ms
[2025-12-08T08:22:02.290+0000][gc,cpu      ] GC(118) User=0.00s Sys=0.00s Real=0.00s
[2025-12-08T08:22:02.291+0000][gc,marking  ] GC(118) Concurrent Clear Claimed Marks
[2025-12-08T08:22:02.292+0000][gc,marking  ] GC(118) Concurrent Clear Claimed Marks 0.102ms
[2025-12-08T08:22:02.292+0000][gc,marking  ] GC(118) Concurrent Cleanup for Next Mark
[2025-12-08T08:22:02.324+0000][gc,marking  ] GC(118) Concurrent Cleanup for Next Mark 32.230ms
[2025-12-08T08:22:02.343+0000][gc          ] GC(118) Concurrent Mark Cycle 528.500ms
[2025-12-08T08:24:25.615+0000][gc,start    ] GC(119) Pause Young (Prepare Mixed) (G1 Evacuation Pause)
[2025-12-08T08:24:25.795+0000][gc,task     ] GC(119) Using 1 workers of 1 for evacuation
[2025-12-08T08:24:26.118+0000][gc,mmu      ] GC(119) MMU target violated: 21.0ms (20.0ms/21.0ms)
[2025-12-08T08:24:26.118+0000][gc,phases   ] GC(119)   Pre Evacuate Collection Set: 59.08ms
[2025-12-08T08:24:26.118+0000][gc,phases   ] GC(119)   Merge Heap Roots: 17.42ms
[2025-12-08T08:24:26.118+0000][gc,phases   ] GC(119)   Evacuate Collection Set: 160.08ms
[2025-12-08T08:24:26.118+0000][gc,phases   ] GC(119)   Post Evacuate Collection Set: 62.42ms
[2025-12-08T08:24:26.118+0000][gc,phases   ] GC(119)   Other: 67.35ms
[2025-12-08T08:24:26.118+0000][gc,heap     ] GC(119) Eden regions: 16->0(16)
[2025-12-08T08:24:26.118+0000][gc,heap     ] GC(119) Survivor regions: 1->1(3)
[2025-12-08T08:24:26.118+0000][gc,heap     ] GC(119) Old regions: 33->33
[2025-12-08T08:24:26.118+0000][gc,heap     ] GC(119) Humongous regions: 149->149
[2025-12-08T08:24:26.131+0000][gc,metaspace] GC(119) Metaspace: 51044K(51840K)->51044K(51840K) NonClass: 45277K(45696K)->45277K(45696K) Class: 5767K(6144K)->5767K(6144K)
[2025-12-08T08:24:26.152+0000][gc          ] GC(119) Pause Young (Prepare Mixed) (G1 Evacuation Pause) 198M->182M(355M) 560.053ms
[2025-12-08T08:24:26.152+0000][gc,cpu      ] GC(119) User=0.01s Sys=0.00s Real=0.59s
[2025-12-08T08:26:52.690+0000][gc,start    ] GC(120) Pause Young (Mixed) (G1 Evacuation Pause)
[2025-12-08T08:26:52.844+0000][gc,task     ] GC(120) Using 1 workers of 1 for evacuation
[2025-12-08T08:26:53.388+0000][gc,mmu      ] GC(120) MMU target violated: 21.0ms (20.0ms/21.0ms)
[2025-12-08T08:26:53.401+0000][gc,phases   ] GC(120)   Pre Evacuate Collection Set: 56.95ms
[2025-12-08T08:26:53.401+0000][gc,phases   ] GC(120)   Merge Heap Roots: 39.20ms
[2025-12-08T08:26:53.401+0000][gc,phases   ] GC(120)   Evacuate Collection Set: 336.03ms
[2025-12-08T08:26:53.401+0000][gc,phases   ] GC(120)   Post Evacuate Collection Set: 59.05ms
[2025-12-08T08:26:53.401+0000][gc,phases   ] GC(120)   Other: 107.73ms
[2025-12-08T08:26:53.401+0000][gc,heap     ] GC(120) Eden regions: 16->0(16)
[2025-12-08T08:26:53.401+0000][gc,heap     ] GC(120) Survivor regions: 1->1(3)
[2025-12-08T08:26:53.401+0000][gc,heap     ] GC(120) Old regions: 33->32
[2025-12-08T08:26:53.401+0000][gc,heap     ] GC(120) Humongous regions: 149->149
[2025-12-08T08:26:53.425+0000][gc,metaspace] GC(120) Metaspace: 51044K(51840K)->51044K(51840K) NonClass: 45277K(45696K)->45277K(45696K) Class: 5767K(6144K)->5767K(6144K)
[2025-12-08T08:26:53.445+0000][gc          ] GC(120) Pause Young (Mixed) (G1 Evacuation Pause) 198M->181M(355M) 783.937ms
[2025-12-08T08:26:53.445+0000][gc,cpu      ] GC(120) User=0.00s Sys=0.00s Real=0.85s
[2025-12-08T08:29:19.447+0000][gc,start    ] GC(121) Pause Young (Mixed) (G1 Evacuation Pause)
[2025-12-08T08:29:19.627+0000][gc,task     ] GC(121) Using 1 workers of 1 for evacuation
[2025-12-08T08:29:20.026+0000][gc,mmu      ] GC(121) MMU target violated: 21.0ms (20.0ms/21.0ms)
[2025-12-08T08:29:20.035+0000][gc,phases   ] GC(121)   Pre Evacuate Collection Set: 33.22ms
[2025-12-08T08:29:20.035+0000][gc,phases   ] GC(121)   Merge Heap Roots: 36.51ms
[2025-12-08T08:29:20.035+0000][gc,phases   ] GC(121)   Evacuate Collection Set: 178.73ms
[2025-12-08T08:29:20.035+0000][gc,phases   ] GC(121)   Post Evacuate Collection Set: 74.74ms
[2025-12-08T08:29:20.035+0000][gc,phases   ] GC(121)   Other: 134.64ms
[2025-12-08T08:29:20.035+0000][gc,heap     ] GC(121) Eden regions: 16->0(16)
[2025-12-08T08:29:20.035+0000][gc,heap     ] GC(121) Survivor regions: 1->1(3)
[2025-12-08T08:29:20.035+0000][gc,heap     ] GC(121) Old regions: 32->32
[2025-12-08T08:29:20.035+0000][gc,heap     ] GC(121) Humongous regions: 149->149
[2025-12-08T08:29:20.052+0000][gc,metaspace] GC(121) Metaspace: 51044K(51840K)->51044K(51840K) NonClass: 45277K(45696K)->45277K(45696K) Class: 5767K(6144K)->5767K(6144K)
[2025-12-08T08:29:20.070+0000][gc          ] GC(121) Pause Young (Mixed) (G1 Evacuation Pause) 197M->181M(355M) 661.280ms
[2025-12-08T08:29:20.070+0000][gc,cpu      ] GC(121) User=0.01s Sys=0.00s Real=0.69s
[2025-12-08T08:31:44.498+0000][gc,start    ] GC(122) Pause Young (Concurrent Start) (G1 Evacuation Pause)
[2025-12-08T08:31:44.662+0000][gc,task     ] GC(122) Using 1 workers of 1 for evacuation
[2025-12-08T08:31:45.098+0000][gc,mmu      ] GC(122) MMU target violated: 21.0ms (20.0ms/21.0ms)
[2025-12-08T08:31:45.103+0000][gc,phases   ] GC(122)   Pre Evacuate Collection Set: 81.04ms
[2025-12-08T08:31:45.103+0000][gc,phases   ] GC(122)   Merge Heap Roots: 45.99ms
[2025-12-08T08:31:45.103+0000][gc,phases   ] GC(122)   Evacuate Collection Set: 202.18ms
[2025-12-08T08:31:45.103+0000][gc,phases   ] GC(122)   Post Evacuate Collection Set: 61.14ms
[2025-12-08T08:31:45.103+0000][gc,phases   ] GC(122)   Other: 103.57ms
[2025-12-08T08:31:45.103+0000][gc,heap     ] GC(122) Eden regions: 16->0(16)
[2025-12-08T08:31:45.103+0000][gc,heap     ] GC(122) Survivor regions: 1->1(3)
[2025-12-08T08:31:45.103+0000][gc,heap     ] GC(122) Old regions: 32->32
[2025-12-08T08:31:45.103+0000][gc,heap     ] GC(122) Humongous regions: 149->149
[2025-12-08T08:31:45.124+0000][gc,metaspace] GC(122) Metaspace: 51044K(51840K)->51044K(51840K) NonClass: 45277K(45696K)->45277K(45696K) Class: 5767K(6144K)->5767K(6144K)
[2025-12-08T08:31:45.145+0000][gc          ] GC(122) Pause Young (Concurrent Start) (G1 Evacuation Pause) 197M->181M(355M) 683.673ms
[2025-12-08T08:31:45.145+0000][gc,cpu      ] GC(122) User=0.01s Sys=0.00s Real=0.72s
[2025-12-08T08:31:45.145+0000][gc          ] GC(123) Concurrent Mark Cycle
[2025-12-08T08:31:45.175+0000][gc,marking  ] GC(123) Concurrent Scan Root Regions
[2025-12-08T08:31:45.176+0000][gc,marking  ] GC(123) Concurrent Scan Root Regions 31.390ms
[2025-12-08T08:31:45.176+0000][gc,marking  ] GC(123) Concurrent Mark
[2025-12-08T08:31:45.176+0000][gc,marking  ] GC(123) Concurrent Mark From Roots
[2025-12-08T08:31:45.176+0000][gc,task     ] GC(123) Using 1 workers of 1 for marking
[2025-12-08T08:31:45.397+0000][gc,marking  ] GC(123) Concurrent Mark From Roots 220.457ms
[2025-12-08T08:31:45.397+0000][gc,marking  ] GC(123) Concurrent Preclean
[2025-12-08T08:31:45.397+0000][gc,marking  ] GC(123) Concurrent Preclean 0.088ms
[2025-12-08T08:31:45.397+0000][gc,start    ] GC(123) Pause Remark
[2025-12-08T08:31:45.753+0000][gc,mmu      ] GC(123) MMU target violated: 21.0ms (20.0ms/21.0ms)
[2025-12-08T08:31:45.753+0000][gc          ] GC(123) Pause Remark 181M->181M(355M) 355.859ms
[2025-12-08T08:31:45.753+0000][gc,cpu      ] GC(123) User=0.01s Sys=0.01s Real=0.35s
[2025-12-08T08:31:45.754+0000][gc,marking  ] GC(123) Concurrent Mark 577.856ms
[2025-12-08T08:31:45.754+0000][gc,marking  ] GC(123) Concurrent Rebuild Remembered Sets and Scrub Regions
[2025-12-08T08:31:45.777+0000][gc,marking  ] GC(123) Concurrent Rebuild Remembered Sets and Scrub Regions 22.599ms
[2025-12-08T08:31:45.777+0000][gc,start    ] GC(123) Pause Cleanup
[2025-12-08T08:31:45.777+0000][gc          ] GC(123) Pause Cleanup 181M->181M(355M) 0.081ms
[2025-12-08T08:31:45.777+0000][gc,cpu      ] GC(123) User=0.00s Sys=0.00s Real=0.00s
[2025-12-08T08:31:45.777+0000][gc,marking  ] GC(123) Concurrent Clear Claimed Marks
[2025-12-08T08:31:45.777+0000][gc,marking  ] GC(123) Concurrent Clear Claimed Marks 0.078ms
[2025-12-08T08:31:45.777+0000][gc,marking  ] GC(123) Concurrent Cleanup for Next Mark
[2025-12-08T08:31:45.785+0000][gc,marking  ] GC(123) Concurrent Cleanup for Next Mark 8.132ms
[2025-12-08T08:31:45.785+0000][gc          ] GC(123) Concurrent Mark Cycle 640.342ms
[2025-12-08T08:34:10.598+0000][gc,start    ] GC(124) Pause Young (Prepare Mixed) (G1 Evacuation Pause)
[2025-12-08T08:34:10.781+0000][gc,task     ] GC(124) Using 1 workers of 1 for evacuation
[2025-12-08T08:34:11.214+0000][gc,mmu      ] GC(124) MMU target violated: 21.0ms (20.0ms/21.0ms)
[2025-12-08T08:34:11.222+0000][gc,phases   ] GC(124)   Pre Evacuate Collection Set: 46.33ms
[2025-12-08T08:34:11.222+0000][gc,phases   ] GC(124)   Merge Heap Roots: 39.68ms
[2025-12-08T08:34:11.222+0000][gc,phases   ] GC(124)   Evacuate Collection Set: 202.66ms
[2025-12-08T08:34:11.222+0000][gc,phases   ] GC(124)   Post Evacuate Collection Set: 55.72ms
[2025-12-08T08:34:11.222+0000][gc,phases   ] GC(124)   Other: 135.49ms
[2025-12-08T08:34:11.222+0000][gc,heap     ] GC(124) Eden regions: 16->0(16)
[2025-12-08T08:34:11.222+0000][gc,heap     ] GC(124) Survivor regions: 1->1(3)
[2025-12-08T08:34:11.222+0000][gc,heap     ] GC(124) Old regions: 32->32
[2025-12-08T08:34:11.222+0000][gc,heap     ] GC(124) Humongous regions: 149->149
[2025-12-08T08:34:11.235+0000][gc,metaspace] GC(124) Metaspace: 51044K(51840K)->51044K(51840K) NonClass: 45277K(45696K)->45277K(45696K) Class: 5767K(6144K)->5767K(6144K)
[2025-12-08T08:34:11.256+0000][gc          ] GC(124) Pause Young (Prepare Mixed) (G1 Evacuation Pause) 197M->181M(355M) 680.887ms
[2025-12-08T08:34:11.256+0000][gc,cpu      ] GC(124) User=0.01s Sys=0.01s Real=0.72s
[2025-12-08T08:36:36.910+0000][gc,start    ] GC(125) Pause Young (Mixed) (G1 Evacuation Pause)
[2025-12-08T08:36:37.091+0000][gc,task     ] GC(125) Using 1 workers of 1 for evacuation
[2025-12-08T08:36:37.488+0000][gc,mmu      ] GC(125) MMU target violated: 21.0ms (20.0ms/21.0ms)
[2025-12-08T08:36:37.502+0000][gc,phases   ] GC(125)   Pre Evacuate Collection Set: 38.10ms
[2025-12-08T08:36:37.502+0000][gc,phases   ] GC(125)   Merge Heap Roots: 48.65ms
[2025-12-08T08:36:37.502+0000][gc,phases   ] GC(125)   Evacuate Collection Set: 181.94ms
[2025-12-08T08:36:37.502+0000][gc,phases   ] GC(125)   Post Evacuate Collection Set: 78.67ms
[2025-12-08T08:36:37.502+0000][gc,phases   ] GC(125)   Other: 104.58ms
[2025-12-08T08:36:37.502+0000][gc,heap     ] GC(125) Eden regions: 16->0(16)
[2025-12-08T08:36:37.502+0000][gc,heap     ] GC(125) Survivor regions: 1->1(3)
[2025-12-08T08:36:37.502+0000][gc,heap     ] GC(125) Old regions: 32->31
[2025-12-08T08:36:37.502+0000][gc,heap     ] GC(125) Humongous regions: 149->149
[2025-12-08T08:36:37.526+0000][gc,metaspace] GC(125) Metaspace: 51044K(51840K)->51044K(51840K) NonClass: 45277K(45696K)->45277K(45696K) Class: 5767K(6144K)->5767K(6144K)
[2025-12-08T08:36:37.545+0000][gc          ] GC(125) Pause Young (Mixed) (G1 Evacuation Pause) 197M->180M(355M) 687.692ms
[2025-12-08T08:36:37.545+0000][gc,cpu      ] GC(125) User=0.01s Sys=0.01s Real=0.74s
[2025-12-08T08:39:04.123+0000][gc,start    ] GC(126) Pause Young (Mixed) (G1 Evacuation Pause)
[2025-12-08T08:39:04.306+0000][gc,task     ] GC(126) Using 1 workers of 1 for evacuation
[2025-12-08T08:39:04.658+0000][gc,mmu      ] GC(126) MMU target violated: 21.0ms (20.0ms/21.0ms)
[2025-12-08T08:39:04.668+0000][gc,phases   ] GC(126)   Pre Evacuate Collection Set: 53.37ms
[2025-12-08T08:39:04.668+0000][gc,phases   ] GC(126)   Merge Heap Roots: 40.79ms
[2025-12-08T08:39:04.668+0000][gc,phases   ] GC(126)   Evacuate Collection Set: 149.54ms
[2025-12-08T08:39:04.668+0000][gc,phases   ] GC(126)   Post Evacuate Collection Set: 40.39ms
[2025-12-08T08:39:04.668+0000][gc,phases   ] GC(126)   Other: 120.51ms
[2025-12-08T08:39:04.668+0000][gc,heap     ] GC(126) Eden regions: 16->0(16)
[2025-12-08T08:39:04.668+0000][gc,heap     ] GC(126) Survivor regions: 1->1(3)
[2025-12-08T08:39:04.668+0000][gc,heap     ] GC(126) Old regions: 31->31
[2025-12-08T08:39:04.668+0000][gc,heap     ] GC(126) Humongous regions: 149->149
[2025-12-08T08:39:04.692+0000][gc,metaspace] GC(126) Metaspace: 51044K(51840K)->51044K(51840K) NonClass: 45277K(45696K)->45277K(45696K) Class: 5767K(6144K)->5767K(6144K)
[2025-12-08T08:39:04.710+0000][gc          ] GC(126) Pause Young (Mixed) (G1 Evacuation Pause) 196M->180M(355M) 618.148ms
[2025-12-08T08:39:04.710+0000][gc,cpu      ] GC(126) User=0.00s Sys=0.01s Real=0.66s
[2025-12-08T08:41:28.543+0000][gc,start    ] GC(127) Pause Young (Concurrent Start) (G1 Evacuation Pause)
[2025-12-08T08:41:28.733+0000][gc,task     ] GC(127) Using 1 workers of 1 for evacuation
[2025-12-08T08:41:29.309+0000][gc,mmu      ] GC(127) MMU target violated: 21.0ms (20.0ms/21.0ms)
[2025-12-08T08:41:29.324+0000][gc,phases   ] GC(127)   Pre Evacuate Collection Set: 90.70ms
[2025-12-08T08:41:29.324+0000][gc,phases   ] GC(127)   Merge Heap Roots: 40.68ms
[2025-12-08T08:41:29.324+0000][gc,phases   ] GC(127)   Evacuate Collection Set: 276.56ms
[2025-12-08T08:41:29.324+0000][gc,phases   ] GC(127)   Post Evacuate Collection Set: 114.53ms
[2025-12-08T08:41:29.324+0000][gc,phases   ] GC(127)   Other: 103.12ms
[2025-12-08T08:41:29.324+0000][gc,heap     ] GC(127) Eden regions: 16->0(16)
[2025-12-08T08:41:29.324+0000][gc,heap     ] GC(127) Survivor regions: 1->1(3)
[2025-12-08T08:41:29.324+0000][gc,heap     ] GC(127) Old regions: 31->31
[2025-12-08T08:41:29.324+0000][gc,heap     ] GC(127) Humongous regions: 149->149
[2025-12-08T08:41:29.353+0000][gc,metaspace] GC(127) Metaspace: 51044K(51840K)->51044K(51840K) NonClass: 45277K(45696K)->45277K(45696K) Class: 5767K(6144K)->5767K(6144K)
[2025-12-08T08:41:29.377+0000][gc          ] GC(127) Pause Young (Concurrent Start) (G1 Evacuation Pause) 196M->180M(355M) 855.859ms
[2025-12-08T08:41:29.377+0000][gc          ] GC(128) Concurrent Mark Cycle
[2025-12-08T08:41:29.377+0000][gc,cpu      ] GC(127) User=0.01s Sys=0.01s Real=0.90s
[2025-12-08T08:41:29.391+0000][gc,marking  ] GC(128) Concurrent Scan Root Regions
[2025-12-08T08:41:29.392+0000][gc,marking  ] GC(128) Concurrent Scan Root Regions 14.787ms
[2025-12-08T08:41:29.392+0000][gc,marking  ] GC(128) Concurrent Mark
[2025-12-08T08:41:29.392+0000][gc,marking  ] GC(128) Concurrent Mark From Roots
[2025-12-08T08:41:29.392+0000][gc,task     ] GC(128) Using 1 workers of 1 for marking
[2025-12-08T08:41:29.595+0000][gc,marking  ] GC(128) Concurrent Mark From Roots 202.872ms
[2025-12-08T08:41:29.595+0000][gc,marking  ] GC(128) Concurrent Preclean
[2025-12-08T08:41:29.595+0000][gc,marking  ] GC(128) Concurrent Preclean 0.095ms
[2025-12-08T08:41:29.595+0000][gc,start    ] GC(128) Pause Remark
[2025-12-08T08:41:29.742+0000][gc,mmu      ] GC(128) MMU target violated: 21.0ms (20.0ms/21.0ms)
[2025-12-08T08:41:29.742+0000][gc          ] GC(128) Pause Remark 181M->181M(355M) 147.085ms
[2025-12-08T08:41:29.742+0000][gc,cpu      ] GC(128) User=0.01s Sys=0.00s Real=0.14s
[2025-12-08T08:41:29.743+0000][gc,marking  ] GC(128) Concurrent Mark 350.796ms
[2025-12-08T08:41:29.743+0000][gc,marking  ] GC(128) Concurrent Rebuild Remembered Sets and Scrub Regions
[2025-12-08T08:41:29.764+0000][gc,marking  ] GC(128) Concurrent Rebuild Remembered Sets and Scrub Regions 20.962ms
[2025-12-08T08:41:29.764+0000][gc,start    ] GC(128) Pause Cleanup
[2025-12-08T08:41:29.764+0000][gc          ] GC(128) Pause Cleanup 181M->181M(355M) 0.091ms
[2025-12-08T08:41:29.764+0000][gc,cpu      ] GC(128) User=0.00s Sys=0.00s Real=0.00s
[2025-12-08T08:41:29.764+0000][gc,marking  ] GC(128) Concurrent Clear Claimed Marks
[2025-12-08T08:41:29.764+0000][gc,marking  ] GC(128) Concurrent Clear Claimed Marks 0.079ms
[2025-12-08T08:41:29.764+0000][gc,marking  ] GC(128) Concurrent Cleanup for Next Mark
[2025-12-08T08:41:29.771+0000][gc,marking  ] GC(128) Concurrent Cleanup for Next Mark 6.841ms
[2025-12-08T08:41:29.771+0000][gc          ] GC(128) Concurrent Mark Cycle 393.753ms
[2025-12-08T08:43:55.453+0000][gc,start    ] GC(129) Pause Young (Prepare Mixed) (G1 Evacuation Pause)
[2025-12-08T08:43:55.630+0000][gc,task     ] GC(129) Using 1 workers of 1 for evacuation
[2025-12-08T08:43:55.919+0000][gc,mmu      ] GC(129) MMU target violated: 21.0ms (20.0ms/21.0ms)
[2025-12-08T08:43:55.924+0000][gc,phases   ] GC(129)   Pre Evacuate Collection Set: 59.01ms
[2025-12-08T08:43:55.924+0000][gc,phases   ] GC(129)   Merge Heap Roots: 39.71ms
[2025-12-08T08:43:55.924+0000][gc,phases   ] GC(129)   Evacuate Collection Set: 89.67ms
[2025-12-08T08:43:55.924+0000][gc,phases   ] GC(129)   Post Evacuate Collection Set: 44.85ms
[2025-12-08T08:43:55.924+0000][gc,phases   ] GC(129)   Other: 85.80ms
[2025-12-08T08:43:55.924+0000][gc,heap     ] GC(129) Eden regions: 16->0(16)
[2025-12-08T08:43:55.924+0000][gc,heap     ] GC(129) Survivor regions: 1->1(3)
[2025-12-08T08:43:55.924+0000][gc,heap     ] GC(129) Old regions: 31->31
[2025-12-08T08:43:55.924+0000][gc,heap     ] GC(129) Humongous regions: 149->149
[2025-12-08T08:43:55.943+0000][gc,metaspace] GC(129) Metaspace: 51044K(51840K)->51044K(51840K) NonClass: 45277K(45696K)->45277K(45696K) Class: 5767K(6144K)->5767K(6144K)
[2025-12-08T08:43:55.961+0000][gc          ] GC(129) Pause Young (Prepare Mixed) (G1 Evacuation Pause) 196M->180M(355M) 551.806ms
[2025-12-08T08:43:55.961+0000][gc,cpu      ] GC(129) User=0.01s Sys=0.00s Real=0.55s
[2025-12-08T08:46:21.387+0000][gc,start    ] GC(130) Pause Young (Mixed) (G1 Evacuation Pause)
[2025-12-08T08:46:21.544+0000][gc,task     ] GC(130) Using 1 workers of 1 for evacuation
[2025-12-08T08:46:22.099+0000][gc,mmu      ] GC(130) MMU target violated: 21.0ms (20.0ms/21.0ms)
[2025-12-08T08:46:22.133+0000][gc,phases   ] GC(130)   Pre Evacuate Collection Set: 67.24ms
[2025-12-08T08:46:22.133+0000][gc,phases   ] GC(130)   Merge Heap Roots: 52.03ms
[2025-12-08T08:46:22.133+0000][gc,phases   ] GC(130)   Evacuate Collection Set: 272.78ms
[2025-12-08T08:46:22.133+0000][gc,phases   ] GC(130)   Post Evacuate Collection Set: 67.07ms
[2025-12-08T08:46:22.152+0000][gc,phases   ] GC(130)   Other: 165.48ms
[2025-12-08T08:46:22.152+0000][gc,heap     ] GC(130) Eden regions: 16->0(16)
[2025-12-08T08:46:22.152+0000][gc,heap     ] GC(130) Survivor regions: 1->1(3)
[2025-12-08T08:46:22.152+0000][gc,heap     ] GC(130) Old regions: 31->31
[2025-12-08T08:46:22.152+0000][gc,heap     ] GC(130) Humongous regions: 149->149
[2025-12-08T08:46:22.162+0000][gc,metaspace] GC(130) Metaspace: 51044K(51840K)->51044K(51840K) NonClass: 45277K(45696K)->45277K(45696K) Class: 5767K(6144K)->5767K(6144K)
[2025-12-08T08:46:22.180+0000][gc          ] GC(130) Pause Young (Mixed) (G1 Evacuation Pause) 196M->180M(355M) 842.389ms
[2025-12-08T08:46:22.180+0000][gc,cpu      ] GC(130) User=0.01s Sys=0.01s Real=0.88s
[2025-12-08T08:48:47.195+0000][gc,start    ] GC(131) Pause Young (Mixed) (G1 Evacuation Pause)
[2025-12-08T08:48:47.358+0000][gc,task     ] GC(131) Using 1 workers of 1 for evacuation
[2025-12-08T08:48:47.593+0000][gc,mmu      ] GC(131) MMU target violated: 21.0ms (20.0ms/21.0ms)
[2025-12-08T08:48:47.593+0000][gc,phases   ] GC(131)   Pre Evacuate Collection Set: 29.08ms
[2025-12-08T08:48:47.593+0000][gc,phases   ] GC(131)   Merge Heap Roots: 14.02ms
[2025-12-08T08:48:47.593+0000][gc,phases   ] GC(131)   Evacuate Collection Set: 51.74ms
[2025-12-08T08:48:47.593+0000][gc,phases   ] GC(131)   Post Evacuate Collection Set: 68.92ms
[2025-12-08T08:48:47.593+0000][gc,phases   ] GC(131)   Other: 128.25ms
[2025-12-08T08:48:47.645+0000][gc,heap     ] GC(131) Eden regions: 16->0(16)
[2025-12-08T08:48:47.645+0000][gc,heap     ] GC(131) Survivor regions: 1->1(3)
[2025-12-08T08:48:47.645+0000][gc,heap     ] GC(131) Old regions: 31->31
[2025-12-08T08:48:47.645+0000][gc,heap     ] GC(131) Humongous regions: 149->149
[2025-12-08T08:48:47.658+0000][gc,metaspace] GC(131) Metaspace: 51044K(51840K)->51044K(51840K) NonClass: 45277K(45696K)->45277K(45696K) Class: 5767K(6144K)->5767K(6144K)
[2025-12-08T08:48:47.682+0000][gc          ] GC(131) Pause Young (Mixed) (G1 Evacuation Pause) 196M->180M(355M) 530.629ms
[2025-12-08T08:48:47.708+0000][gc,cpu      ] GC(131) User=0.01s Sys=0.00s Real=0.60s
[2025-12-08T08:51:13.095+0000][gc,start    ] GC(132) Pause Young (Concurrent Start) (G1 Evacuation Pause)
[2025-12-08T08:51:13.331+0000][gc,task     ] GC(132) Using 1 workers of 1 for evacuation
[2025-12-08T08:51:13.741+0000][gc,mmu      ] GC(132) MMU target violated: 21.0ms (20.0ms/21.0ms)
[2025-12-08T08:51:13.756+0000][gc,phases   ] GC(132)   Pre Evacuate Collection Set: 37.06ms
[2025-12-08T08:51:13.756+0000][gc,phases   ] GC(132)   Merge Heap Roots: 44.02ms
[2025-12-08T08:51:13.756+0000][gc,phases   ] GC(132)   Evacuate Collection Set: 182.06ms
[2025-12-08T08:51:13.756+0000][gc,phases   ] GC(132)   Post Evacuate Collection Set: 59.70ms
[2025-12-08T08:51:13.756+0000][gc,phases   ] GC(132)   Other: 157.49ms
[2025-12-08T08:51:13.756+0000][gc,heap     ] GC(132) Eden regions: 16->0(16)
[2025-12-08T08:51:13.756+0000][gc,heap     ] GC(132) Survivor regions: 1->1(3)
[2025-12-08T08:51:13.756+0000][gc,heap     ] GC(132) Old regions: 31->31
[2025-12-08T08:51:13.756+0000][gc,heap     ] GC(132) Humongous regions: 149->149
[2025-12-08T08:51:13.775+0000][gc,metaspace] GC(132) Metaspace: 51044K(51840K)->51044K(51840K) NonClass: 45277K(45696K)->45277K(45696K) Class: 5767K(6144K)->5767K(6144K)
[2025-12-08T08:51:13.794+0000][gc          ] GC(132) Pause Young (Concurrent Start) (G1 Evacuation Pause) 196M->180M(355M) 749.747ms
[2025-12-08T08:51:13.794+0000][gc          ] GC(133) Concurrent Mark Cycle
[2025-12-08T08:51:13.794+0000][gc,cpu      ] GC(132) User=0.00s Sys=0.00s Real=0.80s
[2025-12-08T08:51:13.818+0000][gc,marking  ] GC(133) Concurrent Scan Root Regions
[2025-12-08T08:51:13.819+0000][gc,marking  ] GC(133) Concurrent Scan Root Regions 24.893ms
[2025-12-08T08:51:13.819+0000][gc,marking  ] GC(133) Concurrent Mark
[2025-12-08T08:51:13.819+0000][gc,marking  ] GC(133) Concurrent Mark From Roots
[2025-12-08T08:51:13.819+0000][gc,task     ] GC(133) Using 1 workers of 1 for marking
[2025-12-08T08:51:13.998+0000][gc,marking  ] GC(133) Concurrent Mark From Roots 179.253ms
[2025-12-08T08:51:13.998+0000][gc,marking  ] GC(133) Concurrent Preclean
[2025-12-08T08:51:13.998+0000][gc,marking  ] GC(133) Concurrent Preclean 0.109ms
[2025-12-08T08:51:13.998+0000][gc,start    ] GC(133) Pause Remark
[2025-12-08T08:51:14.121+0000][gc,mmu      ] GC(133) MMU target violated: 21.0ms (20.0ms/21.0ms)
[2025-12-08T08:51:14.121+0000][gc          ] GC(133) Pause Remark 180M->180M(355M) 122.458ms
[2025-12-08T08:51:14.121+0000][gc,cpu      ] GC(133) User=0.00s Sys=0.00s Real=0.12s
[2025-12-08T08:51:14.121+0000][gc,marking  ] GC(133) Concurrent Mark 302.122ms
[2025-12-08T08:51:14.121+0000][gc,marking  ] GC(133) Concurrent Rebuild Remembered Sets and Scrub Regions
[2025-12-08T08:51:14.143+0000][gc,marking  ] GC(133) Concurrent Rebuild Remembered Sets and Scrub Regions 22.226ms
[2025-12-08T08:51:14.143+0000][gc,start    ] GC(133) Pause Cleanup
[2025-12-08T08:51:14.143+0000][gc          ] GC(133) Pause Cleanup 180M->180M(355M) 0.085ms
[2025-12-08T08:51:14.143+0000][gc,cpu      ] GC(133) User=0.00s Sys=0.00s Real=0.00s
[2025-12-08T08:51:14.143+0000][gc,marking  ] GC(133) Concurrent Clear Claimed Marks
[2025-12-08T08:51:14.143+0000][gc,marking  ] GC(133) Concurrent Clear Claimed Marks 0.079ms
[2025-12-08T08:51:14.143+0000][gc,marking  ] GC(133) Concurrent Cleanup for Next Mark
[2025-12-08T08:51:14.164+0000][gc,marking  ] GC(133) Concurrent Cleanup for Next Mark 21.042ms
[2025-12-08T08:51:14.165+0000][gc          ] GC(133) Concurrent Mark Cycle 370.679ms
[2025-12-08T08:53:38.804+0000][gc,start    ] GC(134) Pause Young (Prepare Mixed) (G1 Evacuation Pause)
[2025-12-08T08:53:39.015+0000][gc,task     ] GC(134) Using 1 workers of 1 for evacuation
[2025-12-08T08:53:39.459+0000][gc,mmu      ] GC(134) MMU target violated: 21.0ms (20.0ms/21.0ms)
[2025-12-08T08:53:39.468+0000][gc,phases   ] GC(134)   Pre Evacuate Collection Set: 55.55ms
[2025-12-08T08:53:39.468+0000][gc,phases   ] GC(134)   Merge Heap Roots: 43.55ms
[2025-12-08T08:53:39.468+0000][gc,phases   ] GC(134)   Evacuate Collection Set: 207.12ms
[2025-12-08T08:53:39.468+0000][gc,phases   ] GC(134)   Post Evacuate Collection Set: 77.55ms
[2025-12-08T08:53:39.468+0000][gc,phases   ] GC(134)   Other: 121.61ms
[2025-12-08T08:53:39.468+0000][gc,heap     ] GC(134) Eden regions: 16->0(16)
[2025-12-08T08:53:39.468+0000][gc,heap     ] GC(134) Survivor regions: 1->1(3)
[2025-12-08T08:53:39.468+0000][gc,heap     ] GC(134) Old regions: 31->31
[2025-12-08T08:53:39.468+0000][gc,heap     ] GC(134) Humongous regions: 149->149
[2025-12-08T08:53:39.492+0000][gc,metaspace] GC(134) Metaspace: 51044K(51840K)->51044K(51840K) NonClass: 45277K(45696K)->45277K(45696K) Class: 5767K(6144K)->5767K(6144K)
[2025-12-08T08:53:39.511+0000][gc          ] GC(134) Pause Young (Prepare Mixed) (G1 Evacuation Pause) 196M->180M(355M) 707.131ms
[2025-12-08T08:53:39.511+0000][gc,cpu      ] GC(134) User=0.00s Sys=0.00s Real=0.74s
[2025-12-08T08:56:05.773+0000][gc,start    ] GC(135) Pause Young (Mixed) (G1 Evacuation Pause)
[2025-12-08T08:56:06.039+0000][gc,task     ] GC(135) Using 1 workers of 1 for evacuation
[2025-12-08T08:56:06.426+0000][gc,mmu      ] GC(135) MMU target violated: 21.0ms (20.0ms/21.0ms)
[2025-12-08T08:56:06.442+0000][gc,phases   ] GC(135)   Pre Evacuate Collection Set: 46.57ms
[2025-12-08T08:56:06.442+0000][gc,phases   ] GC(135)   Merge Heap Roots: 45.05ms
[2025-12-08T08:56:06.442+0000][gc,phases   ] GC(135)   Evacuate Collection Set: 134.16ms
[2025-12-08T08:56:06.442+0000][gc,phases   ] GC(135)   Post Evacuate Collection Set: 78.83ms
[2025-12-08T08:56:06.442+0000][gc,phases   ] GC(135)   Other: 171.13ms
[2025-12-08T08:56:06.465+0000][gc,heap     ] GC(135) Eden regions: 16->0(16)
[2025-12-08T08:56:06.465+0000][gc,heap     ] GC(135) Survivor regions: 1->1(3)
[2025-12-08T08:56:06.465+0000][gc,heap     ] GC(135) Old regions: 31->31
[2025-12-08T08:56:06.465+0000][gc,heap     ] GC(135) Humongous regions: 149->149
[2025-12-08T08:56:06.484+0000][gc,metaspace] GC(135) Metaspace: 51044K(51840K)->51044K(51840K) NonClass: 45277K(45696K)->45277K(45696K) Class: 5767K(6144K)->5767K(6144K)
[2025-12-08T08:56:06.503+0000][gc          ] GC(135) Pause Young (Mixed) (G1 Evacuation Pause) 196M->180M(355M) 759.297ms
[2025-12-08T08:56:06.503+0000][gc,cpu      ] GC(135) User=0.01s Sys=0.00s Real=0.80s
[2025-12-08T08:58:33.422+0000][gc,start    ] GC(136) Pause Young (Mixed) (G1 Evacuation Pause)
[2025-12-08T08:58:33.678+0000][gc,task     ] GC(136) Using 1 workers of 1 for evacuation
[2025-12-08T08:58:34.321+0000][gc,mmu      ] GC(136) MMU target violated: 21.0ms (20.0ms/21.0ms)
[2025-12-08T08:58:34.350+0000][gc,phases   ] GC(136)   Pre Evacuate Collection Set: 112.36ms
[2025-12-08T08:58:34.350+0000][gc,phases   ] GC(136)   Merge Heap Roots: 63.72ms
[2025-12-08T08:58:34.350+0000][gc,phases   ] GC(136)   Evacuate Collection Set: 291.95ms
[2025-12-08T08:58:34.350+0000][gc,phases   ] GC(136)   Post Evacuate Collection Set: 85.20ms
[2025-12-08T08:58:34.350+0000][gc,phases   ] GC(136)   Other: 156.46ms
[2025-12-08T08:58:34.350+0000][gc,heap     ] GC(136) Eden regions: 16->0(16)
[2025-12-08T08:58:34.350+0000][gc,heap     ] GC(136) Survivor regions: 1->1(3)
[2025-12-08T08:58:34.350+0000][gc,heap     ] GC(136) Old regions: 31->31
[2025-12-08T08:58:34.350+0000][gc,heap     ] GC(136) Humongous regions: 149->149
[2025-12-08T08:58:34.397+0000][gc,metaspace] GC(136) Metaspace: 51044K(51840K)->51044K(51840K) NonClass: 45277K(45696K)->45277K(45696K) Class: 5767K(6144K)->5767K(6144K)
[2025-12-08T08:58:34.432+0000][gc          ] GC(136) Pause Young (Mixed) (G1 Evacuation Pause) 196M->180M(355M) 1050.000ms
[2025-12-08T08:58:34.432+0000][gc,cpu      ] GC(136) User=0.01s Sys=0.00s Real=1.10s
[2025-12-08T08:59:58.050+0000][gc,start    ] GC(137) Pause Young (Concurrent Start) (G1 Humongous Allocation)
[2025-12-08T08:59:58.138+0000][gc,task     ] GC(137) Using 1 workers of 1 for evacuation
[2025-12-08T08:59:58.316+0000][gc,mmu      ] GC(137) MMU target violated: 21.0ms (20.0ms/21.0ms)
[2025-12-08T08:59:58.316+0000][gc,phases   ] GC(137)   Pre Evacuate Collection Set: 35.76ms
[2025-12-08T08:59:58.316+0000][gc,phases   ] GC(137)   Merge Heap Roots: 0.05ms
[2025-12-08T08:59:58.316+0000][gc,phases   ] GC(137)   Evacuate Collection Set: 57.63ms
[2025-12-08T08:59:58.316+0000][gc,phases   ] GC(137)   Post Evacuate Collection Set: 44.04ms
[2025-12-08T08:59:58.328+0000][gc,phases   ] GC(137)   Other: 40.82ms
[2025-12-08T08:59:58.328+0000][gc,heap     ] GC(137) Eden regions: 10->0(16)
[2025-12-08T08:59:58.328+0000][gc,heap     ] GC(137) Survivor regions: 1->1(3)
[2025-12-08T08:59:58.328+0000][gc,heap     ] GC(137) Old regions: 31->31
[2025-12-08T08:59:58.328+0000][gc,heap     ] GC(137) Humongous regions: 149->149
[2025-12-08T08:59:58.347+0000][gc,metaspace] GC(137) Metaspace: 51045K(51840K)->51045K(51840K) NonClass: 45278K(45696K)->45278K(45696K) Class: 5767K(6144K)->5767K(6144K)
[2025-12-08T08:59:58.362+0000][gc          ] GC(137) Pause Young (Concurrent Start) (G1 Humongous Allocation) 190M->180M(355M) 312.349ms
[2025-12-08T08:59:58.362+0000][gc,cpu      ] GC(137) User=0.00s Sys=0.00s Real=0.34s
[2025-12-08T08:59:58.363+0000][gc          ] GC(138) Concurrent Mark Cycle
[2025-12-08T08:59:58.363+0000][gc,marking  ] GC(138) Concurrent Scan Root Regions
[2025-12-08T08:59:58.364+0000][gc,marking  ] GC(138) Concurrent Scan Root Regions 1.110ms
[2025-12-08T08:59:58.364+0000][gc,marking  ] GC(138) Concurrent Mark
[2025-12-08T08:59:58.364+0000][gc,marking  ] GC(138) Concurrent Mark From Roots
[2025-12-08T08:59:58.364+0000][gc,task     ] GC(138) Using 1 workers of 1 for marking
[2025-12-08T08:59:58.440+0000][gc,marking  ] GC(138) Concurrent Mark From Roots 76.373ms
[2025-12-08T08:59:58.440+0000][gc,marking  ] GC(138) Concurrent Preclean
[2025-12-08T08:59:58.440+0000][gc,marking  ] GC(138) Concurrent Preclean 0.100ms
[2025-12-08T08:59:58.465+0000][gc,start    ] GC(138) Pause Remark
[2025-12-08T08:59:58.502+0000][gc,mmu      ] GC(138) MMU target violated: 21.0ms (20.0ms/21.0ms)
[2025-12-08T08:59:58.502+0000][gc          ] GC(138) Pause Remark 189M->189M(355M) 36.498ms
[2025-12-08T08:59:58.502+0000][gc,cpu      ] GC(138) User=0.01s Sys=0.00s Real=0.03s
[2025-12-08T08:59:58.503+0000][gc,marking  ] GC(138) Concurrent Mark 138.865ms
[2025-12-08T08:59:58.524+0000][gc,marking  ] GC(138) Concurrent Rebuild Remembered Sets and Scrub Regions
[2025-12-08T08:59:58.548+0000][gc,marking  ] GC(138) Concurrent Rebuild Remembered Sets and Scrub Regions 24.293ms
[2025-12-08T08:59:58.578+0000][gc,start    ] GC(138) Pause Cleanup
[2025-12-08T08:59:58.578+0000][gc          ] GC(138) Pause Cleanup 189M->189M(355M) 0.117ms
[2025-12-08T08:59:58.578+0000][gc,cpu      ] GC(138) User=0.00s Sys=0.00s Real=0.00s
[2025-12-08T08:59:58.578+0000][gc,marking  ] GC(138) Concurrent Clear Claimed Marks
[2025-12-08T08:59:58.578+0000][gc,marking  ] GC(138) Concurrent Clear Claimed Marks 0.089ms
[2025-12-08T08:59:58.578+0000][gc,marking  ] GC(138) Concurrent Cleanup for Next Mark
[2025-12-08T08:59:58.579+0000][gc,marking  ] GC(138) Concurrent Cleanup for Next Mark 0.513ms
[2025-12-08T08:59:58.579+0000][gc          ] GC(138) Concurrent Mark Cycle 215.723ms
[2025-12-08T09:02:15.412+0000][gc,start    ] GC(139) Pause Young (Prepare Mixed) (G1 Evacuation Pause)
[2025-12-08T09:02:15.605+0000][gc,task     ] GC(139) Using 1 workers of 1 for evacuation
[2025-12-08T09:02:16.022+0000][gc,mmu      ] GC(139) MMU target violated: 21.0ms (20.0ms/21.0ms)
[2025-12-08T09:02:16.035+0000][gc,phases   ] GC(139)   Pre Evacuate Collection Set: 56.61ms
[2025-12-08T09:02:16.035+0000][gc,phases   ] GC(139)   Merge Heap Roots: 43.89ms
[2025-12-08T09:02:16.035+0000][gc,phases   ] GC(139)   Evacuate Collection Set: 198.80ms
[2025-12-08T09:02:16.035+0000][gc,phases   ] GC(139)   Post Evacuate Collection Set: 61.96ms
[2025-12-08T09:02:16.035+0000][gc,phases   ] GC(139)   Other: 106.32ms
[2025-12-08T09:02:16.035+0000][gc,heap     ] GC(139) Eden regions: 16->0(15)
[2025-12-08T09:02:16.035+0000][gc,heap     ] GC(139) Survivor regions: 1->2(3)
[2025-12-08T09:02:16.035+0000][gc,heap     ] GC(139) Old regions: 31->31
[2025-12-08T09:02:16.035+0000][gc,heap     ] GC(139) Humongous regions: 158->158
[2025-12-08T09:02:16.058+0000][gc,metaspace] GC(139) Metaspace: 51045K(51840K)->51045K(51840K) NonClass: 45278K(45696K)->45278K(45696K) Class: 5767K(6144K)->5767K(6144K)
[2025-12-08T09:02:16.076+0000][gc          ] GC(139) Pause Young (Prepare Mixed) (G1 Evacuation Pause) 205M->190M(355M) 663.256ms
[2025-12-08T09:02:16.076+0000][gc,cpu      ] GC(139) User=0.01s Sys=0.01s Real=0.73s
[2025-12-08T09:04:32.854+0000][gc,start    ] GC(140) Pause Young (Mixed) (G1 Evacuation Pause)
[2025-12-08T09:04:33.026+0000][gc,task     ] GC(140) Using 1 workers of 1 for evacuation
[2025-12-08T09:04:33.460+0000][gc,mmu      ] GC(140) MMU target violated: 21.0ms (20.0ms/21.0ms)
[2025-12-08T09:04:33.474+0000][gc,phases   ] GC(140)   Pre Evacuate Collection Set: 54.34ms
[2025-12-08T09:04:33.474+0000][gc,phases   ] GC(140)   Merge Heap Roots: 43.06ms
[2025-12-08T09:04:33.474+0000][gc,phases   ] GC(140)   Evacuate Collection Set: 199.20ms
[2025-12-08T09:04:33.474+0000][gc,phases   ] GC(140)   Post Evacuate Collection Set: 87.13ms
[2025-12-08T09:04:33.474+0000][gc,phases   ] GC(140)   Other: 105.26ms
[2025-12-08T09:04:33.474+0000][gc,heap     ] GC(140) Eden regions: 15->0(15)
[2025-12-08T09:04:33.474+0000][gc,heap     ] GC(140) Survivor regions: 2->2(3)
[2025-12-08T09:04:33.474+0000][gc,heap     ] GC(140) Old regions: 31->31
[2025-12-08T09:04:33.474+0000][gc,heap     ] GC(140) Humongous regions: 158->158
[2025-12-08T09:04:33.498+0000][gc,metaspace] GC(140) Metaspace: 51045K(51840K)->51045K(51840K) NonClass: 45278K(45696K)->45278K(45696K) Class: 5767K(6144K)->5767K(6144K)
[2025-12-08T09:04:33.513+0000][gc          ] GC(140) Pause Young (Mixed) (G1 Evacuation Pause) 205M->190M(355M) 708.246ms
[2025-12-08T09:04:33.513+0000][gc,cpu      ] GC(140) User=0.01s Sys=0.00s Real=0.76s
[2025-12-08T09:06:51.230+0000][gc,start    ] GC(141) Pause Young (Mixed) (G1 Evacuation Pause)
[2025-12-08T09:06:51.418+0000][gc,task     ] GC(141) Using 1 workers of 1 for evacuation
[2025-12-08T09:06:51.853+0000][gc,mmu      ] GC(141) MMU target violated: 21.0ms (20.0ms/21.0ms)
[2025-12-08T09:06:51.863+0000][gc,phases   ] GC(141)   Pre Evacuate Collection Set: 47.94ms
[2025-12-08T09:06:51.863+0000][gc,phases   ] GC(141)   Merge Heap Roots: 44.33ms
[2025-12-08T09:06:51.863+0000][gc,phases   ] GC(141)   Evacuate Collection Set: 216.32ms
[2025-12-08T09:06:51.863+0000][gc,phases   ] GC(141)   Post Evacuate Collection Set: 68.17ms
[2025-12-08T09:06:51.863+0000][gc,phases   ] GC(141)   Other: 120.98ms
[2025-12-08T09:06:51.863+0000][gc,heap     ] GC(141) Eden regions: 15->0(15)
[2025-12-08T09:06:51.863+0000][gc,heap     ] GC(141) Survivor regions: 2->2(3)
[2025-12-08T09:06:51.863+0000][gc,heap     ] GC(141) Old regions: 31->31
[2025-12-08T09:06:51.863+0000][gc,heap     ] GC(141) Humongous regions: 158->158
[2025-12-08T09:06:51.881+0000][gc,metaspace] GC(141) Metaspace: 51045K(51840K)->51045K(51840K) NonClass: 45278K(45696K)->45278K(45696K) Class: 5767K(6144K)->5767K(6144K)
[2025-12-08T09:06:51.895+0000][gc          ] GC(141) Pause Young (Mixed) (G1 Evacuation Pause) 205M->189M(355M) 709.735ms
[2025-12-08T09:06:51.895+0000][gc,cpu      ] GC(141) User=0.01s Sys=0.00s Real=0.76s
[2025-12-08T09:09:08.812+0000][gc,start    ] GC(142) Pause Young (Concurrent Start) (G1 Evacuation Pause)
[2025-12-08T09:09:09.011+0000][gc,task     ] GC(142) Using 1 workers of 1 for evacuation
[2025-12-08T09:09:09.528+0000][gc,mmu      ] GC(142) MMU target violated: 21.0ms (20.0ms/21.0ms)
[2025-12-08T09:09:09.542+0000][gc,phases   ] GC(142)   Pre Evacuate Collection Set: 65.04ms
[2025-12-08T09:09:09.542+0000][gc,phases   ] GC(142)   Merge Heap Roots: 40.62ms
[2025-12-08T09:09:09.542+0000][gc,phases   ] GC(142)   Evacuate Collection Set: 238.24ms
[2025-12-08T09:09:09.542+0000][gc,phases   ] GC(142)   Post Evacuate Collection Set: 81.70ms
[2025-12-08T09:09:09.542+0000][gc,phases   ] GC(142)   Other: 143.92ms
[2025-12-08T09:09:09.542+0000][gc,heap     ] GC(142) Eden regions: 15->0(15)
[2025-12-08T09:09:09.542+0000][gc,heap     ] GC(142) Survivor regions: 2->2(3)
[2025-12-08T09:09:09.542+0000][gc,heap     ] GC(142) Old regions: 31->31
[2025-12-08T09:09:09.542+0000][gc,heap     ] GC(142) Humongous regions: 158->158
[2025-12-08T09:09:09.560+0000][gc,metaspace] GC(142) Metaspace: 51046K(51840K)->51046K(51840K) NonClass: 45279K(45696K)->45279K(45696K) Class: 5767K(6144K)->5767K(6144K)
[2025-12-08T09:09:09.579+0000][gc          ] GC(142) Pause Young (Concurrent Start) (G1 Evacuation Pause) 204M->189M(355M) 811.580ms
[2025-12-08T09:09:09.579+0000][gc,cpu      ] GC(142) User=0.01s Sys=0.00s Real=0.85s
[2025-12-08T09:09:09.579+0000][gc          ] GC(143) Concurrent Mark Cycle
[2025-12-08T09:09:09.616+0000][gc,marking  ] GC(143) Concurrent Scan Root Regions
[2025-12-08T09:09:09.617+0000][gc,marking  ] GC(143) Concurrent Scan Root Regions 37.586ms
[2025-12-08T09:09:09.617+0000][gc,marking  ] GC(143) Concurrent Mark
[2025-12-08T09:09:09.617+0000][gc,marking  ] GC(143) Concurrent Mark From Roots
[2025-12-08T09:09:09.617+0000][gc,task     ] GC(143) Using 1 workers of 1 for marking
[2025-12-08T09:09:09.851+0000][gc,marking  ] GC(143) Concurrent Mark From Roots 233.834ms
[2025-12-08T09:09:09.851+0000][gc,marking  ] GC(143) Concurrent Preclean
[2025-12-08T09:09:09.851+0000][gc,marking  ] GC(143) Concurrent Preclean 0.101ms
[2025-12-08T09:09:09.887+0000][gc,start    ] GC(143) Pause Remark
[2025-12-08T09:09:10.134+0000][gc,mmu      ] GC(143) MMU target violated: 21.0ms (20.0ms/21.0ms)
[2025-12-08T09:09:10.134+0000][gc          ] GC(143) Pause Remark 190M->190M(355M) 247.023ms
[2025-12-08T09:09:10.134+0000][gc,cpu      ] GC(143) User=0.01s Sys=0.00s Real=0.24s
[2025-12-08T09:09:10.134+0000][gc,marking  ] GC(143) Concurrent Mark 517.442ms
[2025-12-08T09:09:10.134+0000][gc,marking  ] GC(143) Concurrent Rebuild Remembered Sets and Scrub Regions
[2025-12-08T09:09:10.159+0000][gc,marking  ] GC(143) Concurrent Rebuild Remembered Sets and Scrub Regions 24.568ms
[2025-12-08T09:09:10.221+0000][gc,start    ] GC(143) Pause Cleanup
[2025-12-08T09:09:10.221+0000][gc          ] GC(143) Pause Cleanup 190M->190M(355M) 0.132ms
[2025-12-08T09:09:10.221+0000][gc,cpu      ] GC(143) User=0.00s Sys=0.00s Real=0.00s
[2025-12-08T09:09:10.221+0000][gc,marking  ] GC(143) Concurrent Clear Claimed Marks
[2025-12-08T09:09:10.221+0000][gc,marking  ] GC(143) Concurrent Clear Claimed Marks 0.089ms
[2025-12-08T09:09:10.221+0000][gc,marking  ] GC(143) Concurrent Cleanup for Next Mark
[2025-12-08T09:09:10.258+0000][gc,marking  ] GC(143) Concurrent Cleanup for Next Mark 36.772ms
[2025-12-08T09:09:10.289+0000][gc          ] GC(143) Concurrent Mark Cycle 709.545ms
[2025-12-08T09:11:25.259+0000][gc,start    ] GC(144) Pause Young (Prepare Mixed) (G1 Evacuation Pause)
[2025-12-08T09:11:25.407+0000][gc,task     ] GC(144) Using 1 workers of 1 for evacuation
[2025-12-08T09:11:25.732+0000][gc,mmu      ] GC(144) MMU target violated: 21.0ms (20.0ms/21.0ms)
[2025-12-08T09:11:25.744+0000][gc,phases   ] GC(144)   Pre Evacuate Collection Set: 59.67ms
[2025-12-08T09:11:25.744+0000][gc,phases   ] GC(144)   Merge Heap Roots: 39.64ms
[2025-12-08T09:11:25.744+0000][gc,phases   ] GC(144)   Evacuate Collection Set: 116.63ms
[2025-12-08T09:11:25.744+0000][gc,phases   ] GC(144)   Post Evacuate Collection Set: 45.39ms
[2025-12-08T09:11:25.744+0000][gc,phases   ] GC(144)   Other: 91.91ms
[2025-12-08T09:11:25.744+0000][gc,heap     ] GC(144) Eden regions: 15->0(15)
[2025-12-08T09:11:25.744+0000][gc,heap     ] GC(144) Survivor regions: 2->2(3)
[2025-12-08T09:11:25.744+0000][gc,heap     ] GC(144) Old regions: 31->31
[2025-12-08T09:11:25.744+0000][gc,heap     ] GC(144) Humongous regions: 158->158
[2025-12-08T09:11:25.767+0000][gc,metaspace] GC(144) Metaspace: 51047K(51840K)->51047K(51840K) NonClass: 45279K(45696K)->45279K(45696K) Class: 5767K(6144K)->5767K(6144K)
[2025-12-08T09:11:25.784+0000][gc          ] GC(144) Pause Young (Prepare Mixed) (G1 Evacuation Pause) 204M->189M(355M) 541.922ms
[2025-12-08T09:11:25.784+0000][gc,cpu      ] GC(144) User=0.01s Sys=0.01s Real=0.59s
[2025-12-08T09:13:42.294+0000][gc,start    ] GC(145) Pause Young (Mixed) (G1 Evacuation Pause)
[2025-12-08T09:13:42.537+0000][gc,task     ] GC(145) Using 1 workers of 1 for evacuation
[2025-12-08T09:13:43.153+0000][gc,mmu      ] GC(145) MMU target violated: 21.0ms (20.0ms/21.0ms)
[2025-12-08T09:13:43.174+0000][gc,phases   ] GC(145)   Pre Evacuate Collection Set: 93.53ms
[2025-12-08T09:13:43.174+0000][gc,phases   ] GC(145)   Merge Heap Roots: 62.27ms
[2025-12-08T09:13:43.174+0000][gc,phases   ] GC(145)   Evacuate Collection Set: 282.25ms
[2025-12-08T09:13:43.174+0000][gc,phases   ] GC(145)   Post Evacuate Collection Set: 98.94ms
[2025-12-08T09:13:43.174+0000][gc,phases   ] GC(145)   Other: 159.17ms
[2025-12-08T09:13:43.175+0000][gc,heap     ] GC(145) Eden regions: 15->0(15)
[2025-12-08T09:13:43.175+0000][gc,heap     ] GC(145) Survivor regions: 2->2(3)
[2025-12-08T09:13:43.175+0000][gc,heap     ] GC(145) Old regions: 31->30
[2025-12-08T09:13:43.175+0000][gc,heap     ] GC(145) Humongous regions: 158->158
[2025-12-08T09:13:43.205+0000][gc,metaspace] GC(145) Metaspace: 51047K(51840K)->51047K(51840K) NonClass: 45279K(45696K)->45279K(45696K) Class: 5767K(6144K)->5767K(6144K)
[2025-12-08T09:13:43.236+0000][gc          ] GC(145) Pause Young (Mixed) (G1 Evacuation Pause) 204M->189M(355M) 1012.061ms
[2025-12-08T09:13:43.236+0000][gc,cpu      ] GC(145) User=0.00s Sys=0.01s Real=1.09s
[2025-12-08T09:15:59.797+0000][gc,start    ] GC(146) Pause Young (Mixed) (G1 Evacuation Pause)
[2025-12-08T09:15:59.934+0000][gc,task     ] GC(146) Using 1 workers of 1 for evacuation
[2025-12-08T09:16:00.280+0000][gc,mmu      ] GC(146) MMU target violated: 21.0ms (20.0ms/21.0ms)
[2025-12-08T09:16:00.284+0000][gc,phases   ] GC(146)   Pre Evacuate Collection Set: 43.93ms
[2025-12-08T09:16:00.284+0000][gc,phases   ] GC(146)   Merge Heap Roots: 35.92ms
[2025-12-08T09:16:00.284+0000][gc,phases   ] GC(146)   Evacuate Collection Set: 157.96ms
[2025-12-08T09:16:00.284+0000][gc,phases   ] GC(146)   Post Evacuate Collection Set: 44.93ms
[2025-12-08T09:16:00.284+0000][gc,phases   ] GC(146)   Other: 101.85ms
[2025-12-08T09:16:00.284+0000][gc,heap     ] GC(146) Eden regions: 15->0(15)
[2025-12-08T09:16:00.284+0000][gc,heap     ] GC(146) Survivor regions: 2->2(3)
[2025-12-08T09:16:00.284+0000][gc,heap     ] GC(146) Old regions: 30->30
[2025-12-08T09:16:00.284+0000][gc,heap     ] GC(146) Humongous regions: 158->158
[2025-12-08T09:16:00.302+0000][gc,metaspace] GC(146) Metaspace: 51047K(51840K)->51047K(51840K) NonClass: 45279K(45696K)->45279K(45696K) Class: 5767K(6144K)->5767K(6144K)
[2025-12-08T09:16:00.317+0000][gc          ] GC(146) Pause Young (Mixed) (G1 Evacuation Pause) 204M->189M(355M) 567.202ms
[2025-12-08T09:16:00.317+0000][gc,cpu      ] GC(146) User=0.00s Sys=0.00s Real=0.63s
[2025-12-08T09:18:16.142+0000][gc,start    ] GC(147) Pause Young (Concurrent Start) (G1 Evacuation Pause)
[2025-12-08T09:18:16.335+0000][gc,task     ] GC(147) Using 1 workers of 1 for evacuation
[2025-12-08T09:18:16.735+0000][gc,mmu      ] GC(147) MMU target violated: 21.0ms (20.0ms/21.0ms)
[2025-12-08T09:18:16.747+0000][gc,phases   ] GC(147)   Pre Evacuate Collection Set: 42.43ms
[2025-12-08T09:18:16.747+0000][gc,phases   ] GC(147)   Merge Heap Roots: 0.08ms
[2025-12-08T09:18:16.747+0000][gc,phases   ] GC(147)   Evacuate Collection Set: 220.95ms
[2025-12-08T09:18:16.747+0000][gc,phases   ] GC(147)   Post Evacuate Collection Set: 76.73ms
[2025-12-08T09:18:16.747+0000][gc,phases   ] GC(147)   Other: 112.19ms
[2025-12-08T09:18:16.747+0000][gc,heap     ] GC(147) Eden regions: 15->0(15)
[2025-12-08T09:18:16.747+0000][gc,heap     ] GC(147) Survivor regions: 2->2(3)
[2025-12-08T09:18:16.747+0000][gc,heap     ] GC(147) Old regions: 30->30
[2025-12-08T09:18:16.747+0000][gc,heap     ] GC(147) Humongous regions: 158->158
[2025-12-08T09:18:16.771+0000][gc,metaspace] GC(147) Metaspace: 51047K(51840K)->51047K(51840K) NonClass: 45279K(45696K)->45279K(45696K) Class: 5767K(6144K)->5767K(6144K)
[2025-12-08T09:18:16.790+0000][gc          ] GC(147) Pause Young (Concurrent Start) (G1 Evacuation Pause) 204M->189M(355M) 668.683ms
[2025-12-08T09:18:16.790+0000][gc,cpu      ] GC(147) User=0.00s Sys=0.00s Real=0.67s
[2025-12-08T09:18:16.791+0000][gc          ] GC(148) Concurrent Mark Cycle
[2025-12-08T09:18:16.833+0000][gc,marking  ] GC(148) Concurrent Scan Root Regions
[2025-12-08T09:18:16.834+0000][gc,marking  ] GC(148) Concurrent Scan Root Regions 43.336ms
[2025-12-08T09:18:16.834+0000][gc,marking  ] GC(148) Concurrent Mark
[2025-12-08T09:18:16.834+0000][gc,marking  ] GC(148) Concurrent Mark From Roots
[2025-12-08T09:18:16.834+0000][gc,task     ] GC(148) Using 1 workers of 1 for marking
[2025-12-08T09:18:16.964+0000][gc,marking  ] GC(148) Concurrent Mark From Roots 129.827ms
[2025-12-08T09:18:16.964+0000][gc,marking  ] GC(148) Concurrent Preclean
[2025-12-08T09:18:16.964+0000][gc,marking  ] GC(148) Concurrent Preclean 0.113ms
[2025-12-08T09:18:16.964+0000][gc,start    ] GC(148) Pause Remark
[2025-12-08T09:18:17.029+0000][gc,mmu      ] GC(148) MMU target violated: 21.0ms (20.0ms/21.0ms)
[2025-12-08T09:18:17.029+0000][gc          ] GC(148) Pause Remark 189M->189M(355M) 64.874ms
[2025-12-08T09:18:17.029+0000][gc,cpu      ] GC(148) User=0.00s Sys=0.00s Real=0.07s
[2025-12-08T09:18:17.029+0000][gc,marking  ] GC(148) Concurrent Mark 195.105ms
[2025-12-08T09:18:17.029+0000][gc,marking  ] GC(148) Concurrent Rebuild Remembered Sets and Scrub Regions
[2025-12-08T09:18:17.051+0000][gc,marking  ] GC(148) Concurrent Rebuild Remembered Sets and Scrub Regions 21.848ms
[2025-12-08T09:18:17.051+0000][gc,start    ] GC(148) Pause Cleanup
[2025-12-08T09:18:17.051+0000][gc          ] GC(148) Pause Cleanup 189M->189M(355M) 0.085ms
[2025-12-08T09:18:17.051+0000][gc,cpu      ] GC(148) User=0.00s Sys=0.00s Real=0.00s
[2025-12-08T09:18:17.051+0000][gc,marking  ] GC(148) Concurrent Clear Claimed Marks
[2025-12-08T09:18:17.051+0000][gc,marking  ] GC(148) Concurrent Clear Claimed Marks 0.094ms
[2025-12-08T09:18:17.051+0000][gc,marking  ] GC(148) Concurrent Cleanup for Next Mark
[2025-12-08T09:18:17.072+0000][gc,marking  ] GC(148) Concurrent Cleanup for Next Mark 20.408ms
[2025-12-08T09:18:17.072+0000][gc          ] GC(148) Concurrent Mark Cycle 281.086ms
[2025-12-08T09:20:32.179+0000][gc,start    ] GC(149) Pause Young (Prepare Mixed) (G1 Evacuation Pause)
[2025-12-08T09:20:32.362+0000][gc,task     ] GC(149) Using 1 workers of 1 for evacuation
[2025-12-08T09:20:32.825+0000][gc,mmu      ] GC(149) MMU target violated: 21.0ms (20.0ms/21.0ms)
[2025-12-08T09:20:32.836+0000][gc,phases   ] GC(149)   Pre Evacuate Collection Set: 61.10ms
[2025-12-08T09:20:32.836+0000][gc,phases   ] GC(149)   Merge Heap Roots: 40.81ms
[2025-12-08T09:20:32.836+0000][gc,phases   ] GC(149)   Evacuate Collection Set: 215.59ms
[2025-12-08T09:20:32.836+0000][gc,phases   ] GC(149)   Post Evacuate Collection Set: 78.88ms
[2025-12-08T09:20:32.836+0000][gc,phases   ] GC(149)   Other: 144.87ms
[2025-12-08T09:20:32.836+0000][gc,heap     ] GC(149) Eden regions: 15->0(15)
[2025-12-08T09:20:32.836+0000][gc,heap     ] GC(149) Survivor regions: 2->2(3)
[2025-12-08T09:20:32.836+0000][gc,heap     ] GC(149) Old regions: 30->31
[2025-12-08T09:20:32.836+0000][gc,heap     ] GC(149) Humongous regions: 158->158
[2025-12-08T09:20:32.850+0000][gc,metaspace] GC(149) Metaspace: 51047K(51840K)->51047K(51840K) NonClass: 45279K(45696K)->45279K(45696K) Class: 5767K(6144K)->5767K(6144K)
[2025-12-08T09:20:32.869+0000][gc          ] GC(149) Pause Young (Prepare Mixed) (G1 Evacuation Pause) 204M->189M(355M) 709.375ms
[2025-12-08T09:20:32.869+0000][gc,cpu      ] GC(149) User=0.00s Sys=0.00s Real=0.75s
[2025-12-08T09:22:49.597+0000][gc,start    ] GC(150) Pause Young (Mixed) (G1 Evacuation Pause)
[2025-12-08T09:22:49.773+0000][gc,task     ] GC(150) Using 1 workers of 1 for evacuation
[2025-12-08T09:22:50.124+0000][gc,mmu      ] GC(150) MMU target violated: 21.0ms (20.0ms/21.0ms)
[2025-12-08T09:22:50.138+0000][gc,phases   ] GC(150)   Pre Evacuate Collection Set: 61.90ms
[2025-12-08T09:22:50.138+0000][gc,phases   ] GC(150)   Merge Heap Roots: 43.09ms
[2025-12-08T09:22:50.138+0000][gc,phases   ] GC(150)   Evacuate Collection Set: 144.71ms
[2025-12-08T09:22:50.138+0000][gc,phases   ] GC(150)   Post Evacuate Collection Set: 51.89ms
[2025-12-08T09:22:50.138+0000][gc,phases   ] GC(150)   Other: 104.39ms
[2025-12-08T09:22:50.138+0000][gc,heap     ] GC(150) Eden regions: 15->0(15)
[2025-12-08T09:22:50.138+0000][gc,heap     ] GC(150) Survivor regions: 2->2(3)
[2025-12-08T09:22:50.138+0000][gc,heap     ] GC(150) Old regions: 31->30
[2025-12-08T09:22:50.138+0000][gc,heap     ] GC(150) Humongous regions: 158->158
[2025-12-08T09:22:50.162+0000][gc,metaspace] GC(150) Metaspace: 51048K(51840K)->51048K(51840K) NonClass: 45281K(45696K)->45281K(45696K) Class: 5767K(6144K)->5767K(6144K)
[2025-12-08T09:22:50.181+0000][gc          ] GC(150) Pause Young (Mixed) (G1 Evacuation Pause) 204M->189M(355M) 607.972ms
[2025-12-08T09:22:50.182+0000][gc,cpu      ] GC(150) User=0.02s Sys=0.00s Real=0.66s
[2025-12-08T09:25:06.733+0000][gc,start    ] GC(151) Pause Young (Concurrent Start) (G1 Evacuation Pause)
[2025-12-08T09:25:06.890+0000][gc,task     ] GC(151) Using 1 workers of 1 for evacuation
[2025-12-08T09:25:07.380+0000][gc,mmu      ] GC(151) MMU target violated: 21.0ms (20.0ms/21.0ms)
[2025-12-08T09:25:07.385+0000][gc,phases   ] GC(151)   Pre Evacuate Collection Set: 32.59ms
[2025-12-08T09:25:07.385+0000][gc,phases   ] GC(151)   Merge Heap Roots: 19.68ms
[2025-12-08T09:25:07.385+0000][gc,phases   ] GC(151)   Evacuate Collection Set: 268.26ms
[2025-12-08T09:25:07.385+0000][gc,phases   ] GC(151)   Post Evacuate Collection Set: 91.14ms
[2025-12-08T09:25:07.385+0000][gc,phases   ] GC(151)   Other: 120.14ms
[2025-12-08T09:25:07.385+0000][gc,heap     ] GC(151) Eden regions: 15->0(15)
[2025-12-08T09:25:07.385+0000][gc,heap     ] GC(151) Survivor regions: 2->2(3)
[2025-12-08T09:25:07.385+0000][gc,heap     ] GC(151) Old regions: 30->30
[2025-12-08T09:25:07.385+0000][gc,heap     ] GC(151) Humongous regions: 158->158
[2025-12-08T09:25:07.406+0000][gc,metaspace] GC(151) Metaspace: 51048K(51840K)->51048K(51840K) NonClass: 45281K(45696K)->45281K(45696K) Class: 5767K(6144K)->5767K(6144K)
[2025-12-08T09:25:07.425+0000][gc          ] GC(151) Pause Young (Concurrent Start) (G1 Evacuation Pause) 204M->189M(355M) 712.145ms
[2025-12-08T09:25:07.425+0000][gc          ] GC(152) Concurrent Mark Cycle
[2025-12-08T09:25:07.425+0000][gc,cpu      ] GC(151) User=0.01s Sys=0.01s Real=0.72s
[2025-12-08T09:25:07.445+0000][gc,marking  ] GC(152) Concurrent Scan Root Regions
[2025-12-08T09:25:07.446+0000][gc,marking  ] GC(152) Concurrent Scan Root Regions 21.515ms
[2025-12-08T09:25:07.446+0000][gc,marking  ] GC(152) Concurrent Mark
[2025-12-08T09:25:07.446+0000][gc,marking  ] GC(152) Concurrent Mark From Roots
[2025-12-08T09:25:07.446+0000][gc,task     ] GC(152) Using 1 workers of 1 for marking
[2025-12-08T09:25:07.634+0000][gc,marking  ] GC(152) Concurrent Mark From Roots 187.624ms
[2025-12-08T09:25:07.634+0000][gc,marking  ] GC(152) Concurrent Preclean
[2025-12-08T09:25:07.634+0000][gc,marking  ] GC(152) Concurrent Preclean 0.109ms
[2025-12-08T09:25:07.634+0000][gc,start    ] GC(152) Pause Remark
[2025-12-08T09:25:07.759+0000][gc,mmu      ] GC(152) MMU target violated: 21.0ms (20.0ms/21.0ms)
[2025-12-08T09:25:07.759+0000][gc          ] GC(152) Pause Remark 189M->189M(355M) 125.164ms
[2025-12-08T09:25:07.759+0000][gc,cpu      ] GC(152) User=0.01s Sys=0.00s Real=0.13s
[2025-12-08T09:25:07.760+0000][gc,marking  ] GC(152) Concurrent Mark 313.135ms
[2025-12-08T09:25:07.760+0000][gc,marking  ] GC(152) Concurrent Rebuild Remembered Sets and Scrub Regions
[2025-12-08T09:25:07.782+0000][gc,marking  ] GC(152) Concurrent Rebuild Remembered Sets and Scrub Regions 22.189ms
[2025-12-08T09:25:07.782+0000][gc,start    ] GC(152) Pause Cleanup
[2025-12-08T09:25:07.782+0000][gc          ] GC(152) Pause Cleanup 189M->189M(355M) 0.092ms
[2025-12-08T09:25:07.782+0000][gc,cpu      ] GC(152) User=0.00s Sys=0.00s Real=0.00s
[2025-12-08T09:25:07.782+0000][gc,marking  ] GC(152) Concurrent Clear Claimed Marks
[2025-12-08T09:25:07.782+0000][gc,marking  ] GC(152) Concurrent Clear Claimed Marks 0.080ms
[2025-12-08T09:25:07.782+0000][gc,marking  ] GC(152) Concurrent Cleanup for Next Mark
[2025-12-08T09:25:07.805+0000][gc,marking  ] GC(152) Concurrent Cleanup for Next Mark 23.179ms
[2025-12-08T09:25:07.805+0000][gc          ] GC(152) Concurrent Mark Cycle 380.713ms
[2025-12-08T09:27:24.255+0000][gc,start    ] GC(153) Pause Young (Prepare Mixed) (G1 Evacuation Pause)
[2025-12-08T09:27:24.448+0000][gc,task     ] GC(153) Using 1 workers of 1 for evacuation
[2025-12-08T09:27:24.797+0000][gc,mmu      ] GC(153) MMU target violated: 21.0ms (20.0ms/21.0ms)
[2025-12-08T09:27:24.808+0000][gc,phases   ] GC(153)   Pre Evacuate Collection Set: 53.99ms
[2025-12-08T09:27:24.808+0000][gc,phases   ] GC(153)   Merge Heap Roots: 0.10ms
[2025-12-08T09:27:24.808+0000][gc,phases   ] GC(153)   Evacuate Collection Set: 154.66ms
[2025-12-08T09:27:24.808+0000][gc,phases   ] GC(153)   Post Evacuate Collection Set: 75.81ms
[2025-12-08T09:27:24.808+0000][gc,phases   ] GC(153)   Other: 112.72ms
[2025-12-08T09:27:24.808+0000][gc,heap     ] GC(153) Eden regions: 15->0(15)
[2025-12-08T09:27:24.808+0000][gc,heap     ] GC(153) Survivor regions: 2->2(3)
[2025-12-08T09:27:24.808+0000][gc,heap     ] GC(153) Old regions: 30->31
[2025-12-08T09:27:24.808+0000][gc,heap     ] GC(153) Humongous regions: 158->158
[2025-12-08T09:27:24.831+0000][gc,metaspace] GC(153) Metaspace: 51048K(51840K)->51048K(51840K) NonClass: 45281K(45696K)->45281K(45696K) Class: 5767K(6144K)->5767K(6144K)
[2025-12-08T09:27:24.851+0000][gc          ] GC(153) Pause Young (Prepare Mixed) (G1 Evacuation Pause) 204M->189M(355M) 618.212ms
[2025-12-08T09:27:24.851+0000][gc,cpu      ] GC(153) User=0.01s Sys=0.00s Real=0.62s
[2025-12-08T09:29:41.736+0000][gc,start    ] GC(154) Pause Young (Mixed) (G1 Evacuation Pause)
[2025-12-08T09:29:41.928+0000][gc,task     ] GC(154) Using 1 workers of 1 for evacuation
[2025-12-08T09:29:42.364+0000][gc,mmu      ] GC(154) MMU target violated: 21.0ms (20.0ms/21.0ms)
[2025-12-08T09:29:42.372+0000][gc,phases   ] GC(154)   Pre Evacuate Collection Set: 46.23ms
[2025-12-08T09:29:42.372+0000][gc,phases   ] GC(154)   Merge Heap Roots: 42.89ms
[2025-12-08T09:29:42.372+0000][gc,phases   ] GC(154)   Evacuate Collection Set: 223.74ms
[2025-12-08T09:29:42.372+0000][gc,phases   ] GC(154)   Post Evacuate Collection Set: 60.85ms
[2025-12-08T09:29:42.372+0000][gc,phases   ] GC(154)   Other: 121.20ms
[2025-12-08T09:29:42.372+0000][gc,heap     ] GC(154) Eden regions: 15->0(15)
[2025-12-08T09:29:42.372+0000][gc,heap     ] GC(154) Survivor regions: 2->2(3)
[2025-12-08T09:29:42.372+0000][gc,heap     ] GC(154) Old regions: 31->30
[2025-12-08T09:29:42.372+0000][gc,heap     ] GC(154) Humongous regions: 158->158
[2025-12-08T09:29:42.396+0000][gc,metaspace] GC(154) Metaspace: 51048K(51840K)->51048K(51840K) NonClass: 45281K(45696K)->45281K(45696K) Class: 5767K(6144K)->5767K(6144K)
[2025-12-08T09:29:42.415+0000][gc          ] GC(154) Pause Young (Mixed) (G1 Evacuation Pause) 204M->189M(355M) 732.625ms
[2025-12-08T09:29:42.415+0000][gc,cpu      ] GC(154) User=0.01s Sys=0.01s Real=0.79s
[2025-12-08T09:31:57.931+0000][gc,start    ] GC(155) Pause Young (Concurrent Start) (G1 Evacuation Pause)
[2025-12-08T09:31:58.134+0000][gc,task     ] GC(155) Using 1 workers of 1 for evacuation
[2025-12-08T09:31:58.618+0000][gc,mmu      ] GC(155) MMU target violated: 21.0ms (20.0ms/21.0ms)
[2025-12-08T09:31:58.633+0000][gc,phases   ] GC(155)   Pre Evacuate Collection Set: 58.84ms
[2025-12-08T09:31:58.633+0000][gc,phases   ] GC(155)   Merge Heap Roots: 34.58ms
[2025-12-08T09:31:58.633+0000][gc,phases   ] GC(155)   Evacuate Collection Set: 232.63ms
[2025-12-08T09:31:58.633+0000][gc,phases   ] GC(155)   Post Evacuate Collection Set: 74.44ms
[2025-12-08T09:31:58.633+0000][gc,phases   ] GC(155)   Other: 135.13ms
[2025-12-08T09:31:58.633+0000][gc,heap     ] GC(155) Eden regions: 15->0(15)
[2025-12-08T09:31:58.633+0000][gc,heap     ] GC(155) Survivor regions: 2->2(3)
[2025-12-08T09:31:58.633+0000][gc,heap     ] GC(155) Old regions: 30->30
[2025-12-08T09:31:58.633+0000][gc,heap     ] GC(155) Humongous regions: 158->158
[2025-12-08T09:31:58.657+0000][gc,metaspace] GC(155) Metaspace: 51048K(51840K)->51048K(51840K) NonClass: 45281K(45696K)->45281K(45696K) Class: 5767K(6144K)->5767K(6144K)
[2025-12-08T09:31:58.675+0000][gc          ] GC(155) Pause Young (Concurrent Start) (G1 Evacuation Pause) 204M->189M(355M) 744.063ms
[2025-12-08T09:31:58.675+0000][gc,cpu      ] GC(155) User=0.01s Sys=0.00s Real=0.79s
[2025-12-08T09:31:58.675+0000][gc          ] GC(156) Concurrent Mark Cycle
[2025-12-08T09:31:58.708+0000][gc,marking  ] GC(156) Concurrent Scan Root Regions
[2025-12-08T09:31:58.709+0000][gc,marking  ] GC(156) Concurrent Scan Root Regions 34.248ms
[2025-12-08T09:31:58.709+0000][gc,marking  ] GC(156) Concurrent Mark
[2025-12-08T09:31:58.709+0000][gc,marking  ] GC(156) Concurrent Mark From Roots
[2025-12-08T09:31:58.709+0000][gc,task     ] GC(156) Using 1 workers of 1 for marking
[2025-12-08T09:31:58.894+0000][gc,marking  ] GC(156) Concurrent Mark From Roots 184.567ms
[2025-12-08T09:31:58.894+0000][gc,marking  ] GC(156) Concurrent Preclean
[2025-12-08T09:31:58.894+0000][gc,marking  ] GC(156) Concurrent Preclean 0.106ms
[2025-12-08T09:31:58.894+0000][gc,start    ] GC(156) Pause Remark
[2025-12-08T09:31:58.943+0000][gc,mmu      ] GC(156) MMU target violated: 21.0ms (20.0ms/21.0ms)
[2025-12-08T09:31:58.943+0000][gc          ] GC(156) Pause Remark 189M->189M(355M) 49.074ms
[2025-12-08T09:31:58.943+0000][gc,cpu      ] GC(156) User=0.00s Sys=0.00s Real=0.05s
[2025-12-08T09:31:58.943+0000][gc,marking  ] GC(156) Concurrent Mark 233.926ms
[2025-12-08T09:31:58.943+0000][gc,marking  ] GC(156) Concurrent Rebuild Remembered Sets and Scrub Regions
[2025-12-08T09:31:58.966+0000][gc,marking  ] GC(156) Concurrent Rebuild Remembered Sets and Scrub Regions 22.340ms
[2025-12-08T09:31:58.966+0000][gc,start    ] GC(156) Pause Cleanup
[2025-12-08T09:31:58.966+0000][gc          ] GC(156) Pause Cleanup 189M->189M(355M) 0.434ms
[2025-12-08T09:31:58.966+0000][gc,cpu      ] GC(156) User=0.00s Sys=0.00s Real=0.00s
[2025-12-08T09:31:58.966+0000][gc,marking  ] GC(156) Concurrent Clear Claimed Marks
[2025-12-08T09:31:58.966+0000][gc,marking  ] GC(156) Concurrent Clear Claimed Marks 0.076ms
[2025-12-08T09:31:58.966+0000][gc,marking  ] GC(156) Concurrent Cleanup for Next Mark
[2025-12-08T09:31:58.995+0000][gc,marking  ] GC(156) Concurrent Cleanup for Next Mark 28.287ms
[2025-12-08T09:31:58.995+0000][gc          ] GC(156) Concurrent Mark Cycle 319.504ms
[2025-12-08T09:34:15.489+0000][gc,start    ] GC(157) Pause Young (Prepare Mixed) (G1 Evacuation Pause)
[2025-12-08T09:34:15.650+0000][gc,task     ] GC(157) Using 1 workers of 1 for evacuation
[2025-12-08T09:34:16.034+0000][gc,mmu      ] GC(157) MMU target violated: 21.0ms (20.0ms/21.0ms)
[2025-12-08T09:34:16.057+0000][gc,phases   ] GC(157)   Pre Evacuate Collection Set: 67.85ms
[2025-12-08T09:34:16.057+0000][gc,phases   ] GC(157)   Merge Heap Roots: 24.39ms
[2025-12-08T09:34:16.057+0000][gc,phases   ] GC(157)   Evacuate Collection Set: 170.19ms
[2025-12-08T09:34:16.057+0000][gc,phases   ] GC(157)   Post Evacuate Collection Set: 55.42ms
[2025-12-08T09:34:16.057+0000][gc,phases   ] GC(157)   Other: 118.68ms
[2025-12-08T09:34:16.081+0000][gc,heap     ] GC(157) Eden regions: 15->0(15)
[2025-12-08T09:34:16.081+0000][gc,heap     ] GC(157) Survivor regions: 2->2(3)
[2025-12-08T09:34:16.081+0000][gc,heap     ] GC(157) Old regions: 30->31
[2025-12-08T09:34:16.081+0000][gc,heap     ] GC(157) Humongous regions: 158->158
[2025-12-08T09:34:16.106+0000][gc,metaspace] GC(157) Metaspace: 51048K(51840K)->51048K(51840K) NonClass: 45281K(45696K)->45281K(45696K) Class: 5767K(6144K)->5767K(6144K)
[2025-12-08T09:34:16.126+0000][gc          ] GC(157) Pause Young (Prepare Mixed) (G1 Evacuation Pause) 204M->189M(355M) 679.402ms
[2025-12-08T09:34:16.126+0000][gc,cpu      ] GC(157) User=0.00s Sys=0.00s Real=0.68s
[2025-12-08T09:36:32.480+0000][gc,start    ] GC(158) Pause Young (Mixed) (G1 Evacuation Pause)
[2025-12-08T09:36:32.747+0000][gc,task     ] GC(158) Using 1 workers of 1 for evacuation
[2025-12-08T09:36:33.189+0000][gc,mmu      ] GC(158) MMU target violated: 21.0ms (20.0ms/21.0ms)
[2025-12-08T09:36:33.203+0000][gc,phases   ] GC(158)   Pre Evacuate Collection Set: 70.97ms
[2025-12-08T09:36:33.203+0000][gc,phases   ] GC(158)   Merge Heap Roots: 20.48ms
[2025-12-08T09:36:33.203+0000][gc,phases   ] GC(158)   Evacuate Collection Set: 226.16ms
[2025-12-08T09:36:33.203+0000][gc,phases   ] GC(158)   Post Evacuate Collection Set: 82.66ms
[2025-12-08T09:36:33.203+0000][gc,phases   ] GC(158)   Other: 107.32ms
[2025-12-08T09:36:33.203+0000][gc,heap     ] GC(158) Eden regions: 15->0(16)
[2025-12-08T09:36:33.203+0000][gc,heap     ] GC(158) Survivor regions: 2->1(3)
[2025-12-08T09:36:33.203+0000][gc,heap     ] GC(158) Old regions: 31->31
[2025-12-08T09:36:33.203+0000][gc,heap     ] GC(158) Humongous regions: 158->158
[2025-12-08T09:36:33.222+0000][gc,metaspace] GC(158) Metaspace: 51048K(51840K)->51048K(51840K) NonClass: 45281K(45696K)->45281K(45696K) Class: 5767K(6144K)->5767K(6144K)
[2025-12-08T09:36:33.244+0000][gc          ] GC(158) Pause Young (Mixed) (G1 Evacuation Pause) 204M->188M(355M) 800.936ms
[2025-12-08T09:36:33.244+0000][gc,cpu      ] GC(158) User=0.01s Sys=0.00s Real=0.84s
[2025-12-08T09:38:58.735+0000][gc,start    ] GC(159) Pause Young (Mixed) (G1 Evacuation Pause)
[2025-12-08T09:38:58.901+0000][gc,task     ] GC(159) Using 1 workers of 1 for evacuation
[2025-12-08T09:38:59.374+0000][gc,mmu      ] GC(159) MMU target violated: 21.0ms (20.0ms/21.0ms)
[2025-12-08T09:38:59.389+0000][gc,phases   ] GC(159)   Pre Evacuate Collection Set: 64.05ms
[2025-12-08T09:38:59.389+0000][gc,phases   ] GC(159)   Merge Heap Roots: 41.24ms
[2025-12-08T09:38:59.389+0000][gc,phases   ] GC(159)   Evacuate Collection Set: 228.84ms
[2025-12-08T09:38:59.389+0000][gc,phases   ] GC(159)   Post Evacuate Collection Set: 60.45ms
[2025-12-08T09:38:59.389+0000][gc,phases   ] GC(159)   Other: 128.10ms
[2025-12-08T09:38:59.389+0000][gc,heap     ] GC(159) Eden regions: 16->0(16)
[2025-12-08T09:38:59.389+0000][gc,heap     ] GC(159) Survivor regions: 1->1(3)
[2025-12-08T09:38:59.389+0000][gc,heap     ] GC(159) Old regions: 31->30
[2025-12-08T09:38:59.389+0000][gc,heap     ] GC(159) Humongous regions: 158->158
[2025-12-08T09:38:59.404+0000][gc,metaspace] GC(159) Metaspace: 51048K(51840K)->51048K(51840K) NonClass: 45281K(45696K)->45281K(45696K) Class: 5767K(6144K)->5767K(6144K)
[2025-12-08T09:38:59.420+0000][gc          ] GC(159) Pause Young (Mixed) (G1 Evacuation Pause) 204M->188M(355M) 734.908ms
[2025-12-08T09:38:59.420+0000][gc,cpu      ] GC(159) User=0.01s Sys=0.01s Real=0.79s
[2025-12-08T09:41:26.023+0000][gc,start    ] GC(160) Pause Young (Concurrent Start) (G1 Evacuation Pause)
[2025-12-08T09:41:26.181+0000][gc,task     ] GC(160) Using 1 workers of 1 for evacuation
[2025-12-08T09:41:26.541+0000][gc,mmu      ] GC(160) MMU target violated: 21.0ms (20.0ms/21.0ms)
[2025-12-08T09:41:26.541+0000][gc,phases   ] GC(160)   Pre Evacuate Collection Set: 56.35ms
[2025-12-08T09:41:26.541+0000][gc,phases   ] GC(160)   Merge Heap Roots: 21.20ms
[2025-12-08T09:41:26.541+0000][gc,phases   ] GC(160)   Evacuate Collection Set: 167.54ms
[2025-12-08T09:41:26.541+0000][gc,phases   ] GC(160)   Post Evacuate Collection Set: 37.73ms
[2025-12-08T09:41:26.541+0000][gc,phases   ] GC(160)   Other: 106.69ms
[2025-12-08T09:41:26.541+0000][gc,heap     ] GC(160) Eden regions: 16->0(16)
[2025-12-08T09:41:26.541+0000][gc,heap     ] GC(160) Survivor regions: 1->1(3)
[2025-12-08T09:41:26.541+0000][gc,heap     ] GC(160) Old regions: 30->31
[2025-12-08T09:41:26.541+0000][gc,heap     ] GC(160) Humongous regions: 158->158
[2025-12-08T09:41:26.552+0000][gc,metaspace] GC(160) Metaspace: 51048K(51840K)->51048K(51840K) NonClass: 45281K(45696K)->45281K(45696K) Class: 5767K(6144K)->5767K(6144K)
[2025-12-08T09:41:26.571+0000][gc          ] GC(160) Pause Young (Concurrent Start) (G1 Evacuation Pause) 204M->189M(355M) 589.639ms
[2025-12-08T09:41:26.571+0000][gc          ] GC(161) Concurrent Mark Cycle
[2025-12-08T09:41:26.572+0000][gc,cpu      ] GC(160) User=0.01s Sys=0.00s Real=0.63s
[2025-12-08T09:41:26.594+0000][gc,marking  ] GC(161) Concurrent Scan Root Regions
[2025-12-08T09:41:26.595+0000][gc,marking  ] GC(161) Concurrent Scan Root Regions 23.675ms
[2025-12-08T09:41:26.595+0000][gc,marking  ] GC(161) Concurrent Mark
[2025-12-08T09:41:26.595+0000][gc,marking  ] GC(161) Concurrent Mark From Roots
[2025-12-08T09:41:26.595+0000][gc,task     ] GC(161) Using 1 workers of 1 for marking
[2025-12-08T09:41:26.754+0000][gc,marking  ] GC(161) Concurrent Mark From Roots 158.667ms
[2025-12-08T09:41:26.754+0000][gc,marking  ] GC(161) Concurrent Preclean
[2025-12-08T09:41:26.754+0000][gc,marking  ] GC(161) Concurrent Preclean 0.107ms
[2025-12-08T09:41:26.754+0000][gc,start    ] GC(161) Pause Remark
[2025-12-08T09:41:26.841+0000][gc,mmu      ] GC(161) MMU target violated: 21.0ms (20.0ms/21.0ms)
[2025-12-08T09:41:26.841+0000][gc          ] GC(161) Pause Remark 189M->189M(355M) 86.794ms
[2025-12-08T09:41:26.841+0000][gc,cpu      ] GC(161) User=0.01s Sys=0.00s Real=0.09s
[2025-12-08T09:41:26.841+0000][gc,marking  ] GC(161) Concurrent Mark 245.976ms
[2025-12-08T09:41:26.841+0000][gc,marking  ] GC(161) Concurrent Rebuild Remembered Sets and Scrub Regions
[2025-12-08T09:41:26.862+0000][gc,marking  ] GC(161) Concurrent Rebuild Remembered Sets and Scrub Regions 21.229ms
[2025-12-08T09:41:26.862+0000][gc,start    ] GC(161) Pause Cleanup
[2025-12-08T09:41:26.863+0000][gc          ] GC(161) Pause Cleanup 189M->189M(355M) 0.108ms
[2025-12-08T09:41:26.863+0000][gc,cpu      ] GC(161) User=0.00s Sys=0.00s Real=0.00s
[2025-12-08T09:41:26.863+0000][gc,marking  ] GC(161) Concurrent Clear Claimed Marks
[2025-12-08T09:41:26.863+0000][gc,marking  ] GC(161) Concurrent Clear Claimed Marks 0.101ms
[2025-12-08T09:41:26.863+0000][gc,marking  ] GC(161) Concurrent Cleanup for Next Mark
[2025-12-08T09:41:26.875+0000][gc,marking  ] GC(161) Concurrent Cleanup for Next Mark 12.348ms
[2025-12-08T09:41:26.875+0000][gc          ] GC(161) Concurrent Mark Cycle 303.632ms
[2025-12-08T09:43:52.982+0000][gc,start    ] GC(162) Pause Young (Prepare Mixed) (G1 Evacuation Pause)
[2025-12-08T09:43:53.257+0000][gc,task     ] GC(162) Using 1 workers of 1 for evacuation
[2025-12-08T09:43:53.830+0000][gc,mmu      ] GC(162) MMU target violated: 21.0ms (20.0ms/21.0ms)
[2025-12-08T09:43:53.844+0000][gc,phases   ] GC(162)   Pre Evacuate Collection Set: 119.45ms
[2025-12-08T09:43:53.844+0000][gc,phases   ] GC(162)   Merge Heap Roots: 42.35ms
[2025-12-08T09:43:53.845+0000][gc,phases   ] GC(162)   Evacuate Collection Set: 247.27ms
[2025-12-08T09:43:53.845+0000][gc,phases   ] GC(162)   Post Evacuate Collection Set: 74.59ms
[2025-12-08T09:43:53.845+0000][gc,phases   ] GC(162)   Other: 181.44ms
[2025-12-08T09:43:53.845+0000][gc,heap     ] GC(162) Eden regions: 16->0(16)
[2025-12-08T09:43:53.845+0000][gc,heap     ] GC(162) Survivor regions: 1->1(3)
[2025-12-08T09:43:53.845+0000][gc,heap     ] GC(162) Old regions: 31->31
[2025-12-08T09:43:53.845+0000][gc,heap     ] GC(162) Humongous regions: 158->158
[2025-12-08T09:43:53.864+0000][gc,metaspace] GC(162) Metaspace: 51048K(51840K)->51048K(51840K) NonClass: 45281K(45696K)->45281K(45696K) Class: 5767K(6144K)->5767K(6144K)
[2025-12-08T09:43:53.883+0000][gc          ] GC(162) Pause Young (Prepare Mixed) (G1 Evacuation Pause) 205M->189M(355M) 935.531ms
[2025-12-08T09:43:53.883+0000][gc,cpu      ] GC(162) User=0.00s Sys=0.01s Real=0.98s
[2025-12-08T09:46:18.775+0000][gc,start    ] GC(163) Pause Young (Mixed) (G1 Evacuation Pause)
[2025-12-08T09:46:18.970+0000][gc,task     ] GC(163) Using 1 workers of 1 for evacuation
[2025-12-08T09:46:19.397+0000][gc,mmu      ] GC(163) MMU target violated: 21.0ms (20.0ms/21.0ms)
[2025-12-08T09:46:19.408+0000][gc,phases   ] GC(163)   Pre Evacuate Collection Set: 66.22ms
[2025-12-08T09:46:19.408+0000][gc,phases   ] GC(163)   Merge Heap Roots: 44.61ms
[2025-12-08T09:46:19.408+0000][gc,phases   ] GC(163)   Evacuate Collection Set: 168.04ms
[2025-12-08T09:46:19.408+0000][gc,phases   ] GC(163)   Post Evacuate Collection Set: 76.54ms
[2025-12-08T09:46:19.408+0000][gc,phases   ] GC(163)   Other: 128.57ms
[2025-12-08T09:46:19.408+0000][gc,heap     ] GC(163) Eden regions: 16->0(16)
[2025-12-08T09:46:19.408+0000][gc,heap     ] GC(163) Survivor regions: 1->1(3)
[2025-12-08T09:46:19.408+0000][gc,heap     ] GC(163) Old regions: 31->30
[2025-12-08T09:46:19.408+0000][gc,heap     ] GC(163) Humongous regions: 158->158
[2025-12-08T09:46:19.421+0000][gc,metaspace] GC(163) Metaspace: 51048K(51840K)->51048K(51840K) NonClass: 45281K(45696K)->45281K(45696K) Class: 5767K(6144K)->5767K(6144K)
[2025-12-08T09:46:19.439+0000][gc          ] GC(163) Pause Young (Mixed) (G1 Evacuation Pause) 205M->188M(355M) 707.318ms
[2025-12-08T09:46:19.439+0000][gc,cpu      ] GC(163) User=0.01s Sys=0.01s Real=0.75s
[2025-12-08T09:48:45.254+0000][gc,start    ] GC(164) Pause Young (Mixed) (G1 Evacuation Pause)
[2025-12-08T09:48:45.424+0000][gc,task     ] GC(164) Using 1 workers of 1 for evacuation
[2025-12-08T09:48:45.773+0000][gc,mmu      ] GC(164) MMU target violated: 21.0ms (20.0ms/21.0ms)
[2025-12-08T09:48:45.787+0000][gc,phases   ] GC(164)   Pre Evacuate Collection Set: 48.06ms
[2025-12-08T09:48:45.787+0000][gc,phases   ] GC(164)   Merge Heap Roots: 35.86ms
[2025-12-08T09:48:45.787+0000][gc,phases   ] GC(164)   Evacuate Collection Set: 162.13ms
[2025-12-08T09:48:45.787+0000][gc,phases   ] GC(164)   Post Evacuate Collection Set: 52.17ms
[2025-12-08T09:48:45.787+0000][gc,phases   ] GC(164)   Other: 113.75ms
[2025-12-08T09:48:45.787+0000][gc,heap     ] GC(164) Eden regions: 16->0(16)
[2025-12-08T09:48:45.787+0000][gc,heap     ] GC(164) Survivor regions: 1->1(3)
[2025-12-08T09:48:45.787+0000][gc,heap     ] GC(164) Old regions: 30->30
[2025-12-08T09:48:45.787+0000][gc,heap     ] GC(164) Humongous regions: 158->158
[2025-12-08T09:48:45.810+0000][gc,metaspace] GC(164) Metaspace: 51048K(51840K)->51048K(51840K) NonClass: 45281K(45696K)->45281K(45696K) Class: 5767K(6144K)->5767K(6144K)
[2025-12-08T09:48:45.829+0000][gc          ] GC(164) Pause Young (Mixed) (G1 Evacuation Pause) 204M->188M(355M) 615.431ms
[2025-12-08T09:48:45.829+0000][gc,cpu      ] GC(164) User=0.01s Sys=0.01s Real=0.68s
[2025-12-08T09:51:12.241+0000][gc,start    ] GC(165) Pause Young (Concurrent Start) (G1 Evacuation Pause)
[2025-12-08T09:51:12.414+0000][gc,task     ] GC(165) Using 1 workers of 1 for evacuation
[2025-12-08T09:51:12.895+0000][gc,mmu      ] GC(165) MMU target violated: 21.0ms (20.0ms/21.0ms)
[2025-12-08T09:51:12.905+0000][gc,phases   ] GC(165)   Pre Evacuate Collection Set: 66.39ms
[2025-12-08T09:51:12.905+0000][gc,phases   ] GC(165)   Merge Heap Roots: 38.24ms
[2025-12-08T09:51:12.905+0000][gc,phases   ] GC(165)   Evacuate Collection Set: 246.21ms
[2025-12-08T09:51:12.905+0000][gc,phases   ] GC(165)   Post Evacuate Collection Set: 43.06ms
[2025-12-08T09:51:12.905+0000][gc,phases   ] GC(165)   Other: 139.85ms
[2025-12-08T09:51:12.905+0000][gc,heap     ] GC(165) Eden regions: 16->0(16)
[2025-12-08T09:51:12.905+0000][gc,heap     ] GC(165) Survivor regions: 1->1(3)
[2025-12-08T09:51:12.905+0000][gc,heap     ] GC(165) Old regions: 30->30
[2025-12-08T09:51:12.905+0000][gc,heap     ] GC(165) Humongous regions: 158->158
[2025-12-08T09:51:12.922+0000][gc,metaspace] GC(165) Metaspace: 51048K(51840K)->51048K(51840K) NonClass: 45281K(45696K)->45281K(45696K) Class: 5767K(6144K)->5767K(6144K)
[2025-12-08T09:51:12.942+0000][gc          ] GC(165) Pause Young (Concurrent Start) (G1 Evacuation Pause) 204M->188M(355M) 740.444ms
[2025-12-08T09:51:12.942+0000][gc          ] GC(166) Concurrent Mark Cycle
[2025-12-08T09:51:12.942+0000][gc,cpu      ] GC(165) User=0.00s Sys=0.01s Real=0.80s
[2025-12-08T09:51:12.965+0000][gc,marking  ] GC(166) Concurrent Scan Root Regions
[2025-12-08T09:51:12.966+0000][gc,marking  ] GC(166) Concurrent Scan Root Regions 24.153ms
[2025-12-08T09:51:12.966+0000][gc,marking  ] GC(166) Concurrent Mark
[2025-12-08T09:51:12.966+0000][gc,marking  ] GC(166) Concurrent Mark From Roots
[2025-12-08T09:51:12.966+0000][gc,task     ] GC(166) Using 1 workers of 1 for marking
[2025-12-08T09:51:13.196+0000][gc,marking  ] GC(166) Concurrent Mark From Roots 230.284ms
[2025-12-08T09:51:13.196+0000][gc,marking  ] GC(166) Concurrent Preclean
[2025-12-08T09:51:13.197+0000][gc,marking  ] GC(166) Concurrent Preclean 0.424ms
[2025-12-08T09:51:13.197+0000][gc,start    ] GC(166) Pause Remark
[2025-12-08T09:51:13.329+0000][gc,mmu      ] GC(166) MMU target violated: 21.0ms (20.0ms/21.0ms)
[2025-12-08T09:51:13.329+0000][gc          ] GC(166) Pause Remark 189M->189M(355M) 132.162ms
[2025-12-08T09:51:13.329+0000][gc,cpu      ] GC(166) User=0.01s Sys=0.00s Real=0.13s
[2025-12-08T09:51:13.329+0000][gc,marking  ] GC(166) Concurrent Mark 363.197ms
[2025-12-08T09:51:13.329+0000][gc,marking  ] GC(166) Concurrent Rebuild Remembered Sets and Scrub Regions
[2025-12-08T09:51:13.351+0000][gc,marking  ] GC(166) Concurrent Rebuild Remembered Sets and Scrub Regions 21.660ms
[2025-12-08T09:51:13.351+0000][gc,start    ] GC(166) Pause Cleanup
[2025-12-08T09:51:13.351+0000][gc          ] GC(166) Pause Cleanup 189M->189M(355M) 0.085ms
[2025-12-08T09:51:13.351+0000][gc,cpu      ] GC(166) User=0.00s Sys=0.00s Real=0.00s
[2025-12-08T09:51:13.351+0000][gc,marking  ] GC(166) Concurrent Clear Claimed Marks
[2025-12-08T09:51:13.351+0000][gc,marking  ] GC(166) Concurrent Clear Claimed Marks 0.078ms
[2025-12-08T09:51:13.351+0000][gc,marking  ] GC(166) Concurrent Cleanup for Next Mark
[2025-12-08T09:51:13.373+0000][gc,marking  ] GC(166) Concurrent Cleanup for Next Mark 21.982ms
[2025-12-08T09:51:13.373+0000][gc          ] GC(166) Concurrent Mark Cycle 431.362ms
[2025-12-08T09:53:38.945+0000][gc,start    ] GC(167) Pause Young (Prepare Mixed) (G1 Evacuation Pause)
[2025-12-08T09:53:39.128+0000][gc,task     ] GC(167) Using 1 workers of 1 for evacuation
[2025-12-08T09:53:39.566+0000][gc,mmu      ] GC(167) MMU target violated: 21.0ms (20.0ms/21.0ms)
[2025-12-08T09:53:39.580+0000][gc,phases   ] GC(167)   Pre Evacuate Collection Set: 72.79ms
[2025-12-08T09:53:39.580+0000][gc,phases   ] GC(167)   Merge Heap Roots: 44.71ms
[2025-12-08T09:53:39.580+0000][gc,phases   ] GC(167)   Evacuate Collection Set: 194.89ms
[2025-12-08T09:53:39.580+0000][gc,phases   ] GC(167)   Post Evacuate Collection Set: 65.19ms
[2025-12-08T09:53:39.580+0000][gc,phases   ] GC(167)   Other: 115.22ms
[2025-12-08T09:53:39.580+0000][gc,heap     ] GC(167) Eden regions: 16->0(16)
[2025-12-08T09:53:39.580+0000][gc,heap     ] GC(167) Survivor regions: 1->1(3)
[2025-12-08T09:53:39.580+0000][gc,heap     ] GC(167) Old regions: 30->30
[2025-12-08T09:53:39.580+0000][gc,heap     ] GC(167) Humongous regions: 158->158
[2025-12-08T09:53:39.603+0000][gc,metaspace] GC(167) Metaspace: 51048K(51840K)->51048K(51840K) NonClass: 45281K(45696K)->45281K(45696K) Class: 5767K(6144K)->5767K(6144K)
[2025-12-08T09:53:39.622+0000][gc          ] GC(167) Pause Young (Prepare Mixed) (G1 Evacuation Pause) 204M->188M(355M) 735.217ms
[2025-12-08T09:53:39.622+0000][gc,cpu      ] GC(167) User=0.00s Sys=0.00s Real=0.79s
[2025-12-08T09:56:06.241+0000][gc,start    ] GC(168) Pause Young (Mixed) (G1 Evacuation Pause)
[2025-12-08T09:56:06.501+0000][gc,task     ] GC(168) Using 1 workers of 1 for evacuation
[2025-12-08T09:56:07.038+0000][gc,mmu      ] GC(168) MMU target violated: 21.0ms (20.0ms/21.0ms)
[2025-12-08T09:56:07.056+0000][gc,phases   ] GC(168)   Pre Evacuate Collection Set: 46.51ms
[2025-12-08T09:56:07.056+0000][gc,phases   ] GC(168)   Merge Heap Roots: 45.75ms
[2025-12-08T09:56:07.056+0000][gc,phases   ] GC(168)   Evacuate Collection Set: 239.79ms
[2025-12-08T09:56:07.056+0000][gc,phases   ] GC(168)   Post Evacuate Collection Set: 98.22ms
[2025-12-08T09:56:07.056+0000][gc,phases   ] GC(168)   Other: 197.24ms
[2025-12-08T09:56:07.056+0000][gc,heap     ] GC(168) Eden regions: 16->0(16)
[2025-12-08T09:56:07.056+0000][gc,heap     ] GC(168) Survivor regions: 1->1(3)
[2025-12-08T09:56:07.056+0000][gc,heap     ] GC(168) Old regions: 30->30
[2025-12-08T09:56:07.056+0000][gc,heap     ] GC(168) Humongous regions: 158->158
[2025-12-08T09:56:07.079+0000][gc,metaspace] GC(168) Metaspace: 51048K(51840K)->51048K(51840K) NonClass: 45281K(45696K)->45281K(45696K) Class: 5767K(6144K)->5767K(6144K)
[2025-12-08T09:56:07.111+0000][gc          ] GC(168) Pause Young (Mixed) (G1 Evacuation Pause) 204M->188M(355M) 921.869ms
[2025-12-08T09:56:07.111+0000][gc,cpu      ] GC(168) User=0.00s Sys=0.01s Real=0.98s
[2025-12-08T09:58:33.094+0000][gc,start    ] GC(169) Pause Young (Mixed) (G1 Evacuation Pause)
[2025-12-08T09:58:33.330+0000][gc,task     ] GC(169) Using 1 workers of 1 for evacuation
[2025-12-08T09:58:34.027+0000][gc,mmu      ] GC(169) MMU target violated: 21.0ms (20.0ms/21.0ms)
[2025-12-08T09:58:34.046+0000][gc,phases   ] GC(169)   Pre Evacuate Collection Set: 95.41ms
[2025-12-08T09:58:34.046+0000][gc,phases   ] GC(169)   Merge Heap Roots: 61.00ms
[2025-12-08T09:58:34.046+0000][gc,phases   ] GC(169)   Evacuate Collection Set: 328.38ms
[2025-12-08T09:58:34.046+0000][gc,phases   ] GC(169)   Post Evacuate Collection Set: 84.89ms
[2025-12-08T09:58:34.046+0000][gc,phases   ] GC(169)   Other: 220.33ms
[2025-12-08T09:58:34.046+0000][gc,heap     ] GC(169) Eden regions: 16->0(16)
[2025-12-08T09:58:34.046+0000][gc,heap     ] GC(169) Survivor regions: 1->1(3)
[2025-12-08T09:58:34.046+0000][gc,heap     ] GC(169) Old regions: 30->30
[2025-12-08T09:58:34.046+0000][gc,heap     ] GC(169) Humongous regions: 158->158
[2025-12-08T09:58:34.082+0000][gc,metaspace] GC(169) Metaspace: 51048K(51840K)->51048K(51840K) NonClass: 45281K(45696K)->45281K(45696K) Class: 5767K(6144K)->5767K(6144K)
[2025-12-08T09:58:34.104+0000][gc          ] GC(169) Pause Young (Mixed) (G1 Evacuation Pause) 204M->188M(355M) 1047.950ms
[2025-12-08T09:58:34.104+0000][gc,cpu      ] GC(169) User=0.01s Sys=0.01s Real=1.10s
[2025-12-08T10:00:44.654+0000][gc,start    ] GC(170) Pause Young (Concurrent Start) (G1 Evacuation Pause)
[2025-12-08T10:00:44.836+0000][gc,task     ] GC(170) Using 1 workers of 1 for evacuation
[2025-12-08T10:00:45.374+0000][gc,mmu      ] GC(170) MMU target violated: 21.0ms (20.0ms/21.0ms)
[2025-12-08T10:00:45.388+0000][gc,phases   ] GC(170)   Pre Evacuate Collection Set: 51.21ms
[2025-12-08T10:00:45.388+0000][gc,phases   ] GC(170)   Merge Heap Roots: 44.41ms
[2025-12-08T10:00:45.388+0000][gc,phases   ] GC(170)   Evacuate Collection Set: 268.07ms
[2025-12-08T10:00:45.388+0000][gc,phases   ] GC(170)   Post Evacuate Collection Set: 87.12ms
[2025-12-08T10:00:45.388+0000][gc,phases   ] GC(170)   Other: 149.73ms
[2025-12-08T10:00:45.388+0000][gc,heap     ] GC(170) Eden regions: 16->0(15)
[2025-12-08T10:00:45.388+0000][gc,heap     ] GC(170) Survivor regions: 1->2(3)
[2025-12-08T10:00:45.388+0000][gc,heap     ] GC(170) Old regions: 30->30
[2025-12-08T10:00:45.388+0000][gc,heap     ] GC(170) Humongous regions: 158->158
[2025-12-08T10:00:45.411+0000][gc,metaspace] GC(170) Metaspace: 51048K(51840K)->51048K(51840K) NonClass: 45281K(45696K)->45281K(45696K) Class: 5767K(6144K)->5767K(6144K)
[2025-12-08T10:00:45.442+0000][gc          ] GC(170) Pause Young (Concurrent Start) (G1 Evacuation Pause) 204M->189M(355M) 832.483ms
[2025-12-08T10:00:45.442+0000][gc,cpu      ] GC(170) User=0.01s Sys=0.01s Real=0.87s
[2025-12-08T10:00:45.442+0000][gc          ] GC(171) Concurrent Mark Cycle
[2025-12-08T10:00:45.477+0000][gc,marking  ] GC(171) Concurrent Scan Root Regions
[2025-12-08T10:00:45.479+0000][gc,marking  ] GC(171) Concurrent Scan Root Regions 36.713ms
[2025-12-08T10:00:45.479+0000][gc,marking  ] GC(171) Concurrent Mark
[2025-12-08T10:00:45.479+0000][gc,marking  ] GC(171) Concurrent Mark From Roots
[2025-12-08T10:00:45.479+0000][gc,task     ] GC(171) Using 1 workers of 1 for marking
[2025-12-08T10:00:45.678+0000][gc,marking  ] GC(171) Concurrent Mark From Roots 198.676ms
[2025-12-08T10:00:45.678+0000][gc,marking  ] GC(171) Concurrent Preclean
[2025-12-08T10:00:45.678+0000][gc,marking  ] GC(171) Concurrent Preclean 0.115ms
[2025-12-08T10:00:45.678+0000][gc,start    ] GC(171) Pause Remark
[2025-12-08T10:00:45.762+0000][gc,mmu      ] GC(171) MMU target violated: 21.0ms (20.0ms/21.0ms)
[2025-12-08T10:00:45.762+0000][gc          ] GC(171) Pause Remark 190M->190M(355M) 84.123ms
[2025-12-08T10:00:45.762+0000][gc,cpu      ] GC(171) User=0.01s Sys=0.00s Real=0.08s
[2025-12-08T10:00:45.762+0000][gc,marking  ] GC(171) Concurrent Mark 283.074ms
[2025-12-08T10:00:45.762+0000][gc,marking  ] GC(171) Concurrent Rebuild Remembered Sets and Scrub Regions
[2025-12-08T10:00:45.783+0000][gc,marking  ] GC(171) Concurrent Rebuild Remembered Sets and Scrub Regions 21.441ms
[2025-12-08T10:00:45.783+0000][gc,start    ] GC(171) Pause Cleanup
[2025-12-08T10:00:45.784+0000][gc          ] GC(171) Pause Cleanup 190M->190M(355M) 0.098ms
[2025-12-08T10:00:45.784+0000][gc,cpu      ] GC(171) User=0.00s Sys=0.00s Real=0.00s
[2025-12-08T10:00:45.784+0000][gc,marking  ] GC(171) Concurrent Clear Claimed Marks
[2025-12-08T10:00:45.784+0000][gc,marking  ] GC(171) Concurrent Clear Claimed Marks 0.078ms
[2025-12-08T10:00:45.784+0000][gc,marking  ] GC(171) Concurrent Cleanup for Next Mark
[2025-12-08T10:00:45.806+0000][gc,marking  ] GC(171) Concurrent Cleanup for Next Mark 22.297ms
[2025-12-08T10:00:45.806+0000][gc          ] GC(171) Concurrent Mark Cycle 363.897ms
[2025-12-08T10:03:03.124+0000][gc,start    ] GC(172) Pause Young (Prepare Mixed) (G1 Evacuation Pause)
[2025-12-08T10:03:03.295+0000][gc,task     ] GC(172) Using 1 workers of 1 for evacuation
[2025-12-08T10:03:03.715+0000][gc,mmu      ] GC(172) MMU target violated: 21.0ms (20.0ms/21.0ms)
[2025-12-08T10:03:03.726+0000][gc,phases   ] GC(172)   Pre Evacuate Collection Set: 68.06ms
[2025-12-08T10:03:03.726+0000][gc,phases   ] GC(172)   Merge Heap Roots: 47.29ms
[2025-12-08T10:03:03.726+0000][gc,phases   ] GC(172)   Evacuate Collection Set: 160.82ms
[2025-12-08T10:03:03.726+0000][gc,phases   ] GC(172)   Post Evacuate Collection Set: 68.14ms
[2025-12-08T10:03:03.726+0000][gc,phases   ] GC(172)   Other: 119.96ms
[2025-12-08T10:03:03.726+0000][gc,heap     ] GC(172) Eden regions: 15->0(15)
[2025-12-08T10:03:03.726+0000][gc,heap     ] GC(172) Survivor regions: 2->2(3)
[2025-12-08T10:03:03.726+0000][gc,heap     ] GC(172) Old regions: 30->31
[2025-12-08T10:03:03.726+0000][gc,heap     ] GC(172) Humongous regions: 158->158
[2025-12-08T10:03:03.750+0000][gc,metaspace] GC(172) Metaspace: 51048K(51840K)->51048K(51840K) NonClass: 45281K(45696K)->45281K(45696K) Class: 5767K(6144K)->5767K(6144K)
[2025-12-08T10:03:03.768+0000][gc          ] GC(172) Pause Young (Prepare Mixed) (G1 Evacuation Pause) 204M->189M(355M) 688.928ms
[2025-12-08T10:03:03.768+0000][gc,cpu      ] GC(172) User=0.01s Sys=0.00s Real=0.73s
[2025-12-08T10:05:20.431+0000][gc,start    ] GC(173) Pause Young (Mixed) (G1 Evacuation Pause)
[2025-12-08T10:05:20.616+0000][gc,task     ] GC(173) Using 1 workers of 1 for evacuation
[2025-12-08T10:05:21.081+0000][gc,mmu      ] GC(173) MMU target violated: 21.0ms (20.0ms/21.0ms)
[2025-12-08T10:05:21.095+0000][gc,phases   ] GC(173)   Pre Evacuate Collection Set: 67.34ms
[2025-12-08T10:05:21.095+0000][gc,phases   ] GC(173)   Merge Heap Roots: 43.29ms
[2025-12-08T10:05:21.095+0000][gc,phases   ] GC(173)   Evacuate Collection Set: 205.52ms
[2025-12-08T10:05:21.095+0000][gc,phases   ] GC(173)   Post Evacuate Collection Set: 69.00ms
[2025-12-08T10:05:21.095+0000][gc,phases   ] GC(173)   Other: 145.47ms
[2025-12-08T10:05:21.095+0000][gc,heap     ] GC(173) Eden regions: 15->0(15)
[2025-12-08T10:05:21.095+0000][gc,heap     ] GC(173) Survivor regions: 2->2(3)
[2025-12-08T10:05:21.095+0000][gc,heap     ] GC(173) Old regions: 31->30
[2025-12-08T10:05:21.095+0000][gc,heap     ] GC(173) Humongous regions: 158->158
[2025-12-08T10:05:21.115+0000][gc,metaspace] GC(173) Metaspace: 51049K(51840K)->51049K(51840K) NonClass: 45282K(45696K)->45282K(45696K) Class: 5767K(6144K)->5767K(6144K)
[2025-12-08T10:05:21.134+0000][gc          ] GC(173) Pause Young (Mixed) (G1 Evacuation Pause) 204M->189M(355M) 745.011ms
[2025-12-08T10:05:21.134+0000][gc,cpu      ] GC(173) User=0.01s Sys=0.01s Real=0.78s
[2025-12-08T10:07:37.582+0000][gc,start    ] GC(174) Pause Young (Mixed) (G1 Evacuation Pause)
[2025-12-08T10:07:37.820+0000][gc,task     ] GC(174) Using 1 workers of 1 for evacuation
[2025-12-08T10:07:38.673+0000][gc,mmu      ] GC(174) MMU target violated: 21.0ms (20.0ms/21.0ms)
[2025-12-08T10:07:38.687+0000][gc,phases   ] GC(174)   Pre Evacuate Collection Set: 86.14ms
[2025-12-08T10:07:38.687+0000][gc,phases   ] GC(174)   Merge Heap Roots: 55.64ms
[2025-12-08T10:07:38.687+0000][gc,phases   ] GC(174)   Evacuate Collection Set: 434.12ms
[2025-12-08T10:07:38.687+0000][gc,phases   ] GC(174)   Post Evacuate Collection Set: 184.64ms
[2025-12-08T10:07:38.711+0000][gc,phases   ] GC(174)   Other: 174.78ms
[2025-12-08T10:07:38.711+0000][gc,heap     ] GC(174) Eden regions: 15->0(15)
[2025-12-08T10:07:38.711+0000][gc,heap     ] GC(174) Survivor regions: 2->2(3)
[2025-12-08T10:07:38.711+0000][gc,heap     ] GC(174) Old regions: 30->30
[2025-12-08T10:07:38.711+0000][gc,heap     ] GC(174) Humongous regions: 158->158
[2025-12-08T10:07:38.728+0000][gc,metaspace] GC(174) Metaspace: 51049K(51840K)->51049K(51840K) NonClass: 45282K(45696K)->45282K(45696K) Class: 5767K(6144K)->5767K(6144K)
[2025-12-08T10:07:38.742+0000][gc          ] GC(174) Pause Young (Mixed) (G1 Evacuation Pause) 204M->189M(355M) 1186.666ms
[2025-12-08T10:07:38.742+0000][gc,cpu      ] GC(174) User=0.01s Sys=0.01s Real=1.23s
[2025-12-08T10:09:55.107+0000][gc,start    ] GC(175) Pause Young (Concurrent Start) (G1 Evacuation Pause)
[2025-12-08T10:09:55.279+0000][gc,task     ] GC(175) Using 1 workers of 1 for evacuation
[2025-12-08T10:09:55.627+0000][gc,mmu      ] GC(175) MMU target violated: 21.0ms (20.0ms/21.0ms)
[2025-12-08T10:09:55.642+0000][gc,phases   ] GC(175)   Pre Evacuate Collection Set: 57.34ms
[2025-12-08T10:09:55.642+0000][gc,phases   ] GC(175)   Merge Heap Roots: 31.46ms
[2025-12-08T10:09:55.642+0000][gc,phases   ] GC(175)   Evacuate Collection Set: 134.43ms
[2025-12-08T10:09:55.642+0000][gc,phases   ] GC(175)   Post Evacuate Collection Set: 54.69ms
[2025-12-08T10:09:55.642+0000][gc,phases   ] GC(175)   Other: 120.08ms
[2025-12-08T10:09:55.642+0000][gc,heap     ] GC(175) Eden regions: 15->0(15)
[2025-12-08T10:09:55.642+0000][gc,heap     ] GC(175) Survivor regions: 2->2(3)
[2025-12-08T10:09:55.642+0000][gc,heap     ] GC(175) Old regions: 30->30
[2025-12-08T10:09:55.642+0000][gc,heap     ] GC(175) Humongous regions: 158->158
[2025-12-08T10:09:55.665+0000][gc,metaspace] GC(175) Metaspace: 51052K(51840K)->51052K(51840K) NonClass: 45285K(45696K)->45285K(45696K) Class: 5767K(6144K)->5767K(6144K)
[2025-12-08T10:09:55.684+0000][gc          ] GC(175) Pause Young (Concurrent Start) (G1 Evacuation Pause) 204M->189M(355M) 577.439ms
[2025-12-08T10:09:55.684+0000][gc          ] GC(176) Concurrent Mark Cycle
[2025-12-08T10:09:55.684+0000][gc,cpu      ] GC(175) User=0.00s Sys=0.00s Real=0.61s
[2025-12-08T10:09:55.708+0000][gc,marking  ] GC(176) Concurrent Scan Root Regions
[2025-12-08T10:09:55.709+0000][gc,marking  ] GC(176) Concurrent Scan Root Regions 25.155ms
[2025-12-08T10:09:55.709+0000][gc,marking  ] GC(176) Concurrent Mark
[2025-12-08T10:09:55.709+0000][gc,marking  ] GC(176) Concurrent Mark From Roots
[2025-12-08T10:09:55.709+0000][gc,task     ] GC(176) Using 1 workers of 1 for marking
[2025-12-08T10:09:55.876+0000][gc,marking  ] GC(176) Concurrent Mark From Roots 166.451ms
[2025-12-08T10:09:55.876+0000][gc,marking  ] GC(176) Concurrent Preclean
[2025-12-08T10:09:55.876+0000][gc,marking  ] GC(176) Concurrent Preclean 0.115ms
[2025-12-08T10:09:55.876+0000][gc,start    ] GC(176) Pause Remark
[2025-12-08T10:09:55.958+0000][gc,mmu      ] GC(176) MMU target violated: 21.0ms (20.0ms/21.0ms)
[2025-12-08T10:09:55.958+0000][gc          ] GC(176) Pause Remark 189M->189M(355M) 81.741ms
[2025-12-08T10:09:55.958+0000][gc,cpu      ] GC(176) User=0.00s Sys=0.00s Real=0.08s
[2025-12-08T10:09:55.958+0000][gc,marking  ] GC(176) Concurrent Mark 248.486ms
[2025-12-08T10:09:55.958+0000][gc,marking  ] GC(176) Concurrent Rebuild Remembered Sets and Scrub Regions
[2025-12-08T10:09:55.980+0000][gc,marking  ] GC(176) Concurrent Rebuild Remembered Sets and Scrub Regions 21.428ms
[2025-12-08T10:09:55.980+0000][gc,start    ] GC(176) Pause Cleanup
[2025-12-08T10:09:55.980+0000][gc          ] GC(176) Pause Cleanup 189M->189M(355M) 0.087ms
[2025-12-08T10:09:55.980+0000][gc,cpu      ] GC(176) User=0.00s Sys=0.00s Real=0.00s
[2025-12-08T10:09:55.980+0000][gc,marking  ] GC(176) Concurrent Clear Claimed Marks
[2025-12-08T10:09:55.980+0000][gc,marking  ] GC(176) Concurrent Clear Claimed Marks 0.083ms
[2025-12-08T10:09:55.980+0000][gc,marking  ] GC(176) Concurrent Cleanup for Next Mark
[2025-12-08T10:09:55.996+0000][gc,marking  ] GC(176) Concurrent Cleanup for Next Mark 15.698ms
[2025-12-08T10:09:55.996+0000][gc          ] GC(176) Concurrent Mark Cycle 311.606ms
[2025-12-08T10:12:12.149+0000][gc,start    ] GC(177) Pause Young (Prepare Mixed) (G1 Evacuation Pause)
[2025-12-08T10:12:12.299+0000][gc,task     ] GC(177) Using 1 workers of 1 for evacuation
[2025-12-08T10:12:12.682+0000][gc,mmu      ] GC(177) MMU target violated: 21.0ms (20.0ms/21.0ms)
[2025-12-08T10:12:12.695+0000][gc,phases   ] GC(177)   Pre Evacuate Collection Set: 62.78ms
[2025-12-08T10:12:12.695+0000][gc,phases   ] GC(177)   Merge Heap Roots: 43.12ms
[2025-12-08T10:12:12.695+0000][gc,phases   ] GC(177)   Evacuate Collection Set: 178.48ms
[2025-12-08T10:12:12.695+0000][gc,phases   ] GC(177)   Post Evacuate Collection Set: 60.48ms
[2025-12-08T10:12:12.695+0000][gc,phases   ] GC(177)   Other: 74.45ms
[2025-12-08T10:12:12.695+0000][gc,heap     ] GC(177) Eden regions: 15->0(15)
[2025-12-08T10:12:12.695+0000][gc,heap     ] GC(177) Survivor regions: 2->2(3)
[2025-12-08T10:12:12.695+0000][gc,heap     ] GC(177) Old regions: 30->30
[2025-12-08T10:12:12.695+0000][gc,heap     ] GC(177) Humongous regions: 158->158
[2025-12-08T10:12:12.718+0000][gc,metaspace] GC(177) Metaspace: 51052K(51840K)->51052K(51840K) NonClass: 45285K(45696K)->45285K(45696K) Class: 5767K(6144K)->5767K(6144K)
[2025-12-08T10:12:12.737+0000][gc          ] GC(177) Pause Young (Prepare Mixed) (G1 Evacuation Pause) 204M->189M(355M) 626.558ms
[2025-12-08T10:12:12.737+0000][gc,cpu      ] GC(177) User=0.00s Sys=0.01s Real=0.63s
[2025-12-08T10:14:29.023+0000][gc,start    ] GC(178) Pause Young (Mixed) (G1 Evacuation Pause)
[2025-12-08T10:14:29.266+0000][gc,task     ] GC(178) Using 1 workers of 1 for evacuation
[2025-12-08T10:14:30.033+0000][gc,mmu      ] GC(178) MMU target violated: 21.0ms (20.0ms/21.0ms)
[2025-12-08T10:14:30.046+0000][gc,phases   ] GC(178)   Pre Evacuate Collection Set: 135.77ms
[2025-12-08T10:14:30.046+0000][gc,phases   ] GC(178)   Merge Heap Roots: 40.13ms
[2025-12-08T10:14:30.046+0000][gc,phases   ] GC(178)   Evacuate Collection Set: 380.38ms
[2025-12-08T10:14:30.046+0000][gc,phases   ] GC(178)   Post Evacuate Collection Set: 97.30ms
[2025-12-08T10:14:30.069+0000][gc,phases   ] GC(178)   Other: 191.91ms
[2025-12-08T10:14:30.069+0000][gc,heap     ] GC(178) Eden regions: 15->0(15)
[2025-12-08T10:14:30.069+0000][gc,heap     ] GC(178) Survivor regions: 2->2(3)
[2025-12-08T10:14:30.069+0000][gc,heap     ] GC(178) Old regions: 30->30
[2025-12-08T10:14:30.075+0000][gc,heap     ] GC(178) Humongous regions: 158->158
[2025-12-08T10:14:30.088+0000][gc,metaspace] GC(178) Metaspace: 51052K(51840K)->51052K(51840K) NonClass: 45285K(45696K)->45285K(45696K) Class: 5767K(6144K)->5767K(6144K)
[2025-12-08T10:14:30.110+0000][gc          ] GC(178) Pause Young (Mixed) (G1 Evacuation Pause) 204M->189M(355M) 1104.980ms
[2025-12-08T10:14:30.110+0000][gc,cpu      ] GC(178) User=0.01s Sys=0.01s Real=1.16s
[2025-12-08T10:16:47.306+0000][gc,start    ] GC(179) Pause Young (Mixed) (G1 Evacuation Pause)
[2025-12-08T10:16:47.475+0000][gc,task     ] GC(179) Using 1 workers of 1 for evacuation
[2025-12-08T10:16:47.928+0000][gc,mmu      ] GC(179) MMU target violated: 21.0ms (20.0ms/21.0ms)
[2025-12-08T10:16:47.941+0000][gc,phases   ] GC(179)   Pre Evacuate Collection Set: 43.41ms
[2025-12-08T10:16:47.942+0000][gc,phases   ] GC(179)   Merge Heap Roots: 40.58ms
[2025-12-08T10:16:47.942+0000][gc,phases   ] GC(179)   Evacuate Collection Set: 230.43ms
[2025-12-08T10:16:47.942+0000][gc,phases   ] GC(179)   Post Evacuate Collection Set: 62.05ms
[2025-12-08T10:16:47.942+0000][gc,phases   ] GC(179)   Other: 122.83ms
[2025-12-08T10:16:47.942+0000][gc,heap     ] GC(179) Eden regions: 15->0(15)
[2025-12-08T10:16:47.942+0000][gc,heap     ] GC(179) Survivor regions: 2->2(3)
[2025-12-08T10:16:47.942+0000][gc,heap     ] GC(179) Old regions: 30->30
[2025-12-08T10:16:47.942+0000][gc,heap     ] GC(179) Humongous regions: 158->158
[2025-12-08T10:16:47.959+0000][gc,metaspace] GC(179) Metaspace: 51052K(51840K)->51052K(51840K) NonClass: 45285K(45696K)->45285K(45696K) Class: 5767K(6144K)->5767K(6144K)
[2025-12-08T10:16:47.978+0000][gc          ] GC(179) Pause Young (Mixed) (G1 Evacuation Pause) 204M->189M(355M) 710.921ms
[2025-12-08T10:16:47.978+0000][gc,cpu      ] GC(179) User=0.01s Sys=0.00s Real=0.76s
[2025-12-08T10:19:05.461+0000][gc,start    ] GC(180) Pause Young (Concurrent Start) (G1 Evacuation Pause)
[2025-12-08T10:19:05.635+0000][gc,task     ] GC(180) Using 1 workers of 1 for evacuation
[2025-12-08T10:19:06.102+0000][gc,mmu      ] GC(180) MMU target violated: 21.0ms (20.0ms/21.0ms)
[2025-12-08T10:19:06.115+0000][gc,phases   ] GC(180)   Pre Evacuate Collection Set: 63.82ms
[2025-12-08T10:19:06.115+0000][gc,phases   ] GC(180)   Merge Heap Roots: 43.66ms
[2025-12-08T10:19:06.115+0000][gc,phases   ] GC(180)   Evacuate Collection Set: 198.72ms
[2025-12-08T10:19:06.115+0000][gc,phases   ] GC(180)   Post Evacuate Collection Set: 65.23ms
[2025-12-08T10:19:06.115+0000][gc,phases   ] GC(180)   Other: 152.91ms
[2025-12-08T10:19:06.115+0000][gc,heap     ] GC(180) Eden regions: 15->0(15)
[2025-12-08T10:19:06.115+0000][gc,heap     ] GC(180) Survivor regions: 2->2(3)
[2025-12-08T10:19:06.115+0000][gc,heap     ] GC(180) Old regions: 30->30
[2025-12-08T10:19:06.115+0000][gc,heap     ] GC(180) Humongous regions: 158->158
[2025-12-08T10:19:06.139+0000][gc,metaspace] GC(180) Metaspace: 51052K(51840K)->51052K(51840K) NonClass: 45285K(45696K)->45285K(45696K) Class: 5767K(6144K)->5767K(6144K)
[2025-12-08T10:19:06.156+0000][gc          ] GC(180) Pause Young (Concurrent Start) (G1 Evacuation Pause) 204M->189M(355M) 751.383ms
[2025-12-08T10:19:06.156+0000][gc,cpu      ] GC(180) User=0.01s Sys=0.00s Real=0.80s
[2025-12-08T10:19:06.156+0000][gc          ] GC(181) Concurrent Mark Cycle
[2025-12-08T10:19:06.191+0000][gc,marking  ] GC(181) Concurrent Scan Root Regions
[2025-12-08T10:19:06.192+0000][gc,marking  ] GC(181) Concurrent Scan Root Regions 35.841ms
[2025-12-08T10:19:06.192+0000][gc,marking  ] GC(181) Concurrent Mark
[2025-12-08T10:19:06.192+0000][gc,marking  ] GC(181) Concurrent Mark From Roots
[2025-12-08T10:19:06.192+0000][gc,task     ] GC(181) Using 1 workers of 1 for marking
[2025-12-08T10:19:06.385+0000][gc,marking  ] GC(181) Concurrent Mark From Roots 193.330ms
[2025-12-08T10:19:06.385+0000][gc,marking  ] GC(181) Concurrent Preclean
[2025-12-08T10:19:06.385+0000][gc,marking  ] GC(181) Concurrent Preclean 0.100ms
[2025-12-08T10:19:06.385+0000][gc,start    ] GC(181) Pause Remark
[2025-12-08T10:19:06.502+0000][gc,mmu      ] GC(181) MMU target violated: 21.0ms (20.0ms/21.0ms)
[2025-12-08T10:19:06.502+0000][gc          ] GC(181) Pause Remark 189M->189M(355M) 116.334ms
[2025-12-08T10:19:06.502+0000][gc,cpu      ] GC(181) User=0.01s Sys=0.00s Real=0.11s
[2025-12-08T10:19:06.502+0000][gc,marking  ] GC(181) Concurrent Mark 310.461ms
[2025-12-08T10:19:06.502+0000][gc,marking  ] GC(181) Concurrent Rebuild Remembered Sets and Scrub Regions
[2025-12-08T10:19:06.523+0000][gc,marking  ] GC(181) Concurrent Rebuild Remembered Sets and Scrub Regions 21.048ms
[2025-12-08T10:19:06.523+0000][gc,start    ] GC(181) Pause Cleanup
[2025-12-08T10:19:06.524+0000][gc          ] GC(181) Pause Cleanup 189M->189M(355M) 0.103ms
[2025-12-08T10:19:06.524+0000][gc,cpu      ] GC(181) User=0.00s Sys=0.00s Real=0.00s
[2025-12-08T10:19:06.524+0000][gc,marking  ] GC(181) Concurrent Clear Claimed Marks
[2025-12-08T10:19:06.524+0000][gc,marking  ] GC(181) Concurrent Clear Claimed Marks 0.078ms
[2025-12-08T10:19:06.524+0000][gc,marking  ] GC(181) Concurrent Cleanup for Next Mark
[2025-12-08T10:19:06.546+0000][gc,marking  ] GC(181) Concurrent Cleanup for Next Mark 22.706ms
[2025-12-08T10:19:06.546+0000][gc          ] GC(181) Concurrent Mark Cycle 390.442ms
[2025-12-08T10:21:21.878+0000][gc,start    ] GC(182) Pause Young (Prepare Mixed) (G1 Evacuation Pause)
[2025-12-08T10:21:22.061+0000][gc,task     ] GC(182) Using 1 workers of 1 for evacuation
[2025-12-08T10:21:22.555+0000][gc,mmu      ] GC(182) MMU target violated: 21.0ms (20.0ms/21.0ms)
[2025-12-08T10:21:22.569+0000][gc,phases   ] GC(182)   Pre Evacuate Collection Set: 69.87ms
[2025-12-08T10:21:22.569+0000][gc,phases   ] GC(182)   Merge Heap Roots: 44.06ms
[2025-12-08T10:21:22.569+0000][gc,phases   ] GC(182)   Evacuate Collection Set: 248.38ms
[2025-12-08T10:21:22.569+0000][gc,phases   ] GC(182)   Post Evacuate Collection Set: 43.78ms
[2025-12-08T10:21:22.569+0000][gc,phases   ] GC(182)   Other: 153.55ms
[2025-12-08T10:21:22.569+0000][gc,heap     ] GC(182) Eden regions: 15->0(15)
[2025-12-08T10:21:22.569+0000][gc,heap     ] GC(182) Survivor regions: 2->2(3)
[2025-12-08T10:21:22.569+0000][gc,heap     ] GC(182) Old regions: 30->30
[2025-12-08T10:21:22.569+0000][gc,heap     ] GC(182) Humongous regions: 158->158
[2025-12-08T10:21:22.591+0000][gc,metaspace] GC(182) Metaspace: 51052K(51840K)->51052K(51840K) NonClass: 45285K(45696K)->45285K(45696K) Class: 5767K(6144K)->5767K(6144K)
[2025-12-08T10:21:22.605+0000][gc          ] GC(182) Pause Young (Prepare Mixed) (G1 Evacuation Pause) 204M->189M(355M) 769.591ms
[2025-12-08T10:21:22.605+0000][gc,cpu      ] GC(182) User=0.01s Sys=0.00s Real=0.81s
[2025-12-08T10:23:38.922+0000][gc,start    ] GC(183) Pause Young (Mixed) (G1 Evacuation Pause)
[2025-12-08T10:23:39.100+0000][gc,task     ] GC(183) Using 1 workers of 1 for evacuation
[2025-12-08T10:23:39.664+0000][gc,mmu      ] GC(183) MMU target violated: 21.0ms (20.0ms/21.0ms)
[2025-12-08T10:23:39.675+0000][gc,phases   ] GC(183)   Pre Evacuate Collection Set: 60.26ms
[2025-12-08T10:23:39.675+0000][gc,phases   ] GC(183)   Merge Heap Roots: 38.52ms
[2025-12-08T10:23:39.675+0000][gc,phases   ] GC(183)   Evacuate Collection Set: 305.76ms
[2025-12-08T10:23:39.675+0000][gc,phases   ] GC(183)   Post Evacuate Collection Set: 64.98ms
[2025-12-08T10:23:39.675+0000][gc,phases   ] GC(183)   Other: 153.12ms
[2025-12-08T10:23:39.675+0000][gc,heap     ] GC(183) Eden regions: 15->0(15)
[2025-12-08T10:23:39.675+0000][gc,heap     ] GC(183) Survivor regions: 2->2(3)
[2025-12-08T10:23:39.675+0000][gc,heap     ] GC(183) Old regions: 30->30
[2025-12-08T10:23:39.675+0000][gc,heap     ] GC(183) Humongous regions: 158->158
[2025-12-08T10:23:39.694+0000][gc,metaspace] GC(183) Metaspace: 51052K(51840K)->51052K(51840K) NonClass: 45285K(45696K)->45285K(45696K) Class: 5767K(6144K)->5767K(6144K)
[2025-12-08T10:23:39.713+0000][gc          ] GC(183) Pause Young (Mixed) (G1 Evacuation Pause) 204M->189M(355M) 791.456ms
[2025-12-08T10:23:39.713+0000][gc,cpu      ] GC(183) User=0.01s Sys=0.00s Real=0.85s
[2025-12-08T10:25:56.328+0000][gc,start    ] GC(184) Pause Young (Concurrent Start) (G1 Evacuation Pause)
[2025-12-08T10:25:56.510+0000][gc,task     ] GC(184) Using 1 workers of 1 for evacuation
[2025-12-08T10:25:56.944+0000][gc,mmu      ] GC(184) MMU target violated: 21.0ms (20.0ms/21.0ms)
[2025-12-08T10:25:56.959+0000][gc,phases   ] GC(184)   Pre Evacuate Collection Set: 61.92ms
[2025-12-08T10:25:56.959+0000][gc,phases   ] GC(184)   Merge Heap Roots: 45.68ms
[2025-12-08T10:25:56.959+0000][gc,phases   ] GC(184)   Evacuate Collection Set: 206.52ms
[2025-12-08T10:25:56.959+0000][gc,phases   ] GC(184)   Post Evacuate Collection Set: 44.61ms
[2025-12-08T10:25:56.959+0000][gc,phases   ] GC(184)   Other: 138.47ms
[2025-12-08T10:25:56.959+0000][gc,heap     ] GC(184) Eden regions: 15->0(15)
[2025-12-08T10:25:56.959+0000][gc,heap     ] GC(184) Survivor regions: 2->2(3)
[2025-12-08T10:25:56.959+0000][gc,heap     ] GC(184) Old regions: 30->30
[2025-12-08T10:25:56.959+0000][gc,heap     ] GC(184) Humongous regions: 158->158
[2025-12-08T10:25:56.976+0000][gc,metaspace] GC(184) Metaspace: 51052K(51840K)->51052K(51840K) NonClass: 45285K(45696K)->45285K(45696K) Class: 5767K(6144K)->5767K(6144K)
[2025-12-08T10:25:56.995+0000][gc          ] GC(184) Pause Young (Concurrent Start) (G1 Evacuation Pause) 204M->189M(355M) 688.854ms
[2025-12-08T10:25:57.020+0000][gc,cpu      ] GC(184) User=0.01s Sys=0.00s Real=0.76s
[2025-12-08T10:25:57.020+0000][gc          ] GC(185) Concurrent Mark Cycle
[2025-12-08T10:25:57.049+0000][gc,marking  ] GC(185) Concurrent Scan Root Regions
[2025-12-08T10:25:57.052+0000][gc,marking  ] GC(185) Concurrent Scan Root Regions 31.524ms
[2025-12-08T10:25:57.052+0000][gc,marking  ] GC(185) Concurrent Mark
[2025-12-08T10:25:57.052+0000][gc,marking  ] GC(185) Concurrent Mark From Roots
[2025-12-08T10:25:57.052+0000][gc,task     ] GC(185) Using 1 workers of 1 for marking
[2025-12-08T10:25:57.198+0000][gc,marking  ] GC(185) Concurrent Mark From Roots 145.905ms
[2025-12-08T10:25:57.198+0000][gc,marking  ] GC(185) Concurrent Preclean
[2025-12-08T10:25:57.198+0000][gc,marking  ] GC(185) Concurrent Preclean 0.108ms
[2025-12-08T10:25:57.198+0000][gc,start    ] GC(185) Pause Remark
[2025-12-08T10:25:57.402+0000][gc,mmu      ] GC(185) MMU target violated: 21.0ms (20.0ms/21.0ms)
[2025-12-08T10:25:57.402+0000][gc          ] GC(185) Pause Remark 189M->189M(355M) 203.733ms
[2025-12-08T10:25:57.402+0000][gc,cpu      ] GC(185) User=0.00s Sys=0.00s Real=0.20s
[2025-12-08T10:25:57.403+0000][gc,marking  ] GC(185) Concurrent Mark 350.900ms
[2025-12-08T10:25:57.403+0000][gc,marking  ] GC(185) Concurrent Rebuild Remembered Sets and Scrub Regions
[2025-12-08T10:25:57.424+0000][gc,marking  ] GC(185) Concurrent Rebuild Remembered Sets and Scrub Regions 21.020ms
[2025-12-08T10:25:57.471+0000][gc,start    ] GC(185) Pause Cleanup
[2025-12-08T10:25:57.471+0000][gc          ] GC(185) Pause Cleanup 189M->189M(355M) 0.129ms
[2025-12-08T10:25:57.471+0000][gc,cpu      ] GC(185) User=0.00s Sys=0.00s Real=0.00s
[2025-12-08T10:25:57.471+0000][gc,marking  ] GC(185) Concurrent Clear Claimed Marks
[2025-12-08T10:25:57.471+0000][gc,marking  ] GC(185) Concurrent Clear Claimed Marks 0.082ms
[2025-12-08T10:25:57.471+0000][gc,marking  ] GC(185) Concurrent Cleanup for Next Mark
[2025-12-08T10:25:57.495+0000][gc,marking  ] GC(185) Concurrent Cleanup for Next Mark 23.992ms
[2025-12-08T10:25:57.495+0000][gc          ] GC(185) Concurrent Mark Cycle 474.849ms
[2025-12-08T10:28:13.902+0000][gc,start    ] GC(186) Pause Young (Prepare Mixed) (G1 Evacuation Pause)
[2025-12-08T10:28:14.073+0000][gc,task     ] GC(186) Using 1 workers of 1 for evacuation
[2025-12-08T10:28:14.530+0000][gc,mmu      ] GC(186) MMU target violated: 21.0ms (20.0ms/21.0ms)
[2025-12-08T10:28:14.544+0000][gc,phases   ] GC(186)   Pre Evacuate Collection Set: 47.42ms
[2025-12-08T10:28:14.544+0000][gc,phases   ] GC(186)   Merge Heap Roots: 44.39ms
[2025-12-08T10:28:14.544+0000][gc,phases   ] GC(186)   Evacuate Collection Set: 203.46ms
[2025-12-08T10:28:14.544+0000][gc,phases   ] GC(186)   Post Evacuate Collection Set: 82.23ms
[2025-12-08T10:28:14.544+0000][gc,phases   ] GC(186)   Other: 138.92ms
[2025-12-08T10:28:14.544+0000][gc,heap     ] GC(186) Eden regions: 15->0(15)
[2025-12-08T10:28:14.544+0000][gc,heap     ] GC(186) Survivor regions: 2->2(3)
[2025-12-08T10:28:14.544+0000][gc,heap     ] GC(186) Old regions: 30->30
[2025-12-08T10:28:14.544+0000][gc,heap     ] GC(186) Humongous regions: 158->158
[2025-12-08T10:28:14.568+0000][gc,metaspace] GC(186) Metaspace: 51052K(51840K)->51052K(51840K) NonClass: 45285K(45696K)->45285K(45696K) Class: 5767K(6144K)->5767K(6144K)
[2025-12-08T10:28:14.577+0000][gc          ] GC(186) Pause Young (Prepare Mixed) (G1 Evacuation Pause) 204M->189M(355M) 718.885ms
[2025-12-08T10:28:14.577+0000][gc,cpu      ] GC(186) User=0.01s Sys=0.01s Real=0.75s
[2025-12-08T10:30:29.769+0000][gc,start    ] GC(187) Pause Young (Mixed) (G1 Evacuation Pause)
[2025-12-08T10:30:29.966+0000][gc,task     ] GC(187) Using 1 workers of 1 for evacuation
[2025-12-08T10:30:30.572+0000][gc,mmu      ] GC(187) MMU target violated: 21.0ms (20.0ms/21.0ms)
[2025-12-08T10:30:30.585+0000][gc,phases   ] GC(187)   Pre Evacuate Collection Set: 83.13ms
[2025-12-08T10:30:30.585+0000][gc,phases   ] GC(187)   Merge Heap Roots: 43.86ms
[2025-12-08T10:30:30.585+0000][gc,phases   ] GC(187)   Evacuate Collection Set: 279.17ms
[2025-12-08T10:30:30.585+0000][gc,phases   ] GC(187)   Post Evacuate Collection Set: 87.29ms
[2025-12-08T10:30:30.585+0000][gc,phases   ] GC(187)   Other: 165.15ms
[2025-12-08T10:30:30.585+0000][gc,heap     ] GC(187) Eden regions: 15->0(15)
[2025-12-08T10:30:30.585+0000][gc,heap     ] GC(187) Survivor regions: 2->2(3)
[2025-12-08T10:30:30.585+0000][gc,heap     ] GC(187) Old regions: 30->30
[2025-12-08T10:30:30.585+0000][gc,heap     ] GC(187) Humongous regions: 158->158
[2025-12-08T10:30:30.608+0000][gc,metaspace] GC(187) Metaspace: 51052K(51840K)->51052K(51840K) NonClass: 45285K(45696K)->45285K(45696K) Class: 5767K(6144K)->5767K(6144K)
[2025-12-08T10:30:30.626+0000][gc          ] GC(187) Pause Young (Mixed) (G1 Evacuation Pause) 204M->189M(355M) 901.158ms
[2025-12-08T10:30:30.626+0000][gc,cpu      ] GC(187) User=0.01s Sys=0.00s Real=0.95s
[2025-12-08T10:32:47.100+0000][gc,start    ] GC(188) Pause Young (Concurrent Start) (G1 Evacuation Pause)
[2025-12-08T10:32:47.247+0000][gc,task     ] GC(188) Using 1 workers of 1 for evacuation
[2025-12-08T10:32:47.711+0000][gc,mmu      ] GC(188) MMU target violated: 21.0ms (20.0ms/21.0ms)
[2025-12-08T10:32:47.724+0000][gc,phases   ] GC(188)   Pre Evacuate Collection Set: 56.69ms
[2025-12-08T10:32:47.724+0000][gc,phases   ] GC(188)   Merge Heap Roots: 0.08ms
[2025-12-08T10:32:47.724+0000][gc,phases   ] GC(188)   Evacuate Collection Set: 227.17ms
[2025-12-08T10:32:47.724+0000][gc,phases   ] GC(188)   Post Evacuate Collection Set: 87.56ms
[2025-12-08T10:32:47.724+0000][gc,phases   ] GC(188)   Other: 130.10ms
[2025-12-08T10:32:47.724+0000][gc,heap     ] GC(188) Eden regions: 15->0(15)
[2025-12-08T10:32:47.724+0000][gc,heap     ] GC(188) Survivor regions: 2->2(3)
[2025-12-08T10:32:47.724+0000][gc,heap     ] GC(188) Old regions: 30->30
[2025-12-08T10:32:47.724+0000][gc,heap     ] GC(188) Humongous regions: 158->158
[2025-12-08T10:32:47.748+0000][gc,metaspace] GC(188) Metaspace: 51052K(51840K)->51052K(51840K) NonClass: 45285K(45696K)->45285K(45696K) Class: 5767K(6144K)->5767K(6144K)
[2025-12-08T10:32:47.761+0000][gc          ] GC(188) Pause Young (Concurrent Start) (G1 Evacuation Pause) 204M->189M(355M) 691.532ms
[2025-12-08T10:32:47.786+0000][gc          ] GC(189) Concurrent Mark Cycle
[2025-12-08T10:32:47.786+0000][gc,cpu      ] GC(188) User=0.01s Sys=0.01s Real=0.72s
[2025-12-08T10:32:47.801+0000][gc,marking  ] GC(189) Concurrent Scan Root Regions
[2025-12-08T10:32:47.802+0000][gc,marking  ] GC(189) Concurrent Scan Root Regions 15.780ms
[2025-12-08T10:32:47.802+0000][gc,marking  ] GC(189) Concurrent Mark
[2025-12-08T10:32:47.802+0000][gc,marking  ] GC(189) Concurrent Mark From Roots
[2025-12-08T10:32:47.802+0000][gc,task     ] GC(189) Using 1 workers of 1 for marking
[2025-12-08T10:32:47.962+0000][gc,marking  ] GC(189) Concurrent Mark From Roots 159.727ms
[2025-12-08T10:32:47.962+0000][gc,marking  ] GC(189) Concurrent Preclean
[2025-12-08T10:32:47.962+0000][gc,marking  ] GC(189) Concurrent Preclean 0.115ms
[2025-12-08T10:32:47.962+0000][gc,start    ] GC(189) Pause Remark
[2025-12-08T10:32:48.041+0000][gc,mmu      ] GC(189) MMU target violated: 21.0ms (20.0ms/21.0ms)
[2025-12-08T10:32:48.041+0000][gc          ] GC(189) Pause Remark 189M->189M(355M) 79.118ms
[2025-12-08T10:32:48.041+0000][gc,cpu      ] GC(189) User=0.01s Sys=0.00s Real=0.08s
[2025-12-08T10:32:48.041+0000][gc,marking  ] GC(189) Concurrent Mark 239.271ms
[2025-12-08T10:32:48.041+0000][gc,marking  ] GC(189) Concurrent Rebuild Remembered Sets and Scrub Regions
[2025-12-08T10:32:48.062+0000][gc,marking  ] GC(189) Concurrent Rebuild Remembered Sets and Scrub Regions 21.197ms
[2025-12-08T10:32:48.062+0000][gc,start    ] GC(189) Pause Cleanup
[2025-12-08T10:32:48.062+0000][gc          ] GC(189) Pause Cleanup 189M->189M(355M) 0.086ms
[2025-12-08T10:32:48.062+0000][gc,cpu      ] GC(189) User=0.00s Sys=0.00s Real=0.00s
[2025-12-08T10:32:48.063+0000][gc,marking  ] GC(189) Concurrent Clear Claimed Marks
[2025-12-08T10:32:48.063+0000][gc,marking  ] GC(189) Concurrent Clear Claimed Marks 0.080ms
[2025-12-08T10:32:48.063+0000][gc,marking  ] GC(189) Concurrent Cleanup for Next Mark
[2025-12-08T10:32:48.076+0000][gc,marking  ] GC(189) Concurrent Cleanup for Next Mark 13.799ms
[2025-12-08T10:32:48.076+0000][gc          ] GC(189) Concurrent Mark Cycle 290.449ms
[2025-12-08T10:35:05.080+0000][gc,start    ] GC(190) Pause Young (Prepare Mixed) (G1 Evacuation Pause)
[2025-12-08T10:35:05.303+0000][gc,task     ] GC(190) Using 1 workers of 1 for evacuation
[2025-12-08T10:35:05.704+0000][gc,mmu      ] GC(190) MMU target violated: 21.0ms (20.0ms/21.0ms)
[2025-12-08T10:35:05.719+0000][gc,phases   ] GC(190)   Pre Evacuate Collection Set: 76.31ms
[2025-12-08T10:35:05.719+0000][gc,phases   ] GC(190)   Merge Heap Roots: 38.99ms
[2025-12-08T10:35:05.719+0000][gc,phases   ] GC(190)   Evacuate Collection Set: 143.49ms
[2025-12-08T10:35:05.719+0000][gc,phases   ] GC(190)   Post Evacuate Collection Set: 78.58ms
[2025-12-08T10:35:05.719+0000][gc,phases   ] GC(190)   Other: 148.57ms
[2025-12-08T10:35:05.719+0000][gc,heap     ] GC(190) Eden regions: 15->0(16)
[2025-12-08T10:35:05.719+0000][gc,heap     ] GC(190) Survivor regions: 2->1(3)
[2025-12-08T10:35:05.719+0000][gc,heap     ] GC(190) Old regions: 30->31
[2025-12-08T10:35:05.719+0000][gc,heap     ] GC(190) Humongous regions: 158->158
[2025-12-08T10:35:05.743+0000][gc,metaspace] GC(190) Metaspace: 51052K(51840K)->51052K(51840K) NonClass: 45285K(45696K)->45285K(45696K) Class: 5767K(6144K)->5767K(6144K)
[2025-12-08T10:35:05.786+0000][gc          ] GC(190) Pause Young (Prepare Mixed) (G1 Evacuation Pause) 204M->188M(355M) 725.637ms
[2025-12-08T10:35:05.786+0000][gc,cpu      ] GC(190) User=0.01s Sys=0.01s Real=0.80s
[2025-12-08T10:37:31.358+0000][gc,start    ] GC(191) Pause Young (Mixed) (G1 Evacuation Pause)
[2025-12-08T10:37:31.540+0000][gc,task     ] GC(191) Using 1 workers of 1 for evacuation
[2025-12-08T10:37:31.991+0000][gc,mmu      ] GC(191) MMU target violated: 21.0ms (20.0ms/21.0ms)
[2025-12-08T10:37:32.004+0000][gc,phases   ] GC(191)   Pre Evacuate Collection Set: 30.92ms
[2025-12-08T10:37:32.005+0000][gc,phases   ] GC(191)   Merge Heap Roots: 38.66ms
[2025-12-08T10:37:32.005+0000][gc,phases   ] GC(191)   Evacuate Collection Set: 241.35ms
[2025-12-08T10:37:32.005+0000][gc,phases   ] GC(191)   Post Evacuate Collection Set: 56.20ms
[2025-12-08T10:37:32.005+0000][gc,phases   ] GC(191)   Other: 134.23ms
[2025-12-08T10:37:32.005+0000][gc,heap     ] GC(191) Eden regions: 16->0(16)
[2025-12-08T10:37:32.005+0000][gc,heap     ] GC(191) Survivor regions: 1->1(3)
[2025-12-08T10:37:32.005+0000][gc,heap     ] GC(191) Old regions: 31->30
[2025-12-08T10:37:32.005+0000][gc,heap     ] GC(191) Humongous regions: 158->158
[2025-12-08T10:37:32.028+0000][gc,metaspace] GC(191) Metaspace: 51052K(51840K)->51052K(51840K) NonClass: 45285K(45696K)->45285K(45696K) Class: 5767K(6144K)->5767K(6144K)
[2025-12-08T10:37:32.046+0000][gc          ] GC(191) Pause Young (Mixed) (G1 Evacuation Pause) 204M->188M(355M) 732.177ms
[2025-12-08T10:37:32.046+0000][gc,cpu      ] GC(191) User=0.01s Sys=0.00s Real=0.78s
[2025-12-08T10:39:58.234+0000][gc,start    ] GC(192) Pause Young (Concurrent Start) (G1 Evacuation Pause)
[2025-12-08T10:39:58.430+0000][gc,task     ] GC(192) Using 1 workers of 1 for evacuation
[2025-12-08T10:39:58.979+0000][gc,mmu      ] GC(192) MMU target violated: 21.0ms (20.0ms/21.0ms)
[2025-12-08T10:39:58.992+0000][gc,phases   ] GC(192)   Pre Evacuate Collection Set: 67.35ms
[2025-12-08T10:39:58.992+0000][gc,phases   ] GC(192)   Merge Heap Roots: 45.32ms
[2025-12-08T10:39:58.992+0000][gc,phases   ] GC(192)   Evacuate Collection Set: 277.49ms
[2025-12-08T10:39:58.992+0000][gc,phases   ] GC(192)   Post Evacuate Collection Set: 60.46ms
[2025-12-08T10:39:58.992+0000][gc,phases   ] GC(192)   Other: 148.10ms
[2025-12-08T10:39:58.992+0000][gc,heap     ] GC(192) Eden regions: 16->0(16)
[2025-12-08T10:39:58.992+0000][gc,heap     ] GC(192) Survivor regions: 1->1(3)
[2025-12-08T10:39:58.992+0000][gc,heap     ] GC(192) Old regions: 30->31
[2025-12-08T10:39:58.992+0000][gc,heap     ] GC(192) Humongous regions: 158->158
[2025-12-08T10:39:59.012+0000][gc,metaspace] GC(192) Metaspace: 51052K(51840K)->51052K(51840K) NonClass: 45285K(45696K)->45285K(45696K) Class: 5767K(6144K)->5767K(6144K)
[2025-12-08T10:39:59.030+0000][gc          ] GC(192) Pause Young (Concurrent Start) (G1 Evacuation Pause) 204M->189M(355M) 857.185ms
[2025-12-08T10:39:59.030+0000][gc,cpu      ] GC(192) User=0.01s Sys=0.01s Real=0.91s
[2025-12-08T10:39:59.030+0000][gc          ] GC(193) Concurrent Mark Cycle
[2025-12-08T10:39:59.062+0000][gc,marking  ] GC(193) Concurrent Scan Root Regions
[2025-12-08T10:39:59.065+0000][gc,marking  ] GC(193) Concurrent Scan Root Regions 35.150ms
[2025-12-08T10:39:59.065+0000][gc,marking  ] GC(193) Concurrent Mark
[2025-12-08T10:39:59.065+0000][gc,marking  ] GC(193) Concurrent Mark From Roots
[2025-12-08T10:39:59.065+0000][gc,task     ] GC(193) Using 1 workers of 1 for marking
[2025-12-08T10:39:59.257+0000][gc,marking  ] GC(193) Concurrent Mark From Roots 191.797ms
[2025-12-08T10:39:59.257+0000][gc,marking  ] GC(193) Concurrent Preclean
[2025-12-08T10:39:59.257+0000][gc,marking  ] GC(193) Concurrent Preclean 0.107ms
[2025-12-08T10:39:59.257+0000][gc,start    ] GC(193) Pause Remark
[2025-12-08T10:39:59.314+0000][gc,mmu      ] GC(193) MMU target violated: 21.0ms (20.0ms/21.0ms)
[2025-12-08T10:39:59.314+0000][gc          ] GC(193) Pause Remark 189M->189M(355M) 56.436ms
[2025-12-08T10:39:59.314+0000][gc,cpu      ] GC(193) User=0.01s Sys=0.00s Real=0.05s
[2025-12-08T10:39:59.314+0000][gc,marking  ] GC(193) Concurrent Mark 248.497ms
[2025-12-08T10:39:59.314+0000][gc,marking  ] GC(193) Concurrent Rebuild Remembered Sets and Scrub Regions
[2025-12-08T10:39:59.335+0000][gc,marking  ] GC(193) Concurrent Rebuild Remembered Sets and Scrub Regions 20.922ms
[2025-12-08T10:39:59.335+0000][gc,start    ] GC(193) Pause Cleanup
[2025-12-08T10:39:59.335+0000][gc          ] GC(193) Pause Cleanup 189M->189M(355M) 0.090ms
[2025-12-08T10:39:59.335+0000][gc,cpu      ] GC(193) User=0.00s Sys=0.00s Real=0.00s
[2025-12-08T10:39:59.335+0000][gc,marking  ] GC(193) Concurrent Clear Claimed Marks
[2025-12-08T10:39:59.335+0000][gc,marking  ] GC(193) Concurrent Clear Claimed Marks 0.085ms
[2025-12-08T10:39:59.335+0000][gc,marking  ] GC(193) Concurrent Cleanup for Next Mark
[2025-12-08T10:39:59.354+0000][gc,marking  ] GC(193) Concurrent Cleanup for Next Mark 19.445ms
[2025-12-08T10:39:59.354+0000][gc          ] GC(193) Concurrent Mark Cycle 324.393ms
[2025-12-08T10:42:24.738+0000][gc,start    ] GC(194) Pause Young (Prepare Mixed) (G1 Evacuation Pause)
[2025-12-08T10:42:24.903+0000][gc,task     ] GC(194) Using 1 workers of 1 for evacuation
[2025-12-08T10:42:25.387+0000][gc,mmu      ] GC(194) MMU target violated: 21.0ms (20.0ms/21.0ms)
[2025-12-08T10:42:25.401+0000][gc,phases   ] GC(194)   Pre Evacuate Collection Set: 57.44ms
[2025-12-08T10:42:25.401+0000][gc,phases   ] GC(194)   Merge Heap Roots: 33.87ms
[2025-12-08T10:42:25.401+0000][gc,phases   ] GC(194)   Evacuate Collection Set: 228.18ms
[2025-12-08T10:42:25.401+0000][gc,phases   ] GC(194)   Post Evacuate Collection Set: 75.03ms
[2025-12-08T10:42:25.401+0000][gc,phases   ] GC(194)   Other: 153.97ms
[2025-12-08T10:42:25.401+0000][gc,heap     ] GC(194) Eden regions: 16->0(16)
[2025-12-08T10:42:25.401+0000][gc,heap     ] GC(194) Survivor regions: 1->1(3)
[2025-12-08T10:42:25.401+0000][gc,heap     ] GC(194) Old regions: 31->31
[2025-12-08T10:42:25.401+0000][gc,heap     ] GC(194) Humongous regions: 158->158
[2025-12-08T10:42:25.425+0000][gc,metaspace] GC(194) Metaspace: 51052K(51840K)->51052K(51840K) NonClass: 45285K(45696K)->45285K(45696K) Class: 5767K(6144K)->5767K(6144K)
[2025-12-08T10:42:25.444+0000][gc          ] GC(194) Pause Young (Prepare Mixed) (G1 Evacuation Pause) 205M->189M(355M) 746.036ms
[2025-12-08T10:42:25.444+0000][gc,cpu      ] GC(194) User=0.01s Sys=0.00s Real=0.78s
[2025-12-08T10:44:51.962+0000][gc,start    ] GC(195) Pause Young (Mixed) (G1 Evacuation Pause)
[2025-12-08T10:44:52.169+0000][gc,task     ] GC(195) Using 1 workers of 1 for evacuation
[2025-12-08T10:44:52.587+0000][gc,mmu      ] GC(195) MMU target violated: 21.0ms (20.0ms/21.0ms)
[2025-12-08T10:44:52.601+0000][gc,phases   ] GC(195)   Pre Evacuate Collection Set: 42.01ms
[2025-12-08T10:44:52.601+0000][gc,phases   ] GC(195)   Merge Heap Roots: 44.11ms
[2025-12-08T10:44:52.602+0000][gc,phases   ] GC(195)   Evacuate Collection Set: 209.11ms
[2025-12-08T10:44:52.602+0000][gc,phases   ] GC(195)   Post Evacuate Collection Set: 42.71ms
[2025-12-08T10:44:52.602+0000][gc,phases   ] GC(195)   Other: 139.68ms
[2025-12-08T10:44:52.602+0000][gc,heap     ] GC(195) Eden regions: 16->0(16)
[2025-12-08T10:44:52.602+0000][gc,heap     ] GC(195) Survivor regions: 1->1(3)
[2025-12-08T10:44:52.602+0000][gc,heap     ] GC(195) Old regions: 31->30
[2025-12-08T10:44:52.602+0000][gc,heap     ] GC(195) Humongous regions: 158->158
[2025-12-08T10:44:52.624+0000][gc,metaspace] GC(195) Metaspace: 51052K(51840K)->51052K(51840K) NonClass: 45285K(45696K)->45285K(45696K) Class: 5767K(6144K)->5767K(6144K)
[2025-12-08T10:44:52.642+0000][gc          ] GC(195) Pause Young (Mixed) (G1 Evacuation Pause) 205M->188M(355M) 711.897ms
[2025-12-08T10:44:52.642+0000][gc,cpu      ] GC(195) User=0.00s Sys=0.01s Real=0.76s
[2025-12-08T10:47:18.355+0000][gc,start    ] GC(196) Pause Young (Mixed) (G1 Evacuation Pause)
[2025-12-08T10:47:18.537+0000][gc,task     ] GC(196) Using 1 workers of 1 for evacuation
[2025-12-08T10:47:19.086+0000][gc,mmu      ] GC(196) MMU target violated: 21.0ms (20.0ms/21.0ms)
[2025-12-08T10:47:19.100+0000][gc,phases   ] GC(196)   Pre Evacuate Collection Set: 60.08ms
[2025-12-08T10:47:19.100+0000][gc,phases   ] GC(196)   Merge Heap Roots: 65.56ms
[2025-12-08T10:47:19.100+0000][gc,phases   ] GC(196)   Evacuate Collection Set: 271.16ms
[2025-12-08T10:47:19.100+0000][gc,phases   ] GC(196)   Post Evacuate Collection Set: 68.88ms
[2025-12-08T10:47:19.100+0000][gc,phases   ] GC(196)   Other: 144.85ms
[2025-12-08T10:47:19.100+0000][gc,heap     ] GC(196) Eden regions: 16->0(16)
[2025-12-08T10:47:19.100+0000][gc,heap     ] GC(196) Survivor regions: 1->1(3)
[2025-12-08T10:47:19.100+0000][gc,heap     ] GC(196) Old regions: 30->30
[2025-12-08T10:47:19.100+0000][gc,heap     ] GC(196) Humongous regions: 158->158
[2025-12-08T10:47:19.118+0000][gc,metaspace] GC(196) Metaspace: 51052K(51840K)->51052K(51840K) NonClass: 45285K(45696K)->45285K(45696K) Class: 5767K(6144K)->5767K(6144K)
[2025-12-08T10:47:19.137+0000][gc          ] GC(196) Pause Young (Mixed) (G1 Evacuation Pause) 204M->188M(355M) 826.851ms
[2025-12-08T10:47:19.137+0000][gc,cpu      ] GC(196) User=0.01s Sys=0.01s Real=0.87s
[2025-12-08T10:49:44.895+0000][gc,start    ] GC(197) Pause Young (Concurrent Start) (G1 Evacuation Pause)
[2025-12-08T10:49:45.109+0000][gc,task     ] GC(197) Using 1 workers of 1 for evacuation
[2025-12-08T10:49:45.668+0000][gc,mmu      ] GC(197) MMU target violated: 21.0ms (20.0ms/21.0ms)
[2025-12-08T10:49:45.682+0000][gc,phases   ] GC(197)   Pre Evacuate Collection Set: 107.04ms
[2025-12-08T10:49:45.682+0000][gc,phases   ] GC(197)   Merge Heap Roots: 50.70ms
[2025-12-08T10:49:45.682+0000][gc,phases   ] GC(197)   Evacuate Collection Set: 264.71ms
[2025-12-08T10:49:45.682+0000][gc,phases   ] GC(197)   Post Evacuate Collection Set: 45.77ms
[2025-12-08T10:49:45.682+0000][gc,phases   ] GC(197)   Other: 171.35ms
[2025-12-08T10:49:45.682+0000][gc,heap     ] GC(197) Eden regions: 16->0(16)
[2025-12-08T10:49:45.682+0000][gc,heap     ] GC(197) Survivor regions: 1->1(3)
[2025-12-08T10:49:45.682+0000][gc,heap     ] GC(197) Old regions: 30->30
[2025-12-08T10:49:45.682+0000][gc,heap     ] GC(197) Humongous regions: 158->158
[2025-12-08T10:49:45.695+0000][gc,metaspace] GC(197) Metaspace: 51052K(51840K)->51052K(51840K) NonClass: 45285K(45696K)->45285K(45696K) Class: 5767K(6144K)->5767K(6144K)
[2025-12-08T10:49:45.733+0000][gc          ] GC(197) Pause Young (Concurrent Start) (G1 Evacuation Pause) 204M->188M(355M) 837.750ms
[2025-12-08T10:49:45.733+0000][gc          ] GC(198) Concurrent Mark Cycle
[2025-12-08T10:49:45.733+0000][gc,cpu      ] GC(197) User=0.01s Sys=0.00s Real=0.89s
[2025-12-08T10:49:45.746+0000][gc,marking  ] GC(198) Concurrent Scan Root Regions
[2025-12-08T10:49:45.758+0000][gc,marking  ] GC(198) Concurrent Scan Root Regions 25.500ms
[2025-12-08T10:49:45.758+0000][gc,marking  ] GC(198) Concurrent Mark
[2025-12-08T10:49:45.758+0000][gc,marking  ] GC(198) Concurrent Mark From Roots
[2025-12-08T10:49:45.758+0000][gc,task     ] GC(198) Using 1 workers of 1 for marking
[2025-12-08T10:49:45.969+0000][gc,marking  ] GC(198) Concurrent Mark From Roots 211.331ms
[2025-12-08T10:49:45.969+0000][gc,marking  ] GC(198) Concurrent Preclean
[2025-12-08T10:49:45.970+0000][gc,marking  ] GC(198) Concurrent Preclean 0.105ms
[2025-12-08T10:49:45.970+0000][gc,start    ] GC(198) Pause Remark
[2025-12-08T10:49:46.036+0000][gc,mmu      ] GC(198) MMU target violated: 21.0ms (20.0ms/21.0ms)
[2025-12-08T10:49:46.036+0000][gc          ] GC(198) Pause Remark 189M->189M(355M) 66.537ms
[2025-12-08T10:49:46.036+0000][gc,cpu      ] GC(198) User=0.00s Sys=0.00s Real=0.07s
[2025-12-08T10:49:46.036+0000][gc,marking  ] GC(198) Concurrent Mark 278.146ms
[2025-12-08T10:49:46.036+0000][gc,marking  ] GC(198) Concurrent Rebuild Remembered Sets and Scrub Regions
[2025-12-08T10:49:46.058+0000][gc,marking  ] GC(198) Concurrent Rebuild Remembered Sets and Scrub Regions 21.369ms
[2025-12-08T10:49:46.058+0000][gc,start    ] GC(198) Pause Cleanup
[2025-12-08T10:49:46.058+0000][gc          ] GC(198) Pause Cleanup 189M->189M(355M) 0.089ms
[2025-12-08T10:49:46.058+0000][gc,cpu      ] GC(198) User=0.00s Sys=0.00s Real=0.00s
[2025-12-08T10:49:46.058+0000][gc,marking  ] GC(198) Concurrent Clear Claimed Marks
[2025-12-08T10:49:46.058+0000][gc,marking  ] GC(198) Concurrent Clear Claimed Marks 0.079ms
[2025-12-08T10:49:46.058+0000][gc,marking  ] GC(198) Concurrent Cleanup for Next Mark
[2025-12-08T10:49:46.077+0000][gc,marking  ] GC(198) Concurrent Cleanup for Next Mark 18.911ms
[2025-12-08T10:49:46.077+0000][gc          ] GC(198) Concurrent Mark Cycle 344.319ms
[2025-12-08T10:52:11.944+0000][gc,start    ] GC(199) Pause Young (Prepare Mixed) (G1 Evacuation Pause)
[2025-12-08T10:52:12.231+0000][gc,task     ] GC(199) Using 1 workers of 1 for evacuation
[2025-12-08T10:52:12.934+0000][gc,mmu      ] GC(199) MMU target violated: 21.0ms (20.0ms/21.0ms)
[2025-12-08T10:52:12.948+0000][gc,phases   ] GC(199)   Pre Evacuate Collection Set: 117.83ms
[2025-12-08T10:52:12.948+0000][gc,phases   ] GC(199)   Merge Heap Roots: 53.04ms
[2025-12-08T10:52:12.948+0000][gc,phases   ] GC(199)   Evacuate Collection Set: 282.90ms
[2025-12-08T10:52:12.948+0000][gc,phases   ] GC(199)   Post Evacuate Collection Set: 107.13ms
[2025-12-08T10:52:12.948+0000][gc,phases   ] GC(199)   Other: 226.86ms
[2025-12-08T10:52:12.948+0000][gc,heap     ] GC(199) Eden regions: 16->0(16)
[2025-12-08T10:52:12.948+0000][gc,heap     ] GC(199) Survivor regions: 1->1(3)
[2025-12-08T10:52:12.948+0000][gc,heap     ] GC(199) Old regions: 30->30
[2025-12-08T10:52:12.948+0000][gc,heap     ] GC(199) Humongous regions: 158->158
[2025-12-08T10:52:12.974+0000][gc,metaspace] GC(199) Metaspace: 51052K(51840K)->51052K(51840K) NonClass: 45285K(45696K)->45285K(45696K) Class: 5767K(6144K)->5767K(6144K)
[2025-12-08T10:52:13.005+0000][gc          ] GC(199) Pause Young (Prepare Mixed) (G1 Evacuation Pause) 204M->188M(355M) 1124.123ms
[2025-12-08T10:52:13.005+0000][gc,cpu      ] GC(199) User=0.01s Sys=0.01s Real=1.19s
[2025-12-08T10:54:40.820+0000][gc,start    ] GC(200) Pause Young (Mixed) (G1 Evacuation Pause)
[2025-12-08T10:54:41.068+0000][gc,task     ] GC(200) Using 1 workers of 1 for evacuation
[2025-12-08T10:54:42.234+0000][gc,mmu      ] GC(200) MMU target violated: 21.0ms (20.0ms/21.0ms)
[2025-12-08T10:54:42.299+0000][gc,phases   ] GC(200)   Pre Evacuate Collection Set: 89.04ms
[2025-12-08T10:54:42.299+0000][gc,phases   ] GC(200)   Merge Heap Roots: 77.23ms
[2025-12-08T10:54:42.299+0000][gc,phases   ] GC(200)   Evacuate Collection Set: 567.26ms
[2025-12-08T10:54:42.299+0000][gc,phases   ] GC(200)   Post Evacuate Collection Set: 197.04ms
[2025-12-08T10:54:42.299+0000][gc,phases   ] GC(200)   Other: 332.53ms
[2025-12-08T10:54:42.319+0000][gc,heap     ] GC(200) Eden regions: 16->0(16)
[2025-12-08T10:54:42.319+0000][gc,heap     ] GC(200) Survivor regions: 1->1(3)
[2025-12-08T10:54:42.319+0000][gc,heap     ] GC(200) Old regions: 30->30
[2025-12-08T10:54:42.319+0000][gc,heap     ] GC(200) Humongous regions: 158->158
[2025-12-08T10:54:42.346+0000][gc,metaspace] GC(200) Metaspace: 51052K(51840K)->51052K(51840K) NonClass: 45285K(45696K)->45285K(45696K) Class: 5767K(6144K)->5767K(6144K)
[2025-12-08T10:54:42.433+0000][gc          ] GC(200) Pause Young (Mixed) (G1 Evacuation Pause) 204M->188M(355M) 1683.451ms
[2025-12-08T10:54:42.433+0000][gc,cpu      ] GC(200) User=0.01s Sys=0.02s Real=1.75s
