[2025-12-06T16:20:55.870+0000][gc,init] CardTable entry size: 512
[2025-12-06T16:20:55.873+0000][gc     ] Using G1
[2025-12-06T16:20:55.876+0000][gc,init] Version: 21.0.9+10-Ubuntu-124.04 (release)
[2025-12-06T16:20:55.876+0000][gc,init] CPUs: 15 total, 1 available
[2025-12-06T16:20:55.876+0000][gc,init] Memory: 957M
[2025-12-06T16:20:55.876+0000][gc,init] Large Page Support: Disabled
[2025-12-06T16:20:55.876+0000][gc,init] NUMA Support: Disabled
[2025-12-06T16:20:55.876+0000][gc,init] Compressed Oops: Enabled (32-bit)
[2025-12-06T16:20:55.876+0000][gc,init] Heap Region Size: 1M
[2025-12-06T16:20:55.876+0000][gc,init] Heap Min Capacity: 256M
[2025-12-06T16:20:55.876+0000][gc,init] Heap Initial Capacity: 256M
[2025-12-06T16:20:55.876+0000][gc,init] Heap Max Capacity: 512M
[2025-12-06T16:20:55.876+0000][gc,init] Pre-touch: Disabled
[2025-12-06T16:20:55.876+0000][gc,init] Parallel Workers: 1
[2025-12-06T16:20:55.876+0000][gc,init] Concurrent Workers: 1
[2025-12-06T16:20:55.876+0000][gc,init] Concurrent Refinement Workers: 1
[2025-12-06T16:20:55.876+0000][gc,init] Periodic GC: Disabled
[2025-12-06T16:20:55.885+0000][gc,metaspace] CDS archive(s) mapped at: [0x0000739603000000-0x0000739603ca0000-0x0000739603ca0000), size 13238272, SharedBaseAddress: 0x0000739603000000, ArchiveRelocationMode: 1.
[2025-12-06T16:20:55.885+0000][gc,metaspace] Compressed class space mapped at: 0x0000739604000000-0x0000739644000000, reserved size: 1073741824
[2025-12-06T16:20:55.885+0000][gc,metaspace] Narrow klass base: 0x0000739603000000, Narrow klass shift: 0, Narrow klass range: 0x100000000
[2025-12-06T16:20:56.465+0000][gc,start    ] GC(0) Pause Young (Normal) (G1 Evacuation Pause)
[2025-12-06T16:20:56.465+0000][gc,task     ] GC(0) Using 1 workers of 1 for evacuation
[2025-12-06T16:20:56.477+0000][gc,phases   ] GC(0)   Pre Evacuate Collection Set: 0.07ms
[2025-12-06T16:20:56.477+0000][gc,phases   ] GC(0)   Merge Heap Roots: 0.03ms
[2025-12-06T16:20:56.477+0000][gc,phases   ] GC(0)   Evacuate Collection Set: 10.62ms
[2025-12-06T16:20:56.477+0000][gc,phases   ] GC(0)   Post Evacuate Collection Set: 1.24ms
[2025-12-06T16:20:56.477+0000][gc,phases   ] GC(0)   Other: 0.05ms
[2025-12-06T16:20:56.477+0000][gc,heap     ] GC(0) Eden regions: 12->0(10)
[2025-12-06T16:20:56.477+0000][gc,heap     ] GC(0) Survivor regions: 0->2(2)
[2025-12-06T16:20:56.477+0000][gc,heap     ] GC(0) Old regions: 2->5
[2025-12-06T16:20:56.477+0000][gc,heap     ] GC(0) Humongous regions: 0->0
[2025-12-06T16:20:56.477+0000][gc,metaspace] GC(0) Metaspace: 3863K(4032K)->3863K(4032K) NonClass: 3480K(3584K)->3480K(3584K) Class: 383K(448K)->383K(448K)
[2025-12-06T16:20:56.477+0000][gc          ] GC(0) Pause Young (Normal) (G1 Evacuation Pause) 13M->5M(258M) 12.172ms
[2025-12-06T16:20:56.477+0000][gc,cpu      ] GC(0) User=0.01s Sys=0.00s Real=0.01s
[2025-12-06T16:20:56.966+0000][gc,start    ] GC(1) Pause Young (Normal) (G1 Evacuation Pause)
[2025-12-06T16:20:56.966+0000][gc,task     ] GC(1) Using 1 workers of 1 for evacuation
[2025-12-06T16:20:56.973+0000][gc,phases   ] GC(1)   Pre Evacuate Collection Set: 0.07ms
[2025-12-06T16:20:56.973+0000][gc,phases   ] GC(1)   Merge Heap Roots: 0.02ms
[2025-12-06T16:20:56.973+0000][gc,phases   ] GC(1)   Evacuate Collection Set: 6.73ms
[2025-12-06T16:20:56.973+0000][gc,phases   ] GC(1)   Post Evacuate Collection Set: 0.24ms
[2025-12-06T16:20:56.973+0000][gc,phases   ] GC(1)   Other: 0.07ms
[2025-12-06T16:20:56.973+0000][gc,heap     ] GC(1) Eden regions: 10->0(10)
[2025-12-06T16:20:56.973+0000][gc,heap     ] GC(1) Survivor regions: 2->2(2)
[2025-12-06T16:20:56.973+0000][gc,heap     ] GC(1) Old regions: 5->7
[2025-12-06T16:20:56.973+0000][gc,heap     ] GC(1) Humongous regions: 0->0
[2025-12-06T16:20:56.973+0000][gc,metaspace] GC(1) Metaspace: 8120K(8320K)->8120K(8320K) NonClass: 7264K(7360K)->7264K(7360K) Class: 855K(960K)->855K(960K)
[2025-12-06T16:20:56.973+0000][gc          ] GC(1) Pause Young (Normal) (G1 Evacuation Pause) 15M->7M(258M) 7.269ms
[2025-12-06T16:20:56.973+0000][gc,cpu      ] GC(1) User=0.00s Sys=0.00s Real=0.01s
[2025-12-06T16:20:57.289+0000][gc,start    ] GC(2) Pause Young (Normal) (G1 Evacuation Pause)
[2025-12-06T16:20:57.289+0000][gc,task     ] GC(2) Using 1 workers of 1 for evacuation
[2025-12-06T16:20:57.295+0000][gc,phases   ] GC(2)   Pre Evacuate Collection Set: 0.06ms
[2025-12-06T16:20:57.295+0000][gc,phases   ] GC(2)   Merge Heap Roots: 0.02ms
[2025-12-06T16:20:57.295+0000][gc,phases   ] GC(2)   Evacuate Collection Set: 5.55ms
[2025-12-06T16:20:57.295+0000][gc,phases   ] GC(2)   Post Evacuate Collection Set: 0.20ms
[2025-12-06T16:20:57.295+0000][gc,phases   ] GC(2)   Other: 0.06ms
[2025-12-06T16:20:57.295+0000][gc,heap     ] GC(2) Eden regions: 10->0(11)
[2025-12-06T16:20:57.295+0000][gc,heap     ] GC(2) Survivor regions: 2->1(2)
[2025-12-06T16:20:57.295+0000][gc,heap     ] GC(2) Old regions: 7->9
[2025-12-06T16:20:57.295+0000][gc,heap     ] GC(2) Humongous regions: 0->0
[2025-12-06T16:20:57.295+0000][gc,metaspace] GC(2) Metaspace: 10501K(10688K)->10501K(10688K) NonClass: 9372K(9472K)->9372K(9472K) Class: 1129K(1216K)->1129K(1216K)
[2025-12-06T16:20:57.295+0000][gc          ] GC(2) Pause Young (Normal) (G1 Evacuation Pause) 17M->8M(258M) 6.012ms
[2025-12-06T16:20:57.295+0000][gc,cpu      ] GC(2) User=0.01s Sys=0.00s Real=0.01s
[2025-12-06T16:20:57.593+0000][gc,start    ] GC(3) Pause Young (Normal) (G1 Evacuation Pause)
[2025-12-06T16:20:57.593+0000][gc,task     ] GC(3) Using 1 workers of 1 for evacuation
[2025-12-06T16:20:57.598+0000][gc,phases   ] GC(3)   Pre Evacuate Collection Set: 0.06ms
[2025-12-06T16:20:57.598+0000][gc,phases   ] GC(3)   Merge Heap Roots: 0.02ms
[2025-12-06T16:20:57.598+0000][gc,phases   ] GC(3)   Evacuate Collection Set: 4.31ms
[2025-12-06T16:20:57.598+0000][gc,phases   ] GC(3)   Post Evacuate Collection Set: 0.19ms
[2025-12-06T16:20:57.598+0000][gc,phases   ] GC(3)   Other: 0.06ms
[2025-12-06T16:20:57.598+0000][gc,heap     ] GC(3) Eden regions: 11->0(10)
[2025-12-06T16:20:57.598+0000][gc,heap     ] GC(3) Survivor regions: 1->2(2)
[2025-12-06T16:20:57.598+0000][gc,heap     ] GC(3) Old regions: 9->9
[2025-12-06T16:20:57.598+0000][gc,heap     ] GC(3) Humongous regions: 0->0
[2025-12-06T16:20:57.598+0000][gc,metaspace] GC(3) Metaspace: 13967K(14144K)->13967K(14144K) NonClass: 12427K(12544K)->12427K(12544K) Class: 1539K(1600K)->1539K(1600K)
[2025-12-06T16:20:57.598+0000][gc          ] GC(3) Pause Young (Normal) (G1 Evacuation Pause) 19M->9M(258M) 5.193ms
[2025-12-06T16:20:57.598+0000][gc,cpu      ] GC(3) User=0.00s Sys=0.00s Real=0.00s
[2025-12-06T16:20:57.953+0000][gc,start    ] GC(4) Pause Young (Normal) (G1 Evacuation Pause)
[2025-12-06T16:20:57.953+0000][gc,task     ] GC(4) Using 1 workers of 1 for evacuation
[2025-12-06T16:20:57.958+0000][gc,phases   ] GC(4)   Pre Evacuate Collection Set: 0.06ms
[2025-12-06T16:20:57.958+0000][gc,phases   ] GC(4)   Merge Heap Roots: 0.02ms
[2025-12-06T16:20:57.958+0000][gc,phases   ] GC(4)   Evacuate Collection Set: 4.89ms
[2025-12-06T16:20:57.958+0000][gc,phases   ] GC(4)   Post Evacuate Collection Set: 0.66ms
[2025-12-06T16:20:57.958+0000][gc,phases   ] GC(4)   Other: 0.07ms
[2025-12-06T16:20:57.958+0000][gc,heap     ] GC(4) Eden regions: 10->0(10)
[2025-12-06T16:20:57.958+0000][gc,heap     ] GC(4) Survivor regions: 2->2(2)
[2025-12-06T16:20:57.958+0000][gc,heap     ] GC(4) Old regions: 9->10
[2025-12-06T16:20:57.958+0000][gc,heap     ] GC(4) Humongous regions: 0->0
[2025-12-06T16:20:57.958+0000][gc,metaspace] GC(4) Metaspace: 17199K(17408K)->17199K(17408K) NonClass: 15265K(15360K)->15265K(15360K) Class: 1934K(2048K)->1934K(2048K)
[2025-12-06T16:20:57.958+0000][gc          ] GC(4) Pause Young (Normal) (G1 Evacuation Pause) 19M->9M(258M) 5.831ms
[2025-12-06T16:20:57.958+0000][gc,cpu      ] GC(4) User=0.00s Sys=0.00s Real=0.00s
[2025-12-06T16:20:58.262+0000][gc,start    ] GC(5) Pause Young (Normal) (G1 Evacuation Pause)
[2025-12-06T16:20:58.262+0000][gc,task     ] GC(5) Using 1 workers of 1 for evacuation
[2025-12-06T16:20:58.266+0000][gc,phases   ] GC(5)   Pre Evacuate Collection Set: 0.06ms
[2025-12-06T16:20:58.266+0000][gc,phases   ] GC(5)   Merge Heap Roots: 0.02ms
[2025-12-06T16:20:58.266+0000][gc,phases   ] GC(5)   Evacuate Collection Set: 3.82ms
[2025-12-06T16:20:58.266+0000][gc,phases   ] GC(5)   Post Evacuate Collection Set: 0.22ms
[2025-12-06T16:20:58.266+0000][gc,phases   ] GC(5)   Other: 0.50ms
[2025-12-06T16:20:58.266+0000][gc,heap     ] GC(5) Eden regions: 10->0(10)
[2025-12-06T16:20:58.266+0000][gc,heap     ] GC(5) Survivor regions: 2->2(2)
[2025-12-06T16:20:58.266+0000][gc,heap     ] GC(5) Old regions: 10->10
[2025-12-06T16:20:58.266+0000][gc,heap     ] GC(5) Humongous regions: 0->0
[2025-12-06T16:20:58.266+0000][gc,metaspace] GC(5) Metaspace: 20695K(20992K)->20695K(20992K) NonClass: 18230K(18368K)->18230K(18368K) Class: 2465K(2624K)->2465K(2624K)
[2025-12-06T16:20:58.266+0000][gc          ] GC(5) Pause Young (Normal) (G1 Evacuation Pause) 19M->9M(258M) 4.757ms
[2025-12-06T16:20:58.266+0000][gc,cpu      ] GC(5) User=0.01s Sys=0.00s Real=0.01s
[2025-12-06T16:20:58.313+0000][gc,start    ] GC(6) Pause Young (Concurrent Start) (Metadata GC Threshold)
[2025-12-06T16:20:58.314+0000][gc,task     ] GC(6) Using 1 workers of 1 for evacuation
[2025-12-06T16:20:58.318+0000][gc,phases   ] GC(6)   Pre Evacuate Collection Set: 0.07ms
[2025-12-06T16:20:58.318+0000][gc,phases   ] GC(6)   Merge Heap Roots: 0.02ms
[2025-12-06T16:20:58.318+0000][gc,phases   ] GC(6)   Evacuate Collection Set: 3.74ms
[2025-12-06T16:20:58.318+0000][gc,phases   ] GC(6)   Post Evacuate Collection Set: 0.19ms
[2025-12-06T16:20:58.318+0000][gc,phases   ] GC(6)   Other: 0.07ms
[2025-12-06T16:20:58.318+0000][gc,heap     ] GC(6) Eden regions: 2->0(11)
[2025-12-06T16:20:58.318+0000][gc,heap     ] GC(6) Survivor regions: 2->1(2)
[2025-12-06T16:20:58.318+0000][gc,heap     ] GC(6) Old regions: 10->11
[2025-12-06T16:20:58.318+0000][gc,heap     ] GC(6) Humongous regions: 0->0
[2025-12-06T16:20:58.318+0000][gc,metaspace] GC(6) Metaspace: 21281K(21504K)->21281K(21504K) NonClass: 18722K(18816K)->18722K(18816K) Class: 2558K(2688K)->2558K(2688K)
[2025-12-06T16:20:58.318+0000][gc          ] GC(6) Pause Young (Concurrent Start) (Metadata GC Threshold) 11M->10M(258M) 4.214ms
[2025-12-06T16:20:58.318+0000][gc,cpu      ] GC(6) User=0.01s Sys=0.00s Real=0.00s
[2025-12-06T16:20:58.320+0000][gc          ] GC(7) Concurrent Mark Cycle
[2025-12-06T16:20:58.320+0000][gc,marking  ] GC(7) Concurrent Scan Root Regions
[2025-12-06T16:20:58.326+0000][gc,marking  ] GC(7) Concurrent Scan Root Regions 6.305ms
[2025-12-06T16:20:58.326+0000][gc,marking  ] GC(7) Concurrent Mark
[2025-12-06T16:20:58.326+0000][gc,marking  ] GC(7) Concurrent Mark From Roots
[2025-12-06T16:20:58.326+0000][gc,task     ] GC(7) Using 1 workers of 1 for marking
[2025-12-06T16:20:58.349+0000][gc,marking  ] GC(7) Concurrent Mark From Roots 22.433ms
[2025-12-06T16:20:58.349+0000][gc,marking  ] GC(7) Concurrent Preclean
[2025-12-06T16:20:58.349+0000][gc,marking  ] GC(7) Concurrent Preclean 0.038ms
[2025-12-06T16:20:58.349+0000][gc,start    ] GC(7) Pause Remark
[2025-12-06T16:20:58.355+0000][gc          ] GC(7) Pause Remark 10M->10M(256M) 5.925ms
[2025-12-06T16:20:58.355+0000][gc,cpu      ] GC(7) User=0.00s Sys=0.00s Real=0.01s
[2025-12-06T16:20:58.356+0000][gc,marking  ] GC(7) Concurrent Mark 29.873ms
[2025-12-06T16:20:58.356+0000][gc,marking  ] GC(7) Concurrent Rebuild Remembered Sets and Scrub Regions
[2025-12-06T16:20:58.367+0000][gc,marking  ] GC(7) Concurrent Rebuild Remembered Sets and Scrub Regions 11.405ms
[2025-12-06T16:20:58.368+0000][gc,start    ] GC(7) Pause Cleanup
[2025-12-06T16:20:58.368+0000][gc          ] GC(7) Pause Cleanup 10M->10M(256M) 0.079ms
[2025-12-06T16:20:58.368+0000][gc,cpu      ] GC(7) User=0.00s Sys=0.00s Real=0.00s
[2025-12-06T16:20:58.368+0000][gc,marking  ] GC(7) Concurrent Clear Claimed Marks
[2025-12-06T16:20:58.368+0000][gc,marking  ] GC(7) Concurrent Clear Claimed Marks 0.020ms
[2025-12-06T16:20:58.368+0000][gc,marking  ] GC(7) Concurrent Cleanup for Next Mark
[2025-12-06T16:20:58.371+0000][gc,marking  ] GC(7) Concurrent Cleanup for Next Mark 2.837ms
[2025-12-06T16:20:58.371+0000][gc          ] GC(7) Concurrent Mark Cycle 50.813ms
[2025-12-06T16:20:58.376+0000][gc,heap,exit] Heap
[2025-12-06T16:20:58.376+0000][gc,heap,exit]  garbage-first heap   total 262144K, used 11374K [0x00000000e0000000, 0x0000000100000000)
[2025-12-06T16:20:58.376+0000][gc,heap,exit]   region size 1024K, 2 young (2048K), 1 survivors (1024K)
[2025-12-06T16:20:58.376+0000][gc,heap,exit]  Metaspace       used 21516K, committed 21824K, reserved 1114112K
[2025-12-06T16:20:58.376+0000][gc,heap,exit]   class space    used 2592K, committed 2752K, reserved 1048576K
