[2025-12-11T03:45:01.633+0000][gc,init] CardTable entry size: 512
[2025-12-11T03:45:01.641+0000][gc     ] Using G1
[2025-12-11T03:45:01.644+0000][gc,init] Version: 21.0.9+10-Ubuntu-124.04 (release)
[2025-12-11T03:45:01.644+0000][gc,init] CPUs: 15 total, 1 available
[2025-12-11T03:45:01.644+0000][gc,init] Memory: 957M
[2025-12-11T03:45:01.644+0000][gc,init] Large Page Support: Disabled
[2025-12-11T03:45:01.644+0000][gc,init] NUMA Support: Disabled
[2025-12-11T03:45:01.644+0000][gc,init] Compressed Oops: Enabled (32-bit)
[2025-12-11T03:45:01.644+0000][gc,init] Heap Region Size: 1M
[2025-12-11T03:45:01.644+0000][gc,init] Heap Min Capacity: 256M
[2025-12-11T03:45:01.644+0000][gc,init] Heap Initial Capacity: 256M
[2025-12-11T03:45:01.644+0000][gc,init] Heap Max Capacity: 512M
[2025-12-11T03:45:01.644+0000][gc,init] Pre-touch: Disabled
[2025-12-11T03:45:01.644+0000][gc,init] Parallel Workers: 1
[2025-12-11T03:45:01.644+0000][gc,init] Concurrent Workers: 1
[2025-12-11T03:45:01.644+0000][gc,init] Concurrent Refinement Workers: 1
[2025-12-11T03:45:01.644+0000][gc,init] Periodic GC: Disabled
[2025-12-11T03:45:01.653+0000][gc,metaspace] CDS archive(s) mapped at: [0x00007a378f000000-0x00007a378fca0000-0x00007a378fca0000), size 13238272, SharedBaseAddress: 0x00007a378f000000, ArchiveRelocationMode: 1.
[2025-12-11T03:45:01.653+0000][gc,metaspace] Compressed class space mapped at: 0x00007a3790000000-0x00007a37d0000000, reserved size: 1073741824
[2025-12-11T03:45:01.653+0000][gc,metaspace] Narrow klass base: 0x00007a378f000000, Narrow klass shift: 0, Narrow klass range: 0x100000000
[2025-12-11T03:45:02.775+0000][gc,start    ] GC(0) Pause Young (Normal) (G1 Evacuation Pause)
[2025-12-11T03:45:02.775+0000][gc,task     ] GC(0) Using 1 workers of 1 for evacuation
[2025-12-11T03:45:02.785+0000][gc,phases   ] GC(0)   Pre Evacuate Collection Set: 0.07ms
[2025-12-11T03:45:02.785+0000][gc,phases   ] GC(0)   Merge Heap Roots: 0.03ms
[2025-12-11T03:45:02.785+0000][gc,phases   ] GC(0)   Evacuate Collection Set: 9.90ms
[2025-12-11T03:45:02.785+0000][gc,phases   ] GC(0)   Post Evacuate Collection Set: 0.18ms
[2025-12-11T03:45:02.785+0000][gc,phases   ] GC(0)   Other: 0.07ms
[2025-12-11T03:45:02.785+0000][gc,heap     ] GC(0) Eden regions: 12->0(10)
[2025-12-11T03:45:02.785+0000][gc,heap     ] GC(0) Survivor regions: 0->2(2)
[2025-12-11T03:45:02.785+0000][gc,heap     ] GC(0) Old regions: 2->5
[2025-12-11T03:45:02.785+0000][gc,heap     ] GC(0) Humongous regions: 0->0
[2025-12-11T03:45:02.785+0000][gc,metaspace] GC(0) Metaspace: 3860K(4032K)->3860K(4032K) NonClass: 3477K(3584K)->3477K(3584K) Class: 383K(448K)->383K(448K)
[2025-12-11T03:45:02.785+0000][gc          ] GC(0) Pause Young (Normal) (G1 Evacuation Pause) 13M->5M(258M) 10.421ms
[2025-12-11T03:45:02.785+0000][gc,cpu      ] GC(0) User=0.01s Sys=0.00s Real=0.01s
[2025-12-11T03:45:03.467+0000][gc,start    ] GC(1) Pause Young (Normal) (G1 Evacuation Pause)
[2025-12-11T03:45:03.467+0000][gc,task     ] GC(1) Using 1 workers of 1 for evacuation
[2025-12-11T03:45:03.474+0000][gc,phases   ] GC(1)   Pre Evacuate Collection Set: 0.07ms
[2025-12-11T03:45:03.474+0000][gc,phases   ] GC(1)   Merge Heap Roots: 0.02ms
[2025-12-11T03:45:03.474+0000][gc,phases   ] GC(1)   Evacuate Collection Set: 6.36ms
[2025-12-11T03:45:03.474+0000][gc,phases   ] GC(1)   Post Evacuate Collection Set: 0.23ms
[2025-12-11T03:45:03.474+0000][gc,phases   ] GC(1)   Other: 0.06ms
[2025-12-11T03:45:03.474+0000][gc,heap     ] GC(1) Eden regions: 10->0(10)
[2025-12-11T03:45:03.474+0000][gc,heap     ] GC(1) Survivor regions: 2->2(2)
[2025-12-11T03:45:03.474+0000][gc,heap     ] GC(1) Old regions: 5->7
[2025-12-11T03:45:03.474+0000][gc,heap     ] GC(1) Humongous regions: 0->0
[2025-12-11T03:45:03.474+0000][gc,metaspace] GC(1) Metaspace: 8154K(8384K)->8154K(8384K) NonClass: 7298K(7424K)->7298K(7424K) Class: 855K(960K)->855K(960K)
[2025-12-11T03:45:03.474+0000][gc          ] GC(1) Pause Young (Normal) (G1 Evacuation Pause) 15M->7M(258M) 6.866ms
[2025-12-11T03:45:03.474+0000][gc,cpu      ] GC(1) User=0.00s Sys=0.01s Real=0.00s
[2025-12-11T03:45:03.831+0000][gc,start    ] GC(2) Pause Young (Normal) (G1 Evacuation Pause)
[2025-12-11T03:45:03.831+0000][gc,task     ] GC(2) Using 1 workers of 1 for evacuation
[2025-12-11T03:45:03.840+0000][gc,phases   ] GC(2)   Pre Evacuate Collection Set: 0.38ms
[2025-12-11T03:45:03.840+0000][gc,phases   ] GC(2)   Merge Heap Roots: 0.02ms
[2025-12-11T03:45:03.840+0000][gc,phases   ] GC(2)   Evacuate Collection Set: 8.09ms
[2025-12-11T03:45:03.840+0000][gc,phases   ] GC(2)   Post Evacuate Collection Set: 0.23ms
[2025-12-11T03:45:03.840+0000][gc,phases   ] GC(2)   Other: 0.06ms
[2025-12-11T03:45:03.840+0000][gc,heap     ] GC(2) Eden regions: 10->0(11)
[2025-12-11T03:45:03.840+0000][gc,heap     ] GC(2) Survivor regions: 2->1(2)
[2025-12-11T03:45:03.840+0000][gc,heap     ] GC(2) Old regions: 7->9
[2025-12-11T03:45:03.840+0000][gc,heap     ] GC(2) Humongous regions: 0->0
[2025-12-11T03:45:03.840+0000][gc,metaspace] GC(2) Metaspace: 10662K(10816K)->10662K(10816K) NonClass: 9520K(9600K)->9520K(9600K) Class: 1142K(1216K)->1142K(1216K)
[2025-12-11T03:45:03.840+0000][gc          ] GC(2) Pause Young (Normal) (G1 Evacuation Pause) 17M->8M(258M) 8.934ms
[2025-12-11T03:45:03.840+0000][gc,cpu      ] GC(2) User=0.01s Sys=0.01s Real=0.01s
[2025-12-11T03:45:04.170+0000][gc,start    ] GC(3) Pause Young (Normal) (G1 Evacuation Pause)
[2025-12-11T03:45:04.170+0000][gc,task     ] GC(3) Using 1 workers of 1 for evacuation
[2025-12-11T03:45:04.174+0000][gc,phases   ] GC(3)   Pre Evacuate Collection Set: 0.07ms
[2025-12-11T03:45:04.174+0000][gc,phases   ] GC(3)   Merge Heap Roots: 0.02ms
[2025-12-11T03:45:04.174+0000][gc,phases   ] GC(3)   Evacuate Collection Set: 3.72ms
[2025-12-11T03:45:04.174+0000][gc,phases   ] GC(3)   Post Evacuate Collection Set: 0.19ms
[2025-12-11T03:45:04.174+0000][gc,phases   ] GC(3)   Other: 0.06ms
[2025-12-11T03:45:04.174+0000][gc,heap     ] GC(3) Eden regions: 11->0(10)
[2025-12-11T03:45:04.174+0000][gc,heap     ] GC(3) Survivor regions: 1->2(2)
[2025-12-11T03:45:04.174+0000][gc,heap     ] GC(3) Old regions: 9->9
[2025-12-11T03:45:04.174+0000][gc,heap     ] GC(3) Humongous regions: 0->0
[2025-12-11T03:45:04.174+0000][gc,metaspace] GC(3) Metaspace: 14030K(14208K)->14030K(14208K) NonClass: 12484K(12608K)->12484K(12608K) Class: 1545K(1600K)->1545K(1600K)
[2025-12-11T03:45:04.174+0000][gc          ] GC(3) Pause Young (Normal) (G1 Evacuation Pause) 19M->9M(258M) 4.638ms
[2025-12-11T03:45:04.174+0000][gc,cpu      ] GC(3) User=0.01s Sys=0.00s Real=0.00s
[2025-12-11T03:45:04.589+0000][gc,start    ] GC(4) Pause Young (Normal) (G1 Evacuation Pause)
[2025-12-11T03:45:04.589+0000][gc,task     ] GC(4) Using 1 workers of 1 for evacuation
[2025-12-11T03:45:04.594+0000][gc,phases   ] GC(4)   Pre Evacuate Collection Set: 0.06ms
[2025-12-11T03:45:04.595+0000][gc,phases   ] GC(4)   Merge Heap Roots: 0.02ms
[2025-12-11T03:45:04.595+0000][gc,phases   ] GC(4)   Evacuate Collection Set: 5.01ms
[2025-12-11T03:45:04.595+0000][gc,phases   ] GC(4)   Post Evacuate Collection Set: 0.23ms
[2025-12-11T03:45:04.595+0000][gc,phases   ] GC(4)   Other: 0.04ms
[2025-12-11T03:45:04.595+0000][gc,heap     ] GC(4) Eden regions: 10->0(10)
[2025-12-11T03:45:04.595+0000][gc,heap     ] GC(4) Survivor regions: 2->2(2)
[2025-12-11T03:45:04.595+0000][gc,heap     ] GC(4) Old regions: 9->10
[2025-12-11T03:45:04.595+0000][gc,heap     ] GC(4) Humongous regions: 0->0
[2025-12-11T03:45:04.595+0000][gc,metaspace] GC(4) Metaspace: 17353K(17600K)->17353K(17600K) NonClass: 15398K(15488K)->15398K(15488K) Class: 1954K(2112K)->1954K(2112K)
[2025-12-11T03:45:04.595+0000][gc          ] GC(4) Pause Young (Normal) (G1 Evacuation Pause) 19M->9M(258M) 5.506ms
[2025-12-11T03:45:04.595+0000][gc,cpu      ] GC(4) User=0.01s Sys=0.00s Real=0.01s
[2025-12-11T03:45:04.980+0000][gc,start    ] GC(5) Pause Young (Normal) (G1 Evacuation Pause)
[2025-12-11T03:45:04.980+0000][gc,task     ] GC(5) Using 1 workers of 1 for evacuation
[2025-12-11T03:45:04.985+0000][gc,phases   ] GC(5)   Pre Evacuate Collection Set: 0.06ms
[2025-12-11T03:45:04.985+0000][gc,phases   ] GC(5)   Merge Heap Roots: 0.02ms
[2025-12-11T03:45:04.985+0000][gc,phases   ] GC(5)   Evacuate Collection Set: 4.71ms
[2025-12-11T03:45:04.985+0000][gc,phases   ] GC(5)   Post Evacuate Collection Set: 0.24ms
[2025-12-11T03:45:04.985+0000][gc,phases   ] GC(5)   Other: 0.06ms
[2025-12-11T03:45:04.985+0000][gc,heap     ] GC(5) Eden regions: 10->0(10)
[2025-12-11T03:45:04.985+0000][gc,heap     ] GC(5) Survivor regions: 2->2(2)
[2025-12-11T03:45:04.985+0000][gc,heap     ] GC(5) Old regions: 10->10
[2025-12-11T03:45:04.985+0000][gc,heap     ] GC(5) Humongous regions: 0->0
[2025-12-11T03:45:04.985+0000][gc,metaspace] GC(5) Metaspace: 20834K(21120K)->20834K(21120K) NonClass: 18339K(18496K)->18339K(18496K) Class: 2495K(2624K)->2495K(2624K)
[2025-12-11T03:45:04.985+0000][gc          ] GC(5) Pause Young (Normal) (G1 Evacuation Pause) 19M->9M(258M) 5.219ms
[2025-12-11T03:45:04.985+0000][gc,cpu      ] GC(5) User=0.00s Sys=0.01s Real=0.01s
[2025-12-11T03:45:05.025+0000][gc,start    ] GC(6) Pause Young (Concurrent Start) (Metadata GC Threshold)
[2025-12-11T03:45:05.025+0000][gc,task     ] GC(6) Using 1 workers of 1 for evacuation
[2025-12-11T03:45:05.029+0000][gc,phases   ] GC(6)   Pre Evacuate Collection Set: 0.08ms
[2025-12-11T03:45:05.029+0000][gc,phases   ] GC(6)   Merge Heap Roots: 0.02ms
[2025-12-11T03:45:05.029+0000][gc,phases   ] GC(6)   Evacuate Collection Set: 3.62ms
[2025-12-11T03:45:05.029+0000][gc,phases   ] GC(6)   Post Evacuate Collection Set: 0.20ms
[2025-12-11T03:45:05.029+0000][gc,phases   ] GC(6)   Other: 0.08ms
[2025-12-11T03:45:05.029+0000][gc,heap     ] GC(6) Eden regions: 2->0(11)
[2025-12-11T03:45:05.029+0000][gc,heap     ] GC(6) Survivor regions: 2->1(2)
[2025-12-11T03:45:05.029+0000][gc,heap     ] GC(6) Old regions: 10->11
[2025-12-11T03:45:05.029+0000][gc,heap     ] GC(6) Humongous regions: 0->0
[2025-12-11T03:45:05.029+0000][gc,metaspace] GC(6) Metaspace: 21225K(21504K)->21225K(21504K) NonClass: 18672K(18816K)->18672K(18816K) Class: 2553K(2688K)->2553K(2688K)
[2025-12-11T03:45:05.029+0000][gc          ] GC(6) Pause Young (Concurrent Start) (Metadata GC Threshold) 11M->10M(258M) 4.127ms
[2025-12-11T03:45:05.029+0000][gc,cpu      ] GC(6) User=0.01s Sys=0.00s Real=0.00s
[2025-12-11T03:45:05.029+0000][gc          ] GC(7) Concurrent Mark Cycle
[2025-12-11T03:45:05.029+0000][gc,marking  ] GC(7) Concurrent Scan Root Regions
[2025-12-11T03:45:05.033+0000][gc,marking  ] GC(7) Concurrent Scan Root Regions 3.798ms
[2025-12-11T03:45:05.033+0000][gc,marking  ] GC(7) Concurrent Mark
[2025-12-11T03:45:05.033+0000][gc,marking  ] GC(7) Concurrent Mark From Roots
[2025-12-11T03:45:05.033+0000][gc,task     ] GC(7) Using 1 workers of 1 for marking
[2025-12-11T03:45:05.046+0000][gc,marking  ] GC(7) Concurrent Mark From Roots 13.067ms
[2025-12-11T03:45:05.046+0000][gc,marking  ] GC(7) Concurrent Preclean
[2025-12-11T03:45:05.046+0000][gc,marking  ] GC(7) Concurrent Preclean 0.039ms
[2025-12-11T03:45:05.046+0000][gc,start    ] GC(7) Pause Remark
[2025-12-11T03:45:05.049+0000][gc          ] GC(7) Pause Remark 10M->10M(256M) 3.530ms
[2025-12-11T03:45:05.049+0000][gc,cpu      ] GC(7) User=0.01s Sys=0.00s Real=0.00s
[2025-12-11T03:45:05.051+0000][gc,marking  ] GC(7) Concurrent Mark 17.939ms
[2025-12-11T03:45:05.051+0000][gc,marking  ] GC(7) Concurrent Rebuild Remembered Sets and Scrub Regions
[2025-12-11T03:45:05.056+0000][gc,marking  ] GC(7) Concurrent Rebuild Remembered Sets and Scrub Regions 5.533ms
[2025-12-11T03:45:05.056+0000][gc,start    ] GC(7) Pause Cleanup
[2025-12-11T03:45:05.056+0000][gc          ] GC(7) Pause Cleanup 10M->10M(256M) 0.064ms
[2025-12-11T03:45:05.056+0000][gc,cpu      ] GC(7) User=0.00s Sys=0.00s Real=0.00s
[2025-12-11T03:45:05.057+0000][gc,marking  ] GC(7) Concurrent Clear Claimed Marks
[2025-12-11T03:45:05.057+0000][gc,marking  ] GC(7) Concurrent Clear Claimed Marks 0.022ms
[2025-12-11T03:45:05.057+0000][gc,marking  ] GC(7) Concurrent Cleanup for Next Mark
[2025-12-11T03:45:05.061+0000][gc,marking  ] GC(7) Concurrent Cleanup for Next Mark 3.485ms
[2025-12-11T03:45:05.061+0000][gc          ] GC(7) Concurrent Mark Cycle 31.759ms
[2025-12-11T03:45:05.551+0000][gc,start    ] GC(8) Pause Young (Prepare Mixed) (G1 Evacuation Pause)
[2025-12-11T03:45:05.551+0000][gc,task     ] GC(8) Using 1 workers of 1 for evacuation
[2025-12-11T03:45:05.556+0000][gc,phases   ] GC(8)   Pre Evacuate Collection Set: 0.06ms
[2025-12-11T03:45:05.556+0000][gc,phases   ] GC(8)   Merge Heap Roots: 0.03ms
[2025-12-11T03:45:05.556+0000][gc,phases   ] GC(8)   Evacuate Collection Set: 4.68ms
[2025-12-11T03:45:05.556+0000][gc,phases   ] GC(8)   Post Evacuate Collection Set: 0.23ms
[2025-12-11T03:45:05.556+0000][gc,phases   ] GC(8)   Other: 0.06ms
[2025-12-11T03:45:05.556+0000][gc,heap     ] GC(8) Eden regions: 11->0(10)
[2025-12-11T03:45:05.556+0000][gc,heap     ] GC(8) Survivor regions: 1->2(2)
[2025-12-11T03:45:05.556+0000][gc,heap     ] GC(8) Old regions: 11->11
[2025-12-11T03:45:05.556+0000][gc,heap     ] GC(8) Humongous regions: 0->0
[2025-12-11T03:45:05.556+0000][gc,metaspace] GC(8) Metaspace: 24413K(24704K)->24413K(24704K) NonClass: 21539K(21696K)->21539K(21696K) Class: 2873K(3008K)->2873K(3008K)
[2025-12-11T03:45:05.556+0000][gc          ] GC(8) Pause Young (Prepare Mixed) (G1 Evacuation Pause) 21M->10M(256M) 5.194ms
[2025-12-11T03:45:05.556+0000][gc,cpu      ] GC(8) User=0.00s Sys=0.01s Real=0.01s
[2025-12-11T03:45:05.729+0000][gc,start    ] GC(9) Pause Young (Mixed) (G1 Evacuation Pause)
[2025-12-11T03:45:05.730+0000][gc,task     ] GC(9) Using 1 workers of 1 for evacuation
[2025-12-11T03:45:05.735+0000][gc,phases   ] GC(9)   Pre Evacuate Collection Set: 0.06ms
[2025-12-11T03:45:05.735+0000][gc,phases   ] GC(9)   Merge Heap Roots: 0.02ms
[2025-12-11T03:45:05.735+0000][gc,phases   ] GC(9)   Evacuate Collection Set: 4.23ms
[2025-12-11T03:45:05.735+0000][gc,phases   ] GC(9)   Post Evacuate Collection Set: 0.24ms
[2025-12-11T03:45:05.735+0000][gc,phases   ] GC(9)   Other: 0.06ms
[2025-12-11T03:45:05.735+0000][gc,heap     ] GC(9) Eden regions: 10->0(10)
[2025-12-11T03:45:05.735+0000][gc,heap     ] GC(9) Survivor regions: 2->2(2)
[2025-12-11T03:45:05.735+0000][gc,heap     ] GC(9) Old regions: 11->11
[2025-12-11T03:45:05.735+0000][gc,heap     ] GC(9) Humongous regions: 0->0
[2025-12-11T03:45:05.735+0000][gc,metaspace] GC(9) Metaspace: 27576K(27840K)->27576K(27840K) NonClass: 24499K(24640K)->24499K(24640K) Class: 3076K(3200K)->3076K(3200K)
[2025-12-11T03:45:05.735+0000][gc          ] GC(9) Pause Young (Mixed) (G1 Evacuation Pause) 20M->11M(256M) 5.627ms
[2025-12-11T03:45:05.735+0000][gc,cpu      ] GC(9) User=0.01s Sys=0.00s Real=0.01s
[2025-12-11T03:45:06.046+0000][gc,start    ] GC(10) Pause Young (Normal) (G1 Evacuation Pause)
[2025-12-11T03:45:06.046+0000][gc,task     ] GC(10) Using 1 workers of 1 for evacuation
[2025-12-11T03:45:06.059+0000][gc,phases   ] GC(10)   Pre Evacuate Collection Set: 0.10ms
[2025-12-11T03:45:06.059+0000][gc,phases   ] GC(10)   Merge Heap Roots: 0.02ms
[2025-12-11T03:45:06.059+0000][gc,phases   ] GC(10)   Evacuate Collection Set: 12.61ms
[2025-12-11T03:45:06.059+0000][gc,phases   ] GC(10)   Post Evacuate Collection Set: 0.54ms
[2025-12-11T03:45:06.059+0000][gc,phases   ] GC(10)   Other: 0.05ms
[2025-12-11T03:45:06.059+0000][gc,heap     ] GC(10) Eden regions: 10->0(10)
[2025-12-11T03:45:06.059+0000][gc,heap     ] GC(10) Survivor regions: 2->2(2)
[2025-12-11T03:45:06.059+0000][gc,heap     ] GC(10) Old regions: 11->12
[2025-12-11T03:45:06.059+0000][gc,heap     ] GC(10) Humongous regions: 0->0
[2025-12-11T03:45:06.059+0000][gc,metaspace] GC(10) Metaspace: 29710K(30016K)->29710K(30016K) NonClass: 26327K(26496K)->26327K(26496K) Class: 3382K(3520K)->3382K(3520K)
[2025-12-11T03:45:06.059+0000][gc          ] GC(10) Pause Young (Normal) (G1 Evacuation Pause) 21M->13M(256M) 13.471ms
[2025-12-11T03:45:06.059+0000][gc,cpu      ] GC(10) User=0.01s Sys=0.00s Real=0.01s
[2025-12-11T03:45:06.595+0000][gc,start    ] GC(11) Pause Young (Normal) (G1 Evacuation Pause)
[2025-12-11T03:45:06.595+0000][gc,task     ] GC(11) Using 1 workers of 1 for evacuation
[2025-12-11T03:45:06.606+0000][gc,phases   ] GC(11)   Pre Evacuate Collection Set: 0.07ms
[2025-12-11T03:45:06.606+0000][gc,phases   ] GC(11)   Merge Heap Roots: 0.02ms
[2025-12-11T03:45:06.606+0000][gc,phases   ] GC(11)   Evacuate Collection Set: 9.95ms
[2025-12-11T03:45:06.606+0000][gc,phases   ] GC(11)   Post Evacuate Collection Set: 0.59ms
[2025-12-11T03:45:06.606+0000][gc,phases   ] GC(11)   Other: 0.07ms
[2025-12-11T03:45:06.606+0000][gc,heap     ] GC(11) Eden regions: 10->0(10)
[2025-12-11T03:45:06.606+0000][gc,heap     ] GC(11) Survivor regions: 2->2(2)
[2025-12-11T03:45:06.606+0000][gc,heap     ] GC(11) Old regions: 12->14
[2025-12-11T03:45:06.606+0000][gc,heap     ] GC(11) Humongous regions: 0->0
[2025-12-11T03:45:06.606+0000][gc,metaspace] GC(11) Metaspace: 31976K(32448K)->31976K(32448K) NonClass: 28289K(28544K)->28289K(28544K) Class: 3686K(3904K)->3686K(3904K)
[2025-12-11T03:45:06.606+0000][gc          ] GC(11) Pause Young (Normal) (G1 Evacuation Pause) 23M->15M(256M) 10.860ms
[2025-12-11T03:45:06.606+0000][gc,cpu      ] GC(11) User=0.01s Sys=0.00s Real=0.01s
[2025-12-11T03:45:06.939+0000][gc,start    ] GC(12) Pause Young (Normal) (G1 Evacuation Pause)
[2025-12-11T03:45:06.939+0000][gc,task     ] GC(12) Using 1 workers of 1 for evacuation
[2025-12-11T03:45:06.949+0000][gc,phases   ] GC(12)   Pre Evacuate Collection Set: 0.06ms
[2025-12-11T03:45:06.949+0000][gc,phases   ] GC(12)   Merge Heap Roots: 0.02ms
[2025-12-11T03:45:06.949+0000][gc,phases   ] GC(12)   Evacuate Collection Set: 10.07ms
[2025-12-11T03:45:06.949+0000][gc,phases   ] GC(12)   Post Evacuate Collection Set: 0.25ms
[2025-12-11T03:45:06.949+0000][gc,phases   ] GC(12)   Other: 0.07ms
[2025-12-11T03:45:06.949+0000][gc,heap     ] GC(12) Eden regions: 10->0(11)
[2025-12-11T03:45:06.949+0000][gc,heap     ] GC(12) Survivor regions: 2->1(2)
[2025-12-11T03:45:06.949+0000][gc,heap     ] GC(12) Old regions: 14->16
[2025-12-11T03:45:06.949+0000][gc,heap     ] GC(12) Humongous regions: 0->0
[2025-12-11T03:45:06.949+0000][gc,metaspace] GC(12) Metaspace: 32007K(32448K)->32007K(32448K) NonClass: 28321K(28544K)->28321K(28544K) Class: 3686K(3904K)->3686K(3904K)
[2025-12-11T03:45:06.949+0000][gc          ] GC(12) Pause Young (Normal) (G1 Evacuation Pause) 25M->15M(256M) 10.620ms
[2025-12-11T03:45:06.949+0000][gc,cpu      ] GC(12) User=0.01s Sys=0.00s Real=0.01s
[2025-12-11T03:45:07.201+0000][gc,start    ] GC(13) Pause Young (Normal) (G1 Evacuation Pause)
[2025-12-11T03:45:07.201+0000][gc,task     ] GC(13) Using 1 workers of 1 for evacuation
[2025-12-11T03:45:07.203+0000][gc,phases   ] GC(13)   Pre Evacuate Collection Set: 0.07ms
[2025-12-11T03:45:07.203+0000][gc,phases   ] GC(13)   Merge Heap Roots: 0.02ms
[2025-12-11T03:45:07.203+0000][gc,phases   ] GC(13)   Evacuate Collection Set: 0.23ms
[2025-12-11T03:45:07.203+0000][gc,phases   ] GC(13)   Post Evacuate Collection Set: 1.05ms
[2025-12-11T03:45:07.203+0000][gc,phases   ] GC(13)   Other: 0.07ms
[2025-12-11T03:45:07.203+0000][gc,heap     ] GC(13) Eden regions: 11->0(11)
[2025-12-11T03:45:07.203+0000][gc,heap     ] GC(13) Survivor regions: 1->1(2)
[2025-12-11T03:45:07.203+0000][gc,heap     ] GC(13) Old regions: 16->16
[2025-12-11T03:45:07.203+0000][gc,heap     ] GC(13) Humongous regions: 0->0
[2025-12-11T03:45:07.203+0000][gc,metaspace] GC(13) Metaspace: 32007K(32448K)->32007K(32448K) NonClass: 28321K(28544K)->28321K(28544K) Class: 3686K(3904K)->3686K(3904K)
[2025-12-11T03:45:07.203+0000][gc          ] GC(13) Pause Young (Normal) (G1 Evacuation Pause) 26M->15M(256M) 1.558ms
[2025-12-11T03:45:07.203+0000][gc,cpu      ] GC(13) User=0.00s Sys=0.00s Real=0.00s
[2025-12-11T03:45:07.438+0000][gc,start    ] GC(14) Pause Young (Normal) (G1 Evacuation Pause)
[2025-12-11T03:45:07.438+0000][gc,task     ] GC(14) Using 1 workers of 1 for evacuation
[2025-12-11T03:45:07.439+0000][gc,phases   ] GC(14)   Pre Evacuate Collection Set: 0.06ms
[2025-12-11T03:45:07.439+0000][gc,phases   ] GC(14)   Merge Heap Roots: 0.02ms
[2025-12-11T03:45:07.439+0000][gc,phases   ] GC(14)   Evacuate Collection Set: 0.21ms
[2025-12-11T03:45:07.439+0000][gc,phases   ] GC(14)   Post Evacuate Collection Set: 0.26ms
[2025-12-11T03:45:07.439+0000][gc,phases   ] GC(14)   Other: 0.38ms
[2025-12-11T03:45:07.439+0000][gc,heap     ] GC(14) Eden regions: 14->0(152)
[2025-12-11T03:45:07.439+0000][gc,heap     ] GC(14) Survivor regions: 1->1(2)
[2025-12-11T03:45:07.439+0000][gc,heap     ] GC(14) Old regions: 16->16
[2025-12-11T03:45:07.439+0000][gc,heap     ] GC(14) Humongous regions: 0->0
[2025-12-11T03:45:07.439+0000][gc,metaspace] GC(14) Metaspace: 32026K(32448K)->32026K(32448K) NonClass: 28339K(28544K)->28339K(28544K) Class: 3686K(3904K)->3686K(3904K)
[2025-12-11T03:45:07.439+0000][gc          ] GC(14) Pause Young (Normal) (G1 Evacuation Pause) 29M->15M(256M) 1.043ms
[2025-12-11T03:45:07.439+0000][gc,cpu      ] GC(14) User=0.00s Sys=0.00s Real=0.00s
[2025-12-11T03:45:08.015+0000][gc,start    ] GC(15) Pause Young (Concurrent Start) (Metadata GC Threshold)
[2025-12-11T03:45:08.015+0000][gc,task     ] GC(15) Using 1 workers of 1 for evacuation
[2025-12-11T03:45:08.021+0000][gc,phases   ] GC(15)   Pre Evacuate Collection Set: 0.08ms
[2025-12-11T03:45:08.021+0000][gc,phases   ] GC(15)   Merge Heap Roots: 0.03ms
[2025-12-11T03:45:08.021+0000][gc,phases   ] GC(15)   Evacuate Collection Set: 5.61ms
[2025-12-11T03:45:08.021+0000][gc,phases   ] GC(15)   Post Evacuate Collection Set: 0.31ms
[2025-12-11T03:45:08.021+0000][gc,phases   ] GC(15)   Other: 0.06ms
[2025-12-11T03:45:08.021+0000][gc,heap     ] GC(15) Eden regions: 23->0(10)
[2025-12-11T03:45:08.021+0000][gc,heap     ] GC(15) Survivor regions: 1->2(20)
[2025-12-11T03:45:08.021+0000][gc,heap     ] GC(15) Old regions: 16->16
[2025-12-11T03:45:08.021+0000][gc,heap     ] GC(15) Humongous regions: 9->9
[2025-12-11T03:45:08.021+0000][gc,metaspace] GC(15) Metaspace: 35665K(36160K)->35665K(36160K) NonClass: 31536K(31808K)->31536K(31808K) Class: 4129K(4352K)->4129K(4352K)
[2025-12-11T03:45:08.021+0000][gc          ] GC(15) Pause Young (Concurrent Start) (Metadata GC Threshold) 46M->25M(256M) 6.213ms
[2025-12-11T03:45:08.021+0000][gc,cpu      ] GC(15) User=0.00s Sys=0.00s Real=0.00s
[2025-12-11T03:45:08.023+0000][gc          ] GC(16) Concurrent Mark Cycle
[2025-12-11T03:45:08.023+0000][gc,marking  ] GC(16) Concurrent Scan Root Regions
[2025-12-11T03:45:08.025+0000][gc,marking  ] GC(16) Concurrent Scan Root Regions 2.940ms
[2025-12-11T03:45:08.026+0000][gc,marking  ] GC(16) Concurrent Mark
[2025-12-11T03:45:08.026+0000][gc,marking  ] GC(16) Concurrent Mark From Roots
[2025-12-11T03:45:08.026+0000][gc,task     ] GC(16) Using 1 workers of 1 for marking
[2025-12-11T03:45:08.081+0000][gc,marking  ] GC(16) Concurrent Mark From Roots 54.996ms
[2025-12-11T03:45:08.081+0000][gc,marking  ] GC(16) Concurrent Preclean
[2025-12-11T03:45:08.081+0000][gc,marking  ] GC(16) Concurrent Preclean 0.040ms
[2025-12-11T03:45:08.084+0000][gc,start    ] GC(16) Pause Remark
[2025-12-11T03:45:08.090+0000][gc          ] GC(16) Pause Remark 28M->28M(256M) 5.979ms
[2025-12-11T03:45:08.090+0000][gc,cpu      ] GC(16) User=0.00s Sys=0.00s Real=0.01s
[2025-12-11T03:45:08.096+0000][gc,marking  ] GC(16) Concurrent Mark 70.008ms
[2025-12-11T03:45:08.096+0000][gc,marking  ] GC(16) Concurrent Rebuild Remembered Sets and Scrub Regions
[2025-12-11T03:45:08.147+0000][gc,marking  ] GC(16) Concurrent Rebuild Remembered Sets and Scrub Regions 51.399ms
[2025-12-11T03:45:08.147+0000][gc,start    ] GC(16) Pause Cleanup
[2025-12-11T03:45:08.147+0000][gc          ] GC(16) Pause Cleanup 29M->29M(256M) 0.075ms
[2025-12-11T03:45:08.147+0000][gc,cpu      ] GC(16) User=0.00s Sys=0.00s Real=0.00s
[2025-12-11T03:45:08.153+0000][gc,marking  ] GC(16) Concurrent Clear Claimed Marks
[2025-12-11T03:45:08.153+0000][gc,marking  ] GC(16) Concurrent Clear Claimed Marks 0.063ms
[2025-12-11T03:45:08.153+0000][gc,marking  ] GC(16) Concurrent Cleanup for Next Mark
[2025-12-11T03:45:08.164+0000][gc,marking  ] GC(16) Concurrent Cleanup for Next Mark 11.720ms
[2025-12-11T03:45:08.164+0000][gc          ] GC(16) Concurrent Mark Cycle 141.822ms
[2025-12-11T03:45:08.284+0000][gc,start    ] GC(17) Pause Young (Prepare Mixed) (G1 Evacuation Pause)
[2025-12-11T03:45:08.284+0000][gc,task     ] GC(17) Using 1 workers of 1 for evacuation
[2025-12-11T03:45:08.290+0000][gc,phases   ] GC(17)   Pre Evacuate Collection Set: 0.07ms
[2025-12-11T03:45:08.290+0000][gc,phases   ] GC(17)   Merge Heap Roots: 0.04ms
[2025-12-11T03:45:08.290+0000][gc,phases   ] GC(17)   Evacuate Collection Set: 5.77ms
[2025-12-11T03:45:08.290+0000][gc,phases   ] GC(17)   Post Evacuate Collection Set: 0.29ms
[2025-12-11T03:45:08.290+0000][gc,phases   ] GC(17)   Other: 0.07ms
[2025-12-11T03:45:08.290+0000][gc,heap     ] GC(17) Eden regions: 10->0(10)
[2025-12-11T03:45:08.290+0000][gc,heap     ] GC(17) Survivor regions: 2->2(2)
[2025-12-11T03:45:08.290+0000][gc,heap     ] GC(17) Old regions: 16->18
[2025-12-11T03:45:08.290+0000][gc,heap     ] GC(17) Humongous regions: 9->9
[2025-12-11T03:45:08.290+0000][gc,metaspace] GC(17) Metaspace: 36943K(37568K)->36943K(37568K) NonClass: 32670K(33024K)->32670K(33024K) Class: 4273K(4544K)->4273K(4544K)
[2025-12-11T03:45:08.290+0000][gc          ] GC(17) Pause Young (Prepare Mixed) (G1 Evacuation Pause) 35M->26M(256M) 6.363ms
[2025-12-11T03:45:08.290+0000][gc,cpu      ] GC(17) User=0.01s Sys=0.00s Real=0.01s
[2025-12-11T03:45:08.447+0000][gc,start    ] GC(18) Pause Young (Mixed) (G1 Evacuation Pause)
[2025-12-11T03:45:08.447+0000][gc,task     ] GC(18) Using 1 workers of 1 for evacuation
[2025-12-11T03:45:08.457+0000][gc,phases   ] GC(18)   Pre Evacuate Collection Set: 0.07ms
[2025-12-11T03:45:08.457+0000][gc,phases   ] GC(18)   Merge Heap Roots: 0.03ms
[2025-12-11T03:45:08.457+0000][gc,phases   ] GC(18)   Evacuate Collection Set: 9.82ms
[2025-12-11T03:45:08.457+0000][gc,phases   ] GC(18)   Post Evacuate Collection Set: 0.82ms
[2025-12-11T03:45:08.457+0000][gc,phases   ] GC(18)   Other: 0.05ms
[2025-12-11T03:45:08.458+0000][gc,heap     ] GC(18) Eden regions: 10->0(83)
[2025-12-11T03:45:08.458+0000][gc,heap     ] GC(18) Survivor regions: 2->1(2)
[2025-12-11T03:45:08.458+0000][gc,heap     ] GC(18) Old regions: 18->18
[2025-12-11T03:45:08.458+0000][gc,heap     ] GC(18) Humongous regions: 9->9
[2025-12-11T03:45:08.458+0000][gc,metaspace] GC(18) Metaspace: 37429K(38144K)->37429K(38144K) NonClass: 33102K(33472K)->33102K(33472K) Class: 4327K(4672K)->4327K(4672K)
[2025-12-11T03:45:08.458+0000][gc          ] GC(18) Pause Young (Mixed) (G1 Evacuation Pause) 36M->26M(256M) 10.929ms
[2025-12-11T03:45:08.458+0000][gc,cpu      ] GC(18) User=0.01s Sys=0.00s Real=0.01s
[2025-12-11T03:45:10.073+0000][gc,start    ] GC(19) Pause Young (Concurrent Start) (G1 Humongous Allocation)
[2025-12-11T03:45:10.073+0000][gc,task     ] GC(19) Using 1 workers of 1 for evacuation
[2025-12-11T03:45:10.105+0000][gc,mmu      ] GC(19) MMU target violated: 21.0ms (20.0ms/21.0ms)
[2025-12-11T03:45:10.105+0000][gc,phases   ] GC(19)   Pre Evacuate Collection Set: 0.10ms
[2025-12-11T03:45:10.105+0000][gc,phases   ] GC(19)   Merge Heap Roots: 0.06ms
[2025-12-11T03:45:10.105+0000][gc,phases   ] GC(19)   Evacuate Collection Set: 30.70ms
[2025-12-11T03:45:10.105+0000][gc,phases   ] GC(19)   Post Evacuate Collection Set: 0.53ms
[2025-12-11T03:45:10.105+0000][gc,phases   ] GC(19)   Other: 0.54ms
[2025-12-11T03:45:10.105+0000][gc,heap     ] GC(19) Eden regions: 47->0(10)
[2025-12-11T03:45:10.105+0000][gc,heap     ] GC(19) Survivor regions: 1->7(7)
[2025-12-11T03:45:10.105+0000][gc,heap     ] GC(19) Old regions: 18->18
[2025-12-11T03:45:10.105+0000][gc,heap     ] GC(19) Humongous regions: 9->9
[2025-12-11T03:45:10.105+0000][gc,metaspace] GC(19) Metaspace: 43320K(44160K)->43320K(44160K) NonClass: 38359K(38848K)->38359K(38848K) Class: 4960K(5312K)->4960K(5312K)
[2025-12-11T03:45:10.105+0000][gc          ] GC(19) Pause Young (Concurrent Start) (G1 Humongous Allocation) 72M->33M(256M) 32.067ms
[2025-12-11T03:45:10.105+0000][gc          ] GC(20) Concurrent Undo Cycle
[2025-12-11T03:45:10.105+0000][gc,marking  ] GC(20) Concurrent Clear Claimed Marks
[2025-12-11T03:45:10.105+0000][gc,marking  ] GC(20) Concurrent Clear Claimed Marks 0.074ms
[2025-12-11T03:45:10.105+0000][gc,marking  ] GC(20) Concurrent Cleanup for Next Mark
[2025-12-11T03:45:10.105+0000][gc,cpu      ] GC(19) User=0.02s Sys=0.00s Real=0.04s
[2025-12-11T03:45:10.106+0000][gc,marking  ] GC(20) Concurrent Cleanup for Next Mark 0.676ms
[2025-12-11T03:45:10.106+0000][gc          ] GC(20) Concurrent Undo Cycle 0.791ms
[2025-12-11T03:45:10.329+0000][gc,start    ] GC(21) Pause Young (Normal) (G1 Evacuation Pause)
[2025-12-11T03:45:10.329+0000][gc,task     ] GC(21) Using 1 workers of 1 for evacuation
[2025-12-11T03:45:10.347+0000][gc,phases   ] GC(21)   Pre Evacuate Collection Set: 1.26ms
[2025-12-11T03:45:10.347+0000][gc,phases   ] GC(21)   Merge Heap Roots: 0.04ms
[2025-12-11T03:45:10.347+0000][gc,phases   ] GC(21)   Evacuate Collection Set: 15.64ms
[2025-12-11T03:45:10.347+0000][gc,phases   ] GC(21)   Post Evacuate Collection Set: 0.34ms
[2025-12-11T03:45:10.347+0000][gc,phases   ] GC(21)   Other: 0.09ms
[2025-12-11T03:45:10.347+0000][gc,heap     ] GC(21) Eden regions: 5->0(23)
[2025-12-11T03:45:10.347+0000][gc,heap     ] GC(21) Survivor regions: 7->1(2)
[2025-12-11T03:45:10.347+0000][gc,heap     ] GC(21) Old regions: 18->25
[2025-12-11T03:45:10.347+0000][gc,heap     ] GC(21) Humongous regions: 138->138
[2025-12-11T03:45:10.347+0000][gc,metaspace] GC(21) Metaspace: 43895K(44736K)->43895K(44736K) NonClass: 38837K(39296K)->38837K(39296K) Class: 5057K(5440K)->5057K(5440K)
[2025-12-11T03:45:10.347+0000][gc          ] GC(21) Pause Young (Normal) (G1 Evacuation Pause) 167M->163M(256M) 17.500ms
[2025-12-11T03:45:10.347+0000][gc,cpu      ] GC(21) User=0.02s Sys=0.01s Real=0.02s
[2025-12-11T03:45:10.926+0000][gc,start    ] GC(22) Pause Young (Concurrent Start) (G1 Humongous Allocation)
[2025-12-11T03:45:10.926+0000][gc,task     ] GC(22) Using 1 workers of 1 for evacuation
[2025-12-11T03:45:10.932+0000][gc,phases   ] GC(22)   Pre Evacuate Collection Set: 0.10ms
[2025-12-11T03:45:10.932+0000][gc,phases   ] GC(22)   Merge Heap Roots: 0.03ms
[2025-12-11T03:45:10.932+0000][gc,phases   ] GC(22)   Evacuate Collection Set: 6.05ms
[2025-12-11T03:45:10.932+0000][gc,phases   ] GC(22)   Post Evacuate Collection Set: 0.33ms
[2025-12-11T03:45:10.932+0000][gc,phases   ] GC(22)   Other: 0.08ms
[2025-12-11T03:45:10.932+0000][gc,heap     ] GC(22) Eden regions: 9->0(24)
[2025-12-11T03:45:10.932+0000][gc,heap     ] GC(22) Survivor regions: 1->2(4)
[2025-12-11T03:45:10.932+0000][gc,heap     ] GC(22) Old regions: 25->25
[2025-12-11T03:45:10.932+0000][gc,heap     ] GC(22) Humongous regions: 138->138
[2025-12-11T03:45:10.932+0000][gc,metaspace] GC(22) Metaspace: 44834K(45696K)->44834K(45696K) NonClass: 39643K(40128K)->39643K(40128K) Class: 5191K(5568K)->5191K(5568K)
[2025-12-11T03:45:10.932+0000][gc          ] GC(22) Pause Young (Concurrent Start) (G1 Humongous Allocation) 172M->164M(256M) 6.702ms
[2025-12-11T03:45:10.932+0000][gc          ] GC(23) Concurrent Mark Cycle
[2025-12-11T03:45:10.932+0000][gc,marking  ] GC(23) Concurrent Scan Root Regions
[2025-12-11T03:45:10.933+0000][gc,marking  ] GC(23) Concurrent Scan Root Regions 0.692ms
[2025-12-11T03:45:10.933+0000][gc,marking  ] GC(23) Concurrent Mark
[2025-12-11T03:45:10.933+0000][gc,marking  ] GC(23) Concurrent Mark From Roots
[2025-12-11T03:45:10.933+0000][gc,task     ] GC(23) Using 1 workers of 1 for marking
[2025-12-11T03:45:10.933+0000][gc,cpu      ] GC(22) User=0.01s Sys=0.00s Real=0.00s
[2025-12-11T03:45:11.077+0000][gc,marking  ] GC(23) Concurrent Mark From Roots 143.431ms
[2025-12-11T03:45:11.077+0000][gc,marking  ] GC(23) Concurrent Preclean
[2025-12-11T03:45:11.077+0000][gc,marking  ] GC(23) Concurrent Preclean 0.070ms
[2025-12-11T03:45:11.077+0000][gc,start    ] GC(23) Pause Remark
[2025-12-11T03:45:11.085+0000][gc          ] GC(23) Pause Remark 173M->173M(285M) 8.237ms
[2025-12-11T03:45:11.085+0000][gc,cpu      ] GC(23) User=0.01s Sys=0.00s Real=0.01s
[2025-12-11T03:45:11.087+0000][gc,marking  ] GC(23) Concurrent Mark 153.441ms
[2025-12-11T03:45:11.087+0000][gc,marking  ] GC(23) Concurrent Rebuild Remembered Sets and Scrub Regions
[2025-12-11T03:45:11.156+0000][gc,marking  ] GC(23) Concurrent Rebuild Remembered Sets and Scrub Regions 69.538ms
[2025-12-11T03:45:11.156+0000][gc,start    ] GC(23) Pause Cleanup
[2025-12-11T03:45:11.158+0000][gc          ] GC(23) Pause Cleanup 174M->174M(285M) 1.421ms
[2025-12-11T03:45:11.158+0000][gc,cpu      ] GC(23) User=0.00s Sys=0.00s Real=0.00s
[2025-12-11T03:45:11.158+0000][gc,marking  ] GC(23) Concurrent Clear Claimed Marks
[2025-12-11T03:45:11.158+0000][gc,marking  ] GC(23) Concurrent Clear Claimed Marks 0.121ms
[2025-12-11T03:45:11.158+0000][gc,marking  ] GC(23) Concurrent Cleanup for Next Mark
[2025-12-11T03:45:11.159+0000][gc,marking  ] GC(23) Concurrent Cleanup for Next Mark 1.175ms
[2025-12-11T03:45:11.159+0000][gc          ] GC(23) Concurrent Mark Cycle 226.586ms
[2025-12-11T03:45:20.492+0000][gc,start    ] GC(24) Pause Young (Prepare Mixed) (G1 Evacuation Pause)
[2025-12-11T03:45:20.493+0000][gc,task     ] GC(24) Using 1 workers of 1 for evacuation
[2025-12-11T03:45:20.499+0000][gc,phases   ] GC(24)   Pre Evacuate Collection Set: 0.09ms
[2025-12-11T03:45:20.499+0000][gc,phases   ] GC(24)   Merge Heap Roots: 0.05ms
[2025-12-11T03:45:20.499+0000][gc,phases   ] GC(24)   Evacuate Collection Set: 6.19ms
[2025-12-11T03:45:20.499+0000][gc,phases   ] GC(24)   Post Evacuate Collection Set: 0.38ms
[2025-12-11T03:45:20.499+0000][gc,phases   ] GC(24)   Other: 0.05ms
[2025-12-11T03:45:20.499+0000][gc,heap     ] GC(24) Eden regions: 12->0(29)
[2025-12-11T03:45:20.499+0000][gc,heap     ] GC(24) Survivor regions: 2->1(2)
[2025-12-11T03:45:20.499+0000][gc,heap     ] GC(24) Old regions: 25->26
[2025-12-11T03:45:20.499+0000][gc,heap     ] GC(24) Humongous regions: 144->138
[2025-12-11T03:45:20.499+0000][gc,metaspace] GC(24) Metaspace: 46047K(47040K)->46047K(47040K) NonClass: 40687K(41280K)->40687K(41280K) Class: 5359K(5760K)->5359K(5760K)
[2025-12-11T03:45:20.499+0000][gc          ] GC(24) Pause Young (Prepare Mixed) (G1 Evacuation Pause) 182M->164M(285M) 6.889ms
[2025-12-11T03:45:20.499+0000][gc,cpu      ] GC(24) User=0.00s Sys=0.00s Real=0.01s
[2025-12-11T03:47:46.114+0000][gc,start    ] GC(25) Pause Young (Mixed) (G1 Evacuation Pause)
[2025-12-11T03:47:46.114+0000][gc,task     ] GC(25) Using 1 workers of 1 for evacuation
[2025-12-11T03:47:46.124+0000][gc,phases   ] GC(25)   Pre Evacuate Collection Set: 0.11ms
[2025-12-11T03:47:46.124+0000][gc,phases   ] GC(25)   Merge Heap Roots: 0.08ms
[2025-12-11T03:47:46.124+0000][gc,phases   ] GC(25)   Evacuate Collection Set: 8.34ms
[2025-12-11T03:47:46.124+0000][gc,phases   ] GC(25)   Post Evacuate Collection Set: 0.89ms
[2025-12-11T03:47:46.124+0000][gc,phases   ] GC(25)   Other: 0.06ms
[2025-12-11T03:47:46.124+0000][gc,heap     ] GC(25) Eden regions: 27->0(28)
[2025-12-11T03:47:46.124+0000][gc,heap     ] GC(25) Survivor regions: 1->2(4)
[2025-12-11T03:47:46.124+0000][gc,heap     ] GC(25) Old regions: 26->25
[2025-12-11T03:47:46.124+0000][gc,heap     ] GC(25) Humongous regions: 144->138
[2025-12-11T03:47:46.124+0000][gc,metaspace] GC(25) Metaspace: 47952K(49024K)->47952K(49024K) NonClass: 42352K(42944K)->42352K(42944K) Class: 5600K(6080K)->5600K(6080K)
[2025-12-11T03:47:46.124+0000][gc          ] GC(25) Pause Young (Mixed) (G1 Evacuation Pause) 197M->164M(285M) 9.613ms
[2025-12-11T03:47:46.124+0000][gc,cpu      ] GC(25) User=0.01s Sys=0.00s Real=0.01s
[2025-12-11T03:49:15.149+0000][gc,start    ] GC(26) Pause Young (Concurrent Start) (G1 Evacuation Pause)
[2025-12-11T03:49:15.149+0000][gc,task     ] GC(26) Using 1 workers of 1 for evacuation
[2025-12-11T03:49:15.157+0000][gc,phases   ] GC(26)   Pre Evacuate Collection Set: 0.13ms
[2025-12-11T03:49:15.157+0000][gc,phases   ] GC(26)   Merge Heap Roots: 0.05ms
[2025-12-11T03:49:15.157+0000][gc,phases   ] GC(26)   Evacuate Collection Set: 7.66ms
[2025-12-11T03:49:15.157+0000][gc,phases   ] GC(26)   Post Evacuate Collection Set: 0.39ms
[2025-12-11T03:49:15.157+0000][gc,phases   ] GC(26)   Other: 0.06ms
[2025-12-11T03:49:15.157+0000][gc,heap     ] GC(26) Eden regions: 12->0(39)
[2025-12-11T03:49:15.157+0000][gc,heap     ] GC(26) Survivor regions: 2->1(2)
[2025-12-11T03:49:15.157+0000][gc,heap     ] GC(26) Old regions: 25->26
[2025-12-11T03:49:15.157+0000][gc,heap     ] GC(26) Humongous regions: 138->138
[2025-12-11T03:49:15.157+0000][gc,metaspace] GC(26) Metaspace: 48170K(49216K)->48170K(49216K) NonClass: 42570K(43136K)->42570K(43136K) Class: 5600K(6080K)->5600K(6080K)
[2025-12-11T03:49:15.157+0000][gc          ] GC(26) Pause Young (Concurrent Start) (G1 Evacuation Pause) 176M->164M(285M) 8.424ms
[2025-12-11T03:49:15.157+0000][gc          ] GC(27) Concurrent Mark Cycle
[2025-12-11T03:49:15.157+0000][gc,marking  ] GC(27) Concurrent Scan Root Regions
[2025-12-11T03:49:15.159+0000][gc,cpu      ] GC(26) User=0.01s Sys=0.00s Real=0.01s
[2025-12-11T03:49:15.162+0000][gc,marking  ] GC(27) Concurrent Scan Root Regions 4.569ms
[2025-12-11T03:49:15.163+0000][gc,marking  ] GC(27) Concurrent Mark
[2025-12-11T03:49:15.163+0000][gc,marking  ] GC(27) Concurrent Mark From Roots
[2025-12-11T03:49:15.163+0000][gc,task     ] GC(27) Using 1 workers of 1 for marking
[2025-12-11T03:49:15.191+0000][gc,marking  ] GC(27) Concurrent Mark From Roots 28.267ms
[2025-12-11T03:49:15.191+0000][gc,marking  ] GC(27) Concurrent Preclean
[2025-12-11T03:49:15.191+0000][gc,marking  ] GC(27) Concurrent Preclean 0.049ms
[2025-12-11T03:49:15.191+0000][gc,start    ] GC(27) Pause Remark
[2025-12-11T03:49:15.204+0000][gc          ] GC(27) Pause Remark 165M->165M(285M) 12.450ms
[2025-12-11T03:49:15.204+0000][gc,cpu      ] GC(27) User=0.01s Sys=0.00s Real=0.01s
[2025-12-11T03:49:15.204+0000][gc,marking  ] GC(27) Concurrent Mark 40.978ms
[2025-12-11T03:49:15.204+0000][gc,marking  ] GC(27) Concurrent Rebuild Remembered Sets and Scrub Regions
[2025-12-11T03:49:15.222+0000][gc,marking  ] GC(27) Concurrent Rebuild Remembered Sets and Scrub Regions 17.574ms
[2025-12-11T03:49:15.222+0000][gc,start    ] GC(27) Pause Cleanup
[2025-12-11T03:49:15.222+0000][gc          ] GC(27) Pause Cleanup 165M->165M(285M) 0.073ms
[2025-12-11T03:49:15.222+0000][gc,cpu      ] GC(27) User=0.00s Sys=0.00s Real=0.00s
[2025-12-11T03:49:15.222+0000][gc,marking  ] GC(27) Concurrent Clear Claimed Marks
[2025-12-11T03:49:15.222+0000][gc,marking  ] GC(27) Concurrent Clear Claimed Marks 0.090ms
[2025-12-11T03:49:15.222+0000][gc,marking  ] GC(27) Concurrent Cleanup for Next Mark
[2025-12-11T03:49:15.222+0000][gc,marking  ] GC(27) Concurrent Cleanup for Next Mark 0.377ms
[2025-12-11T03:49:15.222+0000][gc          ] GC(27) Concurrent Mark Cycle 64.954ms
[2025-12-11T03:52:29.217+0000][gc,start    ] GC(28) Pause Young (Prepare Mixed) (G1 Evacuation Pause)
[2025-12-11T03:52:29.217+0000][gc,task     ] GC(28) Using 1 workers of 1 for evacuation
[2025-12-11T03:52:29.223+0000][gc,phases   ] GC(28)   Pre Evacuate Collection Set: 0.11ms
[2025-12-11T03:52:29.223+0000][gc,phases   ] GC(28)   Merge Heap Roots: 0.05ms
[2025-12-11T03:52:29.223+0000][gc,phases   ] GC(28)   Evacuate Collection Set: 5.22ms
[2025-12-11T03:52:29.223+0000][gc,phases   ] GC(28)   Post Evacuate Collection Set: 0.39ms
[2025-12-11T03:52:29.223+0000][gc,phases   ] GC(28)   Other: 0.05ms
[2025-12-11T03:52:29.223+0000][gc,heap     ] GC(28) Eden regions: 25->0(28)
[2025-12-11T03:52:29.223+0000][gc,heap     ] GC(28) Survivor regions: 1->2(4)
[2025-12-11T03:52:29.223+0000][gc,heap     ] GC(28) Old regions: 26->26
[2025-12-11T03:52:29.223+0000][gc,heap     ] GC(28) Humongous regions: 138->138
[2025-12-11T03:52:29.223+0000][gc,metaspace] GC(28) Metaspace: 48461K(49536K)->48461K(49536K) NonClass: 42860K(43456K)->42860K(43456K) Class: 5600K(6080K)->5600K(6080K)
[2025-12-11T03:52:29.223+0000][gc          ] GC(28) Pause Young (Prepare Mixed) (G1 Evacuation Pause) 189M->165M(285M) 5.943ms
[2025-12-11T03:52:29.223+0000][gc,cpu      ] GC(28) User=0.01s Sys=0.00s Real=0.00s
[2025-12-11T03:55:10.469+0000][gc,start    ] GC(29) Pause Young (Mixed) (G1 Evacuation Pause)
[2025-12-11T03:55:10.469+0000][gc,task     ] GC(29) Using 1 workers of 1 for evacuation
[2025-12-11T03:55:10.480+0000][gc,phases   ] GC(29)   Pre Evacuate Collection Set: 0.11ms
[2025-12-11T03:55:10.480+0000][gc,phases   ] GC(29)   Merge Heap Roots: 0.05ms
[2025-12-11T03:55:10.480+0000][gc,phases   ] GC(29)   Evacuate Collection Set: 10.37ms
[2025-12-11T03:55:10.480+0000][gc,phases   ] GC(29)   Post Evacuate Collection Set: 0.46ms
[2025-12-11T03:55:10.480+0000][gc,phases   ] GC(29)   Other: 0.05ms
[2025-12-11T03:55:10.480+0000][gc,heap     ] GC(29) Eden regions: 19->0(50)
[2025-12-11T03:55:10.480+0000][gc,heap     ] GC(29) Survivor regions: 2->2(3)
[2025-12-11T03:55:10.480+0000][gc,heap     ] GC(29) Old regions: 26->26
[2025-12-11T03:55:10.480+0000][gc,heap     ] GC(29) Humongous regions: 138->138
[2025-12-11T03:55:10.480+0000][gc,metaspace] GC(29) Metaspace: 48626K(49664K)->48626K(49664K) NonClass: 43022K(43584K)->43022K(43584K) Class: 5603K(6080K)->5603K(6080K)
[2025-12-11T03:55:10.480+0000][gc          ] GC(29) Pause Young (Mixed) (G1 Evacuation Pause) 184M->165M(285M) 11.210ms
[2025-12-11T03:55:10.480+0000][gc,cpu      ] GC(29) User=0.01s Sys=0.00s Real=0.01s
[2025-12-11T03:55:21.709+0000][gc,start    ] GC(30) Pause Young (Concurrent Start) (G1 Humongous Allocation)
[2025-12-11T03:55:21.709+0000][gc,task     ] GC(30) Using 1 workers of 1 for evacuation
[2025-12-11T03:55:21.720+0000][gc,phases   ] GC(30)   Pre Evacuate Collection Set: 0.10ms
[2025-12-11T03:55:21.720+0000][gc,phases   ] GC(30)   Merge Heap Roots: 0.05ms
[2025-12-11T03:55:21.720+0000][gc,phases   ] GC(30)   Evacuate Collection Set: 10.53ms
[2025-12-11T03:55:21.720+0000][gc,phases   ] GC(30)   Post Evacuate Collection Set: 0.36ms
[2025-12-11T03:55:21.720+0000][gc,phases   ] GC(30)   Other: 0.06ms
[2025-12-11T03:55:21.720+0000][gc,heap     ] GC(30) Eden regions: 3->0(71)
[2025-12-11T03:55:21.720+0000][gc,heap     ] GC(30) Survivor regions: 2->2(9)
[2025-12-11T03:55:21.720+0000][gc,heap     ] GC(30) Old regions: 26->26
[2025-12-11T03:55:21.720+0000][gc,heap     ] GC(30) Humongous regions: 138->138
[2025-12-11T03:55:21.720+0000][gc,metaspace] GC(30) Metaspace: 48819K(49792K)->48819K(49792K) NonClass: 43176K(43712K)->43176K(43712K) Class: 5643K(6080K)->5643K(6080K)
[2025-12-11T03:55:21.720+0000][gc          ] GC(30) Pause Young (Concurrent Start) (G1 Humongous Allocation) 168M->165M(285M) 11.225ms
[2025-12-11T03:55:21.720+0000][gc,cpu      ] GC(30) User=0.01s Sys=0.00s Real=0.01s
[2025-12-11T03:55:21.720+0000][gc          ] GC(31) Concurrent Mark Cycle
[2025-12-11T03:55:21.720+0000][gc,marking  ] GC(31) Concurrent Scan Root Regions
[2025-12-11T03:55:21.725+0000][gc,marking  ] GC(31) Concurrent Scan Root Regions 4.133ms
[2025-12-11T03:55:21.725+0000][gc,marking  ] GC(31) Concurrent Mark
[2025-12-11T03:55:21.725+0000][gc,marking  ] GC(31) Concurrent Mark From Roots
[2025-12-11T03:55:21.725+0000][gc,task     ] GC(31) Using 1 workers of 1 for marking
[2025-12-11T03:55:21.780+0000][gc,marking  ] GC(31) Concurrent Mark From Roots 55.293ms
[2025-12-11T03:55:21.780+0000][gc,marking  ] GC(31) Concurrent Preclean
[2025-12-11T03:55:21.780+0000][gc,marking  ] GC(31) Concurrent Preclean 0.148ms
[2025-12-11T03:55:21.780+0000][gc,start    ] GC(31) Pause Remark
[2025-12-11T03:55:21.803+0000][gc,mmu      ] GC(31) MMU target violated: 21.0ms (20.0ms/21.0ms)
[2025-12-11T03:55:21.803+0000][gc          ] GC(31) Pause Remark 168M->168M(285M) 22.724ms
[2025-12-11T03:55:21.803+0000][gc,cpu      ] GC(31) User=0.02s Sys=0.00s Real=0.02s
[2025-12-11T03:55:21.807+0000][gc,marking  ] GC(31) Concurrent Mark 82.493ms
[2025-12-11T03:55:21.808+0000][gc,marking  ] GC(31) Concurrent Rebuild Remembered Sets and Scrub Regions
[2025-12-11T03:55:21.854+0000][gc,marking  ] GC(31) Concurrent Rebuild Remembered Sets and Scrub Regions 45.733ms
[2025-12-11T03:55:21.855+0000][gc,start    ] GC(31) Pause Cleanup
[2025-12-11T03:55:21.855+0000][gc          ] GC(31) Pause Cleanup 170M->170M(285M) 0.111ms
[2025-12-11T03:55:21.855+0000][gc,cpu      ] GC(31) User=0.00s Sys=0.00s Real=0.00s
[2025-12-11T03:55:21.855+0000][gc,marking  ] GC(31) Concurrent Clear Claimed Marks
[2025-12-11T03:55:21.855+0000][gc,marking  ] GC(31) Concurrent Clear Claimed Marks 0.068ms
[2025-12-11T03:55:21.855+0000][gc,marking  ] GC(31) Concurrent Cleanup for Next Mark
[2025-12-11T03:55:21.856+0000][gc,marking  ] GC(31) Concurrent Cleanup for Next Mark 0.836ms
[2025-12-11T03:55:21.856+0000][gc          ] GC(31) Concurrent Mark Cycle 135.366ms
[2025-12-11T04:00:23.469+0000][gc,start    ] GC(32) Pause Young (Prepare Mixed) (G1 Evacuation Pause)
[2025-12-11T04:00:23.469+0000][gc,task     ] GC(32) Using 1 workers of 1 for evacuation
[2025-12-11T04:00:23.483+0000][gc,phases   ] GC(32)   Pre Evacuate Collection Set: 0.11ms
[2025-12-11T04:00:23.483+0000][gc,phases   ] GC(32)   Merge Heap Roots: 0.11ms
[2025-12-11T04:00:23.483+0000][gc,phases   ] GC(32)   Evacuate Collection Set: 12.25ms
[2025-12-11T04:00:23.483+0000][gc,phases   ] GC(32)   Post Evacuate Collection Set: 1.11ms
[2025-12-11T04:00:23.483+0000][gc,phases   ] GC(32)   Other: 0.05ms
[2025-12-11T04:00:23.483+0000][gc,heap     ] GC(32) Eden regions: 50->0(20)
[2025-12-11T04:00:23.483+0000][gc,heap     ] GC(32) Survivor regions: 2->4(7)
[2025-12-11T04:00:23.483+0000][gc,heap     ] GC(32) Old regions: 26->26
[2025-12-11T04:00:23.483+0000][gc,heap     ] GC(32) Humongous regions: 140->140
[2025-12-11T04:00:23.483+0000][gc,metaspace] GC(32) Metaspace: 49237K(50432K)->49237K(50432K) NonClass: 43658K(44288K)->43658K(44288K) Class: 5578K(6144K)->5578K(6144K)
[2025-12-11T04:00:23.483+0000][gc          ] GC(32) Pause Young (Prepare Mixed) (G1 Evacuation Pause) 217M->169M(285M) 13.799ms
[2025-12-11T04:00:23.483+0000][gc,cpu      ] GC(32) User=0.01s Sys=0.00s Real=0.01s
[2025-12-11T04:01:45.978+0000][gc,start    ] GC(33) Pause Young (Mixed) (G1 Evacuation Pause)
[2025-12-11T04:01:45.978+0000][gc,task     ] GC(33) Using 1 workers of 1 for evacuation
[2025-12-11T04:01:45.991+0000][gc,phases   ] GC(33)   Pre Evacuate Collection Set: 0.11ms
[2025-12-11T04:01:45.991+0000][gc,phases   ] GC(33)   Merge Heap Roots: 0.06ms
[2025-12-11T04:01:45.991+0000][gc,phases   ] GC(33)   Evacuate Collection Set: 12.35ms
[2025-12-11T04:01:45.991+0000][gc,phases   ] GC(33)   Post Evacuate Collection Set: 0.43ms
[2025-12-11T04:01:45.991+0000][gc,phases   ] GC(33)   Other: 0.05ms
[2025-12-11T04:01:45.991+0000][gc,heap     ] GC(33) Eden regions: 15->0(50)
[2025-12-11T04:01:45.991+0000][gc,heap     ] GC(33) Survivor regions: 4->1(3)
[2025-12-11T04:01:45.991+0000][gc,heap     ] GC(33) Old regions: 26->29
[2025-12-11T04:01:45.991+0000][gc,heap     ] GC(33) Humongous regions: 140->140
[2025-12-11T04:01:45.991+0000][gc,metaspace] GC(33) Metaspace: 49284K(50496K)->49284K(50496K) NonClass: 43706K(44352K)->43706K(44352K) Class: 5578K(6144K)->5578K(6144K)
[2025-12-11T04:01:45.991+0000][gc          ] GC(33) Pause Young (Mixed) (G1 Evacuation Pause) 184M->170M(285M) 13.134ms
[2025-12-11T04:01:45.991+0000][gc,cpu      ] GC(33) User=0.02s Sys=0.00s Real=0.01s
[2025-12-11T04:06:05.978+0000][gc,start    ] GC(34) Pause Young (Mixed) (G1 Evacuation Pause)
[2025-12-11T04:06:05.978+0000][gc,task     ] GC(34) Using 1 workers of 1 for evacuation
[2025-12-11T04:06:05.991+0000][gc,phases   ] GC(34)   Pre Evacuate Collection Set: 0.10ms
[2025-12-11T04:06:05.991+0000][gc,phases   ] GC(34)   Merge Heap Roots: 0.10ms
[2025-12-11T04:06:05.991+0000][gc,phases   ] GC(34)   Evacuate Collection Set: 12.01ms
[2025-12-11T04:06:05.991+0000][gc,phases   ] GC(34)   Post Evacuate Collection Set: 0.44ms
[2025-12-11T04:06:05.991+0000][gc,phases   ] GC(34)   Other: 0.05ms
[2025-12-11T04:06:05.991+0000][gc,heap     ] GC(34) Eden regions: 47->0(43)
[2025-12-11T04:06:05.991+0000][gc,heap     ] GC(34) Survivor regions: 1->3(6)
[2025-12-11T04:06:05.991+0000][gc,heap     ] GC(34) Old regions: 29->29
[2025-12-11T04:06:05.991+0000][gc,heap     ] GC(34) Humongous regions: 140->140
[2025-12-11T04:06:05.991+0000][gc,metaspace] GC(34) Metaspace: 49441K(50560K)->49441K(50560K) NonClass: 43858K(44416K)->43858K(44416K) Class: 5583K(6144K)->5583K(6144K)
[2025-12-11T04:06:05.991+0000][gc          ] GC(34) Pause Young (Mixed) (G1 Evacuation Pause) 216M->172M(285M) 12.851ms
[2025-12-11T04:06:05.991+0000][gc,cpu      ] GC(34) User=0.01s Sys=0.00s Real=0.01s
[2025-12-11T04:09:25.978+0000][gc,start    ] GC(35) Pause Young (Concurrent Start) (G1 Evacuation Pause)
[2025-12-11T04:09:25.978+0000][gc,task     ] GC(35) Using 1 workers of 1 for evacuation
[2025-12-11T04:09:25.991+0000][gc,phases   ] GC(35)   Pre Evacuate Collection Set: 0.12ms
[2025-12-11T04:09:25.991+0000][gc,phases   ] GC(35)   Merge Heap Roots: 0.07ms
[2025-12-11T04:09:25.991+0000][gc,phases   ] GC(35)   Evacuate Collection Set: 12.35ms
[2025-12-11T04:09:25.991+0000][gc,phases   ] GC(35)   Post Evacuate Collection Set: 0.42ms
[2025-12-11T04:09:25.991+0000][gc,phases   ] GC(35)   Other: 0.06ms
[2025-12-11T04:09:25.991+0000][gc,heap     ] GC(35) Eden regions: 35->0(48)
[2025-12-11T04:09:25.991+0000][gc,heap     ] GC(35) Survivor regions: 3->2(5)
[2025-12-11T04:09:25.991+0000][gc,heap     ] GC(35) Old regions: 29->32
[2025-12-11T04:09:25.991+0000][gc,heap     ] GC(35) Humongous regions: 140->140
[2025-12-11T04:09:25.991+0000][gc,metaspace] GC(35) Metaspace: 49477K(50560K)->49477K(50560K) NonClass: 43894K(44416K)->43894K(44416K) Class: 5583K(6144K)->5583K(6144K)
[2025-12-11T04:09:25.991+0000][gc          ] GC(35) Pause Young (Concurrent Start) (G1 Evacuation Pause) 206M->173M(285M) 13.164ms
[2025-12-11T04:09:25.991+0000][gc          ] GC(36) Concurrent Mark Cycle
[2025-12-11T04:09:25.991+0000][gc,marking  ] GC(36) Concurrent Scan Root Regions
[2025-12-11T04:09:25.993+0000][gc,cpu      ] GC(35) User=0.02s Sys=0.00s Real=0.01s
[2025-12-11T04:09:25.997+0000][gc,marking  ] GC(36) Concurrent Scan Root Regions 5.258ms
[2025-12-11T04:09:25.997+0000][gc,marking  ] GC(36) Concurrent Mark
[2025-12-11T04:09:25.997+0000][gc,marking  ] GC(36) Concurrent Mark From Roots
[2025-12-11T04:09:25.997+0000][gc,task     ] GC(36) Using 1 workers of 1 for marking
[2025-12-11T04:09:26.029+0000][gc,marking  ] GC(36) Concurrent Mark From Roots 31.260ms
[2025-12-11T04:09:26.029+0000][gc,marking  ] GC(36) Concurrent Preclean
[2025-12-11T04:09:26.029+0000][gc,marking  ] GC(36) Concurrent Preclean 0.094ms
[2025-12-11T04:09:26.029+0000][gc,start    ] GC(36) Pause Remark
[2025-12-11T04:09:26.050+0000][gc,mmu      ] GC(36) MMU target violated: 21.0ms (20.0ms/21.0ms)
[2025-12-11T04:09:26.050+0000][gc          ] GC(36) Pause Remark 173M->173M(290M) 21.065ms
[2025-12-11T04:09:26.050+0000][gc,cpu      ] GC(36) User=0.02s Sys=0.00s Real=0.02s
[2025-12-11T04:09:26.052+0000][gc,marking  ] GC(36) Concurrent Mark 54.705ms
[2025-12-11T04:09:26.052+0000][gc,marking  ] GC(36) Concurrent Rebuild Remembered Sets and Scrub Regions
[2025-12-11T04:09:26.081+0000][gc,marking  ] GC(36) Concurrent Rebuild Remembered Sets and Scrub Regions 28.949ms
[2025-12-11T04:09:26.081+0000][gc,start    ] GC(36) Pause Cleanup
[2025-12-11T04:09:26.081+0000][gc          ] GC(36) Pause Cleanup 173M->173M(290M) 0.083ms
[2025-12-11T04:09:26.081+0000][gc,cpu      ] GC(36) User=0.00s Sys=0.00s Real=0.00s
[2025-12-11T04:09:26.081+0000][gc,marking  ] GC(36) Concurrent Clear Claimed Marks
[2025-12-11T04:09:26.081+0000][gc,marking  ] GC(36) Concurrent Clear Claimed Marks 0.070ms
[2025-12-11T04:09:26.081+0000][gc,marking  ] GC(36) Concurrent Cleanup for Next Mark
[2025-12-11T04:09:26.082+0000][gc,marking  ] GC(36) Concurrent Cleanup for Next Mark 0.565ms
[2025-12-11T04:09:26.082+0000][gc          ] GC(36) Concurrent Mark Cycle 90.588ms
[2025-12-11T04:12:26.357+0000][gc,start    ] GC(37) Pause Young (Prepare Mixed) (G1 Evacuation Pause)
[2025-12-11T04:12:26.358+0000][gc,task     ] GC(37) Using 1 workers of 1 for evacuation
[2025-12-11T04:12:26.368+0000][gc,phases   ] GC(37)   Pre Evacuate Collection Set: 0.11ms
[2025-12-11T04:12:26.368+0000][gc,phases   ] GC(37)   Merge Heap Roots: 0.08ms
[2025-12-11T04:12:26.368+0000][gc,phases   ] GC(37)   Evacuate Collection Set: 8.94ms
[2025-12-11T04:12:26.368+0000][gc,phases   ] GC(37)   Post Evacuate Collection Set: 0.41ms
[2025-12-11T04:12:26.368+0000][gc,phases   ] GC(37)   Other: 0.07ms
[2025-12-11T04:12:26.368+0000][gc,heap     ] GC(37) Eden regions: 31->0(46)
[2025-12-11T04:12:26.368+0000][gc,heap     ] GC(37) Survivor regions: 2->3(5)
[2025-12-11T04:12:26.368+0000][gc,heap     ] GC(37) Old regions: 32->32
[2025-12-11T04:12:26.368+0000][gc,heap     ] GC(37) Humongous regions: 140->140
[2025-12-11T04:12:26.368+0000][gc,metaspace] GC(37) Metaspace: 49462K(50560K)->49462K(50560K) NonClass: 43888K(44416K)->43888K(44416K) Class: 5573K(6144K)->5573K(6144K)
[2025-12-11T04:12:26.368+0000][gc          ] GC(37) Pause Young (Prepare Mixed) (G1 Evacuation Pause) 204M->174M(290M) 10.422ms
[2025-12-11T04:12:26.368+0000][gc,cpu      ] GC(37) User=0.00s Sys=0.00s Real=0.01s
[2025-12-11T04:16:42.146+0000][gc,start    ] GC(38) Pause Young (Mixed) (G1 Evacuation Pause)
[2025-12-11T04:16:42.146+0000][gc,task     ] GC(38) Using 1 workers of 1 for evacuation
[2025-12-11T04:16:42.163+0000][gc,phases   ] GC(38)   Pre Evacuate Collection Set: 0.12ms
[2025-12-11T04:16:42.163+0000][gc,phases   ] GC(38)   Merge Heap Roots: 0.09ms
[2025-12-11T04:16:42.163+0000][gc,phases   ] GC(38)   Evacuate Collection Set: 15.91ms
[2025-12-11T04:16:42.163+0000][gc,phases   ] GC(38)   Post Evacuate Collection Set: 0.78ms
[2025-12-11T04:16:42.163+0000][gc,phases   ] GC(38)   Other: 0.05ms
[2025-12-11T04:16:42.163+0000][gc,heap     ] GC(38) Eden regions: 43->0(9)
[2025-12-11T04:16:42.163+0000][gc,heap     ] GC(38) Survivor regions: 3->5(6)
[2025-12-11T04:16:42.163+0000][gc,heap     ] GC(38) Old regions: 32->31
[2025-12-11T04:16:42.163+0000][gc,heap     ] GC(38) Humongous regions: 140->140
[2025-12-11T04:16:42.163+0000][gc,metaspace] GC(38) Metaspace: 49538K(50624K)->49538K(50624K) NonClass: 43965K(44480K)->43965K(44480K) Class: 5573K(6144K)->5573K(6144K)
[2025-12-11T04:16:42.163+0000][gc          ] GC(38) Pause Young (Mixed) (G1 Evacuation Pause) 217M->175M(290M) 17.099ms
[2025-12-11T04:16:42.163+0000][gc,cpu      ] GC(38) User=0.02s Sys=0.00s Real=0.01s
[2025-12-11T04:17:36.352+0000][gc,start    ] GC(39) Pause Young (Mixed) (G1 Evacuation Pause)
[2025-12-11T04:17:36.352+0000][gc,task     ] GC(39) Using 1 workers of 1 for evacuation
[2025-12-11T04:17:36.367+0000][gc,phases   ] GC(39)   Pre Evacuate Collection Set: 0.11ms
[2025-12-11T04:17:36.367+0000][gc,phases   ] GC(39)   Merge Heap Roots: 0.07ms
[2025-12-11T04:17:36.367+0000][gc,phases   ] GC(39)   Evacuate Collection Set: 14.42ms
[2025-12-11T04:17:36.367+0000][gc,phases   ] GC(39)   Post Evacuate Collection Set: 0.37ms
[2025-12-11T04:17:36.367+0000][gc,phases   ] GC(39)   Other: 0.05ms
[2025-12-11T04:17:36.367+0000][gc,heap     ] GC(39) Eden regions: 9->0(63)
[2025-12-11T04:17:36.367+0000][gc,heap     ] GC(39) Survivor regions: 5->1(2)
[2025-12-11T04:17:36.367+0000][gc,heap     ] GC(39) Old regions: 31->35
[2025-12-11T04:17:36.367+0000][gc,heap     ] GC(39) Humongous regions: 140->140
[2025-12-11T04:17:36.367+0000][gc,metaspace] GC(39) Metaspace: 49547K(50624K)->49547K(50624K) NonClass: 43974K(44480K)->43974K(44480K) Class: 5573K(6144K)->5573K(6144K)
[2025-12-11T04:17:36.367+0000][gc          ] GC(39) Pause Young (Mixed) (G1 Evacuation Pause) 184M->176M(290M) 15.172ms
[2025-12-11T04:17:36.367+0000][gc,cpu      ] GC(39) User=0.02s Sys=0.00s Real=0.02s
[2025-12-11T04:24:06.911+0000][gc,start    ] GC(40) Pause Young (Concurrent Start) (G1 Evacuation Pause)
[2025-12-11T04:24:06.911+0000][gc,task     ] GC(40) Using 1 workers of 1 for evacuation
[2025-12-11T04:24:06.924+0000][gc,phases   ] GC(40)   Pre Evacuate Collection Set: 0.11ms
[2025-12-11T04:24:06.924+0000][gc,phases   ] GC(40)   Merge Heap Roots: 0.08ms
[2025-12-11T04:24:06.924+0000][gc,phases   ] GC(40)   Evacuate Collection Set: 12.52ms
[2025-12-11T04:24:06.924+0000][gc,phases   ] GC(40)   Post Evacuate Collection Set: 0.76ms
[2025-12-11T04:24:06.924+0000][gc,phases   ] GC(40)   Other: 0.07ms
[2025-12-11T04:24:06.924+0000][gc,heap     ] GC(40) Eden regions: 65->0(30)
[2025-12-11T04:24:06.924+0000][gc,heap     ] GC(40) Survivor regions: 1->4(9)
[2025-12-11T04:24:06.924+0000][gc,heap     ] GC(40) Old regions: 35->35
[2025-12-11T04:24:06.924+0000][gc,heap     ] GC(40) Humongous regions: 140->140
[2025-12-11T04:24:06.924+0000][gc,metaspace] GC(40) Metaspace: 49631K(50752K)->49631K(50752K) NonClass: 44052K(44608K)->44052K(44608K) Class: 5578K(6144K)->5578K(6144K)
[2025-12-11T04:24:06.924+0000][gc          ] GC(40) Pause Young (Concurrent Start) (G1 Evacuation Pause) 241M->179M(290M) 13.673ms
[2025-12-11T04:24:06.924+0000][gc,cpu      ] GC(40) User=0.02s Sys=0.00s Real=0.01s
[2025-12-11T04:24:06.924+0000][gc          ] GC(41) Concurrent Mark Cycle
[2025-12-11T04:24:06.925+0000][gc,marking  ] GC(41) Concurrent Scan Root Regions
[2025-12-11T04:24:06.928+0000][gc,marking  ] GC(41) Concurrent Scan Root Regions 3.952ms
[2025-12-11T04:24:06.928+0000][gc,marking  ] GC(41) Concurrent Mark
[2025-12-11T04:24:06.928+0000][gc,marking  ] GC(41) Concurrent Mark From Roots
[2025-12-11T04:24:06.929+0000][gc,task     ] GC(41) Using 1 workers of 1 for marking
[2025-12-11T04:24:06.961+0000][gc,marking  ] GC(41) Concurrent Mark From Roots 32.784ms
[2025-12-11T04:24:06.961+0000][gc,marking  ] GC(41) Concurrent Preclean
[2025-12-11T04:24:06.962+0000][gc,marking  ] GC(41) Concurrent Preclean 0.379ms
[2025-12-11T04:24:06.962+0000][gc,start    ] GC(41) Pause Remark
[2025-12-11T04:24:06.980+0000][gc          ] GC(41) Pause Remark 179M->179M(299M) 18.095ms
[2025-12-11T04:24:06.980+0000][gc,cpu      ] GC(41) User=0.02s Sys=0.00s Real=0.02s
[2025-12-11T04:24:06.980+0000][gc,marking  ] GC(41) Concurrent Mark 51.438ms
[2025-12-11T04:24:06.980+0000][gc,marking  ] GC(41) Concurrent Rebuild Remembered Sets and Scrub Regions
[2025-12-11T04:24:07.001+0000][gc,marking  ] GC(41) Concurrent Rebuild Remembered Sets and Scrub Regions 20.795ms
[2025-12-11T04:24:07.001+0000][gc,start    ] GC(41) Pause Cleanup
[2025-12-11T04:24:07.001+0000][gc          ] GC(41) Pause Cleanup 179M->179M(299M) 0.078ms
[2025-12-11T04:24:07.001+0000][gc,cpu      ] GC(41) User=0.00s Sys=0.00s Real=0.00s
[2025-12-11T04:24:07.001+0000][gc,marking  ] GC(41) Concurrent Clear Claimed Marks
[2025-12-11T04:24:07.001+0000][gc,marking  ] GC(41) Concurrent Clear Claimed Marks 0.074ms
[2025-12-11T04:24:07.001+0000][gc,marking  ] GC(41) Concurrent Cleanup for Next Mark
[2025-12-11T04:24:07.002+0000][gc,marking  ] GC(41) Concurrent Cleanup for Next Mark 0.794ms
[2025-12-11T04:24:07.002+0000][gc          ] GC(41) Concurrent Mark Cycle 77.332ms
[2025-12-11T04:25:53.682+0000][gc,start    ] GC(42) Pause Young (Prepare Mixed) (G1 Evacuation Pause)
[2025-12-11T04:25:53.683+0000][gc,task     ] GC(42) Using 1 workers of 1 for evacuation
[2025-12-11T04:25:53.696+0000][gc,phases   ] GC(42)   Pre Evacuate Collection Set: 0.11ms
[2025-12-11T04:25:53.696+0000][gc,phases   ] GC(42)   Merge Heap Roots: 0.28ms
[2025-12-11T04:25:53.696+0000][gc,phases   ] GC(42)   Evacuate Collection Set: 11.97ms
[2025-12-11T04:25:53.696+0000][gc,phases   ] GC(42)   Post Evacuate Collection Set: 0.38ms
[2025-12-11T04:25:53.696+0000][gc,phases   ] GC(42)   Other: 0.06ms
[2025-12-11T04:25:53.696+0000][gc,heap     ] GC(42) Eden regions: 17->0(68)
[2025-12-11T04:25:53.696+0000][gc,heap     ] GC(42) Survivor regions: 4->1(3)
[2025-12-11T04:25:53.696+0000][gc,heap     ] GC(42) Old regions: 35->39
[2025-12-11T04:25:53.696+0000][gc,heap     ] GC(42) Humongous regions: 140->140
[2025-12-11T04:25:53.696+0000][gc,metaspace] GC(42) Metaspace: 49641K(50752K)->49641K(50752K) NonClass: 44063K(44608K)->44063K(44608K) Class: 5578K(6144K)->5578K(6144K)
[2025-12-11T04:25:53.696+0000][gc          ] GC(42) Pause Young (Prepare Mixed) (G1 Evacuation Pause) 196M->179M(299M) 13.649ms
[2025-12-11T04:25:53.696+0000][gc,cpu      ] GC(42) User=0.01s Sys=0.00s Real=0.02s
[2025-12-11T04:32:59.551+0000][gc,start    ] GC(43) Pause Young (Mixed) (G1 Evacuation Pause)
[2025-12-11T04:32:59.551+0000][gc,task     ] GC(43) Using 1 workers of 1 for evacuation
[2025-12-11T04:32:59.567+0000][gc,phases   ] GC(43)   Pre Evacuate Collection Set: 0.12ms
[2025-12-11T04:32:59.567+0000][gc,phases   ] GC(43)   Merge Heap Roots: 0.09ms
[2025-12-11T04:32:59.567+0000][gc,phases   ] GC(43)   Evacuate Collection Set: 15.27ms
[2025-12-11T04:32:59.567+0000][gc,phases   ] GC(43)   Post Evacuate Collection Set: 0.53ms
[2025-12-11T04:32:59.567+0000][gc,phases   ] GC(43)   Other: 0.06ms
[2025-12-11T04:32:59.567+0000][gc,heap     ] GC(43) Eden regions: 69->0(20)
[2025-12-11T04:32:59.567+0000][gc,heap     ] GC(43) Survivor regions: 1->5(9)
[2025-12-11T04:32:59.567+0000][gc,heap     ] GC(43) Old regions: 39->37
[2025-12-11T04:32:59.567+0000][gc,heap     ] GC(43) Humongous regions: 140->140
[2025-12-11T04:32:59.567+0000][gc,metaspace] GC(43) Metaspace: 49730K(50816K)->49730K(50816K) NonClass: 44151K(44672K)->44151K(44672K) Class: 5578K(6144K)->5578K(6144K)
[2025-12-11T04:32:59.567+0000][gc          ] GC(43) Pause Young (Mixed) (G1 Evacuation Pause) 248M->181M(299M) 16.228ms
[2025-12-11T04:32:59.567+0000][gc,cpu      ] GC(43) User=0.02s Sys=0.00s Real=0.02s
[2025-12-11T04:35:18.266+0000][gc,start    ] GC(44) Pause Young (Concurrent Start) (G1 Evacuation Pause)
[2025-12-11T04:35:18.266+0000][gc,task     ] GC(44) Using 1 workers of 1 for evacuation
[2025-12-11T04:35:18.280+0000][gc,phases   ] GC(44)   Pre Evacuate Collection Set: 0.13ms
[2025-12-11T04:35:18.280+0000][gc,phases   ] GC(44)   Merge Heap Roots: 0.06ms
[2025-12-11T04:35:18.280+0000][gc,phases   ] GC(44)   Evacuate Collection Set: 13.40ms
[2025-12-11T04:35:18.280+0000][gc,phases   ] GC(44)   Post Evacuate Collection Set: 0.38ms
[2025-12-11T04:35:18.280+0000][gc,phases   ] GC(44)   Other: 0.06ms
[2025-12-11T04:35:18.280+0000][gc,heap     ] GC(44) Eden regions: 22->0(64)
[2025-12-11T04:35:18.280+0000][gc,heap     ] GC(44) Survivor regions: 5->2(4)
[2025-12-11T04:35:18.281+0000][gc,heap     ] GC(44) Old regions: 37->41
[2025-12-11T04:35:18.281+0000][gc,heap     ] GC(44) Humongous regions: 140->140
[2025-12-11T04:35:18.281+0000][gc,metaspace] GC(44) Metaspace: 49739K(50816K)->49739K(50816K) NonClass: 44161K(44672K)->44161K(44672K) Class: 5578K(6144K)->5578K(6144K)
[2025-12-11T04:35:18.281+0000][gc          ] GC(44) Pause Young (Concurrent Start) (G1 Evacuation Pause) 203M->182M(299M) 14.195ms
[2025-12-11T04:35:18.281+0000][gc          ] GC(45) Concurrent Mark Cycle
[2025-12-11T04:35:18.281+0000][gc,marking  ] GC(45) Concurrent Scan Root Regions
[2025-12-11T04:35:18.281+0000][gc,cpu      ] GC(44) User=0.01s Sys=0.00s Real=0.01s
[2025-12-11T04:35:18.285+0000][gc,marking  ] GC(45) Concurrent Scan Root Regions 4.766ms
[2025-12-11T04:35:18.285+0000][gc,marking  ] GC(45) Concurrent Mark
[2025-12-11T04:35:18.285+0000][gc,marking  ] GC(45) Concurrent Mark From Roots
[2025-12-11T04:35:18.285+0000][gc,task     ] GC(45) Using 1 workers of 1 for marking
[2025-12-11T04:35:18.318+0000][gc,marking  ] GC(45) Concurrent Mark From Roots 32.828ms
[2025-12-11T04:35:18.318+0000][gc,marking  ] GC(45) Concurrent Preclean
[2025-12-11T04:35:18.318+0000][gc,marking  ] GC(45) Concurrent Preclean 0.096ms
[2025-12-11T04:35:18.318+0000][gc,start    ] GC(45) Pause Remark
[2025-12-11T04:35:18.339+0000][gc,mmu      ] GC(45) MMU target violated: 20.4ms (20.0ms/21.0ms)
[2025-12-11T04:35:18.339+0000][gc          ] GC(45) Pause Remark 182M->182M(305M) 20.486ms
[2025-12-11T04:35:18.339+0000][gc,cpu      ] GC(45) User=0.02s Sys=0.00s Real=0.02s
[2025-12-11T04:35:18.341+0000][gc,marking  ] GC(45) Concurrent Mark 55.568ms
[2025-12-11T04:35:18.341+0000][gc,marking  ] GC(45) Concurrent Rebuild Remembered Sets and Scrub Regions
[2025-12-11T04:35:18.367+0000][gc,marking  ] GC(45) Concurrent Rebuild Remembered Sets and Scrub Regions 26.323ms
[2025-12-11T04:35:18.367+0000][gc,start    ] GC(45) Pause Cleanup
[2025-12-11T04:35:18.367+0000][gc          ] GC(45) Pause Cleanup 182M->182M(305M) 0.110ms
[2025-12-11T04:35:18.367+0000][gc,cpu      ] GC(45) User=0.00s Sys=0.00s Real=0.00s
[2025-12-11T04:35:18.368+0000][gc,marking  ] GC(45) Concurrent Clear Claimed Marks
[2025-12-11T04:35:18.368+0000][gc,marking  ] GC(45) Concurrent Clear Claimed Marks 0.071ms
[2025-12-11T04:35:18.368+0000][gc,marking  ] GC(45) Concurrent Cleanup for Next Mark
[2025-12-11T04:35:18.368+0000][gc,marking  ] GC(45) Concurrent Cleanup for Next Mark 0.462ms
[2025-12-11T04:35:18.368+0000][gc          ] GC(45) Concurrent Mark Cycle 87.497ms
[2025-12-11T04:41:21.559+0000][gc,start    ] GC(46) Pause Young (Prepare Mixed) (G1 Evacuation Pause)
[2025-12-11T04:41:21.559+0000][gc,task     ] GC(46) Using 1 workers of 1 for evacuation
[2025-12-11T04:41:21.572+0000][gc,phases   ] GC(46)   Pre Evacuate Collection Set: 0.12ms
[2025-12-11T04:41:21.572+0000][gc,phases   ] GC(46)   Merge Heap Roots: 0.10ms
[2025-12-11T04:41:21.572+0000][gc,phases   ] GC(46)   Evacuate Collection Set: 12.54ms
[2025-12-11T04:41:21.572+0000][gc,phases   ] GC(46)   Post Evacuate Collection Set: 0.45ms
[2025-12-11T04:41:21.573+0000][gc,phases   ] GC(46)   Other: 0.05ms
[2025-12-11T04:41:21.573+0000][gc,heap     ] GC(46) Eden regions: 58->0(34)
[2025-12-11T04:41:21.573+0000][gc,heap     ] GC(46) Survivor regions: 2->4(8)
[2025-12-11T04:41:21.573+0000][gc,heap     ] GC(46) Old regions: 41->41
[2025-12-11T04:41:21.573+0000][gc,heap     ] GC(46) Humongous regions: 140->140
[2025-12-11T04:41:21.573+0000][gc,metaspace] GC(46) Metaspace: 49802K(50880K)->49802K(50880K) NonClass: 44226K(44736K)->44226K(44736K) Class: 5576K(6144K)->5576K(6144K)
[2025-12-11T04:41:21.573+0000][gc          ] GC(46) Pause Young (Prepare Mixed) (G1 Evacuation Pause) 240M->184M(305M) 13.661ms
[2025-12-11T04:41:21.573+0000][gc,cpu      ] GC(46) User=0.02s Sys=0.00s Real=0.01s
[2025-12-11T04:45:04.990+0000][gc,start    ] GC(47) Pause Young (Mixed) (G1 Evacuation Pause)
[2025-12-11T04:45:04.990+0000][gc,task     ] GC(47) Using 1 workers of 1 for evacuation
[2025-12-11T04:45:05.007+0000][gc,phases   ] GC(47)   Pre Evacuate Collection Set: 0.13ms
[2025-12-11T04:45:05.007+0000][gc,phases   ] GC(47)   Merge Heap Roots: 0.07ms
[2025-12-11T04:45:05.007+0000][gc,phases   ] GC(47)   Evacuate Collection Set: 16.42ms
[2025-12-11T04:45:05.007+0000][gc,phases   ] GC(47)   Post Evacuate Collection Set: 0.43ms
[2025-12-11T04:45:05.007+0000][gc,phases   ] GC(47)   Other: 0.05ms
[2025-12-11T04:45:05.007+0000][gc,heap     ] GC(47) Eden regions: 35->0(52)
[2025-12-11T04:45:05.007+0000][gc,heap     ] GC(47) Survivor regions: 4->3(5)
[2025-12-11T04:45:05.007+0000][gc,heap     ] GC(47) Old regions: 41->44
[2025-12-11T04:45:05.007+0000][gc,heap     ] GC(47) Humongous regions: 140->140
[2025-12-11T04:45:05.007+0000][gc,metaspace] GC(47) Metaspace: 49808K(50880K)->49808K(50880K) NonClass: 44232K(44736K)->44232K(44736K) Class: 5576K(6144K)->5576K(6144K)
[2025-12-11T04:45:05.007+0000][gc          ] GC(47) Pause Young (Mixed) (G1 Evacuation Pause) 219M->186M(305M) 17.256ms
[2025-12-11T04:45:05.007+0000][gc,cpu      ] GC(47) User=0.02s Sys=0.00s Real=0.02s
[2025-12-11T04:49:14.920+0000][gc,start    ] GC(48) Pause Young (Mixed) (G1 Evacuation Pause)
[2025-12-11T04:49:14.920+0000][gc,task     ] GC(48) Using 1 workers of 1 for evacuation
[2025-12-11T04:49:14.940+0000][gc,mmu      ] GC(48) MMU target violated: 20.1ms (20.0ms/21.0ms)
[2025-12-11T04:49:14.940+0000][gc,phases   ] GC(48)   Pre Evacuate Collection Set: 0.13ms
[2025-12-11T04:49:14.940+0000][gc,phases   ] GC(48)   Merge Heap Roots: 0.13ms
[2025-12-11T04:49:14.940+0000][gc,phases   ] GC(48)   Evacuate Collection Set: 18.71ms
[2025-12-11T04:49:14.940+0000][gc,phases   ] GC(48)   Merge Optional Heap Roots: 0.02ms
[2025-12-11T04:49:14.940+0000][gc,phases   ] GC(48)   Evacuate Optional Collection Set: 0.37ms
[2025-12-11T04:49:14.940+0000][gc,phases   ] GC(48)   Post Evacuate Collection Set: 0.70ms
[2025-12-11T04:49:14.940+0000][gc,phases   ] GC(48)   Other: 0.10ms
[2025-12-11T04:49:14.940+0000][gc,heap     ] GC(48) Eden regions: 46->0(8)
[2025-12-11T04:49:14.940+0000][gc,heap     ] GC(48) Survivor regions: 3->7(7)
[2025-12-11T04:49:14.940+0000][gc,heap     ] GC(48) Old regions: 44->42
[2025-12-11T04:49:14.940+0000][gc,heap     ] GC(48) Humongous regions: 149->149
[2025-12-11T04:49:14.940+0000][gc,metaspace] GC(48) Metaspace: 50040K(51136K)->50040K(51136K) NonClass: 44430K(44928K)->44430K(44928K) Class: 5610K(6208K)->5610K(6208K)
[2025-12-11T04:49:14.940+0000][gc          ] GC(48) Pause Young (Mixed) (G1 Evacuation Pause) 241M->198M(305M) 20.276ms
[2025-12-11T04:49:14.940+0000][gc,cpu      ] GC(48) User=0.02s Sys=0.00s Real=0.02s
[2025-12-11T04:50:02.990+0000][gc,start    ] GC(49) Pause Young (Concurrent Start) (G1 Evacuation Pause)
[2025-12-11T04:50:02.990+0000][gc,task     ] GC(49) Using 1 workers of 1 for evacuation
[2025-12-11T04:50:03.005+0000][gc,phases   ] GC(49)   Pre Evacuate Collection Set: 0.12ms
[2025-12-11T04:50:03.005+0000][gc,phases   ] GC(49)   Merge Heap Roots: 0.07ms
[2025-12-11T04:50:03.005+0000][gc,phases   ] GC(49)   Evacuate Collection Set: 13.74ms
[2025-12-11T04:50:03.005+0000][gc,phases   ] GC(49)   Post Evacuate Collection Set: 0.62ms
[2025-12-11T04:50:03.005+0000][gc,phases   ] GC(49)   Other: 0.06ms
[2025-12-11T04:50:03.005+0000][gc,heap     ] GC(49) Eden regions: 8->0(74)
[2025-12-11T04:50:03.005+0000][gc,heap     ] GC(49) Survivor regions: 7->1(2)
[2025-12-11T04:50:03.005+0000][gc,heap     ] GC(49) Old regions: 42->48
[2025-12-11T04:50:03.005+0000][gc,heap     ] GC(49) Humongous regions: 149->149
[2025-12-11T04:50:03.005+0000][gc,metaspace] GC(49) Metaspace: 50040K(51136K)->50040K(51136K) NonClass: 44430K(44928K)->44430K(44928K) Class: 5610K(6208K)->5610K(6208K)
[2025-12-11T04:50:03.005+0000][gc          ] GC(49) Pause Young (Concurrent Start) (G1 Evacuation Pause) 206M->197M(305M) 14.784ms
[2025-12-11T04:50:03.005+0000][gc          ] GC(50) Concurrent Mark Cycle
[2025-12-11T04:50:03.005+0000][gc,marking  ] GC(50) Concurrent Scan Root Regions
[2025-12-11T04:50:03.006+0000][gc,cpu      ] GC(49) User=0.02s Sys=0.00s Real=0.02s
[2025-12-11T04:50:03.011+0000][gc,marking  ] GC(50) Concurrent Scan Root Regions 6.300ms
[2025-12-11T04:50:03.011+0000][gc,marking  ] GC(50) Concurrent Mark
[2025-12-11T04:50:03.011+0000][gc,marking  ] GC(50) Concurrent Mark From Roots
[2025-12-11T04:50:03.011+0000][gc,task     ] GC(50) Using 1 workers of 1 for marking
[2025-12-11T04:50:03.046+0000][gc,marking  ] GC(50) Concurrent Mark From Roots 35.326ms
[2025-12-11T04:50:03.046+0000][gc,marking  ] GC(50) Concurrent Preclean
[2025-12-11T04:50:03.047+0000][gc,marking  ] GC(50) Concurrent Preclean 0.115ms
[2025-12-11T04:50:03.047+0000][gc,start    ] GC(50) Pause Remark
[2025-12-11T04:50:03.059+0000][gc          ] GC(50) Pause Remark 197M->197M(330M) 12.834ms
[2025-12-11T04:50:03.059+0000][gc,cpu      ] GC(50) User=0.01s Sys=0.00s Real=0.01s
[2025-12-11T04:50:03.060+0000][gc,marking  ] GC(50) Concurrent Mark 48.497ms
[2025-12-11T04:50:03.060+0000][gc,marking  ] GC(50) Concurrent Rebuild Remembered Sets and Scrub Regions
[2025-12-11T04:50:03.083+0000][gc,marking  ] GC(50) Concurrent Rebuild Remembered Sets and Scrub Regions 23.525ms
[2025-12-11T04:50:03.083+0000][gc,start    ] GC(50) Pause Cleanup
[2025-12-11T04:50:03.083+0000][gc          ] GC(50) Pause Cleanup 197M->197M(330M) 0.119ms
[2025-12-11T04:50:03.083+0000][gc,cpu      ] GC(50) User=0.00s Sys=0.00s Real=0.00s
[2025-12-11T04:50:03.083+0000][gc,marking  ] GC(50) Concurrent Clear Claimed Marks
[2025-12-11T04:50:03.083+0000][gc,marking  ] GC(50) Concurrent Clear Claimed Marks 0.078ms
[2025-12-11T04:50:03.083+0000][gc,marking  ] GC(50) Concurrent Cleanup for Next Mark
[2025-12-11T04:50:03.084+0000][gc,marking  ] GC(50) Concurrent Cleanup for Next Mark 0.667ms
[2025-12-11T04:50:03.084+0000][gc          ] GC(50) Concurrent Mark Cycle 79.372ms
[2025-12-11T04:58:25.668+0000][gc,start    ] GC(51) Pause Young (Prepare Mixed) (G1 Evacuation Pause)
[2025-12-11T04:58:25.668+0000][gc,task     ] GC(51) Using 1 workers of 1 for evacuation
[2025-12-11T04:58:25.684+0000][gc,phases   ] GC(51)   Pre Evacuate Collection Set: 0.13ms
[2025-12-11T04:58:25.684+0000][gc,phases   ] GC(51)   Merge Heap Roots: 0.10ms
[2025-12-11T04:58:25.684+0000][gc,phases   ] GC(51)   Evacuate Collection Set: 15.49ms
[2025-12-11T04:58:25.684+0000][gc,phases   ] GC(51)   Post Evacuate Collection Set: 0.49ms
[2025-12-11T04:58:25.684+0000][gc,phases   ] GC(51)   Other: 0.06ms
[2025-12-11T04:58:25.684+0000][gc,heap     ] GC(51) Eden regions: 81->0(35)
[2025-12-11T04:58:25.684+0000][gc,heap     ] GC(51) Survivor regions: 1->5(11)
[2025-12-11T04:58:25.684+0000][gc,heap     ] GC(51) Old regions: 48->48
[2025-12-11T04:58:25.684+0000][gc,heap     ] GC(51) Humongous regions: 149->149
[2025-12-11T04:58:25.684+0000][gc,metaspace] GC(51) Metaspace: 50043K(51136K)->50043K(51136K) NonClass: 44432K(44928K)->44432K(44928K) Class: 5610K(6208K)->5610K(6208K)
[2025-12-11T04:58:25.684+0000][gc          ] GC(51) Pause Young (Prepare Mixed) (G1 Evacuation Pause) 278M->201M(330M) 16.421ms
[2025-12-11T04:58:25.684+0000][gc,cpu      ] GC(51) User=0.02s Sys=0.00s Real=0.01s
[2025-12-11T05:02:27.423+0000][gc,start    ] GC(52) Pause Young (Mixed) (G1 Evacuation Pause)
[2025-12-11T05:02:27.423+0000][gc,task     ] GC(52) Using 1 workers of 1 for evacuation
[2025-12-11T05:02:27.442+0000][gc,phases   ] GC(52)   Pre Evacuate Collection Set: 0.13ms
[2025-12-11T05:02:27.442+0000][gc,phases   ] GC(52)   Merge Heap Roots: 0.07ms
[2025-12-11T05:02:27.442+0000][gc,phases   ] GC(52)   Evacuate Collection Set: 18.03ms
[2025-12-11T05:02:27.442+0000][gc,phases   ] GC(52)   Post Evacuate Collection Set: 0.45ms
[2025-12-11T05:02:27.442+0000][gc,phases   ] GC(52)   Other: 0.06ms
[2025-12-11T05:02:27.442+0000][gc,heap     ] GC(52) Eden regions: 38->0(47)
[2025-12-11T05:02:27.442+0000][gc,heap     ] GC(52) Survivor regions: 5->3(6)
[2025-12-11T05:02:27.442+0000][gc,heap     ] GC(52) Old regions: 48->51
[2025-12-11T05:02:27.442+0000][gc,heap     ] GC(52) Humongous regions: 149->149
[2025-12-11T05:02:27.442+0000][gc,metaspace] GC(52) Metaspace: 50070K(51136K)->50070K(51136K) NonClass: 44459K(44928K)->44459K(44928K) Class: 5610K(6208K)->5610K(6208K)
[2025-12-11T05:02:27.442+0000][gc          ] GC(52) Pause Young (Mixed) (G1 Evacuation Pause) 239M->202M(330M) 18.895ms
[2025-12-11T05:02:27.442+0000][gc,cpu      ] GC(52) User=0.02s Sys=0.01s Real=0.02s
[2025-12-11T05:08:09.798+0000][gc,start    ] GC(53) Pause Young (Mixed) (G1 Evacuation Pause)
[2025-12-11T05:08:09.799+0000][gc,task     ] GC(53) Using 1 workers of 1 for evacuation
[2025-12-11T05:08:09.814+0000][gc,phases   ] GC(53)   Pre Evacuate Collection Set: 0.12ms
[2025-12-11T05:08:09.814+0000][gc,phases   ] GC(53)   Merge Heap Roots: 0.07ms
[2025-12-11T05:08:09.814+0000][gc,phases   ] GC(53)   Evacuate Collection Set: 15.06ms
[2025-12-11T05:08:09.814+0000][gc,phases   ] GC(53)   Post Evacuate Collection Set: 0.46ms
[2025-12-11T05:08:09.814+0000][gc,phases   ] GC(53)   Other: 0.06ms
[2025-12-11T05:08:09.814+0000][gc,heap     ] GC(53) Eden regions: 53->0(28)
[2025-12-11T05:08:09.814+0000][gc,heap     ] GC(53) Survivor regions: 3->5(7)
[2025-12-11T05:08:09.814+0000][gc,heap     ] GC(53) Old regions: 51->50
[2025-12-11T05:08:09.814+0000][gc,heap     ] GC(53) Humongous regions: 149->149
[2025-12-11T05:08:09.814+0000][gc,metaspace] GC(53) Metaspace: 50082K(51136K)->50082K(51136K) NonClass: 44471K(44928K)->44471K(44928K) Class: 5610K(6208K)->5610K(6208K)
[2025-12-11T05:08:09.814+0000][gc          ] GC(53) Pause Young (Mixed) (G1 Evacuation Pause) 255M->204M(330M) 15.920ms
[2025-12-11T05:08:09.814+0000][gc,cpu      ] GC(53) User=0.02s Sys=0.00s Real=0.01s
[2025-12-11T05:11:21.330+0000][gc,start    ] GC(54) Pause Young (Mixed) (G1 Evacuation Pause)
[2025-12-11T05:11:21.330+0000][gc,task     ] GC(54) Using 1 workers of 1 for evacuation
[2025-12-11T05:11:21.345+0000][gc,phases   ] GC(54)   Pre Evacuate Collection Set: 0.14ms
[2025-12-11T05:11:21.345+0000][gc,phases   ] GC(54)   Merge Heap Roots: 0.08ms
[2025-12-11T05:11:21.345+0000][gc,phases   ] GC(54)   Evacuate Collection Set: 14.69ms
[2025-12-11T05:11:21.345+0000][gc,phases   ] GC(54)   Post Evacuate Collection Set: 0.82ms
[2025-12-11T05:11:21.345+0000][gc,phases   ] GC(54)   Other: 0.06ms
[2025-12-11T05:11:21.345+0000][gc,heap     ] GC(54) Eden regions: 30->0(65)
[2025-12-11T05:11:21.345+0000][gc,heap     ] GC(54) Survivor regions: 5->2(5)
[2025-12-11T05:11:21.346+0000][gc,heap     ] GC(54) Old regions: 50->54
[2025-12-11T05:11:21.346+0000][gc,heap     ] GC(54) Humongous regions: 149->149
[2025-12-11T05:11:21.346+0000][gc,metaspace] GC(54) Metaspace: 50114K(51136K)->50114K(51136K) NonClass: 44504K(44928K)->44504K(44928K) Class: 5610K(6208K)->5610K(6208K)
[2025-12-11T05:11:21.346+0000][gc          ] GC(54) Pause Young (Mixed) (G1 Evacuation Pause) 234M->204M(330M) 15.950ms
[2025-12-11T05:11:21.346+0000][gc,cpu      ] GC(54) User=0.02s Sys=0.00s Real=0.02s
[2025-12-11T05:18:38.011+0000][gc,start    ] GC(55) Pause Young (Mixed) (G1 Evacuation Pause)
[2025-12-11T05:18:38.011+0000][gc,task     ] GC(55) Using 1 workers of 1 for evacuation
[2025-12-11T05:18:38.028+0000][gc,phases   ] GC(55)   Pre Evacuate Collection Set: 0.22ms
[2025-12-11T05:18:38.028+0000][gc,phases   ] GC(55)   Merge Heap Roots: 0.07ms
[2025-12-11T05:18:38.028+0000][gc,phases   ] GC(55)   Evacuate Collection Set: 15.50ms
[2025-12-11T05:18:38.028+0000][gc,phases   ] GC(55)   Post Evacuate Collection Set: 0.46ms
[2025-12-11T05:18:38.028+0000][gc,phases   ] GC(55)   Other: 0.32ms
[2025-12-11T05:18:38.028+0000][gc,heap     ] GC(55) Eden regions: 68->0(21)
[2025-12-11T05:18:38.028+0000][gc,heap     ] GC(55) Survivor regions: 2->5(9)
[2025-12-11T05:18:38.028+0000][gc,heap     ] GC(55) Old regions: 54->53
[2025-12-11T05:18:38.028+0000][gc,heap     ] GC(55) Humongous regions: 149->149
[2025-12-11T05:18:38.028+0000][gc,metaspace] GC(55) Metaspace: 50117K(51136K)->50117K(51136K) NonClass: 44507K(44928K)->44507K(44928K) Class: 5610K(6208K)->5610K(6208K)
[2025-12-11T05:18:38.028+0000][gc          ] GC(55) Pause Young (Mixed) (G1 Evacuation Pause) 272M->207M(330M) 16.712ms
[2025-12-11T05:18:38.028+0000][gc,cpu      ] GC(55) User=0.01s Sys=0.00s Real=0.02s
[2025-12-11T05:21:31.792+0000][gc,start    ] GC(56) Pause Young (Concurrent Start) (G1 Evacuation Pause)
[2025-12-11T05:21:31.792+0000][gc,task     ] GC(56) Using 1 workers of 1 for evacuation
[2025-12-11T05:21:31.807+0000][gc,phases   ] GC(56)   Pre Evacuate Collection Set: 0.12ms
[2025-12-11T05:21:31.807+0000][gc,phases   ] GC(56)   Merge Heap Roots: 0.06ms
[2025-12-11T05:21:31.807+0000][gc,phases   ] GC(56)   Evacuate Collection Set: 14.05ms
[2025-12-11T05:21:31.807+0000][gc,phases   ] GC(56)   Post Evacuate Collection Set: 0.42ms
[2025-12-11T05:21:31.807+0000][gc,phases   ] GC(56)   Other: 0.06ms
[2025-12-11T05:21:31.807+0000][gc,heap     ] GC(56) Eden regions: 27->0(61)
[2025-12-11T05:21:31.807+0000][gc,heap     ] GC(56) Survivor regions: 5->2(4)
[2025-12-11T05:21:31.807+0000][gc,heap     ] GC(56) Old regions: 53->58
[2025-12-11T05:21:31.807+0000][gc,heap     ] GC(56) Humongous regions: 149->149
[2025-12-11T05:21:31.807+0000][gc,metaspace] GC(56) Metaspace: 50123K(51136K)->50123K(51136K) NonClass: 44513K(44928K)->44513K(44928K) Class: 5610K(6208K)->5610K(6208K)
[2025-12-11T05:21:31.807+0000][gc          ] GC(56) Pause Young (Concurrent Start) (G1 Evacuation Pause) 234M->208M(330M) 14.872ms
[2025-12-11T05:21:31.807+0000][gc          ] GC(57) Concurrent Mark Cycle
[2025-12-11T05:21:31.807+0000][gc,marking  ] GC(57) Concurrent Scan Root Regions
[2025-12-11T05:21:31.809+0000][gc,cpu      ] GC(56) User=0.01s Sys=0.00s Real=0.02s
[2025-12-11T05:21:31.813+0000][gc,marking  ] GC(57) Concurrent Scan Root Regions 6.516ms
[2025-12-11T05:21:31.813+0000][gc,marking  ] GC(57) Concurrent Mark
[2025-12-11T05:21:31.813+0000][gc,marking  ] GC(57) Concurrent Mark From Roots
[2025-12-11T05:21:31.813+0000][gc,task     ] GC(57) Using 1 workers of 1 for marking
[2025-12-11T05:21:31.849+0000][gc,marking  ] GC(57) Concurrent Mark From Roots 35.850ms
[2025-12-11T05:21:31.849+0000][gc,marking  ] GC(57) Concurrent Preclean
[2025-12-11T05:21:31.849+0000][gc,marking  ] GC(57) Concurrent Preclean 0.091ms
[2025-12-11T05:21:31.849+0000][gc,start    ] GC(57) Pause Remark
[2025-12-11T05:21:31.872+0000][gc,mmu      ] GC(57) MMU target violated: 21.0ms (20.0ms/21.0ms)
[2025-12-11T05:21:31.872+0000][gc          ] GC(57) Pause Remark 208M->207M(347M) 22.461ms
[2025-12-11T05:21:31.872+0000][gc,cpu      ] GC(57) User=0.03s Sys=0.00s Real=0.02s
[2025-12-11T05:21:31.874+0000][gc,marking  ] GC(57) Concurrent Mark 60.130ms
[2025-12-11T05:21:31.874+0000][gc,marking  ] GC(57) Concurrent Rebuild Remembered Sets and Scrub Regions
[2025-12-11T05:21:31.901+0000][gc,marking  ] GC(57) Concurrent Rebuild Remembered Sets and Scrub Regions 27.409ms
[2025-12-11T05:21:31.901+0000][gc,start    ] GC(57) Pause Cleanup
[2025-12-11T05:21:31.901+0000][gc          ] GC(57) Pause Cleanup 207M->207M(347M) 0.117ms
[2025-12-11T05:21:31.901+0000][gc,cpu      ] GC(57) User=0.00s Sys=0.00s Real=0.00s
[2025-12-11T05:21:31.901+0000][gc,marking  ] GC(57) Concurrent Clear Claimed Marks
[2025-12-11T05:21:31.901+0000][gc,marking  ] GC(57) Concurrent Clear Claimed Marks 0.065ms
[2025-12-11T05:21:31.901+0000][gc,marking  ] GC(57) Concurrent Cleanup for Next Mark
[2025-12-11T05:21:31.902+0000][gc,marking  ] GC(57) Concurrent Cleanup for Next Mark 0.655ms
[2025-12-11T05:21:31.902+0000][gc          ] GC(57) Concurrent Mark Cycle 95.089ms
[2025-12-11T05:27:30.686+0000][gc,start    ] GC(58) Pause Young (Prepare Mixed) (G1 Evacuation Pause)
[2025-12-11T05:27:30.686+0000][gc,task     ] GC(58) Using 1 workers of 1 for evacuation
[2025-12-11T05:27:30.702+0000][gc,phases   ] GC(58)   Pre Evacuate Collection Set: 0.14ms
[2025-12-11T05:27:30.702+0000][gc,phases   ] GC(58)   Merge Heap Roots: 0.11ms
[2025-12-11T05:27:30.702+0000][gc,phases   ] GC(58)   Evacuate Collection Set: 14.65ms
[2025-12-11T05:27:30.702+0000][gc,phases   ] GC(58)   Post Evacuate Collection Set: 0.49ms
[2025-12-11T05:27:30.702+0000][gc,phases   ] GC(58)   Other: 0.08ms
[2025-12-11T05:27:30.702+0000][gc,heap     ] GC(58) Eden regions: 56->0(28)
[2025-12-11T05:27:30.702+0000][gc,heap     ] GC(58) Survivor regions: 2->5(8)
[2025-12-11T05:27:30.702+0000][gc,heap     ] GC(58) Old regions: 57->57
[2025-12-11T05:27:30.702+0000][gc,heap     ] GC(58) Humongous regions: 149->149
[2025-12-11T05:27:30.702+0000][gc,metaspace] GC(58) Metaspace: 50116K(51136K)->50116K(51136K) NonClass: 44508K(44928K)->44508K(44928K) Class: 5607K(6208K)->5607K(6208K)
[2025-12-11T05:27:30.702+0000][gc          ] GC(58) Pause Young (Prepare Mixed) (G1 Evacuation Pause) 263M->210M(347M) 15.595ms
[2025-12-11T05:27:30.702+0000][gc,cpu      ] GC(58) User=0.02s Sys=0.00s Real=0.01s
[2025-12-11T05:30:40.754+0000][gc,start    ] GC(59) Pause Young (Mixed) (G1 Evacuation Pause)
[2025-12-11T05:30:40.754+0000][gc,task     ] GC(59) Using 1 workers of 1 for evacuation
[2025-12-11T05:30:40.769+0000][gc,phases   ] GC(59)   Pre Evacuate Collection Set: 0.13ms
[2025-12-11T05:30:40.769+0000][gc,phases   ] GC(59)   Merge Heap Roots: 0.07ms
[2025-12-11T05:30:40.769+0000][gc,phases   ] GC(59)   Evacuate Collection Set: 14.13ms
[2025-12-11T05:30:40.769+0000][gc,phases   ] GC(59)   Merge Optional Heap Roots: 0.02ms
[2025-12-11T05:30:40.769+0000][gc,phases   ] GC(59)   Evacuate Optional Collection Set: 0.03ms
[2025-12-11T05:30:40.769+0000][gc,phases   ] GC(59)   Post Evacuate Collection Set: 0.43ms
[2025-12-11T05:30:40.769+0000][gc,phases   ] GC(59)   Other: 0.06ms
[2025-12-11T05:30:40.769+0000][gc,heap     ] GC(59) Eden regions: 28->0(67)
[2025-12-11T05:30:40.769+0000][gc,heap     ] GC(59) Survivor regions: 5->2(5)
[2025-12-11T05:30:40.769+0000][gc,heap     ] GC(59) Old regions: 57->57
[2025-12-11T05:30:40.769+0000][gc,heap     ] GC(59) Humongous regions: 149->149
[2025-12-11T05:30:40.769+0000][gc,metaspace] GC(59) Metaspace: 50144K(51136K)->50144K(51136K) NonClass: 44528K(44928K)->44528K(44928K) Class: 5615K(6208K)->5615K(6208K)
[2025-12-11T05:30:40.769+0000][gc          ] GC(59) Pause Young (Mixed) (G1 Evacuation Pause) 238M->207M(347M) 15.013ms
[2025-12-11T05:30:40.769+0000][gc,cpu      ] GC(59) User=0.02s Sys=0.00s Real=0.02s
[2025-12-11T05:39:40.044+0000][gc,start    ] GC(60) Pause Young (Mixed) (G1 Evacuation Pause)
[2025-12-11T05:39:40.044+0000][gc,task     ] GC(60) Using 1 workers of 1 for evacuation
[2025-12-11T05:39:40.058+0000][gc,phases   ] GC(60)   Pre Evacuate Collection Set: 0.16ms
[2025-12-11T05:39:40.058+0000][gc,phases   ] GC(60)   Merge Heap Roots: 0.09ms
[2025-12-11T05:39:40.058+0000][gc,phases   ] GC(60)   Evacuate Collection Set: 12.81ms
[2025-12-11T05:39:40.058+0000][gc,phases   ] GC(60)   Post Evacuate Collection Set: 0.92ms
[2025-12-11T05:39:40.058+0000][gc,phases   ] GC(60)   Other: 0.06ms
[2025-12-11T05:39:40.058+0000][gc,heap     ] GC(60) Eden regions: 68->0(42)
[2025-12-11T05:39:40.058+0000][gc,heap     ] GC(60) Survivor regions: 2->4(9)
[2025-12-11T05:39:40.058+0000][gc,heap     ] GC(60) Old regions: 57->53
[2025-12-11T05:39:40.058+0000][gc,heap     ] GC(60) Humongous regions: 149->149
[2025-12-11T05:39:40.058+0000][gc,metaspace] GC(60) Metaspace: 50215K(51200K)->50215K(51200K) NonClass: 44597K(44992K)->44597K(44992K) Class: 5618K(6208K)->5618K(6208K)
[2025-12-11T05:39:40.058+0000][gc          ] GC(60) Pause Young (Mixed) (G1 Evacuation Pause) 275M->205M(347M) 14.195ms
[2025-12-11T05:39:40.058+0000][gc,cpu      ] GC(60) User=0.02s Sys=0.00s Real=0.02s
[2025-12-11T05:45:07.128+0000][gc,start    ] GC(61) Pause Young (Mixed) (G1 Evacuation Pause)
[2025-12-11T05:45:07.129+0000][gc,task     ] GC(61) Using 1 workers of 1 for evacuation
[2025-12-11T05:45:07.148+0000][gc,phases   ] GC(61)   Pre Evacuate Collection Set: 0.12ms
[2025-12-11T05:45:07.148+0000][gc,phases   ] GC(61)   Merge Heap Roots: 0.08ms
[2025-12-11T05:45:07.148+0000][gc,phases   ] GC(61)   Evacuate Collection Set: 18.27ms
[2025-12-11T05:45:07.148+0000][gc,phases   ] GC(61)   Post Evacuate Collection Set: 0.47ms
[2025-12-11T05:45:07.148+0000][gc,phases   ] GC(61)   Other: 0.06ms
[2025-12-11T05:45:07.148+0000][gc,heap     ] GC(61) Eden regions: 44->0(11)
[2025-12-11T05:45:07.148+0000][gc,heap     ] GC(61) Survivor regions: 4->6(6)
[2025-12-11T05:45:07.148+0000][gc,heap     ] GC(61) Old regions: 53->54
[2025-12-11T05:45:07.148+0000][gc,heap     ] GC(61) Humongous regions: 149->149
[2025-12-11T05:45:07.148+0000][gc,metaspace] GC(61) Metaspace: 50220K(51200K)->50220K(51200K) NonClass: 44601K(44992K)->44601K(44992K) Class: 5618K(6208K)->5618K(6208K)
[2025-12-11T05:45:07.148+0000][gc          ] GC(61) Pause Young (Mixed) (G1 Evacuation Pause) 249M->208M(347M) 19.170ms
[2025-12-11T05:45:07.148+0000][gc,cpu      ] GC(61) User=0.02s Sys=0.00s Real=0.02s
[2025-12-11T05:46:21.065+0000][gc,start    ] GC(62) Pause Young (Concurrent Start) (G1 Evacuation Pause)
[2025-12-11T05:46:21.065+0000][gc,task     ] GC(62) Using 1 workers of 1 for evacuation
[2025-12-11T05:46:21.080+0000][gc,phases   ] GC(62)   Pre Evacuate Collection Set: 0.14ms
[2025-12-11T05:46:21.080+0000][gc,phases   ] GC(62)   Merge Heap Roots: 0.09ms
[2025-12-11T05:46:21.080+0000][gc,phases   ] GC(62)   Evacuate Collection Set: 14.49ms
[2025-12-11T05:46:21.080+0000][gc,phases   ] GC(62)   Post Evacuate Collection Set: 0.80ms
[2025-12-11T05:46:21.080+0000][gc,phases   ] GC(62)   Other: 0.07ms
[2025-12-11T05:46:21.080+0000][gc,heap     ] GC(62) Eden regions: 11->0(31)
[2025-12-11T05:46:21.081+0000][gc,heap     ] GC(62) Survivor regions: 6->2(3)
[2025-12-11T05:46:21.081+0000][gc,heap     ] GC(62) Old regions: 54->60
[2025-12-11T05:46:21.081+0000][gc,heap     ] GC(62) Humongous regions: 149->149
[2025-12-11T05:46:21.081+0000][gc,metaspace] GC(62) Metaspace: 50221K(51200K)->50221K(51200K) NonClass: 44602K(44992K)->44602K(44992K) Class: 5618K(6208K)->5618K(6208K)
[2025-12-11T05:46:21.081+0000][gc          ] GC(62) Pause Young (Concurrent Start) (G1 Evacuation Pause) 219M->210M(347M) 15.727ms
[2025-12-11T05:46:21.081+0000][gc          ] GC(63) Concurrent Mark Cycle
[2025-12-11T05:46:21.081+0000][gc,marking  ] GC(63) Concurrent Scan Root Regions
[2025-12-11T05:46:21.082+0000][gc,cpu      ] GC(62) User=0.01s Sys=0.00s Real=0.01s
[2025-12-11T05:46:21.087+0000][gc,marking  ] GC(63) Concurrent Scan Root Regions 6.323ms
[2025-12-11T05:46:21.087+0000][gc,marking  ] GC(63) Concurrent Mark
[2025-12-11T05:46:21.087+0000][gc,marking  ] GC(63) Concurrent Mark From Roots
[2025-12-11T05:46:21.087+0000][gc,task     ] GC(63) Using 1 workers of 1 for marking
[2025-12-11T05:46:21.123+0000][gc,marking  ] GC(63) Concurrent Mark From Roots 35.800ms
[2025-12-11T05:46:21.123+0000][gc,marking  ] GC(63) Concurrent Preclean
[2025-12-11T05:46:21.123+0000][gc,marking  ] GC(63) Concurrent Preclean 0.106ms
[2025-12-11T05:46:21.123+0000][gc,start    ] GC(63) Pause Remark
[2025-12-11T05:46:21.141+0000][gc          ] GC(63) Pause Remark 210M->210M(352M) 17.771ms
[2025-12-11T05:46:21.141+0000][gc,cpu      ] GC(63) User=0.01s Sys=0.00s Real=0.02s
[2025-12-11T05:46:21.144+0000][gc,marking  ] GC(63) Concurrent Mark 56.750ms
[2025-12-11T05:46:21.144+0000][gc,marking  ] GC(63) Concurrent Rebuild Remembered Sets and Scrub Regions
[2025-12-11T05:46:21.173+0000][gc,marking  ] GC(63) Concurrent Rebuild Remembered Sets and Scrub Regions 29.043ms
[2025-12-11T05:46:21.173+0000][gc,start    ] GC(63) Pause Cleanup
[2025-12-11T05:46:21.173+0000][gc          ] GC(63) Pause Cleanup 210M->210M(352M) 0.112ms
[2025-12-11T05:46:21.173+0000][gc,cpu      ] GC(63) User=0.00s Sys=0.00s Real=0.00s
[2025-12-11T05:46:21.173+0000][gc,marking  ] GC(63) Concurrent Clear Claimed Marks
[2025-12-11T05:46:21.173+0000][gc,marking  ] GC(63) Concurrent Clear Claimed Marks 0.069ms
[2025-12-11T05:46:21.173+0000][gc,marking  ] GC(63) Concurrent Cleanup for Next Mark
[2025-12-11T05:46:21.174+0000][gc,marking  ] GC(63) Concurrent Cleanup for Next Mark 0.542ms
[2025-12-11T05:46:21.174+0000][gc          ] GC(63) Concurrent Mark Cycle 93.018ms
[2025-12-11T05:50:20.980+0000][gc,start    ] GC(64) Pause Young (Prepare Mixed) (G1 Evacuation Pause)
[2025-12-11T05:50:20.980+0000][gc,task     ] GC(64) Using 1 workers of 1 for evacuation
[2025-12-11T05:50:20.988+0000][gc,phases   ] GC(64)   Pre Evacuate Collection Set: 0.13ms
[2025-12-11T05:50:20.988+0000][gc,phases   ] GC(64)   Merge Heap Roots: 0.08ms
[2025-12-11T05:50:20.988+0000][gc,phases   ] GC(64)   Evacuate Collection Set: 8.07ms
[2025-12-11T05:50:20.988+0000][gc,phases   ] GC(64)   Post Evacuate Collection Set: 0.39ms
[2025-12-11T05:50:20.988+0000][gc,phases   ] GC(64)   Other: 0.05ms
[2025-12-11T05:50:20.988+0000][gc,heap     ] GC(64) Eden regions: 31->0(32)
[2025-12-11T05:50:20.988+0000][gc,heap     ] GC(64) Survivor regions: 2->3(5)
[2025-12-11T05:50:20.988+0000][gc,heap     ] GC(64) Old regions: 60->60
[2025-12-11T05:50:20.988+0000][gc,heap     ] GC(64) Humongous regions: 149->149
[2025-12-11T05:50:20.988+0000][gc,metaspace] GC(64) Metaspace: 50215K(51200K)->50215K(51200K) NonClass: 44598K(44992K)->44598K(44992K) Class: 5616K(6208K)->5616K(6208K)
[2025-12-11T05:50:20.988+0000][gc          ] GC(64) Pause Young (Prepare Mixed) (G1 Evacuation Pause) 241M->211M(352M) 8.869ms
[2025-12-11T05:50:20.988+0000][gc,cpu      ] GC(64) User=0.01s Sys=0.00s Real=0.01s
[2025-12-11T05:54:40.791+0000][gc,start    ] GC(65) Pause Young (Mixed) (G1 Evacuation Pause)
[2025-12-11T05:54:40.791+0000][gc,task     ] GC(65) Using 1 workers of 1 for evacuation
[2025-12-11T05:54:40.802+0000][gc,phases   ] GC(65)   Pre Evacuate Collection Set: 0.13ms
[2025-12-11T05:54:40.802+0000][gc,phases   ] GC(65)   Merge Heap Roots: 0.07ms
[2025-12-11T05:54:40.802+0000][gc,phases   ] GC(65)   Evacuate Collection Set: 10.52ms
[2025-12-11T05:54:40.802+0000][gc,phases   ] GC(65)   Post Evacuate Collection Set: 0.46ms
[2025-12-11T05:54:40.802+0000][gc,phases   ] GC(65)   Other: 0.06ms
[2025-12-11T05:54:40.802+0000][gc,heap     ] GC(65) Eden regions: 33->0(28)
[2025-12-11T05:54:40.802+0000][gc,heap     ] GC(65) Survivor regions: 3->4(5)
[2025-12-11T05:54:40.802+0000][gc,heap     ] GC(65) Old regions: 60->59
[2025-12-11T05:54:40.802+0000][gc,heap     ] GC(65) Humongous regions: 149->149
[2025-12-11T05:54:40.802+0000][gc,metaspace] GC(65) Metaspace: 50242K(51328K)->50242K(51328K) NonClass: 44626K(45120K)->44626K(45120K) Class: 5616K(6208K)->5616K(6208K)
[2025-12-11T05:54:40.802+0000][gc          ] GC(65) Pause Young (Mixed) (G1 Evacuation Pause) 244M->211M(352M) 11.398ms
[2025-12-11T05:54:40.802+0000][gc,cpu      ] GC(65) User=0.01s Sys=0.00s Real=0.01s
[2025-12-11T05:58:21.419+0000][gc,start    ] GC(66) Pause Young (Mixed) (G1 Evacuation Pause)
[2025-12-11T05:58:21.420+0000][gc,task     ] GC(66) Using 1 workers of 1 for evacuation
[2025-12-11T05:58:21.432+0000][gc,phases   ] GC(66)   Pre Evacuate Collection Set: 0.12ms
[2025-12-11T05:58:21.432+0000][gc,phases   ] GC(66)   Merge Heap Roots: 0.08ms
[2025-12-11T05:58:21.432+0000][gc,phases   ] GC(66)   Evacuate Collection Set: 10.81ms
[2025-12-11T05:58:21.432+0000][gc,phases   ] GC(66)   Post Evacuate Collection Set: 0.41ms
[2025-12-11T05:58:21.432+0000][gc,phases   ] GC(66)   Other: 0.98ms
[2025-12-11T05:58:21.432+0000][gc,heap     ] GC(66) Eden regions: 28->0(41)
[2025-12-11T05:58:21.432+0000][gc,heap     ] GC(66) Survivor regions: 4->3(4)
[2025-12-11T05:58:21.432+0000][gc,heap     ] GC(66) Old regions: 59->59
[2025-12-11T05:58:21.432+0000][gc,heap     ] GC(66) Humongous regions: 149->149
[2025-12-11T05:58:21.432+0000][gc,metaspace] GC(66) Metaspace: 50246K(51328K)->50246K(51328K) NonClass: 44629K(45120K)->44629K(45120K) Class: 5616K(6208K)->5616K(6208K)
[2025-12-11T05:58:21.432+0000][gc          ] GC(66) Pause Young (Mixed) (G1 Evacuation Pause) 239M->210M(352M) 12.573ms
[2025-12-11T05:58:21.432+0000][gc,cpu      ] GC(66) User=0.01s Sys=0.00s Real=0.01s
[2025-12-11T06:03:36.899+0000][gc,start    ] GC(67) Pause Young (Mixed) (G1 Evacuation Pause)
[2025-12-11T06:03:36.899+0000][gc,task     ] GC(67) Using 1 workers of 1 for evacuation
[2025-12-11T06:03:36.909+0000][gc,phases   ] GC(67)   Pre Evacuate Collection Set: 0.12ms
[2025-12-11T06:03:36.909+0000][gc,phases   ] GC(67)   Merge Heap Roots: 0.07ms
[2025-12-11T06:03:36.909+0000][gc,phases   ] GC(67)   Evacuate Collection Set: 9.55ms
[2025-12-11T06:03:36.909+0000][gc,phases   ] GC(67)   Post Evacuate Collection Set: 0.41ms
[2025-12-11T06:03:36.909+0000][gc,phases   ] GC(67)   Other: 0.05ms
[2025-12-11T06:03:36.909+0000][gc,heap     ] GC(67) Eden regions: 40->0(40)
[2025-12-11T06:03:36.909+0000][gc,heap     ] GC(67) Survivor regions: 3->4(6)
[2025-12-11T06:03:36.909+0000][gc,heap     ] GC(67) Old regions: 59->57
[2025-12-11T06:03:36.909+0000][gc,heap     ] GC(67) Humongous regions: 149->149
[2025-12-11T06:03:36.909+0000][gc,metaspace] GC(67) Metaspace: 50246K(51328K)->50246K(51328K) NonClass: 44629K(45120K)->44629K(45120K) Class: 5616K(6208K)->5616K(6208K)
[2025-12-11T06:03:36.909+0000][gc          ] GC(67) Pause Young (Mixed) (G1 Evacuation Pause) 250M->209M(352M) 10.338ms
[2025-12-11T06:03:36.909+0000][gc,cpu      ] GC(67) User=0.01s Sys=0.00s Real=0.01s
[2025-12-11T06:09:00.506+0000][gc,start    ] GC(68) Pause Young (Mixed) (G1 Evacuation Pause)
[2025-12-11T06:09:00.506+0000][gc,task     ] GC(68) Using 1 workers of 1 for evacuation
[2025-12-11T06:09:00.520+0000][gc,phases   ] GC(68)   Pre Evacuate Collection Set: 0.14ms
[2025-12-11T06:09:00.520+0000][gc,phases   ] GC(68)   Merge Heap Roots: 0.06ms
[2025-12-11T06:09:00.520+0000][gc,phases   ] GC(68)   Evacuate Collection Set: 13.26ms
[2025-12-11T06:09:00.520+0000][gc,phases   ] GC(68)   Post Evacuate Collection Set: 0.43ms
[2025-12-11T06:09:00.520+0000][gc,phases   ] GC(68)   Other: 0.07ms
[2025-12-11T06:09:00.520+0000][gc,heap     ] GC(68) Eden regions: 41->0(36)
[2025-12-11T06:09:00.520+0000][gc,heap     ] GC(68) Survivor regions: 4->5(6)
[2025-12-11T06:09:00.520+0000][gc,heap     ] GC(68) Old regions: 57->56
[2025-12-11T06:09:00.520+0000][gc,heap     ] GC(68) Humongous regions: 149->149
[2025-12-11T06:09:00.520+0000][gc,metaspace] GC(68) Metaspace: 50246K(51328K)->50246K(51328K) NonClass: 44630K(45120K)->44630K(45120K) Class: 5616K(6208K)->5616K(6208K)
[2025-12-11T06:09:00.520+0000][gc          ] GC(68) Pause Young (Mixed) (G1 Evacuation Pause) 250M->209M(352M) 14.103ms
[2025-12-11T06:09:00.520+0000][gc,cpu      ] GC(68) User=0.02s Sys=0.00s Real=0.01s
[2025-12-11T06:13:30.276+0000][gc,start    ] GC(69) Pause Young (Mixed) (G1 Evacuation Pause)
[2025-12-11T06:13:30.276+0000][gc,task     ] GC(69) Using 1 workers of 1 for evacuation
[2025-12-11T06:13:30.290+0000][gc,phases   ] GC(69)   Pre Evacuate Collection Set: 0.14ms
[2025-12-11T06:13:30.290+0000][gc,phases   ] GC(69)   Merge Heap Roots: 0.07ms
[2025-12-11T06:13:30.290+0000][gc,phases   ] GC(69)   Evacuate Collection Set: 12.67ms
[2025-12-11T06:13:30.290+0000][gc,phases   ] GC(69)   Post Evacuate Collection Set: 0.47ms
[2025-12-11T06:13:30.290+0000][gc,phases   ] GC(69)   Other: 0.08ms
[2025-12-11T06:13:30.290+0000][gc,heap     ] GC(69) Eden regions: 34->0(47)
[2025-12-11T06:13:30.290+0000][gc,heap     ] GC(69) Survivor regions: 5->3(5)
[2025-12-11T06:13:30.290+0000][gc,heap     ] GC(69) Old regions: 56->56
[2025-12-11T06:13:30.290+0000][gc,heap     ] GC(69) Humongous regions: 149->149
[2025-12-11T06:13:30.290+0000][gc,metaspace] GC(69) Metaspace: 50249K(51328K)->50249K(51328K) NonClass: 44632K(45120K)->44632K(45120K) Class: 5616K(6208K)->5616K(6208K)
[2025-12-11T06:13:30.290+0000][gc          ] GC(69) Pause Young (Mixed) (G1 Evacuation Pause) 243M->207M(352M) 13.586ms
[2025-12-11T06:13:30.290+0000][gc,cpu      ] GC(69) User=0.01s Sys=0.00s Real=0.01s
[2025-12-11T06:19:41.352+0000][gc,start    ] GC(70) Pause Young (Concurrent Start) (G1 Evacuation Pause)
[2025-12-11T06:19:41.352+0000][gc,task     ] GC(70) Using 1 workers of 1 for evacuation
[2025-12-11T06:19:41.368+0000][gc,phases   ] GC(70)   Pre Evacuate Collection Set: 0.13ms
[2025-12-11T06:19:41.368+0000][gc,phases   ] GC(70)   Merge Heap Roots: 0.07ms
[2025-12-11T06:19:41.368+0000][gc,phases   ] GC(70)   Evacuate Collection Set: 15.27ms
[2025-12-11T06:19:41.368+0000][gc,phases   ] GC(70)   Post Evacuate Collection Set: 0.42ms
[2025-12-11T06:19:41.368+0000][gc,phases   ] GC(70)   Other: 0.06ms
[2025-12-11T06:19:41.368+0000][gc,heap     ] GC(70) Eden regions: 47->0(18)
[2025-12-11T06:19:41.368+0000][gc,heap     ] GC(70) Survivor regions: 3->6(7)
[2025-12-11T06:19:41.368+0000][gc,heap     ] GC(70) Old regions: 56->56
[2025-12-11T06:19:41.368+0000][gc,heap     ] GC(70) Humongous regions: 149->149
[2025-12-11T06:19:41.369+0000][gc,metaspace] GC(70) Metaspace: 50263K(51328K)->50263K(51328K) NonClass: 44647K(45120K)->44647K(45120K) Class: 5616K(6208K)->5616K(6208K)
[2025-12-11T06:19:41.369+0000][gc          ] GC(70) Pause Young (Concurrent Start) (G1 Evacuation Pause) 254M->210M(352M) 16.491ms
[2025-12-11T06:19:41.369+0000][gc          ] GC(71) Concurrent Mark Cycle
[2025-12-11T06:19:41.369+0000][gc,marking  ] GC(71) Concurrent Scan Root Regions
[2025-12-11T06:19:41.370+0000][gc,cpu      ] GC(70) User=0.01s Sys=0.00s Real=0.02s
[2025-12-11T06:19:41.372+0000][gc,marking  ] GC(71) Concurrent Scan Root Regions 3.774ms
[2025-12-11T06:19:41.372+0000][gc,marking  ] GC(71) Concurrent Mark
[2025-12-11T06:19:41.372+0000][gc,marking  ] GC(71) Concurrent Mark From Roots
[2025-12-11T06:19:41.372+0000][gc,task     ] GC(71) Using 1 workers of 1 for marking
[2025-12-11T06:19:41.407+0000][gc,marking  ] GC(71) Concurrent Mark From Roots 34.609ms
[2025-12-11T06:19:41.407+0000][gc,marking  ] GC(71) Concurrent Preclean
[2025-12-11T06:19:41.407+0000][gc,marking  ] GC(71) Concurrent Preclean 0.093ms
[2025-12-11T06:19:41.407+0000][gc,start    ] GC(71) Pause Remark
[2025-12-11T06:19:41.419+0000][gc          ] GC(71) Pause Remark 210M->208M(352M) 11.420ms
[2025-12-11T06:19:41.419+0000][gc,cpu      ] GC(71) User=0.01s Sys=0.00s Real=0.01s
[2025-12-11T06:19:41.419+0000][gc,marking  ] GC(71) Concurrent Mark 46.281ms
[2025-12-11T06:19:41.419+0000][gc,marking  ] GC(71) Concurrent Rebuild Remembered Sets and Scrub Regions
[2025-12-11T06:19:41.441+0000][gc,marking  ] GC(71) Concurrent Rebuild Remembered Sets and Scrub Regions 22.103ms
[2025-12-11T06:19:41.441+0000][gc,start    ] GC(71) Pause Cleanup
[2025-12-11T06:19:41.441+0000][gc          ] GC(71) Pause Cleanup 208M->208M(352M) 0.091ms
[2025-12-11T06:19:41.441+0000][gc,cpu      ] GC(71) User=0.00s Sys=0.00s Real=0.00s
[2025-12-11T06:19:41.441+0000][gc,marking  ] GC(71) Concurrent Clear Claimed Marks
[2025-12-11T06:19:41.441+0000][gc,marking  ] GC(71) Concurrent Clear Claimed Marks 0.069ms
[2025-12-11T06:19:41.441+0000][gc,marking  ] GC(71) Concurrent Cleanup for Next Mark
[2025-12-11T06:19:41.442+0000][gc,marking  ] GC(71) Concurrent Cleanup for Next Mark 0.500ms
[2025-12-11T06:19:41.442+0000][gc          ] GC(71) Concurrent Mark Cycle 72.986ms
[2025-12-11T06:21:40.044+0000][gc,start    ] GC(72) Pause Young (Prepare Mixed) (G1 Evacuation Pause)
[2025-12-11T06:21:40.044+0000][gc,task     ] GC(72) Using 1 workers of 1 for evacuation
[2025-12-11T06:21:40.055+0000][gc,phases   ] GC(72)   Pre Evacuate Collection Set: 0.12ms
[2025-12-11T06:21:40.055+0000][gc,phases   ] GC(72)   Merge Heap Roots: 0.09ms
[2025-12-11T06:21:40.055+0000][gc,phases   ] GC(72)   Evacuate Collection Set: 10.03ms
[2025-12-11T06:21:40.055+0000][gc,phases   ] GC(72)   Post Evacuate Collection Set: 0.80ms
[2025-12-11T06:21:40.055+0000][gc,phases   ] GC(72)   Other: 0.06ms
[2025-12-11T06:21:40.055+0000][gc,heap     ] GC(72) Eden regions: 15->0(86)
[2025-12-11T06:21:40.055+0000][gc,heap     ] GC(72) Survivor regions: 6->1(3)
[2025-12-11T06:21:40.055+0000][gc,heap     ] GC(72) Old regions: 54->58
[2025-12-11T06:21:40.055+0000][gc,heap     ] GC(72) Humongous regions: 149->149
[2025-12-11T06:21:40.055+0000][gc,metaspace] GC(72) Metaspace: 50264K(51328K)->50264K(51328K) NonClass: 44648K(45120K)->44648K(45120K) Class: 5616K(6208K)->5616K(6208K)
[2025-12-11T06:21:40.055+0000][gc          ] GC(72) Pause Young (Prepare Mixed) (G1 Evacuation Pause) 223M->207M(352M) 11.266ms
[2025-12-11T06:21:40.055+0000][gc,cpu      ] GC(72) User=0.01s Sys=0.00s Real=0.02s
[2025-12-11T06:33:14.134+0000][gc,start    ] GC(73) Pause Young (Mixed) (G1 Evacuation Pause)
[2025-12-11T06:33:14.138+0000][gc,task     ] GC(73) Using 1 workers of 1 for evacuation
[2025-12-11T06:33:14.152+0000][gc,phases   ] GC(73)   Pre Evacuate Collection Set: 0.14ms
[2025-12-11T06:33:14.152+0000][gc,phases   ] GC(73)   Merge Heap Roots: 0.07ms
[2025-12-11T06:33:14.152+0000][gc,phases   ] GC(73)   Evacuate Collection Set: 13.90ms
[2025-12-11T06:33:14.152+0000][gc,phases   ] GC(73)   Post Evacuate Collection Set: 0.51ms
[2025-12-11T06:33:14.152+0000][gc,phases   ] GC(73)   Other: 1.68ms
[2025-12-11T06:33:14.152+0000][gc,heap     ] GC(73) Eden regions: 89->0(59)
[2025-12-11T06:33:14.152+0000][gc,heap     ] GC(73) Survivor regions: 1->4(12)
[2025-12-11T06:33:14.152+0000][gc,heap     ] GC(73) Old regions: 58->49
[2025-12-11T06:33:14.152+0000][gc,heap     ] GC(73) Humongous regions: 149->149
[2025-12-11T06:33:14.152+0000][gc,metaspace] GC(73) Metaspace: 50267K(51328K)->50267K(51328K) NonClass: 44650K(45120K)->44650K(45120K) Class: 5616K(6208K)->5616K(6208K)
[2025-12-11T06:33:14.152+0000][gc          ] GC(73) Pause Young (Mixed) (G1 Evacuation Pause) 296M->201M(352M) 18.648ms
[2025-12-11T06:33:14.152+0000][gc,cpu      ] GC(73) User=0.02s Sys=0.00s Real=0.02s
[2025-12-11T06:41:54.656+0000][gc,start    ] GC(74) Pause Young (Concurrent Start) (G1 Evacuation Pause)
[2025-12-11T06:41:54.658+0000][gc,task     ] GC(74) Using 1 workers of 1 for evacuation
[2025-12-11T06:41:54.676+0000][gc,phases   ] GC(74)   Pre Evacuate Collection Set: 0.17ms
[2025-12-11T06:41:54.676+0000][gc,phases   ] GC(74)   Merge Heap Roots: 0.06ms
[2025-12-11T06:41:54.676+0000][gc,phases   ] GC(74)   Evacuate Collection Set: 17.59ms
[2025-12-11T06:41:54.676+0000][gc,phases   ] GC(74)   Post Evacuate Collection Set: 0.45ms
[2025-12-11T06:41:54.676+0000][gc,phases   ] GC(74)   Other: 0.07ms
[2025-12-11T06:41:54.676+0000][gc,heap     ] GC(74) Eden regions: 65->0(10)
[2025-12-11T06:41:54.676+0000][gc,heap     ] GC(74) Survivor regions: 4->7(9)
[2025-12-11T06:41:54.676+0000][gc,heap     ] GC(74) Old regions: 49->49
[2025-12-11T06:41:54.676+0000][gc,heap     ] GC(74) Humongous regions: 149->149
[2025-12-11T06:41:54.676+0000][gc,metaspace] GC(74) Metaspace: 50268K(51328K)->50268K(51328K) NonClass: 44652K(45120K)->44652K(45120K) Class: 5616K(6208K)->5616K(6208K)
[2025-12-11T06:41:54.676+0000][gc          ] GC(74) Pause Young (Concurrent Start) (G1 Evacuation Pause) 266M->205M(352M) 20.675ms
[2025-12-11T06:41:54.676+0000][gc          ] GC(75) Concurrent Mark Cycle
[2025-12-11T06:41:54.676+0000][gc,marking  ] GC(75) Concurrent Scan Root Regions
[2025-12-11T06:41:54.678+0000][gc,cpu      ] GC(74) User=0.02s Sys=0.00s Real=0.02s
[2025-12-11T06:41:54.682+0000][gc,marking  ] GC(75) Concurrent Scan Root Regions 5.636ms
[2025-12-11T06:41:54.682+0000][gc,marking  ] GC(75) Concurrent Mark
[2025-12-11T06:41:54.682+0000][gc,marking  ] GC(75) Concurrent Mark From Roots
[2025-12-11T06:41:54.682+0000][gc,task     ] GC(75) Using 1 workers of 1 for marking
[2025-12-11T06:41:54.721+0000][gc,marking  ] GC(75) Concurrent Mark From Roots 38.526ms
[2025-12-11T06:41:54.721+0000][gc,marking  ] GC(75) Concurrent Preclean
[2025-12-11T06:41:54.721+0000][gc,marking  ] GC(75) Concurrent Preclean 0.105ms
[2025-12-11T06:41:54.721+0000][gc,start    ] GC(75) Pause Remark
[2025-12-11T06:41:54.729+0000][gc          ] GC(75) Pause Remark 205M->205M(352M) 8.655ms
[2025-12-11T06:41:54.729+0000][gc,cpu      ] GC(75) User=0.00s Sys=0.00s Real=0.01s
[2025-12-11T06:41:54.729+0000][gc,marking  ] GC(75) Concurrent Mark 47.458ms
[2025-12-11T06:41:54.730+0000][gc,marking  ] GC(75) Concurrent Rebuild Remembered Sets and Scrub Regions
[2025-12-11T06:41:54.753+0000][gc,marking  ] GC(75) Concurrent Rebuild Remembered Sets and Scrub Regions 22.241ms
[2025-12-11T06:41:54.753+0000][gc,start    ] GC(75) Pause Cleanup
[2025-12-11T06:41:54.753+0000][gc          ] GC(75) Pause Cleanup 205M->205M(352M) 0.102ms
[2025-12-11T06:41:54.753+0000][gc,cpu      ] GC(75) User=0.00s Sys=0.00s Real=0.00s
[2025-12-11T06:41:54.753+0000][gc,marking  ] GC(75) Concurrent Clear Claimed Marks
[2025-12-11T06:41:54.753+0000][gc,marking  ] GC(75) Concurrent Clear Claimed Marks 0.078ms
[2025-12-11T06:41:54.753+0000][gc,marking  ] GC(75) Concurrent Cleanup for Next Mark
[2025-12-11T06:41:54.753+0000][gc,marking  ] GC(75) Concurrent Cleanup for Next Mark 0.487ms
[2025-12-11T06:41:54.753+0000][gc          ] GC(75) Concurrent Mark Cycle 77.115ms
[2025-12-11T06:43:10.882+0000][gc,start    ] GC(76) Pause Young (Prepare Mixed) (G1 Evacuation Pause)
[2025-12-11T06:43:10.882+0000][gc,task     ] GC(76) Using 1 workers of 1 for evacuation
[2025-12-11T06:43:10.894+0000][gc,phases   ] GC(76)   Pre Evacuate Collection Set: 0.11ms
[2025-12-11T06:43:10.895+0000][gc,phases   ] GC(76)   Merge Heap Roots: 0.13ms
[2025-12-11T06:43:10.895+0000][gc,phases   ] GC(76)   Evacuate Collection Set: 11.51ms
[2025-12-11T06:43:10.895+0000][gc,phases   ] GC(76)   Post Evacuate Collection Set: 0.38ms
[2025-12-11T06:43:10.895+0000][gc,phases   ] GC(76)   Other: 0.06ms
[2025-12-11T06:43:10.895+0000][gc,heap     ] GC(76) Eden regions: 10->0(104)
[2025-12-11T06:43:10.895+0000][gc,heap     ] GC(76) Survivor regions: 7->1(3)
[2025-12-11T06:43:10.895+0000][gc,heap     ] GC(76) Old regions: 49->54
[2025-12-11T06:43:10.895+0000][gc,heap     ] GC(76) Humongous regions: 149->149
[2025-12-11T06:43:10.895+0000][gc,metaspace] GC(76) Metaspace: 50270K(51328K)->50270K(51328K) NonClass: 44654K(45120K)->44654K(45120K) Class: 5616K(6208K)->5616K(6208K)
[2025-12-11T06:43:10.895+0000][gc          ] GC(76) Pause Young (Prepare Mixed) (G1 Evacuation Pause) 215M->203M(352M) 12.356ms
[2025-12-11T06:43:10.895+0000][gc,cpu      ] GC(76) User=0.02s Sys=0.00s Real=0.02s
[2025-12-11T06:55:54.936+0000][gc,start    ] GC(77) Pause Young (Mixed) (G1 Evacuation Pause)
[2025-12-11T06:55:54.936+0000][gc,task     ] GC(77) Using 1 workers of 1 for evacuation
[2025-12-11T06:55:54.952+0000][gc,phases   ] GC(77)   Pre Evacuate Collection Set: 0.16ms
[2025-12-11T06:55:54.952+0000][gc,phases   ] GC(77)   Merge Heap Roots: 0.20ms
[2025-12-11T06:55:54.952+0000][gc,phases   ] GC(77)   Evacuate Collection Set: 14.79ms
[2025-12-11T06:55:54.952+0000][gc,phases   ] GC(77)   Post Evacuate Collection Set: 0.58ms
[2025-12-11T06:55:54.952+0000][gc,phases   ] GC(77)   Other: 0.07ms
[2025-12-11T06:55:54.952+0000][gc,heap     ] GC(77) Eden regions: 103->0(57)
[2025-12-11T06:55:54.952+0000][gc,heap     ] GC(77) Survivor regions: 1->5(13)
[2025-12-11T06:55:54.952+0000][gc,heap     ] GC(77) Old regions: 54->50
[2025-12-11T06:55:54.952+0000][gc,heap     ] GC(77) Humongous regions: 149->149
[2025-12-11T06:55:54.952+0000][gc,metaspace] GC(77) Metaspace: 50288K(51328K)->50288K(51328K) NonClass: 44671K(45120K)->44671K(45120K) Class: 5616K(6208K)->5616K(6208K)
[2025-12-11T06:55:54.952+0000][gc          ] GC(77) Pause Young (Mixed) (G1 Evacuation Pause) 306M->203M(352M) 15.937ms
[2025-12-11T06:55:54.952+0000][gc,cpu      ] GC(77) User=0.01s Sys=0.00s Real=0.01s
[2025-12-11T07:04:05.162+0000][gc,start    ] GC(78) Pause Young (Concurrent Start) (G1 Evacuation Pause)
[2025-12-11T07:04:05.162+0000][gc,task     ] GC(78) Using 1 workers of 1 for evacuation
[2025-12-11T07:04:05.178+0000][gc,phases   ] GC(78)   Pre Evacuate Collection Set: 0.16ms
[2025-12-11T07:04:05.178+0000][gc,phases   ] GC(78)   Merge Heap Roots: 0.08ms
[2025-12-11T07:04:05.178+0000][gc,phases   ] GC(78)   Evacuate Collection Set: 14.74ms
[2025-12-11T07:04:05.178+0000][gc,phases   ] GC(78)   Post Evacuate Collection Set: 0.51ms
[2025-12-11T07:04:05.178+0000][gc,phases   ] GC(78)   Other: 0.06ms
[2025-12-11T07:04:05.178+0000][gc,heap     ] GC(78) Eden regions: 61->0(49)
[2025-12-11T07:04:05.178+0000][gc,heap     ] GC(78) Survivor regions: 5->6(9)
[2025-12-11T07:04:05.178+0000][gc,heap     ] GC(78) Old regions: 50->50
[2025-12-11T07:04:05.178+0000][gc,heap     ] GC(78) Humongous regions: 149->149
[2025-12-11T07:04:05.178+0000][gc,metaspace] GC(78) Metaspace: 50305K(51328K)->50305K(51328K) NonClass: 44688K(45120K)->44688K(45120K) Class: 5616K(6208K)->5616K(6208K)
[2025-12-11T07:04:05.178+0000][gc          ] GC(78) Pause Young (Concurrent Start) (G1 Evacuation Pause) 264M->204M(352M) 15.706ms
[2025-12-11T07:04:05.178+0000][gc          ] GC(79) Concurrent Mark Cycle
[2025-12-11T07:04:05.178+0000][gc,marking  ] GC(79) Concurrent Scan Root Regions
[2025-12-11T07:04:05.180+0000][gc,cpu      ] GC(78) User=0.02s Sys=0.00s Real=0.02s
[2025-12-11T07:04:05.184+0000][gc,marking  ] GC(79) Concurrent Scan Root Regions 5.838ms
[2025-12-11T07:04:05.184+0000][gc,marking  ] GC(79) Concurrent Mark
[2025-12-11T07:04:05.184+0000][gc,marking  ] GC(79) Concurrent Mark From Roots
[2025-12-11T07:04:05.184+0000][gc,task     ] GC(79) Using 1 workers of 1 for marking
[2025-12-11T07:04:05.220+0000][gc,marking  ] GC(79) Concurrent Mark From Roots 36.056ms
[2025-12-11T07:04:05.220+0000][gc,marking  ] GC(79) Concurrent Preclean
[2025-12-11T07:04:05.220+0000][gc,marking  ] GC(79) Concurrent Preclean 0.093ms
[2025-12-11T07:04:05.220+0000][gc,start    ] GC(79) Pause Remark
[2025-12-11T07:04:05.236+0000][gc          ] GC(79) Pause Remark 204M->204M(352M) 15.785ms
[2025-12-11T07:04:05.236+0000][gc,cpu      ] GC(79) User=0.01s Sys=0.00s Real=0.02s
[2025-12-11T07:04:05.237+0000][gc,marking  ] GC(79) Concurrent Mark 52.692ms
[2025-12-11T07:04:05.237+0000][gc,marking  ] GC(79) Concurrent Rebuild Remembered Sets and Scrub Regions
[2025-12-11T07:04:05.258+0000][gc,marking  ] GC(79) Concurrent Rebuild Remembered Sets and Scrub Regions 21.573ms
[2025-12-11T07:04:05.258+0000][gc,start    ] GC(79) Pause Cleanup
[2025-12-11T07:04:05.259+0000][gc          ] GC(79) Pause Cleanup 204M->204M(352M) 0.515ms
[2025-12-11T07:04:05.259+0000][gc,cpu      ] GC(79) User=0.00s Sys=0.00s Real=0.00s
[2025-12-11T07:04:05.259+0000][gc,marking  ] GC(79) Concurrent Clear Claimed Marks
[2025-12-11T07:04:05.259+0000][gc,marking  ] GC(79) Concurrent Clear Claimed Marks 0.071ms
[2025-12-11T07:04:05.259+0000][gc,marking  ] GC(79) Concurrent Cleanup for Next Mark
[2025-12-11T07:04:05.259+0000][gc,marking  ] GC(79) Concurrent Cleanup for Next Mark 0.462ms
[2025-12-11T07:04:05.259+0000][gc          ] GC(79) Concurrent Mark Cycle 81.327ms
[2025-12-11T07:09:38.801+0000][gc,start    ] GC(80) Pause Young (Prepare Mixed) (G1 Evacuation Pause)
[2025-12-11T07:09:38.801+0000][gc,task     ] GC(80) Using 1 workers of 1 for evacuation
[2025-12-11T07:09:38.814+0000][gc,phases   ] GC(80)   Pre Evacuate Collection Set: 0.13ms
[2025-12-11T07:09:38.814+0000][gc,phases   ] GC(80)   Merge Heap Roots: 0.09ms
[2025-12-11T07:09:38.814+0000][gc,phases   ] GC(80)   Evacuate Collection Set: 12.19ms
[2025-12-11T07:09:38.814+0000][gc,phases   ] GC(80)   Post Evacuate Collection Set: 0.44ms
[2025-12-11T07:09:38.814+0000][gc,phases   ] GC(80)   Other: 0.06ms
[2025-12-11T07:09:38.814+0000][gc,heap     ] GC(80) Eden regions: 42->0(84)
[2025-12-11T07:09:38.814+0000][gc,heap     ] GC(80) Survivor regions: 6->3(6)
[2025-12-11T07:09:38.814+0000][gc,heap     ] GC(80) Old regions: 50->53
[2025-12-11T07:09:38.814+0000][gc,heap     ] GC(80) Humongous regions: 149->149
[2025-12-11T07:09:38.814+0000][gc,metaspace] GC(80) Metaspace: 50316K(51328K)->50316K(51328K) NonClass: 44700K(45120K)->44700K(45120K) Class: 5616K(6208K)->5616K(6208K)
[2025-12-11T07:09:38.814+0000][gc          ] GC(80) Pause Young (Prepare Mixed) (G1 Evacuation Pause) 246M->203M(352M) 13.077ms
[2025-12-11T07:09:38.814+0000][gc,cpu      ] GC(80) User=0.02s Sys=0.01s Real=0.01s
[2025-12-11T07:22:20.297+0000][gc,start    ] GC(81) Pause Young (Mixed) (G1 Evacuation Pause)
[2025-12-11T07:22:20.297+0000][gc,task     ] GC(81) Using 1 workers of 1 for evacuation
[2025-12-11T07:22:20.311+0000][gc,phases   ] GC(81)   Pre Evacuate Collection Set: 0.17ms
[2025-12-11T07:22:20.311+0000][gc,phases   ] GC(81)   Merge Heap Roots: 0.06ms
[2025-12-11T07:22:20.311+0000][gc,phases   ] GC(81)   Evacuate Collection Set: 12.65ms
[2025-12-11T07:22:20.311+0000][gc,phases   ] GC(81)   Post Evacuate Collection Set: 0.94ms
[2025-12-11T07:22:20.311+0000][gc,phases   ] GC(81)   Other: 0.06ms
[2025-12-11T07:22:20.311+0000][gc,heap     ] GC(81) Eden regions: 95->0(58)
[2025-12-11T07:22:20.311+0000][gc,heap     ] GC(81) Survivor regions: 3->5(13)
[2025-12-11T07:22:20.311+0000][gc,heap     ] GC(81) Old regions: 53->52
[2025-12-11T07:22:20.311+0000][gc,heap     ] GC(81) Humongous regions: 149->149
[2025-12-11T07:22:20.311+0000][gc,metaspace] GC(81) Metaspace: 50319K(51328K)->50319K(51328K) NonClass: 44703K(45120K)->44703K(45120K) Class: 5616K(6208K)->5616K(6208K)
[2025-12-11T07:22:20.311+0000][gc          ] GC(81) Pause Young (Mixed) (G1 Evacuation Pause) 298M->205M(352M) 14.030ms
[2025-12-11T07:22:20.311+0000][gc,cpu      ] GC(81) User=0.01s Sys=0.00s Real=0.01s
[2025-12-11T07:31:51.182+0000][gc,start    ] GC(82) Pause Young (Mixed) (G1 Evacuation Pause)
[2025-12-11T07:31:51.182+0000][gc,task     ] GC(82) Using 1 workers of 1 for evacuation
[2025-12-11T07:31:51.198+0000][gc,phases   ] GC(82)   Pre Evacuate Collection Set: 0.17ms
[2025-12-11T07:31:51.198+0000][gc,phases   ] GC(82)   Merge Heap Roots: 0.05ms
[2025-12-11T07:31:51.198+0000][gc,phases   ] GC(82)   Evacuate Collection Set: 14.90ms
[2025-12-11T07:31:51.198+0000][gc,phases   ] GC(82)   Post Evacuate Collection Set: 0.51ms
[2025-12-11T07:31:51.198+0000][gc,phases   ] GC(82)   Other: 0.06ms
[2025-12-11T07:31:51.198+0000][gc,heap     ] GC(82) Eden regions: 71->0(37)
[2025-12-11T07:31:51.198+0000][gc,heap     ] GC(82) Survivor regions: 5->6(10)
[2025-12-11T07:31:51.198+0000][gc,heap     ] GC(82) Old regions: 52->51
[2025-12-11T07:31:51.198+0000][gc,heap     ] GC(82) Humongous regions: 149->149
[2025-12-11T07:31:51.198+0000][gc,metaspace] GC(82) Metaspace: 50320K(51328K)->50320K(51328K) NonClass: 44703K(45120K)->44703K(45120K) Class: 5616K(6208K)->5616K(6208K)
[2025-12-11T07:31:51.198+0000][gc          ] GC(82) Pause Young (Mixed) (G1 Evacuation Pause) 276M->205M(352M) 15.838ms
[2025-12-11T07:31:51.198+0000][gc,cpu      ] GC(82) User=0.02s Sys=0.00s Real=0.02s
[2025-12-11T07:38:15.978+0000][gc,start    ] GC(83) Pause Young (Mixed) (G1 Evacuation Pause)
[2025-12-11T07:38:15.978+0000][gc,task     ] GC(83) Using 1 workers of 1 for evacuation
[2025-12-11T07:38:15.992+0000][gc,phases   ] GC(83)   Pre Evacuate Collection Set: 0.12ms
[2025-12-11T07:38:15.992+0000][gc,phases   ] GC(83)   Merge Heap Roots: 0.04ms
[2025-12-11T07:38:15.992+0000][gc,phases   ] GC(83)   Evacuate Collection Set: 13.20ms
[2025-12-11T07:38:15.992+0000][gc,phases   ] GC(83)   Post Evacuate Collection Set: 0.46ms
[2025-12-11T07:38:15.992+0000][gc,phases   ] GC(83)   Other: 0.06ms
[2025-12-11T07:38:15.992+0000][gc,heap     ] GC(83) Eden regions: 48->0(99)
[2025-12-11T07:38:15.992+0000][gc,heap     ] GC(83) Survivor regions: 6->3(7)
[2025-12-11T07:38:15.992+0000][gc,heap     ] GC(83) Old regions: 51->53
[2025-12-11T07:38:15.992+0000][gc,heap     ] GC(83) Humongous regions: 149->149
[2025-12-11T07:38:15.992+0000][gc,metaspace] GC(83) Metaspace: 50323K(51328K)->50323K(51328K) NonClass: 44706K(45120K)->44706K(45120K) Class: 5616K(6208K)->5616K(6208K)
[2025-12-11T07:38:15.992+0000][gc          ] GC(83) Pause Young (Mixed) (G1 Evacuation Pause) 253M->204M(352M) 14.042ms
[2025-12-11T07:38:15.992+0000][gc,cpu      ] GC(83) User=0.02s Sys=0.00s Real=0.01s
[2025-12-11T07:50:20.182+0000][gc,start    ] GC(84) Pause Young (Mixed) (G1 Evacuation Pause)
[2025-12-11T07:50:20.182+0000][gc,task     ] GC(84) Using 1 workers of 1 for evacuation
[2025-12-11T07:50:20.202+0000][gc,phases   ] GC(84)   Pre Evacuate Collection Set: 0.14ms
[2025-12-11T07:50:20.202+0000][gc,phases   ] GC(84)   Merge Heap Roots: 0.08ms
[2025-12-11T07:50:20.202+0000][gc,phases   ] GC(84)   Evacuate Collection Set: 18.09ms
[2025-12-11T07:50:20.202+0000][gc,phases   ] GC(84)   Merge Optional Heap Roots: 0.02ms
[2025-12-11T07:50:20.202+0000][gc,phases   ] GC(84)   Evacuate Optional Collection Set: 0.75ms
[2025-12-11T07:50:20.202+0000][gc,phases   ] GC(84)   Post Evacuate Collection Set: 0.58ms
[2025-12-11T07:50:20.202+0000][gc,phases   ] GC(84)   Other: 0.06ms
[2025-12-11T07:50:20.202+0000][gc,heap     ] GC(84) Eden regions: 95->0(33)
[2025-12-11T07:50:20.202+0000][gc,heap     ] GC(84) Survivor regions: 3->8(13)
[2025-12-11T07:50:20.202+0000][gc,heap     ] GC(84) Old regions: 53->51
[2025-12-11T07:50:20.202+0000][gc,heap     ] GC(84) Humongous regions: 149->149
[2025-12-11T07:50:20.202+0000][gc,metaspace] GC(84) Metaspace: 50329K(51328K)->50329K(51328K) NonClass: 44712K(45120K)->44712K(45120K) Class: 5616K(6208K)->5616K(6208K)
[2025-12-11T07:50:20.202+0000][gc          ] GC(84) Pause Young (Mixed) (G1 Evacuation Pause) 299M->207M(352M) 19.890ms
[2025-12-11T07:50:20.202+0000][gc,cpu      ] GC(84) User=0.02s Sys=0.00s Real=0.02s
[2025-12-11T07:55:40.978+0000][gc,start    ] GC(85) Pause Young (Concurrent Start) (G1 Evacuation Pause)
[2025-12-11T07:55:40.978+0000][gc,task     ] GC(85) Using 1 workers of 1 for evacuation
[2025-12-11T07:55:40.995+0000][gc,phases   ] GC(85)   Pre Evacuate Collection Set: 0.13ms
[2025-12-11T07:55:40.995+0000][gc,phases   ] GC(85)   Merge Heap Roots: 0.07ms
[2025-12-11T07:55:40.995+0000][gc,phases   ] GC(85)   Evacuate Collection Set: 16.12ms
[2025-12-11T07:55:40.995+0000][gc,phases   ] GC(85)   Post Evacuate Collection Set: 0.43ms
[2025-12-11T07:55:40.995+0000][gc,phases   ] GC(85)   Other: 0.07ms
[2025-12-11T07:55:40.995+0000][gc,heap     ] GC(85) Eden regions: 40->0(100)
[2025-12-11T07:55:40.995+0000][gc,heap     ] GC(85) Survivor regions: 8->2(6)
[2025-12-11T07:55:40.995+0000][gc,heap     ] GC(85) Old regions: 51->58
[2025-12-11T07:55:40.995+0000][gc,heap     ] GC(85) Humongous regions: 149->149
[2025-12-11T07:55:40.995+0000][gc,metaspace] GC(85) Metaspace: 50330K(51328K)->50330K(51328K) NonClass: 44714K(45120K)->44714K(45120K) Class: 5616K(6208K)->5616K(6208K)
[2025-12-11T07:55:40.995+0000][gc          ] GC(85) Pause Young (Concurrent Start) (G1 Evacuation Pause) 247M->208M(352M) 17.418ms
[2025-12-11T07:55:40.996+0000][gc,cpu      ] GC(85) User=0.02s Sys=0.00s Real=0.02s
[2025-12-11T07:55:40.996+0000][gc          ] GC(86) Concurrent Mark Cycle
[2025-12-11T07:55:40.996+0000][gc,marking  ] GC(86) Concurrent Scan Root Regions
[2025-12-11T07:55:41.002+0000][gc,marking  ] GC(86) Concurrent Scan Root Regions 6.218ms
[2025-12-11T07:55:41.002+0000][gc,marking  ] GC(86) Concurrent Mark
[2025-12-11T07:55:41.002+0000][gc,marking  ] GC(86) Concurrent Mark From Roots
[2025-12-11T07:55:41.002+0000][gc,task     ] GC(86) Using 1 workers of 1 for marking
[2025-12-11T07:55:41.039+0000][gc,marking  ] GC(86) Concurrent Mark From Roots 36.935ms
[2025-12-11T07:55:41.039+0000][gc,marking  ] GC(86) Concurrent Preclean
[2025-12-11T07:55:41.039+0000][gc,marking  ] GC(86) Concurrent Preclean 0.093ms
[2025-12-11T07:55:41.039+0000][gc,start    ] GC(86) Pause Remark
[2025-12-11T07:55:41.046+0000][gc          ] GC(86) Pause Remark 208M->206M(352M) 7.023ms
[2025-12-11T07:55:41.046+0000][gc,cpu      ] GC(86) User=0.01s Sys=0.00s Real=0.01s
[2025-12-11T07:55:41.046+0000][gc,marking  ] GC(86) Concurrent Mark 44.228ms
[2025-12-11T07:55:41.046+0000][gc,marking  ] GC(86) Concurrent Rebuild Remembered Sets and Scrub Regions
[2025-12-11T07:55:41.070+0000][gc,marking  ] GC(86) Concurrent Rebuild Remembered Sets and Scrub Regions 23.817ms
[2025-12-11T07:55:41.070+0000][gc,start    ] GC(86) Pause Cleanup
[2025-12-11T07:55:41.070+0000][gc          ] GC(86) Pause Cleanup 207M->207M(352M) 0.103ms
[2025-12-11T07:55:41.070+0000][gc,cpu      ] GC(86) User=0.00s Sys=0.00s Real=0.00s
[2025-12-11T07:55:41.070+0000][gc,marking  ] GC(86) Concurrent Clear Claimed Marks
[2025-12-11T07:55:41.070+0000][gc,marking  ] GC(86) Concurrent Clear Claimed Marks 0.070ms
[2025-12-11T07:55:41.070+0000][gc,marking  ] GC(86) Concurrent Cleanup for Next Mark
[2025-12-11T07:55:41.071+0000][gc,marking  ] GC(86) Concurrent Cleanup for Next Mark 0.479ms
[2025-12-11T07:55:41.071+0000][gc          ] GC(86) Concurrent Mark Cycle 75.095ms
[2025-12-11T08:11:02.879+0000][gc,start    ] GC(87) Pause Young (Prepare Mixed) (G1 Evacuation Pause)
[2025-12-11T08:11:02.879+0000][gc,task     ] GC(87) Using 1 workers of 1 for evacuation
[2025-12-11T08:11:02.895+0000][gc,phases   ] GC(87)   Pre Evacuate Collection Set: 0.16ms
[2025-12-11T08:11:02.895+0000][gc,phases   ] GC(87)   Merge Heap Roots: 0.07ms
[2025-12-11T08:11:02.895+0000][gc,phases   ] GC(87)   Evacuate Collection Set: 15.22ms
[2025-12-11T08:11:02.895+0000][gc,phases   ] GC(87)   Post Evacuate Collection Set: 1.04ms
[2025-12-11T08:11:02.895+0000][gc,phases   ] GC(87)   Other: 0.06ms
[2025-12-11T08:11:02.895+0000][gc,heap     ] GC(87) Eden regions: 115->0(56)
[2025-12-11T08:11:02.895+0000][gc,heap     ] GC(87) Survivor regions: 2->5(15)
[2025-12-11T08:11:02.896+0000][gc,heap     ] GC(87) Old regions: 56->56
[2025-12-11T08:11:02.896+0000][gc,heap     ] GC(87) Humongous regions: 149->149
[2025-12-11T08:11:02.896+0000][gc,metaspace] GC(87) Metaspace: 50382K(51392K)->50382K(51392K) NonClass: 44765K(45184K)->44765K(45184K) Class: 5616K(6208K)->5616K(6208K)
[2025-12-11T08:11:02.896+0000][gc          ] GC(87) Pause Young (Prepare Mixed) (G1 Evacuation Pause) 321M->209M(352M) 16.719ms
[2025-12-11T08:11:02.896+0000][gc,cpu      ] GC(87) User=0.01s Sys=0.00s Real=0.02s
[2025-12-11T08:19:15.542+0000][gc,start    ] GC(88) Pause Young (Mixed) (G1 Evacuation Pause)
[2025-12-11T08:19:15.542+0000][gc,task     ] GC(88) Using 1 workers of 1 for evacuation
[2025-12-11T08:19:15.560+0000][gc,phases   ] GC(88)   Pre Evacuate Collection Set: 0.13ms
[2025-12-11T08:19:15.560+0000][gc,phases   ] GC(88)   Merge Heap Roots: 0.06ms
[2025-12-11T08:19:15.560+0000][gc,phases   ] GC(88)   Evacuate Collection Set: 17.89ms
[2025-12-11T08:19:15.560+0000][gc,phases   ] GC(88)   Post Evacuate Collection Set: 0.46ms
[2025-12-11T08:19:15.560+0000][gc,phases   ] GC(88)   Other: 0.06ms
[2025-12-11T08:19:15.560+0000][gc,heap     ] GC(88) Eden regions: 61->0(13)
[2025-12-11T08:19:15.560+0000][gc,heap     ] GC(88) Survivor regions: 5->8(9)
[2025-12-11T08:19:15.560+0000][gc,heap     ] GC(88) Old regions: 56->55
[2025-12-11T08:19:15.560+0000][gc,heap     ] GC(88) Humongous regions: 149->149
[2025-12-11T08:19:15.560+0000][gc,metaspace] GC(88) Metaspace: 50382K(51392K)->50382K(51392K) NonClass: 44765K(45184K)->44765K(45184K) Class: 5616K(6208K)->5616K(6208K)
[2025-12-11T08:19:15.560+0000][gc          ] GC(88) Pause Young (Mixed) (G1 Evacuation Pause) 270M->211M(352M) 18.723ms
[2025-12-11T08:19:15.560+0000][gc,cpu      ] GC(88) User=0.02s Sys=0.00s Real=0.02s
[2025-12-11T08:21:12.808+0000][gc,start    ] GC(89) Pause Young (Mixed) (G1 Evacuation Pause)
[2025-12-11T08:21:12.808+0000][gc,task     ] GC(89) Using 1 workers of 1 for evacuation
[2025-12-11T08:21:12.823+0000][gc,phases   ] GC(89)   Pre Evacuate Collection Set: 0.18ms
[2025-12-11T08:21:12.823+0000][gc,phases   ] GC(89)   Merge Heap Roots: 0.05ms
[2025-12-11T08:21:12.823+0000][gc,phases   ] GC(89)   Evacuate Collection Set: 14.94ms
[2025-12-11T08:21:12.823+0000][gc,phases   ] GC(89)   Post Evacuate Collection Set: 0.40ms
[2025-12-11T08:21:12.823+0000][gc,phases   ] GC(89)   Other: 0.05ms
[2025-12-11T08:21:12.823+0000][gc,heap     ] GC(89) Eden regions: 15->0(121)
[2025-12-11T08:21:12.823+0000][gc,heap     ] GC(89) Survivor regions: 8->1(3)
[2025-12-11T08:21:12.823+0000][gc,heap     ] GC(89) Old regions: 55->62
[2025-12-11T08:21:12.823+0000][gc,heap     ] GC(89) Humongous regions: 149->149
[2025-12-11T08:21:12.823+0000][gc,metaspace] GC(89) Metaspace: 50382K(51392K)->50382K(51392K) NonClass: 44765K(45184K)->44765K(45184K) Class: 5616K(6208K)->5616K(6208K)
[2025-12-11T08:21:12.824+0000][gc          ] GC(89) Pause Young (Mixed) (G1 Evacuation Pause) 226M->211M(352M) 15.806ms
[2025-12-11T08:21:12.824+0000][gc,cpu      ] GC(89) User=0.01s Sys=0.00s Real=0.01s
[2025-12-11T08:37:04.372+0000][gc,start    ] GC(90) Pause Young (Mixed) (G1 Evacuation Pause)
[2025-12-11T08:37:04.372+0000][gc,task     ] GC(90) Using 1 workers of 1 for evacuation
[2025-12-11T08:37:04.390+0000][gc,phases   ] GC(90)   Pre Evacuate Collection Set: 0.14ms
[2025-12-11T08:37:04.390+0000][gc,phases   ] GC(90)   Merge Heap Roots: 0.08ms
[2025-12-11T08:37:04.390+0000][gc,phases   ] GC(90)   Evacuate Collection Set: 17.52ms
[2025-12-11T08:37:04.390+0000][gc,phases   ] GC(90)   Post Evacuate Collection Set: 0.58ms
[2025-12-11T08:37:04.390+0000][gc,phases   ] GC(90)   Other: 0.09ms
[2025-12-11T08:37:04.390+0000][gc,heap     ] GC(90) Eden regions: 121->0(38)
[2025-12-11T08:37:04.390+0000][gc,heap     ] GC(90) Survivor regions: 1->5(16)
[2025-12-11T08:37:04.390+0000][gc,heap     ] GC(90) Old regions: 62->59
[2025-12-11T08:37:04.390+0000][gc,heap     ] GC(90) Humongous regions: 149->149
[2025-12-11T08:37:04.390+0000][gc,metaspace] GC(90) Metaspace: 50382K(51392K)->50382K(51392K) NonClass: 44765K(45184K)->44765K(45184K) Class: 5616K(6208K)->5616K(6208K)
[2025-12-11T08:37:04.390+0000][gc          ] GC(90) Pause Young (Mixed) (G1 Evacuation Pause) 332M->213M(352M) 18.553ms
[2025-12-11T08:37:04.390+0000][gc,cpu      ] GC(90) User=0.02s Sys=0.00s Real=0.02s
[2025-12-11T08:42:34.812+0000][gc,start    ] GC(91) Pause Young (Concurrent Start) (G1 Evacuation Pause)
[2025-12-11T08:42:34.812+0000][gc,task     ] GC(91) Using 1 workers of 1 for evacuation
[2025-12-11T08:42:34.829+0000][gc,phases   ] GC(91)   Pre Evacuate Collection Set: 0.16ms
[2025-12-11T08:42:34.829+0000][gc,phases   ] GC(91)   Merge Heap Roots: 0.06ms
[2025-12-11T08:42:34.829+0000][gc,phases   ] GC(91)   Evacuate Collection Set: 15.23ms
[2025-12-11T08:42:34.829+0000][gc,phases   ] GC(91)   Post Evacuate Collection Set: 0.88ms
[2025-12-11T08:42:34.829+0000][gc,phases   ] GC(91)   Other: 0.07ms
[2025-12-11T08:42:34.829+0000][gc,heap     ] GC(91) Eden regions: 41->0(66)
[2025-12-11T08:42:34.829+0000][gc,heap     ] GC(91) Survivor regions: 5->3(6)
[2025-12-11T08:42:34.829+0000][gc,heap     ] GC(91) Old regions: 59->64
[2025-12-11T08:42:34.829+0000][gc,heap     ] GC(91) Humongous regions: 149->149
[2025-12-11T08:42:34.829+0000][gc,metaspace] GC(91) Metaspace: 50382K(51392K)->50382K(51392K) NonClass: 44765K(45184K)->44765K(45184K) Class: 5616K(6208K)->5616K(6208K)
[2025-12-11T08:42:34.829+0000][gc          ] GC(91) Pause Young (Concurrent Start) (G1 Evacuation Pause) 254M->215M(352M) 16.579ms
[2025-12-11T08:42:34.829+0000][gc          ] GC(92) Concurrent Mark Cycle
[2025-12-11T08:42:34.829+0000][gc,marking  ] GC(92) Concurrent Scan Root Regions
[2025-12-11T08:42:34.830+0000][gc,cpu      ] GC(91) User=0.02s Sys=0.00s Real=0.02s
[2025-12-11T08:42:34.834+0000][gc,marking  ] GC(92) Concurrent Scan Root Regions 5.209ms
[2025-12-11T08:42:34.834+0000][gc,marking  ] GC(92) Concurrent Mark
[2025-12-11T08:42:34.835+0000][gc,marking  ] GC(92) Concurrent Mark From Roots
[2025-12-11T08:42:34.835+0000][gc,task     ] GC(92) Using 1 workers of 1 for marking
[2025-12-11T08:42:34.869+0000][gc,marking  ] GC(92) Concurrent Mark From Roots 34.482ms
[2025-12-11T08:42:34.869+0000][gc,marking  ] GC(92) Concurrent Preclean
[2025-12-11T08:42:34.869+0000][gc,marking  ] GC(92) Concurrent Preclean 0.091ms
[2025-12-11T08:42:34.869+0000][gc,start    ] GC(92) Pause Remark
[2025-12-11T08:42:34.878+0000][gc          ] GC(92) Pause Remark 215M->211M(354M) 8.872ms
[2025-12-11T08:42:34.878+0000][gc,cpu      ] GC(92) User=0.00s Sys=0.00s Real=0.01s
[2025-12-11T08:42:34.878+0000][gc,marking  ] GC(92) Concurrent Mark 43.642ms
[2025-12-11T08:42:34.878+0000][gc,marking  ] GC(92) Concurrent Rebuild Remembered Sets and Scrub Regions
[2025-12-11T08:42:34.902+0000][gc,marking  ] GC(92) Concurrent Rebuild Remembered Sets and Scrub Regions 24.061ms
[2025-12-11T08:42:34.902+0000][gc,start    ] GC(92) Pause Cleanup
[2025-12-11T08:42:34.902+0000][gc          ] GC(92) Pause Cleanup 211M->211M(354M) 0.089ms
[2025-12-11T08:42:34.902+0000][gc,cpu      ] GC(92) User=0.00s Sys=0.00s Real=0.00s
[2025-12-11T08:42:34.902+0000][gc,marking  ] GC(92) Concurrent Clear Claimed Marks
[2025-12-11T08:42:34.902+0000][gc,marking  ] GC(92) Concurrent Clear Claimed Marks 0.070ms
[2025-12-11T08:42:34.903+0000][gc,marking  ] GC(92) Concurrent Cleanup for Next Mark
[2025-12-11T08:42:34.904+0000][gc,marking  ] GC(92) Concurrent Cleanup for Next Mark 1.464ms
[2025-12-11T08:42:34.904+0000][gc          ] GC(92) Concurrent Mark Cycle 75.153ms
[2025-12-11T08:50:17.633+0000][gc,start    ] GC(93) Pause Young (Prepare Mixed) (G1 Evacuation Pause)
[2025-12-11T08:50:17.633+0000][gc,task     ] GC(93) Using 1 workers of 1 for evacuation
[2025-12-11T08:50:17.651+0000][gc,phases   ] GC(93)   Pre Evacuate Collection Set: 0.13ms
[2025-12-11T08:50:17.651+0000][gc,phases   ] GC(93)   Merge Heap Roots: 0.12ms
[2025-12-11T08:50:17.651+0000][gc,phases   ] GC(93)   Evacuate Collection Set: 16.52ms
[2025-12-11T08:50:17.651+0000][gc,phases   ] GC(93)   Post Evacuate Collection Set: 0.66ms
[2025-12-11T08:50:17.651+0000][gc,phases   ] GC(93)   Other: 0.06ms
[2025-12-11T08:50:17.651+0000][gc,heap     ] GC(93) Eden regions: 63->0(10)
[2025-12-11T08:50:17.651+0000][gc,heap     ] GC(93) Survivor regions: 3->7(9)
[2025-12-11T08:50:17.651+0000][gc,heap     ] GC(93) Old regions: 60->60
[2025-12-11T08:50:17.651+0000][gc,heap     ] GC(93) Humongous regions: 149->149
[2025-12-11T08:50:17.651+0000][gc,metaspace] GC(93) Metaspace: 50400K(51392K)->50400K(51392K) NonClass: 44784K(45184K)->44784K(45184K) Class: 5616K(6208K)->5616K(6208K)
[2025-12-11T08:50:17.651+0000][gc          ] GC(93) Pause Young (Prepare Mixed) (G1 Evacuation Pause) 274M->215M(354M) 17.635ms
[2025-12-11T08:50:17.651+0000][gc,cpu      ] GC(93) User=0.02s Sys=0.00s Real=0.02s
[2025-12-11T08:51:31.929+0000][gc,start    ] GC(94) Pause Young (Mixed) (G1 Evacuation Pause)
[2025-12-11T08:51:31.929+0000][gc,task     ] GC(94) Using 1 workers of 1 for evacuation
[2025-12-11T08:51:31.943+0000][gc,phases   ] GC(94)   Pre Evacuate Collection Set: 0.12ms
[2025-12-11T08:51:31.943+0000][gc,phases   ] GC(94)   Merge Heap Roots: 0.08ms
[2025-12-11T08:51:31.943+0000][gc,phases   ] GC(94)   Evacuate Collection Set: 12.44ms
[2025-12-11T08:51:31.943+0000][gc,phases   ] GC(94)   Post Evacuate Collection Set: 0.40ms
[2025-12-11T08:51:31.943+0000][gc,phases   ] GC(94)   Other: 0.07ms
[2025-12-11T08:51:31.943+0000][gc,heap     ] GC(94) Eden regions: 10->0(86)
[2025-12-11T08:51:31.943+0000][gc,heap     ] GC(94) Survivor regions: 7->1(3)
[2025-12-11T08:51:31.943+0000][gc,heap     ] GC(94) Old regions: 60->65
[2025-12-11T08:51:31.943+0000][gc,heap     ] GC(94) Humongous regions: 149->149
[2025-12-11T08:51:31.943+0000][gc,metaspace] GC(94) Metaspace: 50400K(51392K)->50400K(51392K) NonClass: 44784K(45184K)->44784K(45184K) Class: 5616K(6208K)->5616K(6208K)
[2025-12-11T08:51:31.943+0000][gc          ] GC(94) Pause Young (Mixed) (G1 Evacuation Pause) 225M->214M(354M) 13.256ms
[2025-12-11T08:51:31.943+0000][gc,cpu      ] GC(94) User=0.01s Sys=0.00s Real=0.01s
[2025-12-11T09:03:05.978+0000][gc,start    ] GC(95) Pause Young (Mixed) (G1 Evacuation Pause)
[2025-12-11T09:03:05.979+0000][gc,task     ] GC(95) Using 1 workers of 1 for evacuation
[2025-12-11T09:03:05.993+0000][gc,phases   ] GC(95)   Pre Evacuate Collection Set: 0.14ms
[2025-12-11T09:03:05.993+0000][gc,phases   ] GC(95)   Merge Heap Roots: 0.06ms
[2025-12-11T09:03:05.993+0000][gc,phases   ] GC(95)   Evacuate Collection Set: 12.95ms
[2025-12-11T09:03:05.993+0000][gc,phases   ] GC(95)   Post Evacuate Collection Set: 0.53ms
[2025-12-11T09:03:05.993+0000][gc,phases   ] GC(95)   Other: 0.07ms
[2025-12-11T09:03:05.993+0000][gc,heap     ] GC(95) Eden regions: 89->0(39)
[2025-12-11T09:03:05.993+0000][gc,heap     ] GC(95) Survivor regions: 1->5(12)
[2025-12-11T09:03:05.993+0000][gc,heap     ] GC(95) Old regions: 65->63
[2025-12-11T09:03:05.993+0000][gc,heap     ] GC(95) Humongous regions: 149->149
[2025-12-11T09:03:05.993+0000][gc,metaspace] GC(95) Metaspace: 50401K(51392K)->50401K(51392K) NonClass: 44784K(45184K)->44784K(45184K) Class: 5616K(6208K)->5616K(6208K)
[2025-12-11T09:03:05.993+0000][gc          ] GC(95) Pause Young (Mixed) (G1 Evacuation Pause) 302M->216M(354M) 14.575ms
[2025-12-11T09:03:05.994+0000][gc,cpu      ] GC(95) User=0.02s Sys=0.00s Real=0.01s
[2025-12-11T09:08:17.482+0000][gc,start    ] GC(96) Pause Young (Mixed) (G1 Evacuation Pause)
[2025-12-11T09:08:17.482+0000][gc,task     ] GC(96) Using 1 workers of 1 for evacuation
[2025-12-11T09:08:17.495+0000][gc,phases   ] GC(96)   Pre Evacuate Collection Set: 0.13ms
[2025-12-11T09:08:17.495+0000][gc,phases   ] GC(96)   Merge Heap Roots: 0.06ms
[2025-12-11T09:08:17.495+0000][gc,phases   ] GC(96)   Evacuate Collection Set: 12.24ms
[2025-12-11T09:08:17.495+0000][gc,phases   ] GC(96)   Merge Optional Heap Roots: 0.02ms
[2025-12-11T09:08:17.495+0000][gc,phases   ] GC(96)   Evacuate Optional Collection Set: 0.16ms
[2025-12-11T09:08:17.495+0000][gc,phases   ] GC(96)   Post Evacuate Collection Set: 0.44ms
[2025-12-11T09:08:17.495+0000][gc,phases   ] GC(96)   Other: 0.06ms
[2025-12-11T09:08:17.495+0000][gc,heap     ] GC(96) Eden regions: 39->0(75)
[2025-12-11T09:08:17.495+0000][gc,heap     ] GC(96) Survivor regions: 5->2(6)
[2025-12-11T09:08:17.495+0000][gc,heap     ] GC(96) Old regions: 63->63
[2025-12-11T09:08:17.495+0000][gc,heap     ] GC(96) Humongous regions: 149->149
[2025-12-11T09:08:17.495+0000][gc,metaspace] GC(96) Metaspace: 50410K(51392K)->50410K(51392K) NonClass: 44794K(45184K)->44794K(45184K) Class: 5616K(6208K)->5616K(6208K)
[2025-12-11T09:08:17.495+0000][gc          ] GC(96) Pause Young (Mixed) (G1 Evacuation Pause) 255M->213M(354M) 13.257ms
[2025-12-11T09:08:17.495+0000][gc,cpu      ] GC(96) User=0.01s Sys=0.00s Real=0.02s
[2025-12-11T09:18:24.186+0000][gc,start    ] GC(97) Pause Young (Mixed) (G1 Evacuation Pause)
[2025-12-11T09:18:24.186+0000][gc,task     ] GC(97) Using 1 workers of 1 for evacuation
[2025-12-11T09:18:24.199+0000][gc,phases   ] GC(97)   Pre Evacuate Collection Set: 0.15ms
[2025-12-11T09:18:24.199+0000][gc,phases   ] GC(97)   Merge Heap Roots: 0.08ms
[2025-12-11T09:18:24.199+0000][gc,phases   ] GC(97)   Evacuate Collection Set: 12.90ms
[2025-12-11T09:18:24.199+0000][gc,phases   ] GC(97)   Post Evacuate Collection Set: 0.49ms
[2025-12-11T09:18:24.199+0000][gc,phases   ] GC(97)   Other: 0.05ms
[2025-12-11T09:18:24.199+0000][gc,heap     ] GC(97) Eden regions: 76->0(45)
[2025-12-11T09:18:24.200+0000][gc,heap     ] GC(97) Survivor regions: 2->4(10)
[2025-12-11T09:18:24.200+0000][gc,heap     ] GC(97) Old regions: 63->62
[2025-12-11T09:18:24.200+0000][gc,heap     ] GC(97) Humongous regions: 149->149
[2025-12-11T09:18:24.200+0000][gc,metaspace] GC(97) Metaspace: 50413K(51392K)->50413K(51392K) NonClass: 44797K(45184K)->44797K(45184K) Class: 5616K(6208K)->5616K(6208K)
[2025-12-11T09:18:24.200+0000][gc          ] GC(97) Pause Young (Mixed) (G1 Evacuation Pause) 289M->214M(354M) 14.250ms
[2025-12-11T09:18:24.200+0000][gc,cpu      ] GC(97) User=0.01s Sys=0.00s Real=0.01s
[2025-12-11T09:24:24.226+0000][gc,start    ] GC(98) Pause Young (Mixed) (G1 Evacuation Pause)
[2025-12-11T09:24:24.227+0000][gc,task     ] GC(98) Using 1 workers of 1 for evacuation
[2025-12-11T09:24:24.243+0000][gc,phases   ] GC(98)   Pre Evacuate Collection Set: 0.12ms
[2025-12-11T09:24:24.243+0000][gc,phases   ] GC(98)   Merge Heap Roots: 0.08ms
[2025-12-11T09:24:24.243+0000][gc,phases   ] GC(98)   Evacuate Collection Set: 15.47ms
[2025-12-11T09:24:24.243+0000][gc,phases   ] GC(98)   Post Evacuate Collection Set: 0.93ms
[2025-12-11T09:24:24.243+0000][gc,phases   ] GC(98)   Other: 0.06ms
[2025-12-11T09:24:24.243+0000][gc,heap     ] GC(98) Eden regions: 45->0(40)
[2025-12-11T09:24:24.243+0000][gc,heap     ] GC(98) Survivor regions: 4->5(7)
[2025-12-11T09:24:24.243+0000][gc,heap     ] GC(98) Old regions: 62->61
[2025-12-11T09:24:24.243+0000][gc,heap     ] GC(98) Humongous regions: 149->149
[2025-12-11T09:24:24.243+0000][gc,metaspace] GC(98) Metaspace: 50413K(51392K)->50413K(51392K) NonClass: 44797K(45184K)->44797K(45184K) Class: 5616K(6208K)->5616K(6208K)
[2025-12-11T09:24:24.243+0000][gc          ] GC(98) Pause Young (Mixed) (G1 Evacuation Pause) 259M->214M(354M) 16.802ms
[2025-12-11T09:24:24.243+0000][gc,cpu      ] GC(98) User=0.01s Sys=0.00s Real=0.01s
[2025-12-11T09:29:50.402+0000][gc,start    ] GC(99) Pause Young (Concurrent Start) (G1 Evacuation Pause)
[2025-12-11T09:29:50.402+0000][gc,task     ] GC(99) Using 1 workers of 1 for evacuation
[2025-12-11T09:29:50.417+0000][gc,phases   ] GC(99)   Pre Evacuate Collection Set: 0.13ms
[2025-12-11T09:29:50.417+0000][gc,phases   ] GC(99)   Merge Heap Roots: 0.08ms
[2025-12-11T09:29:50.417+0000][gc,phases   ] GC(99)   Evacuate Collection Set: 13.42ms
[2025-12-11T09:29:50.417+0000][gc,phases   ] GC(99)   Post Evacuate Collection Set: 0.84ms
[2025-12-11T09:29:50.417+0000][gc,phases   ] GC(99)   Other: 0.07ms
[2025-12-11T09:29:50.417+0000][gc,heap     ] GC(99) Eden regions: 41->0(65)
[2025-12-11T09:29:50.417+0000][gc,heap     ] GC(99) Survivor regions: 5->4(6)
[2025-12-11T09:29:50.417+0000][gc,heap     ] GC(99) Old regions: 61->64
[2025-12-11T09:29:50.417+0000][gc,heap     ] GC(99) Humongous regions: 149->149
[2025-12-11T09:29:50.417+0000][gc,metaspace] GC(99) Metaspace: 50413K(51392K)->50413K(51392K) NonClass: 44797K(45184K)->44797K(45184K) Class: 5616K(6208K)->5616K(6208K)
[2025-12-11T09:29:50.417+0000][gc          ] GC(99) Pause Young (Concurrent Start) (G1 Evacuation Pause) 255M->215M(354M) 14.670ms
[2025-12-11T09:29:50.417+0000][gc,cpu      ] GC(99) User=0.01s Sys=0.00s Real=0.02s
[2025-12-11T09:29:50.417+0000][gc          ] GC(100) Concurrent Mark Cycle
[2025-12-11T09:29:50.417+0000][gc,marking  ] GC(100) Concurrent Scan Root Regions
[2025-12-11T09:29:50.422+0000][gc,marking  ] GC(100) Concurrent Scan Root Regions 5.295ms
[2025-12-11T09:29:50.422+0000][gc,marking  ] GC(100) Concurrent Mark
[2025-12-11T09:29:50.422+0000][gc,marking  ] GC(100) Concurrent Mark From Roots
[2025-12-11T09:29:50.422+0000][gc,task     ] GC(100) Using 1 workers of 1 for marking
[2025-12-11T09:29:50.456+0000][gc,marking  ] GC(100) Concurrent Mark From Roots 33.841ms
[2025-12-11T09:29:50.456+0000][gc,marking  ] GC(100) Concurrent Preclean
[2025-12-11T09:29:50.456+0000][gc,marking  ] GC(100) Concurrent Preclean 0.087ms
[2025-12-11T09:29:50.456+0000][gc,start    ] GC(100) Pause Remark
[2025-12-11T09:29:50.462+0000][gc          ] GC(100) Pause Remark 216M->210M(354M) 6.127ms
[2025-12-11T09:29:50.462+0000][gc,cpu      ] GC(100) User=0.01s Sys=0.00s Real=0.00s
[2025-12-11T09:29:50.462+0000][gc,marking  ] GC(100) Concurrent Mark 40.213ms
[2025-12-11T09:29:50.463+0000][gc,marking  ] GC(100) Concurrent Rebuild Remembered Sets and Scrub Regions
[2025-12-11T09:29:50.489+0000][gc,marking  ] GC(100) Concurrent Rebuild Remembered Sets and Scrub Regions 26.603ms
[2025-12-11T09:29:50.489+0000][gc,start    ] GC(100) Pause Cleanup
[2025-12-11T09:29:50.489+0000][gc          ] GC(100) Pause Cleanup 210M->210M(354M) 0.094ms
[2025-12-11T09:29:50.489+0000][gc,cpu      ] GC(100) User=0.00s Sys=0.00s Real=0.00s
[2025-12-11T09:29:50.489+0000][gc,marking  ] GC(100) Concurrent Clear Claimed Marks
[2025-12-11T09:29:50.489+0000][gc,marking  ] GC(100) Concurrent Clear Claimed Marks 0.069ms
[2025-12-11T09:29:50.489+0000][gc,marking  ] GC(100) Concurrent Cleanup for Next Mark
[2025-12-11T09:29:50.490+0000][gc,marking  ] GC(100) Concurrent Cleanup for Next Mark 0.509ms
[2025-12-11T09:29:50.490+0000][gc          ] GC(100) Concurrent Mark Cycle 72.944ms
[2025-12-11T09:37:47.617+0000][gc,start    ] GC(101) Pause Young (Prepare Mixed) (G1 Evacuation Pause)
[2025-12-11T09:37:47.620+0000][gc,task     ] GC(101) Using 1 workers of 1 for evacuation
[2025-12-11T09:37:47.638+0000][gc,phases   ] GC(101)   Pre Evacuate Collection Set: 0.14ms
[2025-12-11T09:37:47.638+0000][gc,phases   ] GC(101)   Merge Heap Roots: 0.10ms
[2025-12-11T09:37:47.638+0000][gc,phases   ] GC(101)   Evacuate Collection Set: 15.28ms
[2025-12-11T09:37:47.638+0000][gc,phases   ] GC(101)   Post Evacuate Collection Set: 1.72ms
[2025-12-11T09:37:47.638+0000][gc,phases   ] GC(101)   Other: 1.93ms
[2025-12-11T09:37:47.638+0000][gc,heap     ] GC(101) Eden regions: 60->0(19)
[2025-12-11T09:37:47.638+0000][gc,heap     ] GC(101) Survivor regions: 4->6(8)
[2025-12-11T09:37:47.638+0000][gc,heap     ] GC(101) Old regions: 58->58
[2025-12-11T09:37:47.638+0000][gc,heap     ] GC(101) Humongous regions: 149->149
[2025-12-11T09:37:47.638+0000][gc,metaspace] GC(101) Metaspace: 50413K(51392K)->50413K(51392K) NonClass: 44797K(45184K)->44797K(45184K) Class: 5616K(6208K)->5616K(6208K)
[2025-12-11T09:37:47.638+0000][gc          ] GC(101) Pause Young (Prepare Mixed) (G1 Evacuation Pause) 269M->212M(354M) 22.921ms
[2025-12-11T09:37:47.638+0000][gc,cpu      ] GC(101) User=0.01s Sys=0.00s Real=0.02s
[2025-12-11T09:40:06.849+0000][gc,start    ] GC(102) Pause Young (Mixed) (G1 Evacuation Pause)
[2025-12-11T09:40:06.850+0000][gc,task     ] GC(102) Using 1 workers of 1 for evacuation
[2025-12-11T09:40:06.862+0000][gc,phases   ] GC(102)   Pre Evacuate Collection Set: 0.15ms
[2025-12-11T09:40:06.862+0000][gc,phases   ] GC(102)   Merge Heap Roots: 0.07ms
[2025-12-11T09:40:06.862+0000][gc,phases   ] GC(102)   Evacuate Collection Set: 11.60ms
[2025-12-11T09:40:06.862+0000][gc,phases   ] GC(102)   Merge Optional Heap Roots: 0.01ms
[2025-12-11T09:40:06.862+0000][gc,phases   ] GC(102)   Evacuate Optional Collection Set: 0.02ms
[2025-12-11T09:40:06.862+0000][gc,phases   ] GC(102)   Post Evacuate Collection Set: 0.44ms
[2025-12-11T09:40:06.862+0000][gc,phases   ] GC(102)   Other: 0.07ms
[2025-12-11T09:40:06.862+0000][gc,heap     ] GC(102) Eden regions: 18->0(108)
[2025-12-11T09:40:06.862+0000][gc,heap     ] GC(102) Survivor regions: 6->1(3)
[2025-12-11T09:40:06.862+0000][gc,heap     ] GC(102) Old regions: 58->58
[2025-12-11T09:40:06.862+0000][gc,heap     ] GC(102) Humongous regions: 149->149
[2025-12-11T09:40:06.862+0000][gc,metaspace] GC(102) Metaspace: 50413K(51392K)->50413K(51392K) NonClass: 44797K(45184K)->44797K(45184K) Class: 5616K(6208K)->5616K(6208K)
[2025-12-11T09:40:06.862+0000][gc          ] GC(102) Pause Young (Mixed) (G1 Evacuation Pause) 230M->208M(354M) 12.544ms
[2025-12-11T09:40:06.862+0000][gc,cpu      ] GC(102) User=0.02s Sys=0.00s Real=0.01s
[2025-12-11T09:49:55.978+0000][gc,start    ] GC(103) Pause Young (Mixed) (G1 Evacuation Pause)
[2025-12-11T09:49:55.978+0000][gc,task     ] GC(103) Using 1 workers of 1 for evacuation
[2025-12-11T09:49:56.004+0000][gc,mmu      ] GC(103) MMU target violated: 21.0ms (20.0ms/21.0ms)
[2025-12-11T09:49:56.004+0000][gc,phases   ] GC(103)   Pre Evacuate Collection Set: 0.61ms
[2025-12-11T09:49:56.004+0000][gc,phases   ] GC(103)   Merge Heap Roots: 0.17ms
[2025-12-11T09:49:56.004+0000][gc,phases   ] GC(103)   Evacuate Collection Set: 24.23ms
[2025-12-11T09:49:56.004+0000][gc,phases   ] GC(103)   Post Evacuate Collection Set: 0.87ms
[2025-12-11T09:49:56.004+0000][gc,phases   ] GC(103)   Other: 0.10ms
[2025-12-11T09:49:56.004+0000][gc,heap     ] GC(103) Eden regions: 98->0(9)
[2025-12-11T09:49:56.004+0000][gc,heap     ] GC(103) Survivor regions: 1->8(13)
[2025-12-11T09:49:56.004+0000][gc,heap     ] GC(103) Old regions: 58->52
[2025-12-11T09:49:56.004+0000][gc,heap     ] GC(103) Humongous regions: 149->149
[2025-12-11T09:49:56.004+0000][gc,metaspace] GC(103) Metaspace: 50418K(51392K)->50418K(51392K) NonClass: 44802K(45184K)->44802K(45184K) Class: 5616K(6208K)->5616K(6208K)
[2025-12-11T09:49:56.004+0000][gc          ] GC(103) Pause Young (Mixed) (G1 Evacuation Pause) 305M->208M(354M) 26.098ms
[2025-12-11T09:49:56.004+0000][gc,cpu      ] GC(103) User=0.02s Sys=0.00s Real=0.02s
[2025-12-11T09:50:49.058+0000][gc,start    ] GC(104) Pause Young (Concurrent Start) (G1 Evacuation Pause)
[2025-12-11T09:50:49.058+0000][gc,task     ] GC(104) Using 1 workers of 1 for evacuation
[2025-12-11T09:50:49.075+0000][gc,phases   ] GC(104)   Pre Evacuate Collection Set: 0.13ms
[2025-12-11T09:50:49.075+0000][gc,phases   ] GC(104)   Merge Heap Roots: 0.08ms
[2025-12-11T09:50:49.075+0000][gc,phases   ] GC(104)   Evacuate Collection Set: 15.63ms
[2025-12-11T09:50:49.075+0000][gc,phases   ] GC(104)   Post Evacuate Collection Set: 0.82ms
[2025-12-11T09:50:49.075+0000][gc,phases   ] GC(104)   Other: 0.07ms
[2025-12-11T09:50:49.075+0000][gc,heap     ] GC(104) Eden regions: 9->0(96)
[2025-12-11T09:50:49.075+0000][gc,heap     ] GC(104) Survivor regions: 8->1(3)
[2025-12-11T09:50:49.075+0000][gc,heap     ] GC(104) Old regions: 52->59
[2025-12-11T09:50:49.075+0000][gc,heap     ] GC(104) Humongous regions: 149->149
[2025-12-11T09:50:49.075+0000][gc,metaspace] GC(104) Metaspace: 50418K(51392K)->50418K(51392K) NonClass: 44802K(45184K)->44802K(45184K) Class: 5616K(6208K)->5616K(6208K)
[2025-12-11T09:50:49.075+0000][gc          ] GC(104) Pause Young (Concurrent Start) (G1 Evacuation Pause) 217M->208M(354M) 16.881ms
[2025-12-11T09:50:49.075+0000][gc          ] GC(105) Concurrent Mark Cycle
[2025-12-11T09:50:49.075+0000][gc,marking  ] GC(105) Concurrent Scan Root Regions
[2025-12-11T09:50:49.077+0000][gc,cpu      ] GC(104) User=0.01s Sys=0.00s Real=0.02s
[2025-12-11T09:50:49.082+0000][gc,marking  ] GC(105) Concurrent Scan Root Regions 6.802ms
[2025-12-11T09:50:49.082+0000][gc,marking  ] GC(105) Concurrent Mark
[2025-12-11T09:50:49.082+0000][gc,marking  ] GC(105) Concurrent Mark From Roots
[2025-12-11T09:50:49.082+0000][gc,task     ] GC(105) Using 1 workers of 1 for marking
[2025-12-11T09:50:49.116+0000][gc,marking  ] GC(105) Concurrent Mark From Roots 34.019ms
[2025-12-11T09:50:49.116+0000][gc,marking  ] GC(105) Concurrent Preclean
[2025-12-11T09:50:49.116+0000][gc,marking  ] GC(105) Concurrent Preclean 0.088ms
[2025-12-11T09:50:49.116+0000][gc,start    ] GC(105) Pause Remark
[2025-12-11T09:50:49.124+0000][gc          ] GC(105) Pause Remark 208M->208M(354M) 7.259ms
[2025-12-11T09:50:49.124+0000][gc,cpu      ] GC(105) User=0.01s Sys=0.00s Real=0.00s
[2025-12-11T09:50:49.124+0000][gc,marking  ] GC(105) Concurrent Mark 41.513ms
[2025-12-11T09:50:49.124+0000][gc,marking  ] GC(105) Concurrent Rebuild Remembered Sets and Scrub Regions
[2025-12-11T09:50:49.149+0000][gc,marking  ] GC(105) Concurrent Rebuild Remembered Sets and Scrub Regions 25.797ms
[2025-12-11T09:50:49.150+0000][gc,start    ] GC(105) Pause Cleanup
[2025-12-11T09:50:49.150+0000][gc          ] GC(105) Pause Cleanup 208M->208M(354M) 0.117ms
[2025-12-11T09:50:49.150+0000][gc,cpu      ] GC(105) User=0.00s Sys=0.00s Real=0.00s
[2025-12-11T09:50:49.150+0000][gc,marking  ] GC(105) Concurrent Clear Claimed Marks
[2025-12-11T09:50:49.150+0000][gc,marking  ] GC(105) Concurrent Clear Claimed Marks 0.072ms
[2025-12-11T09:50:49.150+0000][gc,marking  ] GC(105) Concurrent Cleanup for Next Mark
[2025-12-11T09:50:49.151+0000][gc,marking  ] GC(105) Concurrent Cleanup for Next Mark 0.480ms
[2025-12-11T09:50:49.151+0000][gc          ] GC(105) Concurrent Mark Cycle 75.390ms
[2025-12-11T10:01:26.007+0000][gc,start    ] GC(106) Pause Young (Prepare Mixed) (G1 Evacuation Pause)
[2025-12-11T10:01:26.007+0000][gc,task     ] GC(106) Using 1 workers of 1 for evacuation
[2025-12-11T10:01:26.027+0000][gc,mmu      ] GC(106) MMU target violated: 20.0ms (20.0ms/21.0ms)
[2025-12-11T10:01:26.027+0000][gc,phases   ] GC(106)   Pre Evacuate Collection Set: 0.14ms
[2025-12-11T10:01:26.027+0000][gc,phases   ] GC(106)   Merge Heap Roots: 0.11ms
[2025-12-11T10:01:26.027+0000][gc,phases   ] GC(106)   Evacuate Collection Set: 18.77ms
[2025-12-11T10:01:26.027+0000][gc,phases   ] GC(106)   Post Evacuate Collection Set: 0.98ms
[2025-12-11T10:01:26.027+0000][gc,phases   ] GC(106)   Other: 0.09ms
[2025-12-11T10:01:26.027+0000][gc,heap     ] GC(106) Eden regions: 102->0(26)
[2025-12-11T10:01:26.027+0000][gc,heap     ] GC(106) Survivor regions: 1->6(13)
[2025-12-11T10:01:26.027+0000][gc,heap     ] GC(106) Old regions: 59->59
[2025-12-11T10:01:26.027+0000][gc,heap     ] GC(106) Humongous regions: 149->149
[2025-12-11T10:01:26.027+0000][gc,metaspace] GC(106) Metaspace: 50418K(51392K)->50418K(51392K) NonClass: 44802K(45184K)->44802K(45184K) Class: 5616K(6208K)->5616K(6208K)
[2025-12-11T10:01:26.027+0000][gc          ] GC(106) Pause Young (Prepare Mixed) (G1 Evacuation Pause) 309M->213M(354M) 20.210ms
[2025-12-11T10:01:26.027+0000][gc,cpu      ] GC(106) User=0.02s Sys=0.00s Real=0.02s
[2025-12-11T10:04:42.283+0000][gc,start    ] GC(107) Pause Young (Mixed) (G1 Evacuation Pause)
[2025-12-11T10:04:42.283+0000][gc,task     ] GC(107) Using 1 workers of 1 for evacuation
[2025-12-11T10:04:42.299+0000][gc,phases   ] GC(107)   Pre Evacuate Collection Set: 0.12ms
[2025-12-11T10:04:42.299+0000][gc,phases   ] GC(107)   Merge Heap Roots: 0.07ms
[2025-12-11T10:04:42.299+0000][gc,phases   ] GC(107)   Evacuate Collection Set: 15.82ms
[2025-12-11T10:04:42.299+0000][gc,phases   ] GC(107)   Post Evacuate Collection Set: 0.43ms
[2025-12-11T10:04:42.299+0000][gc,phases   ] GC(107)   Other: 0.06ms
[2025-12-11T10:04:42.299+0000][gc,heap     ] GC(107) Eden regions: 31->0(75)
[2025-12-11T10:04:42.299+0000][gc,heap     ] GC(107) Survivor regions: 6->2(5)
[2025-12-11T10:04:42.299+0000][gc,heap     ] GC(107) Old regions: 59->63
[2025-12-11T10:04:42.299+0000][gc,heap     ] GC(107) Humongous regions: 149->149
[2025-12-11T10:04:42.299+0000][gc,metaspace] GC(107) Metaspace: 50418K(51392K)->50418K(51392K) NonClass: 44802K(45184K)->44802K(45184K) Class: 5616K(6208K)->5616K(6208K)
[2025-12-11T10:04:42.299+0000][gc          ] GC(107) Pause Young (Mixed) (G1 Evacuation Pause) 243M->213M(354M) 16.652ms
[2025-12-11T10:04:42.299+0000][gc,cpu      ] GC(107) User=0.02s Sys=0.00s Real=0.02s
[2025-12-11T10:13:06.277+0000][gc,start    ] GC(108) Pause Young (Mixed) (G1 Evacuation Pause)
[2025-12-11T10:13:06.277+0000][gc,task     ] GC(108) Using 1 workers of 1 for evacuation
[2025-12-11T10:13:06.296+0000][gc,phases   ] GC(108)   Pre Evacuate Collection Set: 0.14ms
[2025-12-11T10:13:06.296+0000][gc,phases   ] GC(108)   Merge Heap Roots: 0.06ms
[2025-12-11T10:13:06.296+0000][gc,phases   ] GC(108)   Evacuate Collection Set: 18.55ms
[2025-12-11T10:13:06.296+0000][gc,phases   ] GC(108)   Post Evacuate Collection Set: 0.50ms
[2025-12-11T10:13:06.296+0000][gc,phases   ] GC(108)   Other: 0.05ms
[2025-12-11T10:13:06.296+0000][gc,heap     ] GC(108) Eden regions: 78->0(17)
[2025-12-11T10:13:06.296+0000][gc,heap     ] GC(108) Survivor regions: 2->6(10)
[2025-12-11T10:13:06.296+0000][gc,heap     ] GC(108) Old regions: 63->62
[2025-12-11T10:13:06.296+0000][gc,heap     ] GC(108) Humongous regions: 149->149
[2025-12-11T10:13:06.296+0000][gc,metaspace] GC(108) Metaspace: 50438K(51456K)->50438K(51456K) NonClass: 44821K(45248K)->44821K(45248K) Class: 5616K(6208K)->5616K(6208K)
[2025-12-11T10:13:06.296+0000][gc          ] GC(108) Pause Young (Mixed) (G1 Evacuation Pause) 291M->217M(354M) 19.457ms
[2025-12-11T10:13:06.296+0000][gc,cpu      ] GC(108) User=0.02s Sys=0.00s Real=0.02s
[2025-12-11T10:15:11.935+0000][gc,start    ] GC(109) Pause Young (Mixed) (G1 Evacuation Pause)
[2025-12-11T10:15:11.935+0000][gc,task     ] GC(109) Using 1 workers of 1 for evacuation
[2025-12-11T10:15:11.950+0000][gc,phases   ] GC(109)   Pre Evacuate Collection Set: 0.13ms
[2025-12-11T10:15:11.950+0000][gc,phases   ] GC(109)   Merge Heap Roots: 0.08ms
[2025-12-11T10:15:11.950+0000][gc,phases   ] GC(109)   Evacuate Collection Set: 14.17ms
[2025-12-11T10:15:11.950+0000][gc,phases   ] GC(109)   Post Evacuate Collection Set: 0.39ms
[2025-12-11T10:15:11.950+0000][gc,phases   ] GC(109)   Other: 0.06ms
[2025-12-11T10:15:11.950+0000][gc,heap     ] GC(109) Eden regions: 20->0(80)
[2025-12-11T10:15:11.950+0000][gc,heap     ] GC(109) Survivor regions: 6->2(4)
[2025-12-11T10:15:11.950+0000][gc,heap     ] GC(109) Old regions: 62->65
[2025-12-11T10:15:11.950+0000][gc,heap     ] GC(109) Humongous regions: 149->149
[2025-12-11T10:15:11.950+0000][gc,metaspace] GC(109) Metaspace: 50438K(51456K)->50438K(51456K) NonClass: 44821K(45248K)->44821K(45248K) Class: 5616K(6208K)->5616K(6208K)
[2025-12-11T10:15:11.950+0000][gc          ] GC(109) Pause Young (Mixed) (G1 Evacuation Pause) 236M->215M(354M) 14.971ms
[2025-12-11T10:15:11.950+0000][gc,cpu      ] GC(109) User=0.01s Sys=0.00s Real=0.01s
[2025-12-11T10:23:56.230+0000][gc,start    ] GC(110) Pause Young (Mixed) (G1 Evacuation Pause)
[2025-12-11T10:23:56.230+0000][gc,task     ] GC(110) Using 1 workers of 1 for evacuation
[2025-12-11T10:23:56.250+0000][gc,phases   ] GC(110)   Pre Evacuate Collection Set: 0.13ms
[2025-12-11T10:23:56.250+0000][gc,phases   ] GC(110)   Merge Heap Roots: 0.07ms
[2025-12-11T10:23:56.250+0000][gc,phases   ] GC(110)   Evacuate Collection Set: 18.40ms
[2025-12-11T10:23:56.250+0000][gc,phases   ] GC(110)   Post Evacuate Collection Set: 0.55ms
[2025-12-11T10:23:56.250+0000][gc,phases   ] GC(110)   Other: 0.08ms
[2025-12-11T10:23:56.250+0000][gc,heap     ] GC(110) Eden regions: 82->0(26)
[2025-12-11T10:23:56.250+0000][gc,heap     ] GC(110) Survivor regions: 2->5(11)
[2025-12-11T10:23:56.250+0000][gc,heap     ] GC(110) Old regions: 65->65
[2025-12-11T10:23:56.250+0000][gc,heap     ] GC(110) Humongous regions: 149->149
[2025-12-11T10:23:56.250+0000][gc,metaspace] GC(110) Metaspace: 50438K(51456K)->50438K(51456K) NonClass: 44822K(45248K)->44822K(45248K) Class: 5616K(6208K)->5616K(6208K)
[2025-12-11T10:23:56.250+0000][gc          ] GC(110) Pause Young (Mixed) (G1 Evacuation Pause) 297M->218M(354M) 19.389ms
[2025-12-11T10:23:56.250+0000][gc,cpu      ] GC(110) User=0.02s Sys=0.00s Real=0.02s
[2025-12-11T10:26:54.178+0000][gc,start    ] GC(111) Pause Young (Mixed) (G1 Evacuation Pause)
[2025-12-11T10:26:54.178+0000][gc,task     ] GC(111) Using 1 workers of 1 for evacuation
[2025-12-11T10:26:54.194+0000][gc,phases   ] GC(111)   Pre Evacuate Collection Set: 0.13ms
[2025-12-11T10:26:54.194+0000][gc,phases   ] GC(111)   Merge Heap Roots: 0.07ms
[2025-12-11T10:26:54.194+0000][gc,phases   ] GC(111)   Evacuate Collection Set: 15.02ms
[2025-12-11T10:26:54.194+0000][gc,phases   ] GC(111)   Merge Optional Heap Roots: 0.02ms
[2025-12-11T10:26:54.194+0000][gc,phases   ] GC(111)   Evacuate Optional Collection Set: 0.15ms
[2025-12-11T10:26:54.194+0000][gc,phases   ] GC(111)   Post Evacuate Collection Set: 0.43ms
[2025-12-11T10:26:54.194+0000][gc,phases   ] GC(111)   Other: 0.07ms
[2025-12-11T10:26:54.194+0000][gc,heap     ] GC(111) Eden regions: 28->0(68)
[2025-12-11T10:26:54.194+0000][gc,heap     ] GC(111) Survivor regions: 5->2(5)
[2025-12-11T10:26:54.194+0000][gc,heap     ] GC(111) Old regions: 65->68
[2025-12-11T10:26:54.194+0000][gc,heap     ] GC(111) Humongous regions: 149->149
[2025-12-11T10:26:54.194+0000][gc,metaspace] GC(111) Metaspace: 50438K(51456K)->50438K(51456K) NonClass: 44822K(45248K)->44822K(45248K) Class: 5616K(6208K)->5616K(6208K)
[2025-12-11T10:26:54.194+0000][gc          ] GC(111) Pause Young (Mixed) (G1 Evacuation Pause) 246M->218M(354M) 16.054ms
[2025-12-11T10:26:54.194+0000][gc,cpu      ] GC(111) User=0.02s Sys=0.00s Real=0.01s
[2025-12-11T10:34:38.159+0000][gc,start    ] GC(112) Pause Young (Mixed) (G1 Evacuation Pause)
[2025-12-11T10:34:38.159+0000][gc,task     ] GC(112) Using 1 workers of 1 for evacuation
[2025-12-11T10:34:38.177+0000][gc,phases   ] GC(112)   Pre Evacuate Collection Set: 0.15ms
[2025-12-11T10:34:38.177+0000][gc,phases   ] GC(112)   Merge Heap Roots: 0.07ms
[2025-12-11T10:34:38.177+0000][gc,phases   ] GC(112)   Evacuate Collection Set: 16.49ms
[2025-12-11T10:34:38.177+0000][gc,phases   ] GC(112)   Post Evacuate Collection Set: 0.49ms
[2025-12-11T10:34:38.177+0000][gc,phases   ] GC(112)   Other: 0.66ms
[2025-12-11T10:34:38.177+0000][gc,heap     ] GC(112) Eden regions: 72->0(26)
[2025-12-11T10:34:38.177+0000][gc,heap     ] GC(112) Survivor regions: 2->5(10)
[2025-12-11T10:34:38.177+0000][gc,heap     ] GC(112) Old regions: 68->67
[2025-12-11T10:34:38.177+0000][gc,heap     ] GC(112) Humongous regions: 149->149
[2025-12-11T10:34:38.177+0000][gc,metaspace] GC(112) Metaspace: 50438K(51456K)->50438K(51456K) NonClass: 44822K(45248K)->44822K(45248K) Class: 5616K(6208K)->5616K(6208K)
[2025-12-11T10:34:38.177+0000][gc          ] GC(112) Pause Young (Mixed) (G1 Evacuation Pause) 290M->221M(354M) 18.007ms
[2025-12-11T10:34:38.177+0000][gc,cpu      ] GC(112) User=0.02s Sys=0.00s Real=0.02s
[2025-12-11T10:37:55.978+0000][gc,start    ] GC(113) Pause Young (Concurrent Start) (G1 Evacuation Pause)
[2025-12-11T10:37:55.978+0000][gc,task     ] GC(113) Using 1 workers of 1 for evacuation
[2025-12-11T10:37:55.995+0000][gc,phases   ] GC(113)   Pre Evacuate Collection Set: 0.13ms
[2025-12-11T10:37:55.995+0000][gc,phases   ] GC(113)   Merge Heap Roots: 0.08ms
[2025-12-11T10:37:55.995+0000][gc,phases   ] GC(113)   Evacuate Collection Set: 16.65ms
[2025-12-11T10:37:55.995+0000][gc,phases   ] GC(113)   Post Evacuate Collection Set: 0.42ms
[2025-12-11T10:37:55.995+0000][gc,phases   ] GC(113)   Other: 0.08ms
[2025-12-11T10:37:55.995+0000][gc,heap     ] GC(113) Eden regions: 31->0(70)
[2025-12-11T10:37:55.995+0000][gc,heap     ] GC(113) Survivor regions: 5->2(5)
[2025-12-11T10:37:55.995+0000][gc,heap     ] GC(113) Old regions: 67->72
[2025-12-11T10:37:55.995+0000][gc,heap     ] GC(113) Humongous regions: 149->149
[2025-12-11T10:37:55.995+0000][gc,metaspace] GC(113) Metaspace: 50439K(51456K)->50439K(51456K) NonClass: 44823K(45248K)->44823K(45248K) Class: 5616K(6208K)->5616K(6208K)
[2025-12-11T10:37:55.996+0000][gc          ] GC(113) Pause Young (Concurrent Start) (G1 Evacuation Pause) 252M->222M(354M) 17.527ms
[2025-12-11T10:37:55.996+0000][gc,cpu      ] GC(113) User=0.02s Sys=0.00s Real=0.02s
[2025-12-11T10:37:55.996+0000][gc          ] GC(114) Concurrent Mark Cycle
[2025-12-11T10:37:55.996+0000][gc,marking  ] GC(114) Concurrent Scan Root Regions
[2025-12-11T10:37:56.001+0000][gc,marking  ] GC(114) Concurrent Scan Root Regions 5.153ms
[2025-12-11T10:37:56.001+0000][gc,marking  ] GC(114) Concurrent Mark
[2025-12-11T10:37:56.001+0000][gc,marking  ] GC(114) Concurrent Mark From Roots
[2025-12-11T10:37:56.001+0000][gc,task     ] GC(114) Using 1 workers of 1 for marking
[2025-12-11T10:37:56.037+0000][gc,marking  ] GC(114) Concurrent Mark From Roots 36.263ms
[2025-12-11T10:37:56.037+0000][gc,marking  ] GC(114) Concurrent Preclean
[2025-12-11T10:37:56.037+0000][gc,marking  ] GC(114) Concurrent Preclean 0.096ms
[2025-12-11T10:37:56.037+0000][gc,start    ] GC(114) Pause Remark
[2025-12-11T10:37:56.044+0000][gc          ] GC(114) Pause Remark 223M->219M(365M) 7.132ms
[2025-12-11T10:37:56.044+0000][gc,cpu      ] GC(114) User=0.01s Sys=0.00s Real=0.00s
[2025-12-11T10:37:56.044+0000][gc,marking  ] GC(114) Concurrent Mark 43.657ms
[2025-12-11T10:37:56.044+0000][gc,marking  ] GC(114) Concurrent Rebuild Remembered Sets and Scrub Regions
[2025-12-11T10:37:56.068+0000][gc,marking  ] GC(114) Concurrent Rebuild Remembered Sets and Scrub Regions 23.900ms
[2025-12-11T10:37:56.068+0000][gc,start    ] GC(114) Pause Cleanup
[2025-12-11T10:37:56.069+0000][gc          ] GC(114) Pause Cleanup 219M->219M(365M) 0.107ms
[2025-12-11T10:37:56.069+0000][gc,cpu      ] GC(114) User=0.00s Sys=0.00s Real=0.00s
[2025-12-11T10:37:56.069+0000][gc,marking  ] GC(114) Concurrent Clear Claimed Marks
[2025-12-11T10:37:56.069+0000][gc,marking  ] GC(114) Concurrent Clear Claimed Marks 0.074ms
[2025-12-11T10:37:56.069+0000][gc,marking  ] GC(114) Concurrent Cleanup for Next Mark
[2025-12-11T10:37:56.070+0000][gc,marking  ] GC(114) Concurrent Cleanup for Next Mark 1.553ms
[2025-12-11T10:37:56.070+0000][gc          ] GC(114) Concurrent Mark Cycle 74.619ms
[2025-12-11T10:44:56.283+0000][gc,start    ] GC(115) Pause Young (Prepare Mixed) (G1 Evacuation Pause)
[2025-12-11T10:44:56.283+0000][gc,task     ] GC(115) Using 1 workers of 1 for evacuation
[2025-12-11T10:44:56.302+0000][gc,phases   ] GC(115)   Pre Evacuate Collection Set: 0.14ms
[2025-12-11T10:44:56.303+0000][gc,phases   ] GC(115)   Merge Heap Roots: 0.15ms
[2025-12-11T10:44:56.303+0000][gc,phases   ] GC(115)   Evacuate Collection Set: 18.43ms
[2025-12-11T10:44:56.303+0000][gc,phases   ] GC(115)   Post Evacuate Collection Set: 0.49ms
[2025-12-11T10:44:56.303+0000][gc,phases   ] GC(115)   Other: 0.06ms
[2025-12-11T10:44:56.303+0000][gc,heap     ] GC(115) Eden regions: 67->0(11)
[2025-12-11T10:44:56.303+0000][gc,heap     ] GC(115) Survivor regions: 2->7(9)
[2025-12-11T10:44:56.303+0000][gc,heap     ] GC(115) Old regions: 68->68
[2025-12-11T10:44:56.303+0000][gc,heap     ] GC(115) Humongous regions: 149->149
[2025-12-11T10:44:56.303+0000][gc,metaspace] GC(115) Metaspace: 50439K(51456K)->50439K(51456K) NonClass: 44823K(45248K)->44823K(45248K) Class: 5616K(6208K)->5616K(6208K)
[2025-12-11T10:44:56.303+0000][gc          ] GC(115) Pause Young (Prepare Mixed) (G1 Evacuation Pause) 285M->223M(365M) 19.441ms
[2025-12-11T10:44:56.303+0000][gc,cpu      ] GC(115) User=0.02s Sys=0.00s Real=0.02s
[2025-12-11T10:45:41.326+0000][gc,start    ] GC(116) Pause Young (Mixed) (G1 Evacuation Pause)
[2025-12-11T10:45:41.326+0000][gc,task     ] GC(116) Using 1 workers of 1 for evacuation
[2025-12-11T10:45:41.345+0000][gc,phases   ] GC(116)   Pre Evacuate Collection Set: 0.15ms
[2025-12-11T10:45:41.345+0000][gc,phases   ] GC(116)   Merge Heap Roots: 0.11ms
[2025-12-11T10:45:41.345+0000][gc,phases   ] GC(116)   Evacuate Collection Set: 17.84ms
[2025-12-11T10:45:41.345+0000][gc,phases   ] GC(116)   Post Evacuate Collection Set: 0.43ms
[2025-12-11T10:45:41.345+0000][gc,phases   ] GC(116)   Other: 0.05ms
[2025-12-11T10:45:41.345+0000][gc,heap     ] GC(116) Eden regions: 11->0(33)
[2025-12-11T10:45:41.345+0000][gc,heap     ] GC(116) Survivor regions: 7->3(3)
[2025-12-11T10:45:41.345+0000][gc,heap     ] GC(116) Old regions: 68->72
[2025-12-11T10:45:41.345+0000][gc,heap     ] GC(116) Humongous regions: 149->149
[2025-12-11T10:45:41.345+0000][gc,metaspace] GC(116) Metaspace: 50440K(51456K)->50440K(51456K) NonClass: 44823K(45248K)->44823K(45248K) Class: 5616K(6208K)->5616K(6208K)
[2025-12-11T10:45:41.345+0000][gc          ] GC(116) Pause Young (Mixed) (G1 Evacuation Pause) 234M->223M(365M) 18.733ms
[2025-12-11T10:45:41.345+0000][gc,cpu      ] GC(116) User=0.02s Sys=0.00s Real=0.02s
[2025-12-11T10:48:52.929+0000][gc,start    ] GC(117) Pause Young (Mixed) (G1 Evacuation Pause)
[2025-12-11T10:48:52.929+0000][gc,task     ] GC(117) Using 1 workers of 1 for evacuation
[2025-12-11T10:48:52.942+0000][gc,phases   ] GC(117)   Pre Evacuate Collection Set: 0.14ms
[2025-12-11T10:48:52.943+0000][gc,phases   ] GC(117)   Merge Heap Roots: 0.11ms
[2025-12-11T10:48:52.943+0000][gc,phases   ] GC(117)   Evacuate Collection Set: 11.76ms
[2025-12-11T10:48:52.943+0000][gc,phases   ] GC(117)   Merge Optional Heap Roots: 0.02ms
[2025-12-11T10:48:52.943+0000][gc,phases   ] GC(117)   Evacuate Optional Collection Set: 0.08ms
[2025-12-11T10:48:52.943+0000][gc,phases   ] GC(117)   Post Evacuate Collection Set: 1.00ms
[2025-12-11T10:48:52.943+0000][gc,phases   ] GC(117)   Other: 0.06ms
[2025-12-11T10:48:52.943+0000][gc,heap     ] GC(117) Eden regions: 32->0(39)
[2025-12-11T10:48:52.943+0000][gc,heap     ] GC(117) Survivor regions: 3->3(5)
[2025-12-11T10:48:52.943+0000][gc,heap     ] GC(117) Old regions: 72->63
[2025-12-11T10:48:52.943+0000][gc,heap     ] GC(117) Humongous regions: 149->149
[2025-12-11T10:48:52.943+0000][gc,metaspace] GC(117) Metaspace: 50440K(51456K)->50440K(51456K) NonClass: 44823K(45248K)->44823K(45248K) Class: 5616K(6208K)->5616K(6208K)
[2025-12-11T10:48:52.943+0000][gc          ] GC(117) Pause Young (Mixed) (G1 Evacuation Pause) 255M->214M(365M) 13.337ms
[2025-12-11T10:48:52.943+0000][gc,cpu      ] GC(117) User=0.02s Sys=0.00s Real=0.01s
[2025-12-11T10:53:48.902+0000][gc,start    ] GC(118) Pause Young (Mixed) (G1 Evacuation Pause)
[2025-12-11T10:53:48.902+0000][gc,task     ] GC(118) Using 1 workers of 1 for evacuation
[2025-12-11T10:53:48.916+0000][gc,phases   ] GC(118)   Pre Evacuate Collection Set: 0.13ms
[2025-12-11T10:53:48.916+0000][gc,phases   ] GC(118)   Merge Heap Roots: 0.07ms
[2025-12-11T10:53:48.916+0000][gc,phases   ] GC(118)   Evacuate Collection Set: 13.62ms
[2025-12-11T10:53:48.916+0000][gc,phases   ] GC(118)   Post Evacuate Collection Set: 0.46ms
[2025-12-11T10:53:48.916+0000][gc,phases   ] GC(118)   Other: 0.06ms
[2025-12-11T10:53:48.916+0000][gc,heap     ] GC(118) Eden regions: 46->0(26)
[2025-12-11T10:53:48.916+0000][gc,heap     ] GC(118) Survivor regions: 3->5(7)
[2025-12-11T10:53:48.916+0000][gc,heap     ] GC(118) Old regions: 63->60
[2025-12-11T10:53:48.916+0000][gc,heap     ] GC(118) Humongous regions: 149->149
[2025-12-11T10:53:48.916+0000][gc,metaspace] GC(118) Metaspace: 50440K(51456K)->50440K(51456K) NonClass: 44823K(45248K)->44823K(45248K) Class: 5616K(6208K)->5616K(6208K)
[2025-12-11T10:53:48.916+0000][gc          ] GC(118) Pause Young (Mixed) (G1 Evacuation Pause) 260M->213M(365M) 14.505ms
[2025-12-11T10:53:48.916+0000][gc,cpu      ] GC(118) User=0.02s Sys=0.00s Real=0.02s
[2025-12-11T10:56:41.323+0000][gc,start    ] GC(119) Pause Young (Mixed) (G1 Evacuation Pause)
[2025-12-11T10:56:41.323+0000][gc,task     ] GC(119) Using 1 workers of 1 for evacuation
[2025-12-11T10:56:41.338+0000][gc,phases   ] GC(119)   Pre Evacuate Collection Set: 0.13ms
[2025-12-11T10:56:41.338+0000][gc,phases   ] GC(119)   Merge Heap Roots: 0.08ms
[2025-12-11T10:56:41.338+0000][gc,phases   ] GC(119)   Evacuate Collection Set: 13.96ms
[2025-12-11T10:56:41.338+0000][gc,phases   ] GC(119)   Post Evacuate Collection Set: 0.43ms
[2025-12-11T10:56:41.338+0000][gc,phases   ] GC(119)   Other: 0.06ms
[2025-12-11T10:56:41.338+0000][gc,heap     ] GC(119) Eden regions: 27->0(60)
[2025-12-11T10:56:41.338+0000][gc,heap     ] GC(119) Survivor regions: 5->2(4)
[2025-12-11T10:56:41.338+0000][gc,heap     ] GC(119) Old regions: 60->64
[2025-12-11T10:56:41.338+0000][gc,heap     ] GC(119) Humongous regions: 149->149
[2025-12-11T10:56:41.338+0000][gc,metaspace] GC(119) Metaspace: 50440K(51456K)->50440K(51456K) NonClass: 44823K(45248K)->44823K(45248K) Class: 5616K(6208K)->5616K(6208K)
[2025-12-11T10:56:41.338+0000][gc          ] GC(119) Pause Young (Mixed) (G1 Evacuation Pause) 240M->214M(365M) 15.005ms
[2025-12-11T10:56:41.338+0000][gc,cpu      ] GC(119) User=0.02s Sys=0.00s Real=0.02s
[2025-12-11T11:04:05.525+0000][gc,start    ] GC(120) Pause Young (Concurrent Start) (G1 Evacuation Pause)
[2025-12-11T11:04:05.526+0000][gc,task     ] GC(120) Using 1 workers of 1 for evacuation
[2025-12-11T11:04:05.543+0000][gc,phases   ] GC(120)   Pre Evacuate Collection Set: 0.14ms
[2025-12-11T11:04:05.543+0000][gc,phases   ] GC(120)   Merge Heap Roots: 0.07ms
[2025-12-11T11:04:05.543+0000][gc,phases   ] GC(120)   Evacuate Collection Set: 16.45ms
[2025-12-11T11:04:05.543+0000][gc,phases   ] GC(120)   Post Evacuate Collection Set: 0.80ms
[2025-12-11T11:04:05.543+0000][gc,phases   ] GC(120)   Other: 0.08ms
[2025-12-11T11:04:05.543+0000][gc,heap     ] GC(120) Eden regions: 69->0(18)
[2025-12-11T11:04:05.543+0000][gc,heap     ] GC(120) Survivor regions: 2->5(9)
[2025-12-11T11:04:05.543+0000][gc,heap     ] GC(120) Old regions: 64->64
[2025-12-11T11:04:05.543+0000][gc,heap     ] GC(120) Humongous regions: 149->149
[2025-12-11T11:04:05.543+0000][gc,metaspace] GC(120) Metaspace: 50440K(51456K)->50440K(51456K) NonClass: 44824K(45248K)->44824K(45248K) Class: 5616K(6208K)->5616K(6208K)
[2025-12-11T11:04:05.543+0000][gc          ] GC(120) Pause Young (Concurrent Start) (G1 Evacuation Pause) 282M->217M(365M) 18.551ms
[2025-12-11T11:04:05.543+0000][gc          ] GC(121) Concurrent Mark Cycle
[2025-12-11T11:04:05.543+0000][gc,marking  ] GC(121) Concurrent Scan Root Regions
[2025-12-11T11:04:05.545+0000][gc,cpu      ] GC(120) User=0.02s Sys=0.00s Real=0.02s
[2025-12-11T11:04:05.549+0000][gc,marking  ] GC(121) Concurrent Scan Root Regions 5.267ms
[2025-12-11T11:04:05.549+0000][gc,marking  ] GC(121) Concurrent Mark
[2025-12-11T11:04:05.549+0000][gc,marking  ] GC(121) Concurrent Mark From Roots
[2025-12-11T11:04:05.549+0000][gc,task     ] GC(121) Using 1 workers of 1 for marking
[2025-12-11T11:04:05.583+0000][gc,marking  ] GC(121) Concurrent Mark From Roots 34.738ms
[2025-12-11T11:04:05.583+0000][gc,marking  ] GC(121) Concurrent Preclean
[2025-12-11T11:04:05.583+0000][gc,marking  ] GC(121) Concurrent Preclean 0.103ms
[2025-12-11T11:04:05.583+0000][gc,start    ] GC(121) Pause Remark
[2025-12-11T11:04:05.590+0000][gc          ] GC(121) Pause Remark 217M->212M(365M) 6.454ms
[2025-12-11T11:04:05.590+0000][gc,cpu      ] GC(121) User=0.01s Sys=0.00s Real=0.01s
[2025-12-11T11:04:05.590+0000][gc,marking  ] GC(121) Concurrent Mark 41.438ms
[2025-12-11T11:04:05.590+0000][gc,marking  ] GC(121) Concurrent Rebuild Remembered Sets and Scrub Regions
[2025-12-11T11:04:05.613+0000][gc,marking  ] GC(121) Concurrent Rebuild Remembered Sets and Scrub Regions 23.135ms
[2025-12-11T11:04:05.613+0000][gc,start    ] GC(121) Pause Cleanup
[2025-12-11T11:04:05.613+0000][gc          ] GC(121) Pause Cleanup 212M->212M(365M) 0.111ms
[2025-12-11T11:04:05.613+0000][gc,cpu      ] GC(121) User=0.00s Sys=0.00s Real=0.00s
[2025-12-11T11:04:05.613+0000][gc,marking  ] GC(121) Concurrent Clear Claimed Marks
[2025-12-11T11:04:05.613+0000][gc,marking  ] GC(121) Concurrent Clear Claimed Marks 0.079ms
[2025-12-11T11:04:05.613+0000][gc,marking  ] GC(121) Concurrent Cleanup for Next Mark
[2025-12-11T11:04:05.614+0000][gc,marking  ] GC(121) Concurrent Cleanup for Next Mark 0.524ms
[2025-12-11T11:04:05.614+0000][gc          ] GC(121) Concurrent Mark Cycle 70.716ms
[2025-12-11T11:05:32.791+0000][gc,start    ] GC(122) Pause Young (Prepare Mixed) (G1 Evacuation Pause)
[2025-12-11T11:05:32.791+0000][gc,task     ] GC(122) Using 1 workers of 1 for evacuation
[2025-12-11T11:05:32.805+0000][gc,phases   ] GC(122)   Pre Evacuate Collection Set: 0.12ms
[2025-12-11T11:05:32.805+0000][gc,phases   ] GC(122)   Merge Heap Roots: 0.09ms
[2025-12-11T11:05:32.805+0000][gc,phases   ] GC(122)   Evacuate Collection Set: 13.02ms
[2025-12-11T11:05:32.805+0000][gc,phases   ] GC(122)   Post Evacuate Collection Set: 0.41ms
[2025-12-11T11:05:32.805+0000][gc,phases   ] GC(122)   Other: 0.07ms
[2025-12-11T11:05:32.805+0000][gc,heap     ] GC(122) Eden regions: 14->0(85)
[2025-12-11T11:05:32.805+0000][gc,heap     ] GC(122) Survivor regions: 5->1(3)
[2025-12-11T11:05:32.805+0000][gc,heap     ] GC(122) Old regions: 58->63
[2025-12-11T11:05:32.805+0000][gc,heap     ] GC(122) Humongous regions: 149->149
[2025-12-11T11:05:32.805+0000][gc,metaspace] GC(122) Metaspace: 50440K(51456K)->50440K(51456K) NonClass: 44824K(45248K)->44824K(45248K) Class: 5616K(6208K)->5616K(6208K)
[2025-12-11T11:05:32.805+0000][gc          ] GC(122) Pause Young (Prepare Mixed) (G1 Evacuation Pause) 226M->212M(365M) 13.857ms
[2025-12-11T11:05:32.805+0000][gc,cpu      ] GC(122) User=0.02s Sys=0.00s Real=0.02s
[2025-12-11T11:14:56.517+0000][gc,start    ] GC(123) Pause Young (Mixed) (G1 Evacuation Pause)
[2025-12-11T11:14:56.517+0000][gc,task     ] GC(123) Using 1 workers of 1 for evacuation
[2025-12-11T11:14:56.535+0000][gc,phases   ] GC(123)   Pre Evacuate Collection Set: 0.15ms
[2025-12-11T11:14:56.535+0000][gc,phases   ] GC(123)   Merge Heap Roots: 0.08ms
[2025-12-11T11:14:56.535+0000][gc,phases   ] GC(123)   Evacuate Collection Set: 17.25ms
[2025-12-11T11:14:56.535+0000][gc,phases   ] GC(123)   Post Evacuate Collection Set: 0.53ms
[2025-12-11T11:14:56.535+0000][gc,phases   ] GC(123)   Other: 0.05ms
[2025-12-11T11:14:56.535+0000][gc,heap     ] GC(123) Eden regions: 89->0(20)
[2025-12-11T11:14:56.535+0000][gc,heap     ] GC(123) Survivor regions: 1->5(12)
[2025-12-11T11:14:56.535+0000][gc,heap     ] GC(123) Old regions: 63->61
[2025-12-11T11:14:56.535+0000][gc,heap     ] GC(123) Humongous regions: 149->149
[2025-12-11T11:14:56.535+0000][gc,metaspace] GC(123) Metaspace: 50441K(51456K)->50441K(51456K) NonClass: 44825K(45248K)->44825K(45248K) Class: 5616K(6208K)->5616K(6208K)
[2025-12-11T11:14:56.535+0000][gc          ] GC(123) Pause Young (Mixed) (G1 Evacuation Pause) 301M->215M(365M) 18.412ms
[2025-12-11T11:14:56.535+0000][gc,cpu      ] GC(123) User=0.02s Sys=0.00s Real=0.02s
[2025-12-11T11:17:03.465+0000][gc,start    ] GC(124) Pause Young (Mixed) (G1 Evacuation Pause)
[2025-12-11T11:17:03.465+0000][gc,task     ] GC(124) Using 1 workers of 1 for evacuation
[2025-12-11T11:17:03.479+0000][gc,phases   ] GC(124)   Pre Evacuate Collection Set: 0.13ms
[2025-12-11T11:17:03.479+0000][gc,phases   ] GC(124)   Merge Heap Roots: 0.08ms
[2025-12-11T11:17:03.479+0000][gc,phases   ] GC(124)   Evacuate Collection Set: 13.41ms
[2025-12-11T11:17:03.479+0000][gc,phases   ] GC(124)   Post Evacuate Collection Set: 0.43ms
[2025-12-11T11:17:03.479+0000][gc,phases   ] GC(124)   Other: 0.05ms
[2025-12-11T11:17:03.479+0000][gc,heap     ] GC(124) Eden regions: 20->0(71)
[2025-12-11T11:17:03.479+0000][gc,heap     ] GC(124) Survivor regions: 5->2(4)
[2025-12-11T11:17:03.479+0000][gc,heap     ] GC(124) Old regions: 61->55
[2025-12-11T11:17:03.479+0000][gc,heap     ] GC(124) Humongous regions: 149->149
[2025-12-11T11:17:03.479+0000][gc,metaspace] GC(124) Metaspace: 50442K(51456K)->50442K(51456K) NonClass: 44826K(45248K)->44826K(45248K) Class: 5616K(6208K)->5616K(6208K)
[2025-12-11T11:17:03.479+0000][gc          ] GC(124) Pause Young (Mixed) (G1 Evacuation Pause) 235M->205M(365M) 14.231ms
[2025-12-11T11:17:03.479+0000][gc,cpu      ] GC(124) User=0.01s Sys=0.00s Real=0.01s
[2025-12-11T11:25:28.261+0000][gc,start    ] GC(125) Pause Young (Concurrent Start) (G1 Evacuation Pause)
[2025-12-11T11:25:28.261+0000][gc,task     ] GC(125) Using 1 workers of 1 for evacuation
[2025-12-11T11:25:28.278+0000][gc,phases   ] GC(125)   Pre Evacuate Collection Set: 0.15ms
[2025-12-11T11:25:28.278+0000][gc,phases   ] GC(125)   Merge Heap Roots: 0.10ms
[2025-12-11T11:25:28.278+0000][gc,phases   ] GC(125)   Evacuate Collection Set: 16.62ms
[2025-12-11T11:25:28.278+0000][gc,phases   ] GC(125)   Post Evacuate Collection Set: 0.51ms
[2025-12-11T11:25:28.278+0000][gc,phases   ] GC(125)   Other: 0.06ms
[2025-12-11T11:25:28.278+0000][gc,heap     ] GC(125) Eden regions: 79->0(21)
[2025-12-11T11:25:28.278+0000][gc,heap     ] GC(125) Survivor regions: 2->5(11)
[2025-12-11T11:25:28.278+0000][gc,heap     ] GC(125) Old regions: 55->55
[2025-12-11T11:25:28.278+0000][gc,heap     ] GC(125) Humongous regions: 149->149
[2025-12-11T11:25:28.278+0000][gc,metaspace] GC(125) Metaspace: 50444K(51456K)->50444K(51456K) NonClass: 44828K(45248K)->44828K(45248K) Class: 5616K(6208K)->5616K(6208K)
[2025-12-11T11:25:28.278+0000][gc          ] GC(125) Pause Young (Concurrent Start) (G1 Evacuation Pause) 284M->209M(365M) 17.609ms
[2025-12-11T11:25:28.278+0000][gc,cpu      ] GC(125) User=0.02s Sys=0.00s Real=0.02s
[2025-12-11T11:25:28.278+0000][gc          ] GC(126) Concurrent Mark Cycle
[2025-12-11T11:25:28.278+0000][gc,marking  ] GC(126) Concurrent Scan Root Regions
[2025-12-11T11:25:28.282+0000][gc,marking  ] GC(126) Concurrent Scan Root Regions 3.402ms
[2025-12-11T11:25:28.282+0000][gc,marking  ] GC(126) Concurrent Mark
[2025-12-11T11:25:28.282+0000][gc,marking  ] GC(126) Concurrent Mark From Roots
[2025-12-11T11:25:28.282+0000][gc,task     ] GC(126) Using 1 workers of 1 for marking
[2025-12-11T11:25:28.319+0000][gc,marking  ] GC(126) Concurrent Mark From Roots 37.171ms
[2025-12-11T11:25:28.319+0000][gc,marking  ] GC(126) Concurrent Preclean
[2025-12-11T11:25:28.319+0000][gc,marking  ] GC(126) Concurrent Preclean 0.094ms
[2025-12-11T11:25:28.319+0000][gc,start    ] GC(126) Pause Remark
[2025-12-11T11:25:28.326+0000][gc          ] GC(126) Pause Remark 209M->209M(365M) 6.591ms
[2025-12-11T11:25:28.326+0000][gc,cpu      ] GC(126) User=0.01s Sys=0.00s Real=0.01s
[2025-12-11T11:25:28.326+0000][gc,marking  ] GC(126) Concurrent Mark 44.016ms
[2025-12-11T11:25:28.326+0000][gc,marking  ] GC(126) Concurrent Rebuild Remembered Sets and Scrub Regions
[2025-12-11T11:25:28.348+0000][gc,marking  ] GC(126) Concurrent Rebuild Remembered Sets and Scrub Regions 22.408ms
[2025-12-11T11:25:28.348+0000][gc,start    ] GC(126) Pause Cleanup
[2025-12-11T11:25:28.348+0000][gc          ] GC(126) Pause Cleanup 209M->209M(365M) 0.093ms
[2025-12-11T11:25:28.348+0000][gc,cpu      ] GC(126) User=0.00s Sys=0.00s Real=0.00s
[2025-12-11T11:25:28.348+0000][gc,marking  ] GC(126) Concurrent Clear Claimed Marks
[2025-12-11T11:25:28.348+0000][gc,marking  ] GC(126) Concurrent Clear Claimed Marks 0.074ms
[2025-12-11T11:25:28.348+0000][gc,marking  ] GC(126) Concurrent Cleanup for Next Mark
[2025-12-11T11:25:28.349+0000][gc,marking  ] GC(126) Concurrent Cleanup for Next Mark 0.892ms
[2025-12-11T11:25:28.349+0000][gc          ] GC(126) Concurrent Mark Cycle 71.048ms
[2025-12-11T11:27:54.163+0000][gc,start    ] GC(127) Pause Young (Prepare Mixed) (G1 Evacuation Pause)
[2025-12-11T11:27:54.163+0000][gc,task     ] GC(127) Using 1 workers of 1 for evacuation
[2025-12-11T11:27:54.177+0000][gc,phases   ] GC(127)   Pre Evacuate Collection Set: 0.13ms
[2025-12-11T11:27:54.177+0000][gc,phases   ] GC(127)   Merge Heap Roots: 0.09ms
[2025-12-11T11:27:54.177+0000][gc,phases   ] GC(127)   Evacuate Collection Set: 13.60ms
[2025-12-11T11:27:54.177+0000][gc,phases   ] GC(127)   Post Evacuate Collection Set: 0.40ms
[2025-12-11T11:27:54.177+0000][gc,phases   ] GC(127)   Other: 0.06ms
[2025-12-11T11:27:54.177+0000][gc,heap     ] GC(127) Eden regions: 23->0(68)
[2025-12-11T11:27:54.177+0000][gc,heap     ] GC(127) Survivor regions: 5->2(4)
[2025-12-11T11:27:54.177+0000][gc,heap     ] GC(127) Old regions: 55->60
[2025-12-11T11:27:54.177+0000][gc,heap     ] GC(127) Humongous regions: 149->149
[2025-12-11T11:27:54.177+0000][gc,metaspace] GC(127) Metaspace: 50452K(51456K)->50452K(51456K) NonClass: 44835K(45248K)->44835K(45248K) Class: 5616K(6208K)->5616K(6208K)
[2025-12-11T11:27:54.177+0000][gc          ] GC(127) Pause Young (Prepare Mixed) (G1 Evacuation Pause) 232M->210M(365M) 14.437ms
[2025-12-11T11:27:54.177+0000][gc,cpu      ] GC(127) User=0.01s Sys=0.00s Real=0.02s
[2025-12-11T11:35:15.955+0000][gc,start    ] GC(128) Pause Young (Mixed) (G1 Evacuation Pause)
[2025-12-11T11:35:15.955+0000][gc,task     ] GC(128) Using 1 workers of 1 for evacuation
[2025-12-11T11:35:15.972+0000][gc,phases   ] GC(128)   Pre Evacuate Collection Set: 0.15ms
[2025-12-11T11:35:15.972+0000][gc,phases   ] GC(128)   Merge Heap Roots: 0.09ms
[2025-12-11T11:35:15.972+0000][gc,phases   ] GC(128)   Evacuate Collection Set: 15.43ms
[2025-12-11T11:35:15.972+0000][gc,phases   ] GC(128)   Post Evacuate Collection Set: 0.50ms
[2025-12-11T11:35:15.972+0000][gc,phases   ] GC(128)   Other: 0.07ms
[2025-12-11T11:35:15.972+0000][gc,heap     ] GC(128) Eden regions: 69->0(26)
[2025-12-11T11:35:15.972+0000][gc,heap     ] GC(128) Survivor regions: 2->5(9)
[2025-12-11T11:35:15.972+0000][gc,heap     ] GC(128) Old regions: 60->59
[2025-12-11T11:35:15.972+0000][gc,heap     ] GC(128) Humongous regions: 149->149
[2025-12-11T11:35:15.972+0000][gc,metaspace] GC(128) Metaspace: 50452K(51456K)->50452K(51456K) NonClass: 44835K(45248K)->44835K(45248K) Class: 5616K(6208K)->5616K(6208K)
[2025-12-11T11:35:15.972+0000][gc          ] GC(128) Pause Young (Mixed) (G1 Evacuation Pause) 279M->212M(365M) 16.387ms
[2025-12-11T11:35:15.972+0000][gc,cpu      ] GC(128) User=0.02s Sys=0.00s Real=0.01s
[2025-12-11T11:38:02.306+0000][gc,start    ] GC(129) Pause Young (Mixed) (G1 Evacuation Pause)
[2025-12-11T11:38:02.306+0000][gc,task     ] GC(129) Using 1 workers of 1 for evacuation
[2025-12-11T11:38:02.322+0000][gc,phases   ] GC(129)   Pre Evacuate Collection Set: 0.14ms
[2025-12-11T11:38:02.322+0000][gc,phases   ] GC(129)   Merge Heap Roots: 0.08ms
[2025-12-11T11:38:02.322+0000][gc,phases   ] GC(129)   Evacuate Collection Set: 15.14ms
[2025-12-11T11:38:02.322+0000][gc,phases   ] GC(129)   Post Evacuate Collection Set: 0.45ms
[2025-12-11T11:38:02.322+0000][gc,phases   ] GC(129)   Other: 0.05ms
[2025-12-11T11:38:02.322+0000][gc,heap     ] GC(129) Eden regions: 26->0(68)
[2025-12-11T11:38:02.322+0000][gc,heap     ] GC(129) Survivor regions: 5->2(4)
[2025-12-11T11:38:02.322+0000][gc,heap     ] GC(129) Old regions: 59->58
[2025-12-11T11:38:02.322+0000][gc,heap     ] GC(129) Humongous regions: 149->149
[2025-12-11T11:38:02.322+0000][gc,metaspace] GC(129) Metaspace: 50452K(51456K)->50452K(51456K) NonClass: 44836K(45248K)->44836K(45248K) Class: 5616K(6208K)->5616K(6208K)
[2025-12-11T11:38:02.322+0000][gc          ] GC(129) Pause Young (Mixed) (G1 Evacuation Pause) 238M->209M(365M) 16.003ms
[2025-12-11T11:38:02.322+0000][gc,cpu      ] GC(129) User=0.02s Sys=0.00s Real=0.01s
[2025-12-11T11:45:58.901+0000][gc,start    ] GC(130) Pause Young (Mixed) (G1 Evacuation Pause)
[2025-12-11T11:45:58.901+0000][gc,task     ] GC(130) Using 1 workers of 1 for evacuation
[2025-12-11T11:45:58.920+0000][gc,phases   ] GC(130)   Pre Evacuate Collection Set: 0.15ms
[2025-12-11T11:45:58.920+0000][gc,phases   ] GC(130)   Merge Heap Roots: 0.09ms
[2025-12-11T11:45:58.920+0000][gc,phases   ] GC(130)   Evacuate Collection Set: 18.62ms
[2025-12-11T11:45:58.920+0000][gc,phases   ] GC(130)   Post Evacuate Collection Set: 0.48ms
[2025-12-11T11:45:58.920+0000][gc,phases   ] GC(130)   Other: 0.06ms
[2025-12-11T11:45:58.920+0000][gc,heap     ] GC(130) Eden regions: 68->0(11)
[2025-12-11T11:45:58.920+0000][gc,heap     ] GC(130) Survivor regions: 2->7(9)
[2025-12-11T11:45:58.920+0000][gc,heap     ] GC(130) Old regions: 58->57
[2025-12-11T11:45:58.920+0000][gc,heap     ] GC(130) Humongous regions: 149->149
[2025-12-11T11:45:58.920+0000][gc,metaspace] GC(130) Metaspace: 50452K(51456K)->50452K(51456K) NonClass: 44836K(45248K)->44836K(45248K) Class: 5616K(6208K)->5616K(6208K)
[2025-12-11T11:45:58.920+0000][gc          ] GC(130) Pause Young (Mixed) (G1 Evacuation Pause) 277M->212M(365M) 19.565ms
[2025-12-11T11:45:58.920+0000][gc,cpu      ] GC(130) User=0.02s Sys=0.00s Real=0.02s
[2025-12-11T11:47:12.026+0000][gc,start    ] GC(131) Pause Young (Mixed) (G1 Evacuation Pause)
[2025-12-11T11:47:12.026+0000][gc,task     ] GC(131) Using 1 workers of 1 for evacuation
[2025-12-11T11:47:12.041+0000][gc,phases   ] GC(131)   Pre Evacuate Collection Set: 0.13ms
[2025-12-11T11:47:12.041+0000][gc,phases   ] GC(131)   Merge Heap Roots: 0.08ms
[2025-12-11T11:47:12.041+0000][gc,phases   ] GC(131)   Evacuate Collection Set: 14.17ms
[2025-12-11T11:47:12.041+0000][gc,phases   ] GC(131)   Post Evacuate Collection Set: 0.39ms
[2025-12-11T11:47:12.041+0000][gc,phases   ] GC(131)   Other: 0.06ms
[2025-12-11T11:47:12.041+0000][gc,heap     ] GC(131) Eden regions: 11->0(58)
[2025-12-11T11:47:12.041+0000][gc,heap     ] GC(131) Survivor regions: 7->2(3)
[2025-12-11T11:47:12.041+0000][gc,heap     ] GC(131) Old regions: 57->62
[2025-12-11T11:47:12.041+0000][gc,heap     ] GC(131) Humongous regions: 149->149
[2025-12-11T11:47:12.041+0000][gc,metaspace] GC(131) Metaspace: 50452K(51456K)->50452K(51456K) NonClass: 44836K(45248K)->44836K(45248K) Class: 5616K(6208K)->5616K(6208K)
[2025-12-11T11:47:12.041+0000][gc          ] GC(131) Pause Young (Mixed) (G1 Evacuation Pause) 223M->212M(365M) 14.989ms
[2025-12-11T11:47:12.041+0000][gc,cpu      ] GC(131) User=0.01s Sys=0.00s Real=0.01s
[2025-12-11T11:55:22.209+0000][gc,start    ] GC(132) Pause Young (Concurrent Start) (G1 Evacuation Pause)
[2025-12-11T11:55:22.209+0000][gc,task     ] GC(132) Using 1 workers of 1 for evacuation
[2025-12-11T11:55:22.222+0000][gc,phases   ] GC(132)   Pre Evacuate Collection Set: 0.14ms
[2025-12-11T11:55:22.222+0000][gc,phases   ] GC(132)   Merge Heap Roots: 0.06ms
[2025-12-11T11:55:22.222+0000][gc,phases   ] GC(132)   Evacuate Collection Set: 12.60ms
[2025-12-11T11:55:22.222+0000][gc,phases   ] GC(132)   Post Evacuate Collection Set: 0.88ms
[2025-12-11T11:55:22.222+0000][gc,phases   ] GC(132)   Other: 0.06ms
[2025-12-11T11:55:22.222+0000][gc,heap     ] GC(132) Eden regions: 63->0(25)
[2025-12-11T11:55:22.222+0000][gc,heap     ] GC(132) Survivor regions: 2->5(9)
[2025-12-11T11:55:22.222+0000][gc,heap     ] GC(132) Old regions: 62->62
[2025-12-11T11:55:22.222+0000][gc,heap     ] GC(132) Humongous regions: 149->149
[2025-12-11T11:55:22.222+0000][gc,metaspace] GC(132) Metaspace: 50452K(51456K)->50452K(51456K) NonClass: 44836K(45248K)->44836K(45248K) Class: 5616K(6208K)->5616K(6208K)
[2025-12-11T11:55:22.223+0000][gc          ] GC(132) Pause Young (Concurrent Start) (G1 Evacuation Pause) 275M->215M(365M) 13.887ms
[2025-12-11T11:55:22.223+0000][gc,cpu      ] GC(132) User=0.01s Sys=0.00s Real=0.01s
[2025-12-11T11:55:22.223+0000][gc          ] GC(133) Concurrent Mark Cycle
[2025-12-11T11:55:22.223+0000][gc,marking  ] GC(133) Concurrent Scan Root Regions
[2025-12-11T11:55:22.226+0000][gc,marking  ] GC(133) Concurrent Scan Root Regions 2.993ms
[2025-12-11T11:55:22.226+0000][gc,marking  ] GC(133) Concurrent Mark
[2025-12-11T11:55:22.226+0000][gc,marking  ] GC(133) Concurrent Mark From Roots
[2025-12-11T11:55:22.226+0000][gc,task     ] GC(133) Using 1 workers of 1 for marking
[2025-12-11T11:55:22.262+0000][gc,marking  ] GC(133) Concurrent Mark From Roots 36.021ms
[2025-12-11T11:55:22.262+0000][gc,marking  ] GC(133) Concurrent Preclean
[2025-12-11T11:55:22.262+0000][gc,marking  ] GC(133) Concurrent Preclean 0.097ms
[2025-12-11T11:55:22.262+0000][gc,start    ] GC(133) Pause Remark
[2025-12-11T11:55:22.269+0000][gc          ] GC(133) Pause Remark 215M->213M(365M) 6.783ms
[2025-12-11T11:55:22.269+0000][gc,cpu      ] GC(133) User=0.01s Sys=0.00s Real=0.01s
[2025-12-11T11:55:22.269+0000][gc,marking  ] GC(133) Concurrent Mark 43.071ms
[2025-12-11T11:55:22.269+0000][gc,marking  ] GC(133) Concurrent Rebuild Remembered Sets and Scrub Regions
[2025-12-11T11:55:22.290+0000][gc,marking  ] GC(133) Concurrent Rebuild Remembered Sets and Scrub Regions 20.872ms
[2025-12-11T11:55:22.290+0000][gc,start    ] GC(133) Pause Cleanup
[2025-12-11T11:55:22.290+0000][gc          ] GC(133) Pause Cleanup 213M->213M(365M) 0.088ms
[2025-12-11T11:55:22.290+0000][gc,cpu      ] GC(133) User=0.00s Sys=0.00s Real=0.00s
[2025-12-11T11:55:22.290+0000][gc,marking  ] GC(133) Concurrent Clear Claimed Marks
[2025-12-11T11:55:22.290+0000][gc,marking  ] GC(133) Concurrent Clear Claimed Marks 0.069ms
[2025-12-11T11:55:22.290+0000][gc,marking  ] GC(133) Concurrent Cleanup for Next Mark
[2025-12-11T11:55:22.292+0000][gc,marking  ] GC(133) Concurrent Cleanup for Next Mark 1.356ms
[2025-12-11T11:55:22.292+0000][gc          ] GC(133) Concurrent Mark Cycle 68.604ms
[2025-12-11T11:57:41.321+0000][gc,start    ] GC(134) Pause Young (Prepare Mixed) (G1 Evacuation Pause)
[2025-12-11T11:57:41.321+0000][gc,task     ] GC(134) Using 1 workers of 1 for evacuation
[2025-12-11T11:57:41.333+0000][gc,phases   ] GC(134)   Pre Evacuate Collection Set: 0.13ms
[2025-12-11T11:57:41.333+0000][gc,phases   ] GC(134)   Merge Heap Roots: 0.09ms
[2025-12-11T11:57:41.333+0000][gc,phases   ] GC(134)   Evacuate Collection Set: 11.57ms
[2025-12-11T11:57:41.333+0000][gc,phases   ] GC(134)   Post Evacuate Collection Set: 0.40ms
[2025-12-11T11:57:41.333+0000][gc,phases   ] GC(134)   Other: 0.07ms
[2025-12-11T11:57:41.333+0000][gc,heap     ] GC(134) Eden regions: 18->0(85)
[2025-12-11T11:57:41.333+0000][gc,heap     ] GC(134) Survivor regions: 5->1(3)
[2025-12-11T11:57:41.333+0000][gc,heap     ] GC(134) Old regions: 60->64
[2025-12-11T11:57:41.333+0000][gc,heap     ] GC(134) Humongous regions: 149->149
[2025-12-11T11:57:41.333+0000][gc,metaspace] GC(134) Metaspace: 50452K(51456K)->50452K(51456K) NonClass: 44836K(45248K)->44836K(45248K) Class: 5616K(6208K)->5616K(6208K)
[2025-12-11T11:57:41.333+0000][gc          ] GC(134) Pause Young (Prepare Mixed) (G1 Evacuation Pause) 231M->213M(365M) 12.412ms
[2025-12-11T11:57:41.333+0000][gc,cpu      ] GC(134) User=0.01s Sys=0.00s Real=0.01s
[2025-12-11T12:08:52.982+0000][gc,start    ] GC(135) Pause Young (Mixed) (G1 Evacuation Pause)
[2025-12-11T12:08:52.983+0000][gc,task     ] GC(135) Using 1 workers of 1 for evacuation
[2025-12-11T12:08:52.996+0000][gc,phases   ] GC(135)   Pre Evacuate Collection Set: 0.14ms
[2025-12-11T12:08:52.996+0000][gc,phases   ] GC(135)   Merge Heap Roots: 0.10ms
[2025-12-11T12:08:52.996+0000][gc,phases   ] GC(135)   Evacuate Collection Set: 12.11ms
[2025-12-11T12:08:52.996+0000][gc,phases   ] GC(135)   Post Evacuate Collection Set: 0.52ms
[2025-12-11T12:08:52.996+0000][gc,phases   ] GC(135)   Other: 0.08ms
[2025-12-11T12:08:52.996+0000][gc,heap     ] GC(135) Eden regions: 86->0(42)
[2025-12-11T12:08:52.996+0000][gc,heap     ] GC(135) Survivor regions: 1->4(11)
[2025-12-11T12:08:52.996+0000][gc,heap     ] GC(135) Old regions: 64->62
[2025-12-11T12:08:52.996+0000][gc,heap     ] GC(135) Humongous regions: 149->149
[2025-12-11T12:08:52.996+0000][gc,metaspace] GC(135) Metaspace: 50452K(51456K)->50452K(51456K) NonClass: 44836K(45248K)->44836K(45248K) Class: 5616K(6208K)->5616K(6208K)
[2025-12-11T12:08:52.996+0000][gc          ] GC(135) Pause Young (Mixed) (G1 Evacuation Pause) 299M->214M(365M) 14.007ms
[2025-12-11T12:08:52.996+0000][gc,cpu      ] GC(135) User=0.02s Sys=0.00s Real=0.02s
[2025-12-11T12:13:45.437+0000][gc,start    ] GC(136) Pause Young (Mixed) (G1 Evacuation Pause)
[2025-12-11T12:13:45.437+0000][gc,task     ] GC(136) Using 1 workers of 1 for evacuation
[2025-12-11T12:13:45.454+0000][gc,phases   ] GC(136)   Pre Evacuate Collection Set: 0.15ms
[2025-12-11T12:13:45.454+0000][gc,phases   ] GC(136)   Merge Heap Roots: 0.11ms
[2025-12-11T12:13:45.454+0000][gc,phases   ] GC(136)   Evacuate Collection Set: 15.42ms
[2025-12-11T12:13:45.454+0000][gc,phases   ] GC(136)   Merge Optional Heap Roots: 0.02ms
[2025-12-11T12:13:45.454+0000][gc,phases   ] GC(136)   Evacuate Optional Collection Set: 0.09ms
[2025-12-11T12:13:45.454+0000][gc,phases   ] GC(136)   Post Evacuate Collection Set: 1.39ms
[2025-12-11T12:13:45.454+0000][gc,phases   ] GC(136)   Other: 0.06ms
[2025-12-11T12:13:45.454+0000][gc,heap     ] GC(136) Eden regions: 40->0(12)
[2025-12-11T12:13:45.454+0000][gc,heap     ] GC(136) Survivor regions: 4->6(6)
[2025-12-11T12:13:45.454+0000][gc,heap     ] GC(136) Old regions: 62->55
[2025-12-11T12:13:45.454+0000][gc,heap     ] GC(136) Humongous regions: 149->149
[2025-12-11T12:13:45.454+0000][gc,metaspace] GC(136) Metaspace: 50469K(51456K)->50469K(51456K) NonClass: 44853K(45248K)->44853K(45248K) Class: 5616K(6208K)->5616K(6208K)
[2025-12-11T12:13:45.454+0000][gc          ] GC(136) Pause Young (Mixed) (G1 Evacuation Pause) 254M->209M(365M) 17.420ms
[2025-12-11T12:13:45.454+0000][gc,cpu      ] GC(136) User=0.02s Sys=0.00s Real=0.01s
[2025-12-11T12:15:03.694+0000][gc,start    ] GC(137) Pause Young (Mixed) (G1 Evacuation Pause)
[2025-12-11T12:15:03.694+0000][gc,task     ] GC(137) Using 1 workers of 1 for evacuation
[2025-12-11T12:15:03.709+0000][gc,phases   ] GC(137)   Pre Evacuate Collection Set: 0.14ms
[2025-12-11T12:15:03.709+0000][gc,phases   ] GC(137)   Merge Heap Roots: 0.09ms
[2025-12-11T12:15:03.709+0000][gc,phases   ] GC(137)   Evacuate Collection Set: 14.25ms
[2025-12-11T12:15:03.709+0000][gc,phases   ] GC(137)   Post Evacuate Collection Set: 0.40ms
[2025-12-11T12:15:03.709+0000][gc,phases   ] GC(137)   Other: 0.07ms
[2025-12-11T12:15:03.709+0000][gc,heap     ] GC(137) Eden regions: 12->0(82)
[2025-12-11T12:15:03.709+0000][gc,heap     ] GC(137) Survivor regions: 6->1(3)
[2025-12-11T12:15:03.709+0000][gc,heap     ] GC(137) Old regions: 55->59
[2025-12-11T12:15:03.709+0000][gc,heap     ] GC(137) Humongous regions: 149->149
[2025-12-11T12:15:03.709+0000][gc,metaspace] GC(137) Metaspace: 50473K(51456K)->50473K(51456K) NonClass: 44856K(45248K)->44856K(45248K) Class: 5616K(6208K)->5616K(6208K)
[2025-12-11T12:15:03.709+0000][gc          ] GC(137) Pause Young (Mixed) (G1 Evacuation Pause) 221M->209M(365M) 15.084ms
[2025-12-11T12:15:03.709+0000][gc,cpu      ] GC(137) User=0.01s Sys=0.00s Real=0.02s
[2025-12-11T12:26:41.476+0000][gc,start    ] GC(138) Pause Young (Mixed) (G1 Evacuation Pause)
[2025-12-11T12:26:41.476+0000][gc,task     ] GC(138) Using 1 workers of 1 for evacuation
[2025-12-11T12:26:41.492+0000][gc,phases   ] GC(138)   Pre Evacuate Collection Set: 0.15ms
[2025-12-11T12:26:41.492+0000][gc,phases   ] GC(138)   Merge Heap Roots: 0.09ms
[2025-12-11T12:26:41.492+0000][gc,phases   ] GC(138)   Evacuate Collection Set: 15.53ms
[2025-12-11T12:26:41.492+0000][gc,phases   ] GC(138)   Post Evacuate Collection Set: 0.52ms
[2025-12-11T12:26:41.492+0000][gc,phases   ] GC(138)   Other: 0.05ms
[2025-12-11T12:26:41.492+0000][gc,heap     ] GC(138) Eden regions: 91->0(23)
[2025-12-11T12:26:41.492+0000][gc,heap     ] GC(138) Survivor regions: 1->5(12)
[2025-12-11T12:26:41.492+0000][gc,heap     ] GC(138) Old regions: 59->58
[2025-12-11T12:26:41.492+0000][gc,heap     ] GC(138) Humongous regions: 149->149
[2025-12-11T12:26:41.492+0000][gc,metaspace] GC(138) Metaspace: 50498K(51456K)->50498K(51456K) NonClass: 44881K(45248K)->44881K(45248K) Class: 5616K(6208K)->5616K(6208K)
[2025-12-11T12:26:41.492+0000][gc          ] GC(138) Pause Young (Mixed) (G1 Evacuation Pause) 299M->211M(365M) 16.476ms
[2025-12-11T12:26:41.492+0000][gc,cpu      ] GC(138) User=0.02s Sys=0.00s Real=0.01s
[2025-12-11T12:30:30.978+0000][gc,start    ] GC(139) Pause Young (Mixed) (G1 Evacuation Pause)
[2025-12-11T12:30:30.978+0000][gc,task     ] GC(139) Using 1 workers of 1 for evacuation
[2025-12-11T12:30:30.991+0000][gc,phases   ] GC(139)   Pre Evacuate Collection Set: 0.13ms
[2025-12-11T12:30:30.991+0000][gc,phases   ] GC(139)   Merge Heap Roots: 0.07ms
[2025-12-11T12:30:30.991+0000][gc,phases   ] GC(139)   Evacuate Collection Set: 11.19ms
[2025-12-11T12:30:30.991+0000][gc,phases   ] GC(139)   Post Evacuate Collection Set: 1.36ms
[2025-12-11T12:30:30.991+0000][gc,phases   ] GC(139)   Other: 0.05ms
[2025-12-11T12:30:30.991+0000][gc,heap     ] GC(139) Eden regions: 29->0(86)
[2025-12-11T12:30:30.991+0000][gc,heap     ] GC(139) Survivor regions: 5->2(5)
[2025-12-11T12:30:30.991+0000][gc,heap     ] GC(139) Old regions: 58->60
[2025-12-11T12:30:30.991+0000][gc,heap     ] GC(139) Humongous regions: 149->149
[2025-12-11T12:30:30.991+0000][gc,metaspace] GC(139) Metaspace: 50498K(51456K)->50498K(51456K) NonClass: 44881K(45248K)->44881K(45248K) Class: 5616K(6208K)->5616K(6208K)
[2025-12-11T12:30:30.991+0000][gc          ] GC(139) Pause Young (Mixed) (G1 Evacuation Pause) 240M->210M(365M) 12.969ms
[2025-12-11T12:30:30.991+0000][gc,cpu      ] GC(139) User=0.01s Sys=0.00s Real=0.01s
[2025-12-11T12:44:55.978+0000][gc,start    ] GC(140) Pause Young (Concurrent Start) (G1 Evacuation Pause)
[2025-12-11T12:44:55.978+0000][gc,task     ] GC(140) Using 1 workers of 1 for evacuation
[2025-12-11T12:44:55.989+0000][gc,phases   ] GC(140)   Pre Evacuate Collection Set: 0.15ms
[2025-12-11T12:44:55.989+0000][gc,phases   ] GC(140)   Merge Heap Roots: 0.41ms
[2025-12-11T12:44:55.989+0000][gc,phases   ] GC(140)   Evacuate Collection Set: 9.76ms
[2025-12-11T12:44:55.989+0000][gc,phases   ] GC(140)   Post Evacuate Collection Set: 0.50ms
[2025-12-11T12:44:55.989+0000][gc,phases   ] GC(140)   Other: 0.07ms
[2025-12-11T12:44:55.989+0000][gc,heap     ] GC(140) Eden regions: 93->0(75)
[2025-12-11T12:44:55.989+0000][gc,heap     ] GC(140) Survivor regions: 2->3(12)
[2025-12-11T12:44:55.989+0000][gc,heap     ] GC(140) Old regions: 60->60
[2025-12-11T12:44:55.989+0000][gc,heap     ] GC(140) Humongous regions: 149->149
[2025-12-11T12:44:55.989+0000][gc,metaspace] GC(140) Metaspace: 50498K(51456K)->50498K(51456K) NonClass: 44881K(45248K)->44881K(45248K) Class: 5616K(6208K)->5616K(6208K)
[2025-12-11T12:44:55.989+0000][gc          ] GC(140) Pause Young (Concurrent Start) (G1 Evacuation Pause) 303M->211M(365M) 11.024ms
[2025-12-11T12:44:55.989+0000][gc,cpu      ] GC(140) User=0.01s Sys=0.00s Real=0.01s
[2025-12-11T12:44:55.990+0000][gc          ] GC(141) Concurrent Mark Cycle
[2025-12-11T12:44:55.990+0000][gc,marking  ] GC(141) Concurrent Scan Root Regions
[2025-12-11T12:44:55.992+0000][gc,marking  ] GC(141) Concurrent Scan Root Regions 2.128ms
[2025-12-11T12:44:55.993+0000][gc,marking  ] GC(141) Concurrent Mark
[2025-12-11T12:44:55.993+0000][gc,marking  ] GC(141) Concurrent Mark From Roots
[2025-12-11T12:44:55.993+0000][gc,task     ] GC(141) Using 1 workers of 1 for marking
[2025-12-11T12:44:56.029+0000][gc,marking  ] GC(141) Concurrent Mark From Roots 36.086ms
[2025-12-11T12:44:56.029+0000][gc,marking  ] GC(141) Concurrent Preclean
[2025-12-11T12:44:56.029+0000][gc,marking  ] GC(141) Concurrent Preclean 0.099ms
[2025-12-11T12:44:56.030+0000][gc,start    ] GC(141) Pause Remark
[2025-12-11T12:44:56.037+0000][gc          ] GC(141) Pause Remark 212M->212M(365M) 7.035ms
[2025-12-11T12:44:56.037+0000][gc,cpu      ] GC(141) User=0.01s Sys=0.00s Real=0.01s
[2025-12-11T12:44:56.037+0000][gc,marking  ] GC(141) Concurrent Mark 43.436ms
[2025-12-11T12:44:56.037+0000][gc,marking  ] GC(141) Concurrent Rebuild Remembered Sets and Scrub Regions
[2025-12-11T12:44:56.059+0000][gc,marking  ] GC(141) Concurrent Rebuild Remembered Sets and Scrub Regions 22.017ms
[2025-12-11T12:44:56.059+0000][gc,start    ] GC(141) Pause Cleanup
[2025-12-11T12:44:56.059+0000][gc          ] GC(141) Pause Cleanup 212M->212M(365M) 0.089ms
[2025-12-11T12:44:56.059+0000][gc,cpu      ] GC(141) User=0.00s Sys=0.00s Real=0.00s
[2025-12-11T12:44:56.059+0000][gc,marking  ] GC(141) Concurrent Clear Claimed Marks
[2025-12-11T12:44:56.059+0000][gc,marking  ] GC(141) Concurrent Clear Claimed Marks 0.070ms
[2025-12-11T12:44:56.059+0000][gc,marking  ] GC(141) Concurrent Cleanup for Next Mark
[2025-12-11T12:44:56.059+0000][gc,marking  ] GC(141) Concurrent Cleanup for Next Mark 0.481ms
[2025-12-11T12:44:56.059+0000][gc          ] GC(141) Concurrent Mark Cycle 69.880ms
[2025-12-11T12:56:16.404+0000][gc,start    ] GC(142) Pause Young (Prepare Mixed) (G1 Evacuation Pause)
[2025-12-11T12:56:16.405+0000][gc,task     ] GC(142) Using 1 workers of 1 for evacuation
[2025-12-11T12:56:16.415+0000][gc,phases   ] GC(142)   Pre Evacuate Collection Set: 0.13ms
[2025-12-11T12:56:16.415+0000][gc,phases   ] GC(142)   Merge Heap Roots: 0.31ms
[2025-12-11T12:56:16.415+0000][gc,phases   ] GC(142)   Evacuate Collection Set: 9.09ms
[2025-12-11T12:56:16.415+0000][gc,phases   ] GC(142)   Post Evacuate Collection Set: 0.95ms
[2025-12-11T12:56:16.415+0000][gc,phases   ] GC(142)   Other: 0.07ms
[2025-12-11T12:56:16.415+0000][gc,heap     ] GC(142) Eden regions: 73->0(47)
[2025-12-11T12:56:16.415+0000][gc,heap     ] GC(142) Survivor regions: 3->5(10)
[2025-12-11T12:56:16.415+0000][gc,heap     ] GC(142) Old regions: 60->60
[2025-12-11T12:56:16.415+0000][gc,heap     ] GC(142) Humongous regions: 149->149
[2025-12-11T12:56:16.415+0000][gc,metaspace] GC(142) Metaspace: 50500K(51520K)->50500K(51520K) NonClass: 44883K(45312K)->44883K(45312K) Class: 5616K(6208K)->5616K(6208K)
[2025-12-11T12:56:16.415+0000][gc          ] GC(142) Pause Young (Prepare Mixed) (G1 Evacuation Pause) 284M->213M(365M) 10.716ms
[2025-12-11T12:56:16.415+0000][gc,cpu      ] GC(142) User=0.01s Sys=0.00s Real=0.01s
[2025-12-11T13:05:28.706+0000][gc,start    ] GC(143) Pause Young (Mixed) (G1 Evacuation Pause)
[2025-12-11T13:05:28.706+0000][gc,task     ] GC(143) Using 1 workers of 1 for evacuation
[2025-12-11T13:05:28.717+0000][gc,phases   ] GC(143)   Pre Evacuate Collection Set: 0.17ms
[2025-12-11T13:05:28.717+0000][gc,phases   ] GC(143)   Merge Heap Roots: 0.08ms
[2025-12-11T13:05:28.717+0000][gc,phases   ] GC(143)   Evacuate Collection Set: 10.59ms
[2025-12-11T13:05:28.717+0000][gc,phases   ] GC(143)   Post Evacuate Collection Set: 0.49ms
[2025-12-11T13:05:28.717+0000][gc,phases   ] GC(143)   Other: 0.05ms
[2025-12-11T13:05:28.717+0000][gc,heap     ] GC(143) Eden regions: 58->0(96)
[2025-12-11T13:05:28.717+0000][gc,heap     ] GC(143) Survivor regions: 5->3(8)
[2025-12-11T13:05:28.717+0000][gc,heap     ] GC(143) Old regions: 60->60
[2025-12-11T13:05:28.717+0000][gc,heap     ] GC(143) Humongous regions: 149->149
[2025-12-11T13:05:28.717+0000][gc,metaspace] GC(143) Metaspace: 50500K(51520K)->50500K(51520K) NonClass: 44883K(45312K)->44883K(45312K) Class: 5616K(6208K)->5616K(6208K)
[2025-12-11T13:05:28.717+0000][gc          ] GC(143) Pause Young (Mixed) (G1 Evacuation Pause) 271M->211M(365M) 11.523ms
[2025-12-11T13:05:28.717+0000][gc,cpu      ] GC(143) User=0.01s Sys=0.00s Real=0.01s
[2025-12-11T13:21:43.910+0000][gc,start    ] GC(144) Pause Young (Mixed) (G1 Evacuation Pause)
[2025-12-11T13:21:43.910+0000][gc,task     ] GC(144) Using 1 workers of 1 for evacuation
[2025-12-11T13:21:43.920+0000][gc,phases   ] GC(144)   Pre Evacuate Collection Set: 0.14ms
[2025-12-11T13:21:43.920+0000][gc,phases   ] GC(144)   Merge Heap Roots: 0.06ms
[2025-12-11T13:21:43.920+0000][gc,phases   ] GC(144)   Evacuate Collection Set: 8.31ms
[2025-12-11T13:21:43.920+0000][gc,phases   ] GC(144)   Post Evacuate Collection Set: 0.85ms
[2025-12-11T13:21:43.920+0000][gc,phases   ] GC(144)   Other: 0.08ms
[2025-12-11T13:21:43.920+0000][gc,heap     ] GC(144) Eden regions: 102->0(108)
[2025-12-11T13:21:43.920+0000][gc,heap     ] GC(144) Survivor regions: 3->3(14)
[2025-12-11T13:21:43.920+0000][gc,heap     ] GC(144) Old regions: 60->58
[2025-12-11T13:21:43.920+0000][gc,heap     ] GC(144) Humongous regions: 149->149
[2025-12-11T13:21:43.920+0000][gc,metaspace] GC(144) Metaspace: 50500K(51520K)->50500K(51520K) NonClass: 44883K(45312K)->44883K(45312K) Class: 5616K(6208K)->5616K(6208K)
[2025-12-11T13:21:43.920+0000][gc          ] GC(144) Pause Young (Mixed) (G1 Evacuation Pause) 313M->209M(365M) 9.582ms
[2025-12-11T13:21:43.920+0000][gc,cpu      ] GC(144) User=0.01s Sys=0.00s Real=0.01s
[2025-12-11T13:35:37.466+0000][gc,start    ] GC(145) Pause Young (Mixed) (G1 Evacuation Pause)
[2025-12-11T13:35:37.466+0000][gc,task     ] GC(145) Using 1 workers of 1 for evacuation
[2025-12-11T13:35:37.483+0000][gc,phases   ] GC(145)   Pre Evacuate Collection Set: 0.17ms
[2025-12-11T13:35:37.483+0000][gc,phases   ] GC(145)   Merge Heap Roots: 0.12ms
[2025-12-11T13:35:37.483+0000][gc,phases   ] GC(145)   Evacuate Collection Set: 16.15ms
[2025-12-11T13:35:37.483+0000][gc,phases   ] GC(145)   Post Evacuate Collection Set: 0.60ms
[2025-12-11T13:35:37.483+0000][gc,phases   ] GC(145)   Other: 0.07ms
[2025-12-11T13:35:37.483+0000][gc,heap     ] GC(145) Eden regions: 105->0(54)
[2025-12-11T13:35:37.483+0000][gc,heap     ] GC(145) Survivor regions: 3->6(14)
[2025-12-11T13:35:37.483+0000][gc,heap     ] GC(145) Old regions: 58->48
[2025-12-11T13:35:37.483+0000][gc,heap     ] GC(145) Humongous regions: 149->149
[2025-12-11T13:35:37.483+0000][gc,metaspace] GC(145) Metaspace: 50500K(51520K)->50500K(51520K) NonClass: 44884K(45312K)->44884K(45312K) Class: 5616K(6208K)->5616K(6208K)
[2025-12-11T13:35:37.483+0000][gc          ] GC(145) Pause Young (Mixed) (G1 Evacuation Pause) 314M->202M(365M) 17.291ms
[2025-12-11T13:35:37.483+0000][gc,cpu      ] GC(145) User=0.02s Sys=0.00s Real=0.01s
[2025-12-11T13:40:57.838+0000][gc,heap,exit] Heap
[2025-12-11T13:40:57.847+0000][gc,heap,exit]  garbage-first heap   total 373760K, used 248910K [0x00000000e0000000, 0x0000000100000000)
[2025-12-11T13:40:57.847+0000][gc,heap,exit]   region size 1024K, 47 young (48128K), 6 survivors (6144K)
[2025-12-11T13:40:57.849+0000][gc,heap,exit]  Metaspace       used 50565K, committed 51584K, reserved 1114112K
[2025-12-11T13:40:57.849+0000][gc,heap,exit]   class space    used 5629K, committed 6208K, reserved 1048576K
