[2025-12-11T13:40:45.381+0000][gc,init] CardTable entry size: 512
[2025-12-11T13:40:45.385+0000][gc     ] Using G1
[2025-12-11T13:40:45.388+0000][gc,init] Version: 21.0.9+10-Ubuntu-124.04 (release)
[2025-12-11T13:40:45.388+0000][gc,init] CPUs: 15 total, 1 available
[2025-12-11T13:40:45.388+0000][gc,init] Memory: 957M
[2025-12-11T13:40:45.388+0000][gc,init] Large Page Support: Disabled
[2025-12-11T13:40:45.388+0000][gc,init] NUMA Support: Disabled
[2025-12-11T13:40:45.388+0000][gc,init] Compressed Oops: Enabled (32-bit)
[2025-12-11T13:40:45.388+0000][gc,init] Heap Region Size: 1M
[2025-12-11T13:40:45.388+0000][gc,init] Heap Min Capacity: 256M
[2025-12-11T13:40:45.388+0000][gc,init] Heap Initial Capacity: 256M
[2025-12-11T13:40:45.388+0000][gc,init] Heap Max Capacity: 512M
[2025-12-11T13:40:45.388+0000][gc,init] Pre-touch: Disabled
[2025-12-11T13:40:45.388+0000][gc,init] Parallel Workers: 1
[2025-12-11T13:40:45.388+0000][gc,init] Concurrent Workers: 1
[2025-12-11T13:40:45.388+0000][gc,init] Concurrent Refinement Workers: 1
[2025-12-11T13:40:45.388+0000][gc,init] Periodic GC: Disabled
[2025-12-11T13:40:45.396+0000][gc,metaspace] CDS archive(s) mapped at: [0x0000773e9f000000-0x0000773e9fca0000-0x0000773e9fca0000), size 13238272, SharedBaseAddress: 0x0000773e9f000000, ArchiveRelocationMode: 1.
[2025-12-11T13:40:45.396+0000][gc,metaspace] Compressed class space mapped at: 0x0000773ea0000000-0x0000773ee0000000, reserved size: 1073741824
[2025-12-11T13:40:45.396+0000][gc,metaspace] Narrow klass base: 0x0000773e9f000000, Narrow klass shift: 0, Narrow klass range: 0x100000000
[2025-12-11T13:40:46.526+0000][gc,start    ] GC(0) Pause Young (Normal) (G1 Evacuation Pause)
[2025-12-11T13:40:46.526+0000][gc,task     ] GC(0) Using 1 workers of 1 for evacuation
[2025-12-11T13:40:46.535+0000][gc,phases   ] GC(0)   Pre Evacuate Collection Set: 0.07ms
[2025-12-11T13:40:46.535+0000][gc,phases   ] GC(0)   Merge Heap Roots: 0.03ms
[2025-12-11T13:40:46.535+0000][gc,phases   ] GC(0)   Evacuate Collection Set: 8.62ms
[2025-12-11T13:40:46.535+0000][gc,phases   ] GC(0)   Post Evacuate Collection Set: 0.19ms
[2025-12-11T13:40:46.535+0000][gc,phases   ] GC(0)   Other: 0.07ms
[2025-12-11T13:40:46.535+0000][gc,heap     ] GC(0) Eden regions: 12->0(10)
[2025-12-11T13:40:46.535+0000][gc,heap     ] GC(0) Survivor regions: 0->2(2)
[2025-12-11T13:40:46.535+0000][gc,heap     ] GC(0) Old regions: 2->5
[2025-12-11T13:40:46.535+0000][gc,heap     ] GC(0) Humongous regions: 0->0
[2025-12-11T13:40:46.535+0000][gc,metaspace] GC(0) Metaspace: 3878K(4032K)->3878K(4032K) NonClass: 3494K(3584K)->3494K(3584K) Class: 383K(448K)->383K(448K)
[2025-12-11T13:40:46.535+0000][gc          ] GC(0) Pause Young (Normal) (G1 Evacuation Pause) 13M->5M(258M) 9.158ms
[2025-12-11T13:40:46.535+0000][gc,cpu      ] GC(0) User=0.01s Sys=0.00s Real=0.01s
[2025-12-11T13:40:47.218+0000][gc,start    ] GC(1) Pause Young (Normal) (G1 Evacuation Pause)
[2025-12-11T13:40:47.218+0000][gc,task     ] GC(1) Using 1 workers of 1 for evacuation
[2025-12-11T13:40:47.226+0000][gc,phases   ] GC(1)   Pre Evacuate Collection Set: 0.67ms
[2025-12-11T13:40:47.226+0000][gc,phases   ] GC(1)   Merge Heap Roots: 0.02ms
[2025-12-11T13:40:47.226+0000][gc,phases   ] GC(1)   Evacuate Collection Set: 6.99ms
[2025-12-11T13:40:47.226+0000][gc,phases   ] GC(1)   Post Evacuate Collection Set: 0.21ms
[2025-12-11T13:40:47.226+0000][gc,phases   ] GC(1)   Other: 0.06ms
[2025-12-11T13:40:47.226+0000][gc,heap     ] GC(1) Eden regions: 10->0(10)
[2025-12-11T13:40:47.226+0000][gc,heap     ] GC(1) Survivor regions: 2->2(2)
[2025-12-11T13:40:47.226+0000][gc,heap     ] GC(1) Old regions: 5->7
[2025-12-11T13:40:47.226+0000][gc,heap     ] GC(1) Humongous regions: 0->0
[2025-12-11T13:40:47.226+0000][gc,metaspace] GC(1) Metaspace: 8180K(8384K)->8180K(8384K) NonClass: 7322K(7424K)->7322K(7424K) Class: 857K(960K)->857K(960K)
[2025-12-11T13:40:47.226+0000][gc          ] GC(1) Pause Young (Normal) (G1 Evacuation Pause) 15M->7M(258M) 8.080ms
[2025-12-11T13:40:47.226+0000][gc,cpu      ] GC(1) User=0.00s Sys=0.00s Real=0.01s
[2025-12-11T13:40:47.600+0000][gc,start    ] GC(2) Pause Young (Normal) (G1 Evacuation Pause)
[2025-12-11T13:40:47.600+0000][gc,task     ] GC(2) Using 1 workers of 1 for evacuation
[2025-12-11T13:40:47.606+0000][gc,phases   ] GC(2)   Pre Evacuate Collection Set: 0.66ms
[2025-12-11T13:40:47.606+0000][gc,phases   ] GC(2)   Merge Heap Roots: 0.02ms
[2025-12-11T13:40:47.606+0000][gc,phases   ] GC(2)   Evacuate Collection Set: 5.28ms
[2025-12-11T13:40:47.606+0000][gc,phases   ] GC(2)   Post Evacuate Collection Set: 0.24ms
[2025-12-11T13:40:47.606+0000][gc,phases   ] GC(2)   Other: 0.06ms
[2025-12-11T13:40:47.606+0000][gc,heap     ] GC(2) Eden regions: 10->0(11)
[2025-12-11T13:40:47.606+0000][gc,heap     ] GC(2) Survivor regions: 2->1(2)
[2025-12-11T13:40:47.606+0000][gc,heap     ] GC(2) Old regions: 7->9
[2025-12-11T13:40:47.606+0000][gc,heap     ] GC(2) Humongous regions: 0->0
[2025-12-11T13:40:47.606+0000][gc,metaspace] GC(2) Metaspace: 10696K(10880K)->10696K(10880K) NonClass: 9553K(9664K)->9553K(9664K) Class: 1143K(1216K)->1143K(1216K)
[2025-12-11T13:40:47.606+0000][gc          ] GC(2) Pause Young (Normal) (G1 Evacuation Pause) 17M->8M(258M) 6.386ms
[2025-12-11T13:40:47.606+0000][gc,cpu      ] GC(2) User=0.01s Sys=0.00s Real=0.01s
[2025-12-11T13:40:47.945+0000][gc,start    ] GC(3) Pause Young (Normal) (G1 Evacuation Pause)
[2025-12-11T13:40:47.945+0000][gc,task     ] GC(3) Using 1 workers of 1 for evacuation
[2025-12-11T13:40:47.948+0000][gc,phases   ] GC(3)   Pre Evacuate Collection Set: 0.06ms
[2025-12-11T13:40:47.948+0000][gc,phases   ] GC(3)   Merge Heap Roots: 0.02ms
[2025-12-11T13:40:47.948+0000][gc,phases   ] GC(3)   Evacuate Collection Set: 3.03ms
[2025-12-11T13:40:47.948+0000][gc,phases   ] GC(3)   Post Evacuate Collection Set: 0.18ms
[2025-12-11T13:40:47.948+0000][gc,phases   ] GC(3)   Other: 0.05ms
[2025-12-11T13:40:47.948+0000][gc,heap     ] GC(3) Eden regions: 11->0(10)
[2025-12-11T13:40:47.948+0000][gc,heap     ] GC(3) Survivor regions: 1->2(2)
[2025-12-11T13:40:47.948+0000][gc,heap     ] GC(3) Old regions: 9->9
[2025-12-11T13:40:47.948+0000][gc,heap     ] GC(3) Humongous regions: 0->0
[2025-12-11T13:40:47.948+0000][gc,metaspace] GC(3) Metaspace: 14063K(14208K)->14063K(14208K) NonClass: 12516K(12608K)->12516K(12608K) Class: 1547K(1600K)->1547K(1600K)
[2025-12-11T13:40:47.948+0000][gc          ] GC(3) Pause Young (Normal) (G1 Evacuation Pause) 19M->9M(258M) 3.455ms
[2025-12-11T13:40:47.948+0000][gc,cpu      ] GC(3) User=0.01s Sys=0.00s Real=0.00s
[2025-12-11T13:40:48.426+0000][gc,start    ] GC(4) Pause Young (Normal) (G1 Evacuation Pause)
[2025-12-11T13:40:48.426+0000][gc,task     ] GC(4) Using 1 workers of 1 for evacuation
[2025-12-11T13:40:48.432+0000][gc,phases   ] GC(4)   Pre Evacuate Collection Set: 0.06ms
[2025-12-11T13:40:48.432+0000][gc,phases   ] GC(4)   Merge Heap Roots: 0.02ms
[2025-12-11T13:40:48.432+0000][gc,phases   ] GC(4)   Evacuate Collection Set: 4.28ms
[2025-12-11T13:40:48.432+0000][gc,phases   ] GC(4)   Post Evacuate Collection Set: 1.15ms
[2025-12-11T13:40:48.432+0000][gc,phases   ] GC(4)   Other: 0.04ms
[2025-12-11T13:40:48.432+0000][gc,heap     ] GC(4) Eden regions: 10->0(10)
[2025-12-11T13:40:48.432+0000][gc,heap     ] GC(4) Survivor regions: 2->2(2)
[2025-12-11T13:40:48.432+0000][gc,heap     ] GC(4) Old regions: 9->10
[2025-12-11T13:40:48.432+0000][gc,heap     ] GC(4) Humongous regions: 0->0
[2025-12-11T13:40:48.432+0000][gc,metaspace] GC(4) Metaspace: 17394K(17600K)->17394K(17600K) NonClass: 15444K(15552K)->15444K(15552K) Class: 1949K(2048K)->1949K(2048K)
[2025-12-11T13:40:48.432+0000][gc          ] GC(4) Pause Young (Normal) (G1 Evacuation Pause) 19M->9M(258M) 5.679ms
[2025-12-11T13:40:48.432+0000][gc,cpu      ] GC(4) User=0.00s Sys=0.00s Real=0.00s
[2025-12-11T13:40:48.861+0000][gc,start    ] GC(5) Pause Young (Normal) (G1 Evacuation Pause)
[2025-12-11T13:40:48.861+0000][gc,task     ] GC(5) Using 1 workers of 1 for evacuation
[2025-12-11T13:40:48.870+0000][gc,phases   ] GC(5)   Pre Evacuate Collection Set: 0.07ms
[2025-12-11T13:40:48.870+0000][gc,phases   ] GC(5)   Merge Heap Roots: 0.02ms
[2025-12-11T13:40:48.870+0000][gc,phases   ] GC(5)   Evacuate Collection Set: 9.14ms
[2025-12-11T13:40:48.870+0000][gc,phases   ] GC(5)   Post Evacuate Collection Set: 0.24ms
[2025-12-11T13:40:48.870+0000][gc,phases   ] GC(5)   Other: 0.05ms
[2025-12-11T13:40:48.870+0000][gc,heap     ] GC(5) Eden regions: 10->0(10)
[2025-12-11T13:40:48.870+0000][gc,heap     ] GC(5) Survivor regions: 2->2(2)
[2025-12-11T13:40:48.870+0000][gc,heap     ] GC(5) Old regions: 10->10
[2025-12-11T13:40:48.870+0000][gc,heap     ] GC(5) Humongous regions: 0->0
[2025-12-11T13:40:48.870+0000][gc,metaspace] GC(5) Metaspace: 20893K(21184K)->20893K(21184K) NonClass: 18394K(18560K)->18394K(18560K) Class: 2498K(2624K)->2498K(2624K)
[2025-12-11T13:40:48.870+0000][gc          ] GC(5) Pause Young (Normal) (G1 Evacuation Pause) 19M->10M(258M) 9.659ms
[2025-12-11T13:40:48.870+0000][gc,cpu      ] GC(5) User=0.01s Sys=0.00s Real=0.01s
[2025-12-11T13:40:48.897+0000][gc,start    ] GC(6) Pause Young (Concurrent Start) (Metadata GC Threshold)
[2025-12-11T13:40:48.897+0000][gc,task     ] GC(6) Using 1 workers of 1 for evacuation
[2025-12-11T13:40:48.901+0000][gc,phases   ] GC(6)   Pre Evacuate Collection Set: 0.06ms
[2025-12-11T13:40:48.901+0000][gc,phases   ] GC(6)   Merge Heap Roots: 0.02ms
[2025-12-11T13:40:48.901+0000][gc,phases   ] GC(6)   Evacuate Collection Set: 3.54ms
[2025-12-11T13:40:48.901+0000][gc,phases   ] GC(6)   Post Evacuate Collection Set: 0.17ms
[2025-12-11T13:40:48.901+0000][gc,phases   ] GC(6)   Other: 0.06ms
[2025-12-11T13:40:48.901+0000][gc,heap     ] GC(6) Eden regions: 2->0(11)
[2025-12-11T13:40:48.901+0000][gc,heap     ] GC(6) Survivor regions: 2->1(2)
[2025-12-11T13:40:48.901+0000][gc,heap     ] GC(6) Old regions: 10->11
[2025-12-11T13:40:48.901+0000][gc,heap     ] GC(6) Humongous regions: 0->0
[2025-12-11T13:40:48.901+0000][gc,metaspace] GC(6) Metaspace: 21250K(21504K)->21250K(21504K) NonClass: 18697K(18816K)->18697K(18816K) Class: 2553K(2688K)->2553K(2688K)
[2025-12-11T13:40:48.901+0000][gc          ] GC(6) Pause Young (Concurrent Start) (Metadata GC Threshold) 11M->10M(258M) 3.970ms
[2025-12-11T13:40:48.901+0000][gc,cpu      ] GC(6) User=0.00s Sys=0.00s Real=0.00s
[2025-12-11T13:40:48.901+0000][gc          ] GC(7) Concurrent Mark Cycle
[2025-12-11T13:40:48.901+0000][gc,marking  ] GC(7) Concurrent Scan Root Regions
[2025-12-11T13:40:48.905+0000][gc,marking  ] GC(7) Concurrent Scan Root Regions 3.362ms
[2025-12-11T13:40:48.905+0000][gc,marking  ] GC(7) Concurrent Mark
[2025-12-11T13:40:48.905+0000][gc,marking  ] GC(7) Concurrent Mark From Roots
[2025-12-11T13:40:48.905+0000][gc,task     ] GC(7) Using 1 workers of 1 for marking
[2025-12-11T13:40:48.918+0000][gc,marking  ] GC(7) Concurrent Mark From Roots 13.047ms
[2025-12-11T13:40:48.918+0000][gc,marking  ] GC(7) Concurrent Preclean
[2025-12-11T13:40:48.918+0000][gc,marking  ] GC(7) Concurrent Preclean 0.037ms
[2025-12-11T13:40:48.918+0000][gc,start    ] GC(7) Pause Remark
[2025-12-11T13:40:48.921+0000][gc          ] GC(7) Pause Remark 10M->10M(256M) 3.377ms
[2025-12-11T13:40:48.921+0000][gc,cpu      ] GC(7) User=0.00s Sys=0.00s Real=0.00s
[2025-12-11T13:40:48.922+0000][gc,marking  ] GC(7) Concurrent Mark 17.578ms
[2025-12-11T13:40:48.922+0000][gc,marking  ] GC(7) Concurrent Rebuild Remembered Sets and Scrub Regions
[2025-12-11T13:40:48.928+0000][gc,marking  ] GC(7) Concurrent Rebuild Remembered Sets and Scrub Regions 5.803ms
[2025-12-11T13:40:48.928+0000][gc,start    ] GC(7) Pause Cleanup
[2025-12-11T13:40:48.928+0000][gc          ] GC(7) Pause Cleanup 10M->10M(256M) 0.058ms
[2025-12-11T13:40:48.928+0000][gc,cpu      ] GC(7) User=0.00s Sys=0.00s Real=0.00s
[2025-12-11T13:40:48.929+0000][gc,marking  ] GC(7) Concurrent Clear Claimed Marks
[2025-12-11T13:40:48.929+0000][gc,marking  ] GC(7) Concurrent Clear Claimed Marks 0.018ms
[2025-12-11T13:40:48.929+0000][gc,marking  ] GC(7) Concurrent Cleanup for Next Mark
[2025-12-11T13:40:48.931+0000][gc,marking  ] GC(7) Concurrent Cleanup for Next Mark 2.272ms
[2025-12-11T13:40:48.932+0000][gc          ] GC(7) Concurrent Mark Cycle 30.274ms
[2025-12-11T13:40:49.389+0000][gc,start    ] GC(8) Pause Young (Prepare Mixed) (G1 Evacuation Pause)
[2025-12-11T13:40:49.389+0000][gc,task     ] GC(8) Using 1 workers of 1 for evacuation
[2025-12-11T13:40:49.394+0000][gc,phases   ] GC(8)   Pre Evacuate Collection Set: 0.07ms
[2025-12-11T13:40:49.394+0000][gc,phases   ] GC(8)   Merge Heap Roots: 0.02ms
[2025-12-11T13:40:49.394+0000][gc,phases   ] GC(8)   Evacuate Collection Set: 4.11ms
[2025-12-11T13:40:49.394+0000][gc,phases   ] GC(8)   Post Evacuate Collection Set: 0.67ms
[2025-12-11T13:40:49.394+0000][gc,phases   ] GC(8)   Other: 0.04ms
[2025-12-11T13:40:49.394+0000][gc,heap     ] GC(8) Eden regions: 11->0(10)
[2025-12-11T13:40:49.394+0000][gc,heap     ] GC(8) Survivor regions: 1->2(2)
[2025-12-11T13:40:49.394+0000][gc,heap     ] GC(8) Old regions: 11->11
[2025-12-11T13:40:49.394+0000][gc,heap     ] GC(8) Humongous regions: 0->0
[2025-12-11T13:40:49.394+0000][gc,metaspace] GC(8) Metaspace: 24467K(24768K)->24467K(24768K) NonClass: 21594K(21760K)->21594K(21760K) Class: 2873K(3008K)->2873K(3008K)
[2025-12-11T13:40:49.394+0000][gc          ] GC(8) Pause Young (Prepare Mixed) (G1 Evacuation Pause) 21M->10M(256M) 5.039ms
[2025-12-11T13:40:49.394+0000][gc,cpu      ] GC(8) User=0.00s Sys=0.00s Real=0.00s
[2025-12-11T13:40:49.566+0000][gc,start    ] GC(9) Pause Young (Mixed) (G1 Evacuation Pause)
[2025-12-11T13:40:49.566+0000][gc,task     ] GC(9) Using 1 workers of 1 for evacuation
[2025-12-11T13:40:49.572+0000][gc,phases   ] GC(9)   Pre Evacuate Collection Set: 0.06ms
[2025-12-11T13:40:49.572+0000][gc,phases   ] GC(9)   Merge Heap Roots: 0.02ms
[2025-12-11T13:40:49.572+0000][gc,phases   ] GC(9)   Evacuate Collection Set: 4.89ms
[2025-12-11T13:40:49.572+0000][gc,phases   ] GC(9)   Post Evacuate Collection Set: 0.54ms
[2025-12-11T13:40:49.572+0000][gc,phases   ] GC(9)   Other: 0.06ms
[2025-12-11T13:40:49.572+0000][gc,heap     ] GC(9) Eden regions: 10->0(10)
[2025-12-11T13:40:49.572+0000][gc,heap     ] GC(9) Survivor regions: 2->2(2)
[2025-12-11T13:40:49.572+0000][gc,heap     ] GC(9) Old regions: 11->11
[2025-12-11T13:40:49.572+0000][gc,heap     ] GC(9) Humongous regions: 0->0
[2025-12-11T13:40:49.572+0000][gc,metaspace] GC(9) Metaspace: 27631K(27968K)->27631K(27968K) NonClass: 24554K(24768K)->24554K(24768K) Class: 3076K(3200K)->3076K(3200K)
[2025-12-11T13:40:49.572+0000][gc          ] GC(9) Pause Young (Mixed) (G1 Evacuation Pause) 20M->11M(256M) 5.679ms
[2025-12-11T13:40:49.572+0000][gc,cpu      ] GC(9) User=0.01s Sys=0.00s Real=0.00s
[2025-12-11T13:40:49.898+0000][gc,start    ] GC(10) Pause Young (Normal) (G1 Evacuation Pause)
[2025-12-11T13:40:49.898+0000][gc,task     ] GC(10) Using 1 workers of 1 for evacuation
[2025-12-11T13:40:49.919+0000][gc,mmu      ] GC(10) MMU target violated: 21.0ms (20.0ms/21.0ms)
[2025-12-11T13:40:49.919+0000][gc,phases   ] GC(10)   Pre Evacuate Collection Set: 0.10ms
[2025-12-11T13:40:49.919+0000][gc,phases   ] GC(10)   Merge Heap Roots: 0.02ms
[2025-12-11T13:40:49.919+0000][gc,phases   ] GC(10)   Evacuate Collection Set: 19.43ms
[2025-12-11T13:40:49.919+0000][gc,phases   ] GC(10)   Post Evacuate Collection Set: 1.59ms
[2025-12-11T13:40:49.919+0000][gc,phases   ] GC(10)   Other: 0.10ms
[2025-12-11T13:40:49.919+0000][gc,heap     ] GC(10) Eden regions: 10->0(10)
[2025-12-11T13:40:49.919+0000][gc,heap     ] GC(10) Survivor regions: 2->2(2)
[2025-12-11T13:40:49.919+0000][gc,heap     ] GC(10) Old regions: 11->12
[2025-12-11T13:40:49.919+0000][gc,heap     ] GC(10) Humongous regions: 0->0
[2025-12-11T13:40:49.919+0000][gc,metaspace] GC(10) Metaspace: 29732K(30080K)->29732K(30080K) NonClass: 26352K(26560K)->26352K(26560K) Class: 3379K(3520K)->3379K(3520K)
[2025-12-11T13:40:49.919+0000][gc          ] GC(10) Pause Young (Normal) (G1 Evacuation Pause) 21M->13M(256M) 21.347ms
[2025-12-11T13:40:49.919+0000][gc,cpu      ] GC(10) User=0.02s Sys=0.00s Real=0.02s
[2025-12-11T13:40:50.497+0000][gc,start    ] GC(11) Pause Young (Normal) (G1 Evacuation Pause)
[2025-12-11T13:40:50.497+0000][gc,task     ] GC(11) Using 1 workers of 1 for evacuation
[2025-12-11T13:40:50.507+0000][gc,phases   ] GC(11)   Pre Evacuate Collection Set: 0.07ms
[2025-12-11T13:40:50.507+0000][gc,phases   ] GC(11)   Merge Heap Roots: 0.02ms
[2025-12-11T13:40:50.507+0000][gc,phases   ] GC(11)   Evacuate Collection Set: 8.82ms
[2025-12-11T13:40:50.507+0000][gc,phases   ] GC(11)   Post Evacuate Collection Set: 0.71ms
[2025-12-11T13:40:50.507+0000][gc,phases   ] GC(11)   Other: 0.07ms
[2025-12-11T13:40:50.507+0000][gc,heap     ] GC(11) Eden regions: 10->0(10)
[2025-12-11T13:40:50.507+0000][gc,heap     ] GC(11) Survivor regions: 2->2(2)
[2025-12-11T13:40:50.507+0000][gc,heap     ] GC(11) Old regions: 12->14
[2025-12-11T13:40:50.507+0000][gc,heap     ] GC(11) Humongous regions: 0->0
[2025-12-11T13:40:50.507+0000][gc,metaspace] GC(11) Metaspace: 32010K(32512K)->32010K(32512K) NonClass: 28327K(28608K)->28327K(28608K) Class: 3683K(3904K)->3683K(3904K)
[2025-12-11T13:40:50.507+0000][gc          ] GC(11) Pause Young (Normal) (G1 Evacuation Pause) 23M->15M(256M) 9.844ms
[2025-12-11T13:40:50.507+0000][gc,cpu      ] GC(11) User=0.01s Sys=0.01s Real=0.01s
[2025-12-11T13:40:50.713+0000][gc,start    ] GC(12) Pause Young (Normal) (G1 Evacuation Pause)
[2025-12-11T13:40:50.713+0000][gc,task     ] GC(12) Using 1 workers of 1 for evacuation
[2025-12-11T13:40:50.720+0000][gc,phases   ] GC(12)   Pre Evacuate Collection Set: 0.06ms
[2025-12-11T13:40:50.720+0000][gc,phases   ] GC(12)   Merge Heap Roots: 0.02ms
[2025-12-11T13:40:50.720+0000][gc,phases   ] GC(12)   Evacuate Collection Set: 6.38ms
[2025-12-11T13:40:50.720+0000][gc,phases   ] GC(12)   Post Evacuate Collection Set: 0.24ms
[2025-12-11T13:40:50.720+0000][gc,phases   ] GC(12)   Other: 0.06ms
[2025-12-11T13:40:50.720+0000][gc,heap     ] GC(12) Eden regions: 10->0(11)
[2025-12-11T13:40:50.720+0000][gc,heap     ] GC(12) Survivor regions: 2->1(2)
[2025-12-11T13:40:50.720+0000][gc,heap     ] GC(12) Old regions: 14->16
[2025-12-11T13:40:50.720+0000][gc,heap     ] GC(12) Humongous regions: 0->0
[2025-12-11T13:40:50.720+0000][gc,metaspace] GC(12) Metaspace: 32034K(32512K)->32034K(32512K) NonClass: 28351K(28608K)->28351K(28608K) Class: 3683K(3904K)->3683K(3904K)
[2025-12-11T13:40:50.720+0000][gc          ] GC(12) Pause Young (Normal) (G1 Evacuation Pause) 25M->15M(256M) 6.888ms
[2025-12-11T13:40:50.720+0000][gc,cpu      ] GC(12) User=0.01s Sys=0.00s Real=0.01s
[2025-12-11T13:40:50.927+0000][gc,start    ] GC(13) Pause Young (Normal) (G1 Evacuation Pause)
[2025-12-11T13:40:50.927+0000][gc,task     ] GC(13) Using 1 workers of 1 for evacuation
[2025-12-11T13:40:50.928+0000][gc,phases   ] GC(13)   Pre Evacuate Collection Set: 0.06ms
[2025-12-11T13:40:50.928+0000][gc,phases   ] GC(13)   Merge Heap Roots: 0.02ms
[2025-12-11T13:40:50.928+0000][gc,phases   ] GC(13)   Evacuate Collection Set: 0.26ms
[2025-12-11T13:40:50.928+0000][gc,phases   ] GC(13)   Post Evacuate Collection Set: 0.22ms
[2025-12-11T13:40:50.928+0000][gc,phases   ] GC(13)   Other: 0.07ms
[2025-12-11T13:40:50.928+0000][gc,heap     ] GC(13) Eden regions: 11->0(11)
[2025-12-11T13:40:50.928+0000][gc,heap     ] GC(13) Survivor regions: 1->1(2)
[2025-12-11T13:40:50.928+0000][gc,heap     ] GC(13) Old regions: 16->16
[2025-12-11T13:40:50.928+0000][gc,heap     ] GC(13) Humongous regions: 0->0
[2025-12-11T13:40:50.928+0000][gc,metaspace] GC(13) Metaspace: 32035K(32512K)->32035K(32512K) NonClass: 28352K(28608K)->28352K(28608K) Class: 3683K(3904K)->3683K(3904K)
[2025-12-11T13:40:50.928+0000][gc          ] GC(13) Pause Young (Normal) (G1 Evacuation Pause) 26M->15M(256M) 0.736ms
[2025-12-11T13:40:50.928+0000][gc,cpu      ] GC(13) User=0.00s Sys=0.00s Real=0.00s
[2025-12-11T13:40:51.041+0000][gc,start    ] GC(14) Pause Young (Normal) (G1 Evacuation Pause)
[2025-12-11T13:40:51.041+0000][gc,task     ] GC(14) Using 1 workers of 1 for evacuation
[2025-12-11T13:40:51.042+0000][gc,phases   ] GC(14)   Pre Evacuate Collection Set: 0.06ms
[2025-12-11T13:40:51.042+0000][gc,phases   ] GC(14)   Merge Heap Roots: 0.01ms
[2025-12-11T13:40:51.042+0000][gc,phases   ] GC(14)   Evacuate Collection Set: 0.21ms
[2025-12-11T13:40:51.042+0000][gc,phases   ] GC(14)   Post Evacuate Collection Set: 0.21ms
[2025-12-11T13:40:51.042+0000][gc,phases   ] GC(14)   Other: 0.05ms
[2025-12-11T13:40:51.042+0000][gc,heap     ] GC(14) Eden regions: 15->0(66)
[2025-12-11T13:40:51.042+0000][gc,heap     ] GC(14) Survivor regions: 1->1(2)
[2025-12-11T13:40:51.042+0000][gc,heap     ] GC(14) Old regions: 16->16
[2025-12-11T13:40:51.042+0000][gc,heap     ] GC(14) Humongous regions: 0->0
[2025-12-11T13:40:51.042+0000][gc,metaspace] GC(14) Metaspace: 32054K(32512K)->32054K(32512K) NonClass: 28370K(28608K)->28370K(28608K) Class: 3683K(3904K)->3683K(3904K)
[2025-12-11T13:40:51.042+0000][gc          ] GC(14) Pause Young (Normal) (G1 Evacuation Pause) 30M->15M(256M) 1.025ms
[2025-12-11T13:40:51.042+0000][gc,cpu      ] GC(14) User=0.01s Sys=0.00s Real=0.00s
[2025-12-11T13:40:58.767+0000][gc,start    ] GC(15) Pause Young (Normal) (G1 Evacuation Pause)
[2025-12-11T13:40:58.768+0000][gc,task     ] GC(15) Using 1 workers of 1 for evacuation
[2025-12-11T13:40:58.774+0000][gc,phases   ] GC(15)   Pre Evacuate Collection Set: 0.07ms
[2025-12-11T13:40:58.774+0000][gc,phases   ] GC(15)   Merge Heap Roots: 0.03ms
[2025-12-11T13:40:58.774+0000][gc,phases   ] GC(15)   Evacuate Collection Set: 2.70ms
[2025-12-11T13:40:58.774+0000][gc,phases   ] GC(15)   Post Evacuate Collection Set: 1.53ms
[2025-12-11T13:40:58.774+0000][gc,phases   ] GC(15)   Other: 0.85ms
[2025-12-11T13:40:58.774+0000][gc,heap     ] GC(15) Eden regions: 37->0(11)
[2025-12-11T13:40:58.774+0000][gc,heap     ] GC(15) Survivor regions: 1->1(5)
[2025-12-11T13:40:58.774+0000][gc,heap     ] GC(15) Old regions: 16->16
[2025-12-11T13:40:58.774+0000][gc,heap     ] GC(15) Humongous regions: 0->0
[2025-12-11T13:40:58.774+0000][gc,metaspace] GC(15) Metaspace: 34499K(35008K)->34499K(35008K) NonClass: 30549K(30848K)->30549K(30848K) Class: 3949K(4160K)->3949K(4160K)
[2025-12-11T13:40:58.774+0000][gc          ] GC(15) Pause Young (Normal) (G1 Evacuation Pause) 52M->16M(256M) 6.806ms
[2025-12-11T13:40:58.774+0000][gc,cpu      ] GC(15) User=0.00s Sys=0.00s Real=0.00s
[2025-12-11T13:40:58.968+0000][gc,start    ] GC(16) Pause Young (Concurrent Start) (Metadata GC Threshold)
[2025-12-11T13:40:58.968+0000][gc,task     ] GC(16) Using 1 workers of 1 for evacuation
[2025-12-11T13:40:58.972+0000][gc,phases   ] GC(16)   Pre Evacuate Collection Set: 0.07ms
[2025-12-11T13:40:58.972+0000][gc,phases   ] GC(16)   Merge Heap Roots: 0.02ms
[2025-12-11T13:40:58.972+0000][gc,phases   ] GC(16)   Evacuate Collection Set: 3.95ms
[2025-12-11T13:40:58.972+0000][gc,phases   ] GC(16)   Post Evacuate Collection Set: 0.28ms
[2025-12-11T13:40:58.972+0000][gc,phases   ] GC(16)   Other: 0.07ms
[2025-12-11T13:40:58.972+0000][gc,heap     ] GC(16) Eden regions: 6->0(10)
[2025-12-11T13:40:58.972+0000][gc,heap     ] GC(16) Survivor regions: 1->2(2)
[2025-12-11T13:40:58.972+0000][gc,heap     ] GC(16) Old regions: 16->16
[2025-12-11T13:40:58.972+0000][gc,heap     ] GC(16) Humongous regions: 9->9
[2025-12-11T13:40:58.972+0000][gc,metaspace] GC(16) Metaspace: 35642K(36160K)->35642K(36160K) NonClass: 31518K(31808K)->31518K(31808K) Class: 4124K(4352K)->4124K(4352K)
[2025-12-11T13:40:58.972+0000][gc          ] GC(16) Pause Young (Concurrent Start) (Metadata GC Threshold) 30M->25M(256M) 4.512ms
[2025-12-11T13:40:58.972+0000][gc,cpu      ] GC(16) User=0.00s Sys=0.00s Real=0.00s
[2025-12-11T13:40:58.972+0000][gc          ] GC(17) Concurrent Mark Cycle
[2025-12-11T13:40:58.972+0000][gc,marking  ] GC(17) Concurrent Scan Root Regions
[2025-12-11T13:40:58.977+0000][gc,marking  ] GC(17) Concurrent Scan Root Regions 4.894ms
[2025-12-11T13:40:58.977+0000][gc,marking  ] GC(17) Concurrent Mark
[2025-12-11T13:40:58.977+0000][gc,marking  ] GC(17) Concurrent Mark From Roots
[2025-12-11T13:40:58.977+0000][gc,task     ] GC(17) Using 1 workers of 1 for marking
[2025-12-11T13:40:59.042+0000][gc,marking  ] GC(17) Concurrent Mark From Roots 64.655ms
[2025-12-11T13:40:59.042+0000][gc,marking  ] GC(17) Concurrent Preclean
[2025-12-11T13:40:59.042+0000][gc,marking  ] GC(17) Concurrent Preclean 0.054ms
[2025-12-11T13:40:59.042+0000][gc,start    ] GC(17) Pause Remark
[2025-12-11T13:40:59.048+0000][gc          ] GC(17) Pause Remark 27M->27M(256M) 6.031ms
[2025-12-11T13:40:59.048+0000][gc,cpu      ] GC(17) User=0.00s Sys=0.00s Real=0.01s
[2025-12-11T13:40:59.052+0000][gc,marking  ] GC(17) Concurrent Mark 74.891ms
[2025-12-11T13:40:59.052+0000][gc,marking  ] GC(17) Concurrent Rebuild Remembered Sets and Scrub Regions
[2025-12-11T13:40:59.093+0000][gc,marking  ] GC(17) Concurrent Rebuild Remembered Sets and Scrub Regions 40.947ms
[2025-12-11T13:40:59.093+0000][gc,start    ] GC(17) Pause Cleanup
[2025-12-11T13:40:59.093+0000][gc          ] GC(17) Pause Cleanup 28M->28M(256M) 0.075ms
[2025-12-11T13:40:59.093+0000][gc,cpu      ] GC(17) User=0.00s Sys=0.00s Real=0.00s
[2025-12-11T13:40:59.098+0000][gc,marking  ] GC(17) Concurrent Clear Claimed Marks
[2025-12-11T13:40:59.098+0000][gc,marking  ] GC(17) Concurrent Clear Claimed Marks 0.049ms
[2025-12-11T13:40:59.098+0000][gc,marking  ] GC(17) Concurrent Cleanup for Next Mark
[2025-12-11T13:40:59.098+0000][gc,marking  ] GC(17) Concurrent Cleanup for Next Mark 0.799ms
[2025-12-11T13:40:59.098+0000][gc          ] GC(17) Concurrent Mark Cycle 126.263ms
[2025-12-11T13:40:59.264+0000][gc,start    ] GC(18) Pause Young (Prepare Mixed) (G1 Evacuation Pause)
[2025-12-11T13:40:59.264+0000][gc,task     ] GC(18) Using 1 workers of 1 for evacuation
[2025-12-11T13:40:59.279+0000][gc,phases   ] GC(18)   Pre Evacuate Collection Set: 0.07ms
[2025-12-11T13:40:59.279+0000][gc,phases   ] GC(18)   Merge Heap Roots: 0.03ms
[2025-12-11T13:40:59.279+0000][gc,phases   ] GC(18)   Evacuate Collection Set: 14.40ms
[2025-12-11T13:40:59.279+0000][gc,phases   ] GC(18)   Post Evacuate Collection Set: 1.01ms
[2025-12-11T13:40:59.279+0000][gc,phases   ] GC(18)   Other: 0.05ms
[2025-12-11T13:40:59.279+0000][gc,heap     ] GC(18) Eden regions: 10->0(10)
[2025-12-11T13:40:59.279+0000][gc,heap     ] GC(18) Survivor regions: 2->2(2)
[2025-12-11T13:40:59.279+0000][gc,heap     ] GC(18) Old regions: 16->17
[2025-12-11T13:40:59.279+0000][gc,heap     ] GC(18) Humongous regions: 9->9
[2025-12-11T13:40:59.279+0000][gc,metaspace] GC(18) Metaspace: 37048K(37696K)->37048K(37696K) NonClass: 32769K(33152K)->32769K(33152K) Class: 4279K(4544K)->4279K(4544K)
[2025-12-11T13:40:59.279+0000][gc          ] GC(18) Pause Young (Prepare Mixed) (G1 Evacuation Pause) 35M->26M(256M) 15.695ms
[2025-12-11T13:40:59.279+0000][gc,cpu      ] GC(18) User=0.01s Sys=0.00s Real=0.02s
[2025-12-11T13:40:59.425+0000][gc,start    ] GC(19) Pause Young (Mixed) (G1 Evacuation Pause)
[2025-12-11T13:40:59.425+0000][gc,task     ] GC(19) Using 1 workers of 1 for evacuation
[2025-12-11T13:40:59.431+0000][gc,phases   ] GC(19)   Pre Evacuate Collection Set: 0.27ms
[2025-12-11T13:40:59.431+0000][gc,phases   ] GC(19)   Merge Heap Roots: 0.04ms
[2025-12-11T13:40:59.431+0000][gc,phases   ] GC(19)   Evacuate Collection Set: 4.70ms
[2025-12-11T13:40:59.431+0000][gc,phases   ] GC(19)   Post Evacuate Collection Set: 0.29ms
[2025-12-11T13:40:59.431+0000][gc,phases   ] GC(19)   Other: 0.07ms
[2025-12-11T13:40:59.431+0000][gc,heap     ] GC(19) Eden regions: 10->0(22)
[2025-12-11T13:40:59.431+0000][gc,heap     ] GC(19) Survivor regions: 2->1(2)
[2025-12-11T13:40:59.431+0000][gc,heap     ] GC(19) Old regions: 17->18
[2025-12-11T13:40:59.431+0000][gc,heap     ] GC(19) Humongous regions: 9->9
[2025-12-11T13:40:59.431+0000][gc,metaspace] GC(19) Metaspace: 37718K(38400K)->37718K(38400K) NonClass: 33347K(33728K)->33347K(33728K) Class: 4371K(4672K)->4371K(4672K)
[2025-12-11T13:40:59.431+0000][gc          ] GC(19) Pause Young (Mixed) (G1 Evacuation Pause) 36M->26M(256M) 5.478ms
[2025-12-11T13:40:59.431+0000][gc,cpu      ] GC(19) User=0.00s Sys=0.00s Real=0.00s
[2025-12-11T13:40:59.732+0000][gc,start    ] GC(20) Pause Young (Normal) (G1 Evacuation Pause)
[2025-12-11T13:40:59.733+0000][gc,task     ] GC(20) Using 1 workers of 1 for evacuation
[2025-12-11T13:40:59.746+0000][gc,phases   ] GC(20)   Pre Evacuate Collection Set: 0.08ms
[2025-12-11T13:40:59.746+0000][gc,phases   ] GC(20)   Merge Heap Roots: 0.03ms
[2025-12-11T13:40:59.746+0000][gc,phases   ] GC(20)   Evacuate Collection Set: 13.41ms
[2025-12-11T13:40:59.746+0000][gc,phases   ] GC(20)   Post Evacuate Collection Set: 0.31ms
[2025-12-11T13:40:59.746+0000][gc,phases   ] GC(20)   Other: 0.07ms
[2025-12-11T13:40:59.746+0000][gc,heap     ] GC(20) Eden regions: 14->0(10)
[2025-12-11T13:40:59.746+0000][gc,heap     ] GC(20) Survivor regions: 1->2(2)
[2025-12-11T13:40:59.746+0000][gc,heap     ] GC(20) Old regions: 18->20
[2025-12-11T13:40:59.747+0000][gc,heap     ] GC(20) Humongous regions: 9->9
[2025-12-11T13:40:59.747+0000][gc,metaspace] GC(20) Metaspace: 39599K(40384K)->39599K(40384K) NonClass: 34971K(35392K)->34971K(35392K) Class: 4628K(4992K)->4628K(4992K)
[2025-12-11T13:40:59.747+0000][gc          ] GC(20) Pause Young (Normal) (G1 Evacuation Pause) 40M->30M(256M) 14.063ms
[2025-12-11T13:40:59.747+0000][gc,cpu      ] GC(20) User=0.02s Sys=0.00s Real=0.02s
[2025-12-11T13:41:00.066+0000][gc,start    ] GC(21) Pause Young (Normal) (G1 Evacuation Pause)
[2025-12-11T13:41:00.066+0000][gc,task     ] GC(21) Using 1 workers of 1 for evacuation
[2025-12-11T13:41:00.078+0000][gc,phases   ] GC(21)   Pre Evacuate Collection Set: 0.12ms
[2025-12-11T13:41:00.078+0000][gc,phases   ] GC(21)   Merge Heap Roots: 0.04ms
[2025-12-11T13:41:00.078+0000][gc,phases   ] GC(21)   Evacuate Collection Set: 11.83ms
[2025-12-11T13:41:00.078+0000][gc,phases   ] GC(21)   Post Evacuate Collection Set: 0.35ms
[2025-12-11T13:41:00.078+0000][gc,phases   ] GC(21)   Other: 0.06ms
[2025-12-11T13:41:00.078+0000][gc,heap     ] GC(21) Eden regions: 10->0(10)
[2025-12-11T13:41:00.078+0000][gc,heap     ] GC(21) Survivor regions: 2->2(2)
[2025-12-11T13:41:00.078+0000][gc,heap     ] GC(21) Old regions: 20->22
[2025-12-11T13:41:00.078+0000][gc,heap     ] GC(21) Humongous regions: 9->9
[2025-12-11T13:41:00.078+0000][gc,metaspace] GC(21) Metaspace: 41787K(42560K)->41787K(42560K) NonClass: 36942K(37376K)->36942K(37376K) Class: 4845K(5184K)->4845K(5184K)
[2025-12-11T13:41:00.078+0000][gc          ] GC(21) Pause Young (Normal) (G1 Evacuation Pause) 40M->32M(256M) 12.534ms
[2025-12-11T13:41:00.078+0000][gc,cpu      ] GC(21) User=0.02s Sys=0.00s Real=0.01s
[2025-12-11T13:41:00.587+0000][gc,start    ] GC(22) Pause Young (Normal) (G1 Evacuation Pause)
[2025-12-11T13:41:00.587+0000][gc,task     ] GC(22) Using 1 workers of 1 for evacuation
[2025-12-11T13:41:00.602+0000][gc,phases   ] GC(22)   Pre Evacuate Collection Set: 1.70ms
[2025-12-11T13:41:00.602+0000][gc,phases   ] GC(22)   Merge Heap Roots: 0.04ms
[2025-12-11T13:41:00.602+0000][gc,phases   ] GC(22)   Evacuate Collection Set: 11.20ms
[2025-12-11T13:41:00.602+0000][gc,phases   ] GC(22)   Post Evacuate Collection Set: 2.55ms
[2025-12-11T13:41:00.602+0000][gc,phases   ] GC(22)   Other: 0.05ms
[2025-12-11T13:41:00.602+0000][gc,heap     ] GC(22) Eden regions: 10->0(11)
[2025-12-11T13:41:00.602+0000][gc,heap     ] GC(22) Survivor regions: 2->1(2)
[2025-12-11T13:41:00.602+0000][gc,heap     ] GC(22) Old regions: 22->24
[2025-12-11T13:41:00.602+0000][gc,heap     ] GC(22) Humongous regions: 9->9
[2025-12-11T13:41:00.602+0000][gc,metaspace] GC(22) Metaspace: 42790K(43584K)->42790K(43584K) NonClass: 37869K(38336K)->37869K(38336K) Class: 4920K(5248K)->4920K(5248K)
[2025-12-11T13:41:00.602+0000][gc          ] GC(22) Pause Young (Normal) (G1 Evacuation Pause) 42M->33M(256M) 15.660ms
[2025-12-11T13:41:00.602+0000][gc,cpu      ] GC(22) User=0.02s Sys=0.00s Real=0.01s
[2025-12-11T13:41:01.100+0000][gc,start    ] GC(23) Pause Young (Concurrent Start) (G1 Humongous Allocation)
[2025-12-11T13:41:01.100+0000][gc,task     ] GC(23) Using 1 workers of 1 for evacuation
[2025-12-11T13:41:01.108+0000][gc,phases   ] GC(23)   Pre Evacuate Collection Set: 0.09ms
[2025-12-11T13:41:01.108+0000][gc,phases   ] GC(23)   Merge Heap Roots: 0.03ms
[2025-12-11T13:41:01.108+0000][gc,phases   ] GC(23)   Evacuate Collection Set: 4.72ms
[2025-12-11T13:41:01.108+0000][gc,phases   ] GC(23)   Post Evacuate Collection Set: 2.55ms
[2025-12-11T13:41:01.108+0000][gc,phases   ] GC(23)   Other: 0.52ms
[2025-12-11T13:41:01.108+0000][gc,heap     ] GC(23) Eden regions: 10->0(11)
[2025-12-11T13:41:01.108+0000][gc,heap     ] GC(23) Survivor regions: 1->1(2)
[2025-12-11T13:41:01.108+0000][gc,heap     ] GC(23) Old regions: 24->24
[2025-12-11T13:41:01.108+0000][gc,heap     ] GC(23) Humongous regions: 9->9
[2025-12-11T13:41:01.108+0000][gc,metaspace] GC(23) Metaspace: 43341K(44160K)->43341K(44160K) NonClass: 38380K(38848K)->38380K(38848K) Class: 4961K(5312K)->4961K(5312K)
[2025-12-11T13:41:01.108+0000][gc          ] GC(23) Pause Young (Concurrent Start) (G1 Humongous Allocation) 42M->33M(256M) 8.032ms
[2025-12-11T13:41:01.108+0000][gc          ] GC(24) Concurrent Undo Cycle
[2025-12-11T13:41:01.108+0000][gc,marking  ] GC(24) Concurrent Clear Claimed Marks
[2025-12-11T13:41:01.108+0000][gc,marking  ] GC(24) Concurrent Clear Claimed Marks 0.062ms
[2025-12-11T13:41:01.108+0000][gc,marking  ] GC(24) Concurrent Cleanup for Next Mark
[2025-12-11T13:41:01.108+0000][gc,cpu      ] GC(23) User=0.01s Sys=0.00s Real=0.01s
[2025-12-11T13:41:01.110+0000][gc,marking  ] GC(24) Concurrent Cleanup for Next Mark 1.420ms
[2025-12-11T13:41:01.110+0000][gc          ] GC(24) Concurrent Undo Cycle 1.508ms
[2025-12-11T13:41:01.846+0000][gc,start    ] GC(25) Pause Young (Normal) (G1 Evacuation Pause)
[2025-12-11T13:41:01.846+0000][gc,task     ] GC(25) Using 1 workers of 1 for evacuation
[2025-12-11T13:41:01.852+0000][gc,phases   ] GC(25)   Pre Evacuate Collection Set: 0.09ms
[2025-12-11T13:41:01.852+0000][gc,phases   ] GC(25)   Merge Heap Roots: 0.03ms
[2025-12-11T13:41:01.852+0000][gc,phases   ] GC(25)   Evacuate Collection Set: 5.28ms
[2025-12-11T13:41:01.852+0000][gc,phases   ] GC(25)   Post Evacuate Collection Set: 0.81ms
[2025-12-11T13:41:01.852+0000][gc,phases   ] GC(25)   Other: 0.06ms
[2025-12-11T13:41:01.852+0000][gc,heap     ] GC(25) Eden regions: 11->0(10)
[2025-12-11T13:41:01.852+0000][gc,heap     ] GC(25) Survivor regions: 1->2(2)
[2025-12-11T13:41:01.852+0000][gc,heap     ] GC(25) Old regions: 24->24
[2025-12-11T13:41:01.852+0000][gc,heap     ] GC(25) Humongous regions: 138->138
[2025-12-11T13:41:01.852+0000][gc,metaspace] GC(25) Metaspace: 44801K(45760K)->44801K(45760K) NonClass: 39629K(40192K)->39629K(40192K) Class: 5172K(5568K)->5172K(5568K)
[2025-12-11T13:41:01.853+0000][gc          ] GC(25) Pause Young (Normal) (G1 Evacuation Pause) 173M->163M(256M) 6.407ms
[2025-12-11T13:41:01.853+0000][gc,cpu      ] GC(25) User=0.01s Sys=0.00s Real=0.00s
[2025-12-11T13:41:01.865+0000][gc,start    ] GC(26) Pause Young (Concurrent Start) (G1 Humongous Allocation)
[2025-12-11T13:41:01.865+0000][gc,task     ] GC(26) Using 1 workers of 1 for evacuation
[2025-12-11T13:41:01.871+0000][gc,phases   ] GC(26)   Pre Evacuate Collection Set: 0.07ms
[2025-12-11T13:41:01.871+0000][gc,phases   ] GC(26)   Merge Heap Roots: 0.02ms
[2025-12-11T13:41:01.871+0000][gc,phases   ] GC(26)   Evacuate Collection Set: 5.73ms
[2025-12-11T13:41:01.871+0000][gc,phases   ] GC(26)   Post Evacuate Collection Set: 0.31ms
[2025-12-11T13:41:01.871+0000][gc,phases   ] GC(26)   Other: 0.07ms
[2025-12-11T13:41:01.871+0000][gc,heap     ] GC(26) Eden regions: 1->0(17)
[2025-12-11T13:41:01.871+0000][gc,heap     ] GC(26) Survivor regions: 2->1(2)
[2025-12-11T13:41:01.871+0000][gc,heap     ] GC(26) Old regions: 24->26
[2025-12-11T13:41:01.871+0000][gc,heap     ] GC(26) Humongous regions: 138->138
[2025-12-11T13:41:01.871+0000][gc,metaspace] GC(26) Metaspace: 44838K(45760K)->44838K(45760K) NonClass: 39653K(40192K)->39653K(40192K) Class: 5185K(5568K)->5185K(5568K)
[2025-12-11T13:41:01.871+0000][gc          ] GC(26) Pause Young (Concurrent Start) (G1 Humongous Allocation) 164M->164M(256M) 7.179ms
[2025-12-11T13:41:01.871+0000][gc          ] GC(27) Concurrent Mark Cycle
[2025-12-11T13:41:01.871+0000][gc,marking  ] GC(27) Concurrent Scan Root Regions
[2025-12-11T13:41:01.873+0000][gc,cpu      ] GC(26) User=0.01s Sys=0.00s Real=0.01s
[2025-12-11T13:41:01.879+0000][gc,marking  ] GC(27) Concurrent Scan Root Regions 7.797ms
[2025-12-11T13:41:01.879+0000][gc,marking  ] GC(27) Concurrent Mark
[2025-12-11T13:41:01.879+0000][gc,marking  ] GC(27) Concurrent Mark From Roots
[2025-12-11T13:41:01.879+0000][gc,task     ] GC(27) Using 1 workers of 1 for marking
[2025-12-11T13:41:02.001+0000][gc,marking  ] GC(27) Concurrent Mark From Roots 122.782ms
[2025-12-11T13:41:02.002+0000][gc,marking  ] GC(27) Concurrent Preclean
[2025-12-11T13:41:02.002+0000][gc,marking  ] GC(27) Concurrent Preclean 0.069ms
[2025-12-11T13:41:02.005+0000][gc,start    ] GC(27) Pause Remark
[2025-12-11T13:41:02.014+0000][gc          ] GC(27) Pause Remark 172M->172M(285M) 9.114ms
[2025-12-11T13:41:02.014+0000][gc,cpu      ] GC(27) User=0.01s Sys=0.00s Real=0.00s
[2025-12-11T13:41:02.014+0000][gc,marking  ] GC(27) Concurrent Mark 135.454ms
[2025-12-11T13:41:02.014+0000][gc,marking  ] GC(27) Concurrent Rebuild Remembered Sets and Scrub Regions
[2025-12-11T13:41:02.076+0000][gc,marking  ] GC(27) Concurrent Rebuild Remembered Sets and Scrub Regions 62.082ms
[2025-12-11T13:41:02.077+0000][gc,start    ] GC(27) Pause Cleanup
[2025-12-11T13:41:02.077+0000][gc          ] GC(27) Pause Cleanup 174M->174M(285M) 0.111ms
[2025-12-11T13:41:02.077+0000][gc,cpu      ] GC(27) User=0.00s Sys=0.00s Real=0.00s
[2025-12-11T13:41:02.081+0000][gc,marking  ] GC(27) Concurrent Clear Claimed Marks
[2025-12-11T13:41:02.081+0000][gc,marking  ] GC(27) Concurrent Clear Claimed Marks 0.101ms
[2025-12-11T13:41:02.081+0000][gc,marking  ] GC(27) Concurrent Cleanup for Next Mark
[2025-12-11T13:41:02.082+0000][gc,marking  ] GC(27) Concurrent Cleanup for Next Mark 1.449ms
[2025-12-11T13:41:02.082+0000][gc          ] GC(27) Concurrent Mark Cycle 211.217ms
[2025-12-11T13:41:11.422+0000][gc,start    ] GC(28) Pause Young (Prepare Mixed) (G1 Evacuation Pause)
[2025-12-11T13:41:11.422+0000][gc,task     ] GC(28) Using 1 workers of 1 for evacuation
[2025-12-11T13:41:11.426+0000][gc,phases   ] GC(28)   Pre Evacuate Collection Set: 0.18ms
[2025-12-11T13:41:11.426+0000][gc,phases   ] GC(28)   Merge Heap Roots: 0.05ms
[2025-12-11T13:41:11.426+0000][gc,phases   ] GC(28)   Evacuate Collection Set: 3.61ms
[2025-12-11T13:41:11.426+0000][gc,phases   ] GC(28)   Post Evacuate Collection Set: 0.36ms
[2025-12-11T13:41:11.426+0000][gc,phases   ] GC(28)   Other: 0.06ms
[2025-12-11T13:41:11.426+0000][gc,heap     ] GC(28) Eden regions: 15->0(15)
[2025-12-11T13:41:11.426+0000][gc,heap     ] GC(28) Survivor regions: 1->1(2)
[2025-12-11T13:41:11.426+0000][gc,heap     ] GC(28) Old regions: 26->26
[2025-12-11T13:41:11.426+0000][gc,heap     ] GC(28) Humongous regions: 144->138
[2025-12-11T13:41:11.426+0000][gc,metaspace] GC(28) Metaspace: 46085K(47040K)->46085K(47040K) NonClass: 40724K(41280K)->40724K(41280K) Class: 5360K(5760K)->5360K(5760K)
[2025-12-11T13:41:11.426+0000][gc          ] GC(28) Pause Young (Prepare Mixed) (G1 Evacuation Pause) 185M->164M(285M) 4.371ms
[2025-12-11T13:41:11.426+0000][gc,cpu      ] GC(28) User=0.00s Sys=0.00s Real=0.01s
[2025-12-11T13:41:58.391+0000][gc,start    ] GC(29) Pause Young (Mixed) (G1 Evacuation Pause)
[2025-12-11T13:41:58.391+0000][gc,task     ] GC(29) Using 1 workers of 1 for evacuation
[2025-12-11T13:41:58.402+0000][gc,phases   ] GC(29)   Pre Evacuate Collection Set: 0.10ms
[2025-12-11T13:41:58.402+0000][gc,phases   ] GC(29)   Merge Heap Roots: 0.05ms
[2025-12-11T13:41:58.402+0000][gc,phases   ] GC(29)   Evacuate Collection Set: 10.46ms
[2025-12-11T13:41:58.402+0000][gc,phases   ] GC(29)   Post Evacuate Collection Set: 0.40ms
[2025-12-11T13:41:58.402+0000][gc,phases   ] GC(29)   Other: 0.05ms
[2025-12-11T13:41:58.402+0000][gc,heap     ] GC(29) Eden regions: 13->0(19)
[2025-12-11T13:41:58.402+0000][gc,heap     ] GC(29) Survivor regions: 1->1(2)
[2025-12-11T13:41:58.402+0000][gc,heap     ] GC(29) Old regions: 26->26
[2025-12-11T13:41:58.402+0000][gc,heap     ] GC(29) Humongous regions: 144->138
[2025-12-11T13:41:58.402+0000][gc,metaspace] GC(29) Metaspace: 46642K(47616K)->46642K(47616K) NonClass: 41230K(41792K)->41230K(41792K) Class: 5412K(5824K)->5412K(5824K)
[2025-12-11T13:41:58.402+0000][gc          ] GC(29) Pause Young (Mixed) (G1 Evacuation Pause) 183M->164M(285M) 11.654ms
[2025-12-11T13:41:58.402+0000][gc,cpu      ] GC(29) User=0.01s Sys=0.00s Real=0.01s
[2025-12-11T13:43:25.365+0000][gc,start    ] GC(30) Pause Young (Concurrent Start) (G1 Humongous Allocation)
[2025-12-11T13:43:25.365+0000][gc,task     ] GC(30) Using 1 workers of 1 for evacuation
[2025-12-11T13:43:25.372+0000][gc,phases   ] GC(30)   Pre Evacuate Collection Set: 0.11ms
[2025-12-11T13:43:25.372+0000][gc,phases   ] GC(30)   Merge Heap Roots: 0.04ms
[2025-12-11T13:43:25.372+0000][gc,phases   ] GC(30)   Evacuate Collection Set: 6.06ms
[2025-12-11T13:43:25.372+0000][gc,phases   ] GC(30)   Post Evacuate Collection Set: 0.39ms
[2025-12-11T13:43:25.372+0000][gc,phases   ] GC(30)   Other: 0.05ms
[2025-12-11T13:43:25.372+0000][gc,heap     ] GC(30) Eden regions: 15->0(23)
[2025-12-11T13:43:25.372+0000][gc,heap     ] GC(30) Survivor regions: 1->1(3)
[2025-12-11T13:43:25.372+0000][gc,heap     ] GC(30) Old regions: 26->26
[2025-12-11T13:43:25.372+0000][gc,heap     ] GC(30) Humongous regions: 138->138
[2025-12-11T13:43:25.372+0000][gc,metaspace] GC(30) Metaspace: 47482K(48448K)->47482K(48448K) NonClass: 41970K(42496K)->41970K(42496K) Class: 5511K(5952K)->5511K(5952K)
[2025-12-11T13:43:25.372+0000][gc          ] GC(30) Pause Young (Concurrent Start) (G1 Humongous Allocation) 178M->164M(285M) 6.804ms
[2025-12-11T13:43:25.372+0000][gc,cpu      ] GC(30) User=0.01s Sys=0.00s Real=0.00s
[2025-12-11T13:43:25.373+0000][gc          ] GC(31) Concurrent Mark Cycle
[2025-12-11T13:43:25.373+0000][gc,marking  ] GC(31) Concurrent Scan Root Regions
[2025-12-11T13:43:25.381+0000][gc,marking  ] GC(31) Concurrent Scan Root Regions 7.657ms
[2025-12-11T13:43:25.381+0000][gc,marking  ] GC(31) Concurrent Mark
[2025-12-11T13:43:25.381+0000][gc,marking  ] GC(31) Concurrent Mark From Roots
[2025-12-11T13:43:25.381+0000][gc,task     ] GC(31) Using 1 workers of 1 for marking
[2025-12-11T13:43:25.472+0000][gc,marking  ] GC(31) Concurrent Mark From Roots 90.726ms
[2025-12-11T13:43:25.472+0000][gc,marking  ] GC(31) Concurrent Preclean
[2025-12-11T13:43:25.472+0000][gc,marking  ] GC(31) Concurrent Preclean 0.050ms
[2025-12-11T13:43:25.472+0000][gc,start    ] GC(31) Pause Remark
[2025-12-11T13:43:25.483+0000][gc          ] GC(31) Pause Remark 168M->168M(285M) 10.870ms
[2025-12-11T13:43:25.483+0000][gc,cpu      ] GC(31) User=0.01s Sys=0.00s Real=0.01s
[2025-12-11T13:43:25.487+0000][gc,marking  ] GC(31) Concurrent Mark 105.476ms
[2025-12-11T13:43:25.487+0000][gc,marking  ] GC(31) Concurrent Rebuild Remembered Sets and Scrub Regions
[2025-12-11T13:43:25.519+0000][gc,marking  ] GC(31) Concurrent Rebuild Remembered Sets and Scrub Regions 32.184ms
[2025-12-11T13:43:25.519+0000][gc,start    ] GC(31) Pause Cleanup
[2025-12-11T13:43:25.519+0000][gc          ] GC(31) Pause Cleanup 168M->168M(285M) 0.073ms
[2025-12-11T13:43:25.519+0000][gc,cpu      ] GC(31) User=0.00s Sys=0.00s Real=0.00s
[2025-12-11T13:43:25.520+0000][gc,marking  ] GC(31) Concurrent Clear Claimed Marks
[2025-12-11T13:43:25.520+0000][gc,marking  ] GC(31) Concurrent Clear Claimed Marks 0.101ms
[2025-12-11T13:43:25.520+0000][gc,marking  ] GC(31) Concurrent Cleanup for Next Mark
[2025-12-11T13:43:25.520+0000][gc,marking  ] GC(31) Concurrent Cleanup for Next Mark 0.413ms
[2025-12-11T13:43:25.520+0000][gc          ] GC(31) Concurrent Mark Cycle 147.039ms
[2025-12-11T13:44:01.958+0000][gc,start    ] GC(32) Pause Young (Prepare Mixed) (G1 Evacuation Pause)
[2025-12-11T13:44:01.958+0000][gc,task     ] GC(32) Using 1 workers of 1 for evacuation
[2025-12-11T13:44:01.965+0000][gc,phases   ] GC(32)   Pre Evacuate Collection Set: 0.10ms
[2025-12-11T13:44:01.966+0000][gc,phases   ] GC(32)   Merge Heap Roots: 0.08ms
[2025-12-11T13:44:01.966+0000][gc,phases   ] GC(32)   Evacuate Collection Set: 6.98ms
[2025-12-11T13:44:01.966+0000][gc,phases   ] GC(32)   Post Evacuate Collection Set: 0.46ms
[2025-12-11T13:44:01.966+0000][gc,phases   ] GC(32)   Other: 0.05ms
[2025-12-11T13:44:01.966+0000][gc,heap     ] GC(32) Eden regions: 13->0(16)
[2025-12-11T13:44:01.966+0000][gc,heap     ] GC(32) Survivor regions: 1->2(2)
[2025-12-11T13:44:01.966+0000][gc,heap     ] GC(32) Old regions: 26->26
[2025-12-11T13:44:01.966+0000][gc,heap     ] GC(32) Humongous regions: 140->140
[2025-12-11T13:44:01.966+0000][gc,metaspace] GC(32) Metaspace: 48701K(49728K)->48701K(49728K) NonClass: 42993K(43584K)->42993K(43584K) Class: 5708K(6144K)->5708K(6144K)
[2025-12-11T13:44:01.966+0000][gc          ] GC(32) Pause Young (Prepare Mixed) (G1 Evacuation Pause) 179M->167M(285M) 7.861ms
[2025-12-11T13:44:01.966+0000][gc,cpu      ] GC(32) User=0.01s Sys=0.00s Real=0.01s
[2025-12-11T13:45:07.436+0000][gc,start    ] GC(33) Pause Young (Mixed) (G1 Evacuation Pause)
[2025-12-11T13:45:07.436+0000][gc,task     ] GC(33) Using 1 workers of 1 for evacuation
[2025-12-11T13:45:07.447+0000][gc,phases   ] GC(33)   Pre Evacuate Collection Set: 0.12ms
[2025-12-11T13:45:07.447+0000][gc,phases   ] GC(33)   Merge Heap Roots: 0.07ms
[2025-12-11T13:45:07.447+0000][gc,phases   ] GC(33)   Evacuate Collection Set: 9.70ms
[2025-12-11T13:45:07.447+0000][gc,phases   ] GC(33)   Post Evacuate Collection Set: 0.42ms
[2025-12-11T13:45:07.447+0000][gc,phases   ] GC(33)   Other: 0.05ms
[2025-12-11T13:45:07.447+0000][gc,heap     ] GC(33) Eden regions: 12->0(25)
[2025-12-11T13:45:07.447+0000][gc,heap     ] GC(33) Survivor regions: 2->2(2)
[2025-12-11T13:45:07.447+0000][gc,heap     ] GC(33) Old regions: 26->27
[2025-12-11T13:45:07.447+0000][gc,heap     ] GC(33) Humongous regions: 140->140
[2025-12-11T13:45:07.447+0000][gc,metaspace] GC(33) Metaspace: 49220K(50304K)->49220K(50304K) NonClass: 43512K(44160K)->43512K(44160K) Class: 5708K(6144K)->5708K(6144K)
[2025-12-11T13:45:07.447+0000][gc          ] GC(33) Pause Young (Mixed) (G1 Evacuation Pause) 179M->167M(285M) 10.517ms
[2025-12-11T13:45:07.447+0000][gc,cpu      ] GC(33) User=0.01s Sys=0.01s Real=0.01s
[2025-12-11T13:45:08.546+0000][gc,start    ] GC(34) Pause Young (Concurrent Start) (G1 Humongous Allocation)
[2025-12-11T13:45:08.546+0000][gc,task     ] GC(34) Using 1 workers of 1 for evacuation
[2025-12-11T13:45:08.552+0000][gc,phases   ] GC(34)   Pre Evacuate Collection Set: 0.11ms
[2025-12-11T13:45:08.552+0000][gc,phases   ] GC(34)   Merge Heap Roots: 0.06ms
[2025-12-11T13:45:08.552+0000][gc,phases   ] GC(34)   Evacuate Collection Set: 5.71ms
[2025-12-11T13:45:08.552+0000][gc,phases   ] GC(34)   Post Evacuate Collection Set: 0.38ms
[2025-12-11T13:45:08.552+0000][gc,phases   ] GC(34)   Other: 0.06ms
[2025-12-11T13:45:08.552+0000][gc,heap     ] GC(34) Eden regions: 11->0(31)
[2025-12-11T13:45:08.552+0000][gc,heap     ] GC(34) Survivor regions: 2->2(3)
[2025-12-11T13:45:08.552+0000][gc,heap     ] GC(34) Old regions: 27->27
[2025-12-11T13:45:08.552+0000][gc,heap     ] GC(34) Humongous regions: 140->140
[2025-12-11T13:45:08.552+0000][gc,metaspace] GC(34) Metaspace: 50155K(51200K)->50155K(51200K) NonClass: 44269K(44864K)->44269K(44864K) Class: 5885K(6336K)->5885K(6336K)
[2025-12-11T13:45:08.552+0000][gc          ] GC(34) Pause Young (Concurrent Start) (G1 Humongous Allocation) 177M->167M(285M) 6.434ms
[2025-12-11T13:45:08.552+0000][gc          ] GC(35) Concurrent Mark Cycle
[2025-12-11T13:45:08.552+0000][gc,marking  ] GC(35) Concurrent Scan Root Regions
[2025-12-11T13:45:08.552+0000][gc,cpu      ] GC(34) User=0.00s Sys=0.00s Real=0.00s
[2025-12-11T13:45:08.560+0000][gc,marking  ] GC(35) Concurrent Scan Root Regions 7.701ms
[2025-12-11T13:45:08.560+0000][gc,marking  ] GC(35) Concurrent Mark
[2025-12-11T13:45:08.560+0000][gc,marking  ] GC(35) Concurrent Mark From Roots
[2025-12-11T13:45:08.560+0000][gc,task     ] GC(35) Using 1 workers of 1 for marking
[2025-12-11T13:45:08.622+0000][gc,marking  ] GC(35) Concurrent Mark From Roots 62.222ms
[2025-12-11T13:45:08.622+0000][gc,marking  ] GC(35) Concurrent Mark Abort
[2025-12-11T13:45:08.622+0000][gc          ] GC(35) Concurrent Mark Cycle 69.987ms
[2025-12-11T13:45:08.622+0000][gc,heap,exit] Heap
[2025-12-11T13:45:08.622+0000][gc,heap,exit]  garbage-first heap   total 291840K, used 183281K [0x00000000e0000000, 0x0000000100000000)
[2025-12-11T13:45:08.622+0000][gc,heap,exit]   region size 1024K, 5 young (5120K), 2 survivors (2048K)
[2025-12-11T13:45:08.622+0000][gc,heap,exit]  Metaspace       used 50225K, committed 51264K, reserved 1114112K
[2025-12-11T13:45:08.622+0000][gc,heap,exit]   class space    used 5906K, committed 6336K, reserved 1048576K
