[2025-12-07T21:23:42.663+0000][gc,init] CardTable entry size: 512
[2025-12-07T21:23:42.667+0000][gc     ] Using G1
[2025-12-07T21:23:42.669+0000][gc,init] Version: 21.0.9+10-Ubuntu-124.04 (release)
[2025-12-07T21:23:42.669+0000][gc,init] CPUs: 15 total, 1 available
[2025-12-07T21:23:42.669+0000][gc,init] Memory: 957M
[2025-12-07T21:23:42.669+0000][gc,init] Large Page Support: Disabled
[2025-12-07T21:23:42.669+0000][gc,init] NUMA Support: Disabled
[2025-12-07T21:23:42.669+0000][gc,init] Compressed Oops: Enabled (32-bit)
[2025-12-07T21:23:42.669+0000][gc,init] Heap Region Size: 1M
[2025-12-07T21:23:42.669+0000][gc,init] Heap Min Capacity: 256M
[2025-12-07T21:23:42.669+0000][gc,init] Heap Initial Capacity: 256M
[2025-12-07T21:23:42.669+0000][gc,init] Heap Max Capacity: 700M
[2025-12-07T21:23:42.669+0000][gc,init] Pre-touch: Disabled
[2025-12-07T21:23:42.669+0000][gc,init] Parallel Workers: 1
[2025-12-07T21:23:42.669+0000][gc,init] Concurrent Workers: 1
[2025-12-07T21:23:42.669+0000][gc,init] Concurrent Refinement Workers: 1
[2025-12-07T21:23:42.669+0000][gc,init] Periodic GC: Disabled
[2025-12-07T21:23:42.678+0000][gc,metaspace] CDS archive(s) mapped at: [0x000074149f000000-0x000074149fca0000-0x000074149fca0000), size 13238272, SharedBaseAddress: 0x000074149f000000, ArchiveRelocationMode: 1.
[2025-12-07T21:23:42.678+0000][gc,metaspace] Compressed class space mapped at: 0x00007414a0000000-0x00007414e0000000, reserved size: 1073741824
[2025-12-07T21:23:42.678+0000][gc,metaspace] Narrow klass base: 0x000074149f000000, Narrow klass shift: 0, Narrow klass range: 0x100000000
[2025-12-07T21:23:43.270+0000][gc,start    ] GC(0) Pause Young (Normal) (G1 Evacuation Pause)
[2025-12-07T21:23:43.270+0000][gc,task     ] GC(0) Using 1 workers of 1 for evacuation
[2025-12-07T21:23:43.281+0000][gc,phases   ] GC(0)   Pre Evacuate Collection Set: 0.86ms
[2025-12-07T21:23:43.281+0000][gc,phases   ] GC(0)   Merge Heap Roots: 0.03ms
[2025-12-07T21:23:43.281+0000][gc,phases   ] GC(0)   Evacuate Collection Set: 9.98ms
[2025-12-07T21:23:43.281+0000][gc,phases   ] GC(0)   Post Evacuate Collection Set: 0.18ms
[2025-12-07T21:23:43.281+0000][gc,phases   ] GC(0)   Other: 0.05ms
[2025-12-07T21:23:43.281+0000][gc,heap     ] GC(0) Eden regions: 12->0(10)
[2025-12-07T21:23:43.281+0000][gc,heap     ] GC(0) Survivor regions: 0->2(2)
[2025-12-07T21:23:43.281+0000][gc,heap     ] GC(0) Old regions: 2->5
[2025-12-07T21:23:43.281+0000][gc,heap     ] GC(0) Humongous regions: 0->0
[2025-12-07T21:23:43.281+0000][gc,metaspace] GC(0) Metaspace: 3872K(4032K)->3872K(4032K) NonClass: 3489K(3584K)->3489K(3584K) Class: 383K(448K)->383K(448K)
[2025-12-07T21:23:43.281+0000][gc          ] GC(0) Pause Young (Normal) (G1 Evacuation Pause) 13M->5M(258M) 11.298ms
[2025-12-07T21:23:43.281+0000][gc,cpu      ] GC(0) User=0.01s Sys=0.00s Real=0.01s
[2025-12-07T21:23:43.786+0000][gc,start    ] GC(1) Pause Young (Normal) (G1 Evacuation Pause)
[2025-12-07T21:23:43.786+0000][gc,task     ] GC(1) Using 1 workers of 1 for evacuation
[2025-12-07T21:23:43.796+0000][gc,phases   ] GC(1)   Pre Evacuate Collection Set: 0.06ms
[2025-12-07T21:23:43.796+0000][gc,phases   ] GC(1)   Merge Heap Roots: 0.03ms
[2025-12-07T21:23:43.796+0000][gc,phases   ] GC(1)   Evacuate Collection Set: 9.92ms
[2025-12-07T21:23:43.796+0000][gc,phases   ] GC(1)   Post Evacuate Collection Set: 0.19ms
[2025-12-07T21:23:43.796+0000][gc,phases   ] GC(1)   Other: 0.06ms
[2025-12-07T21:23:43.796+0000][gc,heap     ] GC(1) Eden regions: 10->0(10)
[2025-12-07T21:23:43.796+0000][gc,heap     ] GC(1) Survivor regions: 2->2(2)
[2025-12-07T21:23:43.796+0000][gc,heap     ] GC(1) Old regions: 5->7
[2025-12-07T21:23:43.796+0000][gc,heap     ] GC(1) Humongous regions: 0->0
[2025-12-07T21:23:43.796+0000][gc,metaspace] GC(1) Metaspace: 8150K(8320K)->8150K(8320K) NonClass: 7293K(7360K)->7293K(7360K) Class: 856K(960K)->856K(960K)
[2025-12-07T21:23:43.796+0000][gc          ] GC(1) Pause Young (Normal) (G1 Evacuation Pause) 15M->7M(258M) 10.381ms
[2025-12-07T21:23:43.796+0000][gc,cpu      ] GC(1) User=0.01s Sys=0.00s Real=0.01s
[2025-12-07T21:23:44.094+0000][gc,start    ] GC(2) Pause Young (Normal) (G1 Evacuation Pause)
[2025-12-07T21:23:44.095+0000][gc,task     ] GC(2) Using 1 workers of 1 for evacuation
[2025-12-07T21:23:44.106+0000][gc,phases   ] GC(2)   Pre Evacuate Collection Set: 0.08ms
[2025-12-07T21:23:44.106+0000][gc,phases   ] GC(2)   Merge Heap Roots: 0.02ms
[2025-12-07T21:23:44.106+0000][gc,phases   ] GC(2)   Evacuate Collection Set: 10.56ms
[2025-12-07T21:23:44.106+0000][gc,phases   ] GC(2)   Post Evacuate Collection Set: 0.93ms
[2025-12-07T21:23:44.106+0000][gc,phases   ] GC(2)   Other: 0.06ms
[2025-12-07T21:23:44.106+0000][gc,heap     ] GC(2) Eden regions: 10->0(11)
[2025-12-07T21:23:44.106+0000][gc,heap     ] GC(2) Survivor regions: 2->1(2)
[2025-12-07T21:23:44.106+0000][gc,heap     ] GC(2) Old regions: 7->9
[2025-12-07T21:23:44.106+0000][gc,heap     ] GC(2) Humongous regions: 0->0
[2025-12-07T21:23:44.106+0000][gc,metaspace] GC(2) Metaspace: 10649K(10880K)->10649K(10880K) NonClass: 9510K(9664K)->9510K(9664K) Class: 1138K(1216K)->1138K(1216K)
[2025-12-07T21:23:44.106+0000][gc          ] GC(2) Pause Young (Normal) (G1 Evacuation Pause) 17M->8M(258M) 11.802ms
[2025-12-07T21:23:44.106+0000][gc,cpu      ] GC(2) User=0.02s Sys=0.00s Real=0.02s
[2025-12-07T21:23:44.410+0000][gc,start    ] GC(3) Pause Young (Normal) (G1 Evacuation Pause)
[2025-12-07T21:23:44.410+0000][gc,task     ] GC(3) Using 1 workers of 1 for evacuation
[2025-12-07T21:23:44.413+0000][gc,phases   ] GC(3)   Pre Evacuate Collection Set: 0.07ms
[2025-12-07T21:23:44.413+0000][gc,phases   ] GC(3)   Merge Heap Roots: 0.02ms
[2025-12-07T21:23:44.413+0000][gc,phases   ] GC(3)   Evacuate Collection Set: 2.55ms
[2025-12-07T21:23:44.413+0000][gc,phases   ] GC(3)   Post Evacuate Collection Set: 0.18ms
[2025-12-07T21:23:44.413+0000][gc,phases   ] GC(3)   Other: 0.06ms
[2025-12-07T21:23:44.413+0000][gc,heap     ] GC(3) Eden regions: 11->0(10)
[2025-12-07T21:23:44.413+0000][gc,heap     ] GC(3) Survivor regions: 1->2(2)
[2025-12-07T21:23:44.413+0000][gc,heap     ] GC(3) Old regions: 9->9
[2025-12-07T21:23:44.413+0000][gc,heap     ] GC(3) Humongous regions: 0->0
[2025-12-07T21:23:44.413+0000][gc,metaspace] GC(3) Metaspace: 14026K(14208K)->14026K(14208K) NonClass: 12481K(12608K)->12481K(12608K) Class: 1545K(1600K)->1545K(1600K)
[2025-12-07T21:23:44.413+0000][gc          ] GC(3) Pause Young (Normal) (G1 Evacuation Pause) 19M->9M(258M) 3.002ms
[2025-12-07T21:23:44.413+0000][gc,cpu      ] GC(3) User=0.00s Sys=0.01s Real=0.00s
[2025-12-07T21:23:44.721+0000][gc,start    ] GC(4) Pause Young (Normal) (G1 Evacuation Pause)
[2025-12-07T21:23:44.721+0000][gc,task     ] GC(4) Using 1 workers of 1 for evacuation
[2025-12-07T21:23:44.726+0000][gc,phases   ] GC(4)   Pre Evacuate Collection Set: 0.06ms
[2025-12-07T21:23:44.726+0000][gc,phases   ] GC(4)   Merge Heap Roots: 0.02ms
[2025-12-07T21:23:44.726+0000][gc,phases   ] GC(4)   Evacuate Collection Set: 4.35ms
[2025-12-07T21:23:44.726+0000][gc,phases   ] GC(4)   Post Evacuate Collection Set: 0.23ms
[2025-12-07T21:23:44.726+0000][gc,phases   ] GC(4)   Other: 0.06ms
[2025-12-07T21:23:44.726+0000][gc,heap     ] GC(4) Eden regions: 10->0(10)
[2025-12-07T21:23:44.726+0000][gc,heap     ] GC(4) Survivor regions: 2->2(2)
[2025-12-07T21:23:44.726+0000][gc,heap     ] GC(4) Old regions: 9->10
[2025-12-07T21:23:44.726+0000][gc,heap     ] GC(4) Humongous regions: 0->0
[2025-12-07T21:23:44.726+0000][gc,metaspace] GC(4) Metaspace: 17357K(17600K)->17357K(17600K) NonClass: 15408K(15552K)->15408K(15552K) Class: 1948K(2048K)->1948K(2048K)
[2025-12-07T21:23:44.726+0000][gc          ] GC(4) Pause Young (Normal) (G1 Evacuation Pause) 19M->9M(258M) 4.849ms
[2025-12-07T21:23:44.726+0000][gc,cpu      ] GC(4) User=0.00s Sys=0.00s Real=0.01s
[2025-12-07T21:23:45.068+0000][gc,start    ] GC(5) Pause Young (Normal) (G1 Evacuation Pause)
[2025-12-07T21:23:45.068+0000][gc,task     ] GC(5) Using 1 workers of 1 for evacuation
[2025-12-07T21:23:45.076+0000][gc,phases   ] GC(5)   Pre Evacuate Collection Set: 0.07ms
[2025-12-07T21:23:45.076+0000][gc,phases   ] GC(5)   Merge Heap Roots: 0.02ms
[2025-12-07T21:23:45.076+0000][gc,phases   ] GC(5)   Evacuate Collection Set: 7.06ms
[2025-12-07T21:23:45.076+0000][gc,phases   ] GC(5)   Post Evacuate Collection Set: 0.83ms
[2025-12-07T21:23:45.076+0000][gc,phases   ] GC(5)   Other: 0.06ms
[2025-12-07T21:23:45.076+0000][gc,heap     ] GC(5) Eden regions: 10->0(10)
[2025-12-07T21:23:45.076+0000][gc,heap     ] GC(5) Survivor regions: 2->2(2)
[2025-12-07T21:23:45.076+0000][gc,heap     ] GC(5) Old regions: 10->10
[2025-12-07T21:23:45.076+0000][gc,heap     ] GC(5) Humongous regions: 0->0
[2025-12-07T21:23:45.076+0000][gc,metaspace] GC(5) Metaspace: 20827K(21120K)->20827K(21120K) NonClass: 18331K(18496K)->18331K(18496K) Class: 2495K(2624K)->2495K(2624K)
[2025-12-07T21:23:45.076+0000][gc          ] GC(5) Pause Young (Normal) (G1 Evacuation Pause) 19M->9M(258M) 8.196ms
[2025-12-07T21:23:45.076+0000][gc,cpu      ] GC(5) User=0.00s Sys=0.00s Real=0.01s
[2025-12-07T21:23:45.110+0000][gc,start    ] GC(6) Pause Young (Concurrent Start) (Metadata GC Threshold)
[2025-12-07T21:23:45.110+0000][gc,task     ] GC(6) Using 1 workers of 1 for evacuation
[2025-12-07T21:23:45.116+0000][gc,phases   ] GC(6)   Pre Evacuate Collection Set: 0.52ms
[2025-12-07T21:23:45.116+0000][gc,phases   ] GC(6)   Merge Heap Roots: 0.02ms
[2025-12-07T21:23:45.116+0000][gc,phases   ] GC(6)   Evacuate Collection Set: 4.47ms
[2025-12-07T21:23:45.116+0000][gc,phases   ] GC(6)   Post Evacuate Collection Set: 0.19ms
[2025-12-07T21:23:45.116+0000][gc,phases   ] GC(6)   Other: 0.05ms
[2025-12-07T21:23:45.116+0000][gc,heap     ] GC(6) Eden regions: 2->0(11)
[2025-12-07T21:23:45.116+0000][gc,heap     ] GC(6) Survivor regions: 2->1(2)
[2025-12-07T21:23:45.116+0000][gc,heap     ] GC(6) Old regions: 10->11
[2025-12-07T21:23:45.116+0000][gc,heap     ] GC(6) Humongous regions: 0->0
[2025-12-07T21:23:45.116+0000][gc,metaspace] GC(6) Metaspace: 21219K(21504K)->21219K(21504K) NonClass: 18666K(18816K)->18666K(18816K) Class: 2553K(2688K)->2553K(2688K)
[2025-12-07T21:23:45.116+0000][gc          ] GC(6) Pause Young (Concurrent Start) (Metadata GC Threshold) 11M->10M(258M) 5.371ms
[2025-12-07T21:23:45.116+0000][gc,cpu      ] GC(6) User=0.00s Sys=0.00s Real=0.01s
[2025-12-07T21:23:45.116+0000][gc          ] GC(7) Concurrent Mark Cycle
[2025-12-07T21:23:45.117+0000][gc,marking  ] GC(7) Concurrent Scan Root Regions
[2025-12-07T21:23:45.120+0000][gc,marking  ] GC(7) Concurrent Scan Root Regions 3.834ms
[2025-12-07T21:23:45.120+0000][gc,marking  ] GC(7) Concurrent Mark
[2025-12-07T21:23:45.120+0000][gc,marking  ] GC(7) Concurrent Mark From Roots
[2025-12-07T21:23:45.120+0000][gc,task     ] GC(7) Using 1 workers of 1 for marking
[2025-12-07T21:23:45.133+0000][gc,marking  ] GC(7) Concurrent Mark From Roots 13.034ms
[2025-12-07T21:23:45.133+0000][gc,marking  ] GC(7) Concurrent Preclean
[2025-12-07T21:23:45.136+0000][gc,marking  ] GC(7) Concurrent Preclean 2.079ms
[2025-12-07T21:23:45.136+0000][gc,start    ] GC(7) Pause Remark
[2025-12-07T21:23:45.139+0000][gc          ] GC(7) Pause Remark 10M->10M(256M) 3.391ms
[2025-12-07T21:23:45.139+0000][gc,cpu      ] GC(7) User=0.01s Sys=0.00s Real=0.00s
[2025-12-07T21:23:45.139+0000][gc,marking  ] GC(7) Concurrent Mark 18.932ms
[2025-12-07T21:23:45.139+0000][gc,marking  ] GC(7) Concurrent Rebuild Remembered Sets and Scrub Regions
[2025-12-07T21:23:45.147+0000][gc,marking  ] GC(7) Concurrent Rebuild Remembered Sets and Scrub Regions 7.458ms
[2025-12-07T21:23:45.147+0000][gc,start    ] GC(7) Pause Cleanup
[2025-12-07T21:23:45.147+0000][gc          ] GC(7) Pause Cleanup 10M->10M(256M) 0.062ms
[2025-12-07T21:23:45.147+0000][gc,cpu      ] GC(7) User=0.00s Sys=0.00s Real=0.00s
[2025-12-07T21:23:45.147+0000][gc,marking  ] GC(7) Concurrent Clear Claimed Marks
[2025-12-07T21:23:45.147+0000][gc,marking  ] GC(7) Concurrent Clear Claimed Marks 0.014ms
[2025-12-07T21:23:45.147+0000][gc,marking  ] GC(7) Concurrent Cleanup for Next Mark
[2025-12-07T21:23:45.149+0000][gc,marking  ] GC(7) Concurrent Cleanup for Next Mark 2.055ms
[2025-12-07T21:23:45.149+0000][gc          ] GC(7) Concurrent Mark Cycle 32.485ms
[2025-12-07T21:23:45.576+0000][gc,start    ] GC(8) Pause Young (Prepare Mixed) (G1 Evacuation Pause)
[2025-12-07T21:23:45.576+0000][gc,task     ] GC(8) Using 1 workers of 1 for evacuation
[2025-12-07T21:23:45.582+0000][gc,phases   ] GC(8)   Pre Evacuate Collection Set: 0.06ms
[2025-12-07T21:23:45.582+0000][gc,phases   ] GC(8)   Merge Heap Roots: 0.03ms
[2025-12-07T21:23:45.582+0000][gc,phases   ] GC(8)   Evacuate Collection Set: 4.96ms
[2025-12-07T21:23:45.582+0000][gc,phases   ] GC(8)   Post Evacuate Collection Set: 0.23ms
[2025-12-07T21:23:45.582+0000][gc,phases   ] GC(8)   Other: 0.07ms
[2025-12-07T21:23:45.582+0000][gc,heap     ] GC(8) Eden regions: 11->0(10)
[2025-12-07T21:23:45.582+0000][gc,heap     ] GC(8) Survivor regions: 1->2(2)
[2025-12-07T21:23:45.582+0000][gc,heap     ] GC(8) Old regions: 11->11
[2025-12-07T21:23:45.582+0000][gc,heap     ] GC(8) Humongous regions: 0->0
[2025-12-07T21:23:45.582+0000][gc,metaspace] GC(8) Metaspace: 24433K(24704K)->24433K(24704K) NonClass: 21560K(21696K)->21560K(21696K) Class: 2873K(3008K)->2873K(3008K)
[2025-12-07T21:23:45.582+0000][gc          ] GC(8) Pause Young (Prepare Mixed) (G1 Evacuation Pause) 21M->10M(256M) 5.506ms
[2025-12-07T21:23:45.582+0000][gc,cpu      ] GC(8) User=0.01s Sys=0.00s Real=0.00s
[2025-12-07T21:23:45.745+0000][gc,start    ] GC(9) Pause Young (Mixed) (G1 Evacuation Pause)
[2025-12-07T21:23:45.745+0000][gc,task     ] GC(9) Using 1 workers of 1 for evacuation
[2025-12-07T21:23:45.750+0000][gc,phases   ] GC(9)   Pre Evacuate Collection Set: 0.49ms
[2025-12-07T21:23:45.750+0000][gc,phases   ] GC(9)   Merge Heap Roots: 0.02ms
[2025-12-07T21:23:45.750+0000][gc,phases   ] GC(9)   Evacuate Collection Set: 4.61ms
[2025-12-07T21:23:45.750+0000][gc,phases   ] GC(9)   Post Evacuate Collection Set: 0.25ms
[2025-12-07T21:23:45.750+0000][gc,phases   ] GC(9)   Other: 0.04ms
[2025-12-07T21:23:45.750+0000][gc,heap     ] GC(9) Eden regions: 10->0(10)
[2025-12-07T21:23:45.750+0000][gc,heap     ] GC(9) Survivor regions: 2->2(2)
[2025-12-07T21:23:45.750+0000][gc,heap     ] GC(9) Old regions: 11->11
[2025-12-07T21:23:45.750+0000][gc,heap     ] GC(9) Humongous regions: 0->0
[2025-12-07T21:23:45.750+0000][gc,metaspace] GC(9) Metaspace: 27597K(27904K)->27597K(27904K) NonClass: 24520K(24704K)->24520K(24704K) Class: 3076K(3200K)->3076K(3200K)
[2025-12-07T21:23:45.750+0000][gc          ] GC(9) Pause Young (Mixed) (G1 Evacuation Pause) 20M->11M(256M) 5.532ms
[2025-12-07T21:23:45.750+0000][gc,cpu      ] GC(9) User=0.01s Sys=0.00s Real=0.00s
[2025-12-07T21:23:46.024+0000][gc,start    ] GC(10) Pause Young (Normal) (G1 Evacuation Pause)
[2025-12-07T21:23:46.025+0000][gc,task     ] GC(10) Using 1 workers of 1 for evacuation
[2025-12-07T21:23:46.037+0000][gc,phases   ] GC(10)   Pre Evacuate Collection Set: 0.06ms
[2025-12-07T21:23:46.037+0000][gc,phases   ] GC(10)   Merge Heap Roots: 0.02ms
[2025-12-07T21:23:46.037+0000][gc,phases   ] GC(10)   Evacuate Collection Set: 12.11ms
[2025-12-07T21:23:46.037+0000][gc,phases   ] GC(10)   Post Evacuate Collection Set: 0.27ms
[2025-12-07T21:23:46.037+0000][gc,phases   ] GC(10)   Other: 0.08ms
[2025-12-07T21:23:46.037+0000][gc,heap     ] GC(10) Eden regions: 10->0(10)
[2025-12-07T21:23:46.037+0000][gc,heap     ] GC(10) Survivor regions: 2->2(2)
[2025-12-07T21:23:46.037+0000][gc,heap     ] GC(10) Old regions: 11->12
[2025-12-07T21:23:46.037+0000][gc,heap     ] GC(10) Humongous regions: 0->0
[2025-12-07T21:23:46.037+0000][gc,metaspace] GC(10) Metaspace: 29707K(30016K)->29707K(30016K) NonClass: 26328K(26496K)->26328K(26496K) Class: 3379K(3520K)->3379K(3520K)
[2025-12-07T21:23:46.037+0000][gc          ] GC(10) Pause Young (Normal) (G1 Evacuation Pause) 21M->13M(256M) 12.684ms
[2025-12-07T21:23:46.037+0000][gc,cpu      ] GC(10) User=0.02s Sys=0.00s Real=0.02s
[2025-12-07T21:23:46.487+0000][gc,start    ] GC(11) Pause Young (Normal) (G1 Evacuation Pause)
[2025-12-07T21:23:46.488+0000][gc,task     ] GC(11) Using 1 workers of 1 for evacuation
[2025-12-07T21:23:46.508+0000][gc,phases   ] GC(11)   Pre Evacuate Collection Set: 0.07ms
[2025-12-07T21:23:46.508+0000][gc,phases   ] GC(11)   Merge Heap Roots: 0.03ms
[2025-12-07T21:23:46.508+0000][gc,phases   ] GC(11)   Evacuate Collection Set: 16.89ms
[2025-12-07T21:23:46.508+0000][gc,phases   ] GC(11)   Post Evacuate Collection Set: 2.08ms
[2025-12-07T21:23:46.508+0000][gc,phases   ] GC(11)   Other: 0.06ms
[2025-12-07T21:23:46.508+0000][gc,heap     ] GC(11) Eden regions: 10->0(10)
[2025-12-07T21:23:46.508+0000][gc,heap     ] GC(11) Survivor regions: 2->2(2)
[2025-12-07T21:23:46.508+0000][gc,heap     ] GC(11) Old regions: 12->14
[2025-12-07T21:23:46.508+0000][gc,heap     ] GC(11) Humongous regions: 0->0
[2025-12-07T21:23:46.508+0000][gc,metaspace] GC(11) Metaspace: 32083K(32576K)->32083K(32576K) NonClass: 28377K(28672K)->28377K(28672K) Class: 3706K(3904K)->3706K(3904K)
[2025-12-07T21:23:46.508+0000][gc          ] GC(11) Pause Young (Normal) (G1 Evacuation Pause) 23M->14M(256M) 20.425ms
[2025-12-07T21:23:46.508+0000][gc,cpu      ] GC(11) User=0.02s Sys=0.00s Real=0.02s
[2025-12-07T21:23:46.878+0000][gc,start    ] GC(12) Pause Young (Normal) (GCLocker Initiated GC)
[2025-12-07T21:23:46.878+0000][gc,task     ] GC(12) Using 1 workers of 1 for evacuation
[2025-12-07T21:23:46.887+0000][gc,phases   ] GC(12)   Pre Evacuate Collection Set: 0.08ms
[2025-12-07T21:23:46.887+0000][gc,phases   ] GC(12)   Merge Heap Roots: 0.03ms
[2025-12-07T21:23:46.887+0000][gc,phases   ] GC(12)   Evacuate Collection Set: 9.10ms
[2025-12-07T21:23:46.887+0000][gc,phases   ] GC(12)   Post Evacuate Collection Set: 0.33ms
[2025-12-07T21:23:46.887+0000][gc,phases   ] GC(12)   Other: 0.06ms
[2025-12-07T21:23:46.887+0000][gc,heap     ] GC(12) Eden regions: 11->0(11)
[2025-12-07T21:23:46.887+0000][gc,heap     ] GC(12) Survivor regions: 2->1(2)
[2025-12-07T21:23:46.887+0000][gc,heap     ] GC(12) Old regions: 14->16
[2025-12-07T21:23:46.887+0000][gc,heap     ] GC(12) Humongous regions: 9->9
[2025-12-07T21:23:46.887+0000][gc,metaspace] GC(12) Metaspace: 34985K(35520K)->34985K(35520K) NonClass: 30913K(31232K)->30913K(31232K) Class: 4072K(4288K)->4072K(4288K)
[2025-12-07T21:23:46.887+0000][gc          ] GC(12) Pause Young (Normal) (GCLocker Initiated GC) 33M->24M(256M) 9.724ms
[2025-12-07T21:23:46.887+0000][gc,cpu      ] GC(12) User=0.01s Sys=0.00s Real=0.01s
[2025-12-07T21:23:46.981+0000][gc,start    ] GC(13) Pause Young (Concurrent Start) (Metadata GC Threshold)
[2025-12-07T21:23:46.981+0000][gc,task     ] GC(13) Using 1 workers of 1 for evacuation
[2025-12-07T21:23:46.985+0000][gc,phases   ] GC(13)   Pre Evacuate Collection Set: 0.07ms
[2025-12-07T21:23:46.985+0000][gc,phases   ] GC(13)   Merge Heap Roots: 0.02ms
[2025-12-07T21:23:46.985+0000][gc,phases   ] GC(13)   Evacuate Collection Set: 3.49ms
[2025-12-07T21:23:46.985+0000][gc,phases   ] GC(13)   Post Evacuate Collection Set: 0.24ms
[2025-12-07T21:23:46.985+0000][gc,phases   ] GC(13)   Other: 0.08ms
[2025-12-07T21:23:46.985+0000][gc,heap     ] GC(13) Eden regions: 3->0(11)
[2025-12-07T21:23:46.985+0000][gc,heap     ] GC(13) Survivor regions: 1->1(2)
[2025-12-07T21:23:46.985+0000][gc,heap     ] GC(13) Old regions: 16->16
[2025-12-07T21:23:46.985+0000][gc,heap     ] GC(13) Humongous regions: 9->9
[2025-12-07T21:23:46.985+0000][gc,metaspace] GC(13) Metaspace: 35728K(36160K)->35728K(36160K) NonClass: 31565K(31808K)->31565K(31808K) Class: 4162K(4352K)->4162K(4352K)
[2025-12-07T21:23:46.985+0000][gc          ] GC(13) Pause Young (Concurrent Start) (Metadata GC Threshold) 27M->24M(256M) 4.020ms
[2025-12-07T21:23:46.985+0000][gc,cpu      ] GC(13) User=0.00s Sys=0.00s Real=0.01s
[2025-12-07T21:23:46.988+0000][gc          ] GC(14) Concurrent Mark Cycle
[2025-12-07T21:23:46.988+0000][gc,marking  ] GC(14) Concurrent Scan Root Regions
[2025-12-07T21:23:46.990+0000][gc,marking  ] GC(14) Concurrent Scan Root Regions 2.888ms
[2025-12-07T21:23:46.990+0000][gc,marking  ] GC(14) Concurrent Mark
[2025-12-07T21:23:46.990+0000][gc,marking  ] GC(14) Concurrent Mark From Roots
[2025-12-07T21:23:46.990+0000][gc,task     ] GC(14) Using 1 workers of 1 for marking
[2025-12-07T21:23:47.063+0000][gc,marking  ] GC(14) Concurrent Mark From Roots 72.450ms
[2025-12-07T21:23:47.063+0000][gc,marking  ] GC(14) Concurrent Preclean
[2025-12-07T21:23:47.063+0000][gc,marking  ] GC(14) Concurrent Preclean 0.044ms
[2025-12-07T21:23:47.066+0000][gc,start    ] GC(14) Pause Remark
[2025-12-07T21:23:47.072+0000][gc          ] GC(14) Pause Remark 26M->26M(256M) 6.386ms
[2025-12-07T21:23:47.072+0000][gc,cpu      ] GC(14) User=0.00s Sys=0.00s Real=0.00s
[2025-12-07T21:23:47.076+0000][gc,marking  ] GC(14) Concurrent Mark 85.530ms
[2025-12-07T21:23:47.076+0000][gc,marking  ] GC(14) Concurrent Rebuild Remembered Sets and Scrub Regions
[2025-12-07T21:23:47.096+0000][gc,marking  ] GC(14) Concurrent Rebuild Remembered Sets and Scrub Regions 20.474ms
[2025-12-07T21:23:47.101+0000][gc,start    ] GC(14) Pause Cleanup
[2025-12-07T21:23:47.101+0000][gc          ] GC(14) Pause Cleanup 27M->27M(256M) 0.080ms
[2025-12-07T21:23:47.101+0000][gc,cpu      ] GC(14) User=0.00s Sys=0.00s Real=0.00s
[2025-12-07T21:23:47.106+0000][gc,marking  ] GC(14) Concurrent Clear Claimed Marks
[2025-12-07T21:23:47.106+0000][gc,marking  ] GC(14) Concurrent Clear Claimed Marks 0.050ms
[2025-12-07T21:23:47.106+0000][gc,marking  ] GC(14) Concurrent Cleanup for Next Mark
[2025-12-07T21:23:47.106+0000][gc,marking  ] GC(14) Concurrent Cleanup for Next Mark 0.373ms
[2025-12-07T21:23:47.106+0000][gc          ] GC(14) Concurrent Mark Cycle 118.641ms
[2025-12-07T21:23:47.343+0000][gc,start    ] GC(15) Pause Young (Prepare Mixed) (G1 Evacuation Pause)
[2025-12-07T21:23:47.343+0000][gc,task     ] GC(15) Using 1 workers of 1 for evacuation
[2025-12-07T21:23:47.356+0000][gc,phases   ] GC(15)   Pre Evacuate Collection Set: 0.08ms
[2025-12-07T21:23:47.356+0000][gc,phases   ] GC(15)   Merge Heap Roots: 0.04ms
[2025-12-07T21:23:47.356+0000][gc,phases   ] GC(15)   Evacuate Collection Set: 9.27ms
[2025-12-07T21:23:47.356+0000][gc,phases   ] GC(15)   Post Evacuate Collection Set: 3.30ms
[2025-12-07T21:23:47.356+0000][gc,phases   ] GC(15)   Other: 0.06ms
[2025-12-07T21:23:47.356+0000][gc,heap     ] GC(15) Eden regions: 11->0(10)
[2025-12-07T21:23:47.356+0000][gc,heap     ] GC(15) Survivor regions: 1->2(2)
[2025-12-07T21:23:47.356+0000][gc,heap     ] GC(15) Old regions: 16->16
[2025-12-07T21:23:47.356+0000][gc,heap     ] GC(15) Humongous regions: 9->9
[2025-12-07T21:23:47.356+0000][gc,metaspace] GC(15) Metaspace: 38259K(38912K)->38259K(38912K) NonClass: 33759K(34112K)->33759K(34112K) Class: 4500K(4800K)->4500K(4800K)
[2025-12-07T21:23:47.356+0000][gc          ] GC(15) Pause Young (Prepare Mixed) (G1 Evacuation Pause) 35M->25M(256M) 12.884ms
[2025-12-07T21:23:47.356+0000][gc,cpu      ] GC(15) User=0.01s Sys=0.00s Real=0.02s
[2025-12-07T21:23:47.528+0000][gc,start    ] GC(16) Pause Young (Mixed) (G1 Evacuation Pause)
[2025-12-07T21:23:47.528+0000][gc,task     ] GC(16) Using 1 workers of 1 for evacuation
[2025-12-07T21:23:47.550+0000][gc,mmu      ] GC(16) MMU target violated: 21.0ms (20.0ms/21.0ms)
[2025-12-07T21:23:47.550+0000][gc,phases   ] GC(16)   Pre Evacuate Collection Set: 0.08ms
[2025-12-07T21:23:47.550+0000][gc,phases   ] GC(16)   Merge Heap Roots: 0.29ms
[2025-12-07T21:23:47.550+0000][gc,phases   ] GC(16)   Evacuate Collection Set: 21.27ms
[2025-12-07T21:23:47.550+0000][gc,phases   ] GC(16)   Post Evacuate Collection Set: 0.80ms
[2025-12-07T21:23:47.550+0000][gc,phases   ] GC(16)   Other: 0.08ms
[2025-12-07T21:23:47.550+0000][gc,heap     ] GC(16) Eden regions: 10->0(10)
[2025-12-07T21:23:47.550+0000][gc,heap     ] GC(16) Survivor regions: 2->2(2)
[2025-12-07T21:23:47.550+0000][gc,heap     ] GC(16) Old regions: 16->19
[2025-12-07T21:23:47.550+0000][gc,heap     ] GC(16) Humongous regions: 9->9
[2025-12-07T21:23:47.550+0000][gc,metaspace] GC(16) Metaspace: 39202K(39872K)->39202K(39872K) NonClass: 34606K(34944K)->34606K(34944K) Class: 4596K(4928K)->4596K(4928K)
[2025-12-07T21:23:47.550+0000][gc          ] GC(16) Pause Young (Mixed) (G1 Evacuation Pause) 35M->29M(256M) 22.625ms
[2025-12-07T21:23:47.550+0000][gc,cpu      ] GC(16) User=0.02s Sys=0.00s Real=0.02s
[2025-12-07T21:23:47.838+0000][gc,start    ] GC(17) Pause Young (Normal) (G1 Evacuation Pause)
[2025-12-07T21:23:47.838+0000][gc,task     ] GC(17) Using 1 workers of 1 for evacuation
[2025-12-07T21:23:47.849+0000][gc,phases   ] GC(17)   Pre Evacuate Collection Set: 0.09ms
[2025-12-07T21:23:47.849+0000][gc,phases   ] GC(17)   Merge Heap Roots: 0.03ms
[2025-12-07T21:23:47.849+0000][gc,phases   ] GC(17)   Evacuate Collection Set: 10.83ms
[2025-12-07T21:23:47.849+0000][gc,phases   ] GC(17)   Post Evacuate Collection Set: 0.29ms
[2025-12-07T21:23:47.850+0000][gc,phases   ] GC(17)   Other: 0.07ms
[2025-12-07T21:23:47.850+0000][gc,heap     ] GC(17) Eden regions: 10->0(10)
[2025-12-07T21:23:47.850+0000][gc,heap     ] GC(17) Survivor regions: 2->2(2)
[2025-12-07T21:23:47.850+0000][gc,heap     ] GC(17) Old regions: 19->21
[2025-12-07T21:23:47.850+0000][gc,heap     ] GC(17) Humongous regions: 9->9
[2025-12-07T21:23:47.850+0000][gc,metaspace] GC(17) Metaspace: 41624K(42304K)->41624K(42304K) NonClass: 36791K(37184K)->36791K(37184K) Class: 4833K(5120K)->4833K(5120K)
[2025-12-07T21:23:47.850+0000][gc          ] GC(17) Pause Young (Normal) (G1 Evacuation Pause) 39M->31M(256M) 11.904ms
[2025-12-07T21:23:47.850+0000][gc,cpu      ] GC(17) User=0.01s Sys=0.00s Real=0.01s
[2025-12-07T21:23:47.973+0000][gc,start    ] GC(18) Pause Young (Concurrent Start) (G1 Humongous Allocation)
[2025-12-07T21:23:47.973+0000][gc,task     ] GC(18) Using 1 workers of 1 for evacuation
[2025-12-07T21:23:47.984+0000][gc,phases   ] GC(18)   Pre Evacuate Collection Set: 0.08ms
[2025-12-07T21:23:47.984+0000][gc,phases   ] GC(18)   Merge Heap Roots: 0.03ms
[2025-12-07T21:23:47.984+0000][gc,phases   ] GC(18)   Evacuate Collection Set: 10.88ms
[2025-12-07T21:23:47.984+0000][gc,phases   ] GC(18)   Post Evacuate Collection Set: 0.27ms
[2025-12-07T21:23:47.984+0000][gc,phases   ] GC(18)   Other: 0.08ms
[2025-12-07T21:23:47.984+0000][gc,heap     ] GC(18) Eden regions: 4->0(11)
[2025-12-07T21:23:47.984+0000][gc,heap     ] GC(18) Survivor regions: 2->1(2)
[2025-12-07T21:23:47.984+0000][gc,heap     ] GC(18) Old regions: 21->23
[2025-12-07T21:23:47.984+0000][gc,heap     ] GC(18) Humongous regions: 9->9
[2025-12-07T21:23:47.984+0000][gc,metaspace] GC(18) Metaspace: 42307K(43072K)->42307K(43072K) NonClass: 37385K(37824K)->37385K(37824K) Class: 4922K(5248K)->4922K(5248K)
[2025-12-07T21:23:47.984+0000][gc          ] GC(18) Pause Young (Concurrent Start) (G1 Humongous Allocation) 34M->31M(256M) 11.463ms
[2025-12-07T21:23:47.984+0000][gc          ] GC(19) Concurrent Undo Cycle
[2025-12-07T21:23:47.984+0000][gc,marking  ] GC(19) Concurrent Clear Claimed Marks
[2025-12-07T21:23:47.984+0000][gc,marking  ] GC(19) Concurrent Clear Claimed Marks 0.057ms
[2025-12-07T21:23:47.984+0000][gc,marking  ] GC(19) Concurrent Cleanup for Next Mark
[2025-12-07T21:23:47.984+0000][gc,cpu      ] GC(18) User=0.01s Sys=0.00s Real=0.01s
[2025-12-07T21:23:47.987+0000][gc,marking  ] GC(19) Concurrent Cleanup for Next Mark 2.333ms
[2025-12-07T21:23:47.987+0000][gc          ] GC(19) Concurrent Undo Cycle 2.425ms
[2025-12-07T21:25:08.381+0000][gc,start    ] GC(20) Pause Young (Normal) (G1 Evacuation Pause)
[2025-12-07T21:25:08.381+0000][gc,task     ] GC(20) Using 1 workers of 1 for evacuation
[2025-12-07T21:25:08.386+0000][gc,phases   ] GC(20)   Pre Evacuate Collection Set: 0.10ms
[2025-12-07T21:25:08.386+0000][gc,phases   ] GC(20)   Merge Heap Roots: 0.04ms
[2025-12-07T21:25:08.386+0000][gc,phases   ] GC(20)   Evacuate Collection Set: 4.78ms
[2025-12-07T21:25:08.386+0000][gc,phases   ] GC(20)   Post Evacuate Collection Set: 0.34ms
[2025-12-07T21:25:08.386+0000][gc,phases   ] GC(20)   Other: 0.06ms
[2025-12-07T21:25:08.386+0000][gc,heap     ] GC(20) Eden regions: 11->0(10)
[2025-12-07T21:25:08.386+0000][gc,heap     ] GC(20) Survivor regions: 1->2(2)
[2025-12-07T21:25:08.386+0000][gc,heap     ] GC(20) Old regions: 23->23
[2025-12-07T21:25:08.386+0000][gc,heap     ] GC(20) Humongous regions: 138->138
[2025-12-07T21:25:08.386+0000][gc,metaspace] GC(20) Metaspace: 43838K(44608K)->43838K(44608K) NonClass: 38746K(39168K)->38746K(39168K) Class: 5091K(5440K)->5091K(5440K)
[2025-12-07T21:25:08.386+0000][gc          ] GC(20) Pause Young (Normal) (G1 Evacuation Pause) 171M->161M(256M) 5.457ms
[2025-12-07T21:25:08.386+0000][gc,cpu      ] GC(20) User=0.00s Sys=0.00s Real=0.01s
[2025-12-07T21:27:25.138+0000][gc,start    ] GC(21) Pause Young (Concurrent Start) (G1 Evacuation Pause)
[2025-12-07T21:27:25.138+0000][gc,task     ] GC(21) Using 1 workers of 1 for evacuation
[2025-12-07T21:27:25.143+0000][gc,phases   ] GC(21)   Pre Evacuate Collection Set: 0.12ms
[2025-12-07T21:27:25.143+0000][gc,phases   ] GC(21)   Merge Heap Roots: 0.03ms
[2025-12-07T21:27:25.143+0000][gc,phases   ] GC(21)   Evacuate Collection Set: 3.72ms
[2025-12-07T21:27:25.143+0000][gc,phases   ] GC(21)   Post Evacuate Collection Set: 0.32ms
[2025-12-07T21:27:25.143+0000][gc,phases   ] GC(21)   Other: 0.06ms
[2025-12-07T21:27:25.143+0000][gc,heap     ] GC(21) Eden regions: 10->0(12)
[2025-12-07T21:27:25.143+0000][gc,heap     ] GC(21) Survivor regions: 2->2(2)
[2025-12-07T21:27:25.143+0000][gc,heap     ] GC(21) Old regions: 23->23
[2025-12-07T21:27:25.143+0000][gc,heap     ] GC(21) Humongous regions: 138->138
[2025-12-07T21:27:25.143+0000][gc,metaspace] GC(21) Metaspace: 44398K(45248K)->44398K(45248K) NonClass: 39306K(39808K)->39306K(39808K) Class: 5091K(5440K)->5091K(5440K)
[2025-12-07T21:27:25.143+0000][gc          ] GC(21) Pause Young (Concurrent Start) (G1 Evacuation Pause) 171M->161M(256M) 4.366ms
[2025-12-07T21:27:25.143+0000][gc          ] GC(22) Concurrent Mark Cycle
[2025-12-07T21:27:25.143+0000][gc,marking  ] GC(22) Concurrent Scan Root Regions
[2025-12-07T21:27:25.144+0000][gc,cpu      ] GC(21) User=0.01s Sys=0.00s Real=0.00s
[2025-12-07T21:27:25.144+0000][gc,marking  ] GC(22) Concurrent Scan Root Regions 1.285ms
[2025-12-07T21:27:25.144+0000][gc,marking  ] GC(22) Concurrent Mark
[2025-12-07T21:27:25.144+0000][gc,marking  ] GC(22) Concurrent Mark From Roots
[2025-12-07T21:27:25.144+0000][gc,task     ] GC(22) Using 1 workers of 1 for marking
[2025-12-07T21:27:25.174+0000][gc,marking  ] GC(22) Concurrent Mark From Roots 29.498ms
[2025-12-07T21:27:25.174+0000][gc,marking  ] GC(22) Concurrent Preclean
[2025-12-07T21:27:25.174+0000][gc,marking  ] GC(22) Concurrent Preclean 0.045ms
[2025-12-07T21:27:25.174+0000][gc,start    ] GC(22) Pause Remark
[2025-12-07T21:27:25.183+0000][gc          ] GC(22) Pause Remark 161M->161M(272M) 8.815ms
[2025-12-07T21:27:25.183+0000][gc,cpu      ] GC(22) User=0.00s Sys=0.00s Real=0.01s
[2025-12-07T21:27:25.183+0000][gc,marking  ] GC(22) Concurrent Mark 39.152ms
[2025-12-07T21:27:25.183+0000][gc,marking  ] GC(22) Concurrent Rebuild Remembered Sets and Scrub Regions
[2025-12-07T21:27:25.193+0000][gc,marking  ] GC(22) Concurrent Rebuild Remembered Sets and Scrub Regions 10.025ms
[2025-12-07T21:27:25.193+0000][gc,start    ] GC(22) Pause Cleanup
[2025-12-07T21:27:25.193+0000][gc          ] GC(22) Pause Cleanup 161M->161M(272M) 0.091ms
[2025-12-07T21:27:25.193+0000][gc,cpu      ] GC(22) User=0.00s Sys=0.00s Real=0.00s
[2025-12-07T21:27:25.193+0000][gc,marking  ] GC(22) Concurrent Clear Claimed Marks
[2025-12-07T21:27:25.193+0000][gc,marking  ] GC(22) Concurrent Clear Claimed Marks 0.076ms
[2025-12-07T21:27:25.193+0000][gc,marking  ] GC(22) Concurrent Cleanup for Next Mark
[2025-12-07T21:27:25.196+0000][gc,marking  ] GC(22) Concurrent Cleanup for Next Mark 2.045ms
[2025-12-07T21:27:25.196+0000][gc          ] GC(22) Concurrent Mark Cycle 52.827ms
[2025-12-07T21:30:08.795+0000][gc,start    ] GC(23) Pause Young (Prepare Mixed) (G1 Evacuation Pause)
[2025-12-07T21:30:08.795+0000][gc,task     ] GC(23) Using 1 workers of 1 for evacuation
[2025-12-07T21:30:08.802+0000][gc,phases   ] GC(23)   Pre Evacuate Collection Set: 2.35ms
[2025-12-07T21:30:08.802+0000][gc,phases   ] GC(23)   Merge Heap Roots: 0.05ms
[2025-12-07T21:30:08.802+0000][gc,phases   ] GC(23)   Evacuate Collection Set: 4.16ms
[2025-12-07T21:30:08.802+0000][gc,phases   ] GC(23)   Post Evacuate Collection Set: 0.32ms
[2025-12-07T21:30:08.802+0000][gc,phases   ] GC(23)   Other: 0.05ms
[2025-12-07T21:30:08.802+0000][gc,heap     ] GC(23) Eden regions: 11->0(14)
[2025-12-07T21:30:08.802+0000][gc,heap     ] GC(23) Survivor regions: 2->1(2)
[2025-12-07T21:30:08.802+0000][gc,heap     ] GC(23) Old regions: 23->24
[2025-12-07T21:30:08.802+0000][gc,heap     ] GC(23) Humongous regions: 138->138
[2025-12-07T21:30:08.802+0000][gc,metaspace] GC(23) Metaspace: 44641K(45440K)->44641K(45440K) NonClass: 39548K(40000K)->39548K(40000K) Class: 5092K(5440K)->5092K(5440K)
[2025-12-07T21:30:08.802+0000][gc          ] GC(23) Pause Young (Prepare Mixed) (G1 Evacuation Pause) 172M->162M(272M) 7.074ms
[2025-12-07T21:30:08.802+0000][gc,cpu      ] GC(23) User=0.00s Sys=0.00s Real=0.00s
[2025-12-07T21:34:09.060+0000][gc,start    ] GC(24) Pause Young (Mixed) (G1 Evacuation Pause)
[2025-12-07T21:34:09.061+0000][gc,task     ] GC(24) Using 1 workers of 1 for evacuation
[2025-12-07T21:34:09.067+0000][gc,phases   ] GC(24)   Pre Evacuate Collection Set: 0.10ms
[2025-12-07T21:34:09.067+0000][gc,phases   ] GC(24)   Merge Heap Roots: 0.05ms
[2025-12-07T21:34:09.067+0000][gc,phases   ] GC(24)   Evacuate Collection Set: 5.50ms
[2025-12-07T21:34:09.067+0000][gc,phases   ] GC(24)   Post Evacuate Collection Set: 0.36ms
[2025-12-07T21:34:09.067+0000][gc,phases   ] GC(24)   Other: 0.06ms
[2025-12-07T21:34:09.067+0000][gc,heap     ] GC(24) Eden regions: 16->0(80)
[2025-12-07T21:34:09.067+0000][gc,heap     ] GC(24) Survivor regions: 1->1(3)
[2025-12-07T21:34:09.067+0000][gc,heap     ] GC(24) Old regions: 24->24
[2025-12-07T21:34:09.067+0000][gc,heap     ] GC(24) Humongous regions: 138->138
[2025-12-07T21:34:09.067+0000][gc,metaspace] GC(24) Metaspace: 44819K(45632K)->44819K(45632K) NonClass: 39719K(40192K)->39719K(40192K) Class: 5099K(5440K)->5099K(5440K)
[2025-12-07T21:34:09.067+0000][gc          ] GC(24) Pause Young (Mixed) (G1 Evacuation Pause) 178M->162M(272M) 7.129ms
[2025-12-07T21:34:09.067+0000][gc,cpu      ] GC(24) User=0.01s Sys=0.00s Real=0.01s
[2025-12-07T21:46:32.946+0000][gc,start    ] GC(25) Pause Young (Concurrent Start) (G1 Humongous Allocation)
[2025-12-07T21:46:32.946+0000][gc,task     ] GC(25) Using 1 workers of 1 for evacuation
[2025-12-07T21:46:32.966+0000][gc,mmu      ] GC(25) MMU target violated: 20.8ms (20.0ms/21.0ms)
[2025-12-07T21:46:32.966+0000][gc,phases   ] GC(25)   Pre Evacuate Collection Set: 0.12ms
[2025-12-07T21:46:32.966+0000][gc,phases   ] GC(25)   Merge Heap Roots: 0.06ms
[2025-12-07T21:46:32.966+0000][gc,phases   ] GC(25)   Evacuate Collection Set: 19.85ms
[2025-12-07T21:46:32.966+0000][gc,phases   ] GC(25)   Post Evacuate Collection Set: 0.68ms
[2025-12-07T21:46:32.966+0000][gc,phases   ] GC(25)   Other: 0.10ms
[2025-12-07T21:46:32.966+0000][gc,heap     ] GC(25) Eden regions: 79->0(21)
[2025-12-07T21:46:32.967+0000][gc,heap     ] GC(25) Survivor regions: 1->5(11)
[2025-12-07T21:46:32.967+0000][gc,heap     ] GC(25) Old regions: 24->24
[2025-12-07T21:46:32.967+0000][gc,heap     ] GC(25) Humongous regions: 138->138
[2025-12-07T21:46:32.967+0000][gc,metaspace] GC(25) Metaspace: 48309K(49280K)->48309K(49280K) NonClass: 42747K(43328K)->42747K(43328K) Class: 5561K(5952K)->5561K(5952K)
[2025-12-07T21:46:32.967+0000][gc          ] GC(25) Pause Young (Concurrent Start) (G1 Humongous Allocation) 241M->166M(272M) 20.941ms
[2025-12-07T21:46:32.967+0000][gc,cpu      ] GC(25) User=0.02s Sys=0.01s Real=0.02s
[2025-12-07T21:46:32.970+0000][gc          ] GC(26) Concurrent Mark Cycle
[2025-12-07T21:46:32.970+0000][gc,marking  ] GC(26) Concurrent Scan Root Regions
[2025-12-07T21:46:32.979+0000][gc,marking  ] GC(26) Concurrent Scan Root Regions 9.212ms
[2025-12-07T21:46:32.979+0000][gc,marking  ] GC(26) Concurrent Mark
[2025-12-07T21:46:32.979+0000][gc,marking  ] GC(26) Concurrent Mark From Roots
[2025-12-07T21:46:32.979+0000][gc,task     ] GC(26) Using 1 workers of 1 for marking
[2025-12-07T21:46:33.021+0000][gc,marking  ] GC(26) Concurrent Mark From Roots 42.322ms
[2025-12-07T21:46:33.021+0000][gc,marking  ] GC(26) Concurrent Preclean
[2025-12-07T21:46:33.022+0000][gc,marking  ] GC(26) Concurrent Preclean 0.146ms
[2025-12-07T21:46:33.022+0000][gc,start    ] GC(26) Pause Remark
[2025-12-07T21:46:33.046+0000][gc,mmu      ] GC(26) MMU target violated: 21.0ms (20.0ms/21.0ms)
[2025-12-07T21:46:33.046+0000][gc          ] GC(26) Pause Remark 168M->168M(282M) 24.051ms
[2025-12-07T21:46:33.046+0000][gc,cpu      ] GC(26) User=0.02s Sys=0.00s Real=0.03s
[2025-12-07T21:46:33.049+0000][gc,marking  ] GC(26) Concurrent Mark 69.828ms
[2025-12-07T21:46:33.049+0000][gc,marking  ] GC(26) Concurrent Rebuild Remembered Sets and Scrub Regions
[2025-12-07T21:46:33.069+0000][gc,marking  ] GC(26) Concurrent Rebuild Remembered Sets and Scrub Regions 19.805ms
[2025-12-07T21:46:33.069+0000][gc,start    ] GC(26) Pause Cleanup
[2025-12-07T21:46:33.069+0000][gc          ] GC(26) Pause Cleanup 169M->169M(282M) 0.076ms
[2025-12-07T21:46:33.069+0000][gc,cpu      ] GC(26) User=0.00s Sys=0.00s Real=0.00s
[2025-12-07T21:46:33.069+0000][gc,marking  ] GC(26) Concurrent Clear Claimed Marks
[2025-12-07T21:46:33.069+0000][gc,marking  ] GC(26) Concurrent Clear Claimed Marks 0.060ms
[2025-12-07T21:46:33.069+0000][gc,marking  ] GC(26) Concurrent Cleanup for Next Mark
[2025-12-07T21:46:33.070+0000][gc,marking  ] GC(26) Concurrent Cleanup for Next Mark 0.926ms
[2025-12-07T21:46:33.070+0000][gc          ] GC(26) Concurrent Mark Cycle 100.095ms
[2025-12-07T21:46:55.082+0000][gc,start    ] GC(27) Pause Young (Prepare Mixed) (G1 Evacuation Pause)
[2025-12-07T21:46:55.083+0000][gc,task     ] GC(27) Using 1 workers of 1 for evacuation
[2025-12-07T21:46:55.104+0000][gc,mmu      ] GC(27) MMU target violated: 21.0ms (20.0ms/21.0ms)
[2025-12-07T21:46:55.104+0000][gc,phases   ] GC(27)   Pre Evacuate Collection Set: 0.11ms
[2025-12-07T21:46:55.104+0000][gc,phases   ] GC(27)   Merge Heap Roots: 0.08ms
[2025-12-07T21:46:55.104+0000][gc,phases   ] GC(27)   Evacuate Collection Set: 18.85ms
[2025-12-07T21:46:55.104+0000][gc,phases   ] GC(27)   Post Evacuate Collection Set: 2.32ms
[2025-12-07T21:46:55.104+0000][gc,phases   ] GC(27)   Other: 0.09ms
[2025-12-07T21:46:55.104+0000][gc,heap     ] GC(27) Eden regions: 9->0(17)
[2025-12-07T21:46:55.104+0000][gc,heap     ] GC(27) Survivor regions: 5->2(2)
[2025-12-07T21:46:55.104+0000][gc,heap     ] GC(27) Old regions: 24->28
[2025-12-07T21:46:55.104+0000][gc,heap     ] GC(27) Humongous regions: 140->140
[2025-12-07T21:46:55.104+0000][gc,metaspace] GC(27) Metaspace: 48631K(49536K)->48631K(49536K) NonClass: 43053K(43520K)->43053K(43520K) Class: 5577K(6016K)->5577K(6016K)
[2025-12-07T21:46:55.104+0000][gc          ] GC(27) Pause Young (Prepare Mixed) (G1 Evacuation Pause) 177M->169M(282M) 21.574ms
[2025-12-07T21:46:55.104+0000][gc,cpu      ] GC(27) User=0.01s Sys=0.00s Real=0.02s
[2025-12-07T21:47:59.114+0000][gc,start    ] GC(28) Pause Young (Mixed) (G1 Evacuation Pause)
[2025-12-07T21:47:59.114+0000][gc,task     ] GC(28) Using 1 workers of 1 for evacuation
[2025-12-07T21:47:59.122+0000][gc,phases   ] GC(28)   Pre Evacuate Collection Set: 0.09ms
[2025-12-07T21:47:59.122+0000][gc,phases   ] GC(28)   Merge Heap Roots: 0.06ms
[2025-12-07T21:47:59.122+0000][gc,phases   ] GC(28)   Evacuate Collection Set: 7.40ms
[2025-12-07T21:47:59.122+0000][gc,phases   ] GC(28)   Post Evacuate Collection Set: 0.39ms
[2025-12-07T21:47:59.122+0000][gc,phases   ] GC(28)   Other: 0.05ms
[2025-12-07T21:47:59.122+0000][gc,heap     ] GC(28) Eden regions: 12->0(31)
[2025-12-07T21:47:59.122+0000][gc,heap     ] GC(28) Survivor regions: 2->1(2)
[2025-12-07T21:47:59.122+0000][gc,heap     ] GC(28) Old regions: 28->29
[2025-12-07T21:47:59.122+0000][gc,heap     ] GC(28) Humongous regions: 140->140
[2025-12-07T21:47:59.122+0000][gc,metaspace] GC(28) Metaspace: 48803K(49664K)->48803K(49664K) NonClass: 43224K(43648K)->43224K(43648K) Class: 5579K(6016K)->5579K(6016K)
[2025-12-07T21:47:59.122+0000][gc          ] GC(28) Pause Young (Mixed) (G1 Evacuation Pause) 181M->169M(282M) 8.115ms
[2025-12-07T21:47:59.122+0000][gc,cpu      ] GC(28) User=0.01s Sys=0.00s Real=0.01s
[2025-12-07T21:50:47.368+0000][gc,start    ] GC(29) Pause Young (Concurrent Start) (G1 Evacuation Pause)
[2025-12-07T21:50:47.368+0000][gc,task     ] GC(29) Using 1 workers of 1 for evacuation
[2025-12-07T21:50:47.375+0000][gc,phases   ] GC(29)   Pre Evacuate Collection Set: 0.11ms
[2025-12-07T21:50:47.375+0000][gc,phases   ] GC(29)   Merge Heap Roots: 0.06ms
[2025-12-07T21:50:47.375+0000][gc,phases   ] GC(29)   Evacuate Collection Set: 6.39ms
[2025-12-07T21:50:47.375+0000][gc,phases   ] GC(29)   Post Evacuate Collection Set: 0.38ms
[2025-12-07T21:50:47.375+0000][gc,phases   ] GC(29)   Other: 0.07ms
[2025-12-07T21:50:47.375+0000][gc,heap     ] GC(29) Eden regions: 31->0(31)
[2025-12-07T21:50:47.375+0000][gc,heap     ] GC(29) Survivor regions: 1->2(4)
[2025-12-07T21:50:47.375+0000][gc,heap     ] GC(29) Old regions: 29->29
[2025-12-07T21:50:47.375+0000][gc,heap     ] GC(29) Humongous regions: 140->140
[2025-12-07T21:50:47.375+0000][gc,metaspace] GC(29) Metaspace: 48984K(49856K)->48984K(49856K) NonClass: 43404K(43840K)->43404K(43840K) Class: 5580K(6016K)->5580K(6016K)
[2025-12-07T21:50:47.375+0000][gc          ] GC(29) Pause Young (Concurrent Start) (G1 Evacuation Pause) 200M->170M(282M) 7.163ms
[2025-12-07T21:50:47.375+0000][gc          ] GC(30) Concurrent Mark Cycle
[2025-12-07T21:50:47.375+0000][gc,marking  ] GC(30) Concurrent Scan Root Regions
[2025-12-07T21:50:47.376+0000][gc,cpu      ] GC(29) User=0.01s Sys=0.00s Real=0.01s
[2025-12-07T21:50:47.376+0000][gc,marking  ] GC(30) Concurrent Scan Root Regions 1.657ms
[2025-12-07T21:50:47.376+0000][gc,marking  ] GC(30) Concurrent Mark
[2025-12-07T21:50:47.376+0000][gc,marking  ] GC(30) Concurrent Mark From Roots
[2025-12-07T21:50:47.376+0000][gc,task     ] GC(30) Using 1 workers of 1 for marking
[2025-12-07T21:50:47.411+0000][gc,marking  ] GC(30) Concurrent Mark From Roots 34.340ms
[2025-12-07T21:50:47.411+0000][gc,marking  ] GC(30) Concurrent Preclean
[2025-12-07T21:50:47.411+0000][gc,marking  ] GC(30) Concurrent Preclean 0.085ms
[2025-12-07T21:50:47.411+0000][gc,start    ] GC(30) Pause Remark
[2025-12-07T21:50:47.434+0000][gc,mmu      ] GC(30) MMU target violated: 21.0ms (20.0ms/21.0ms)
[2025-12-07T21:50:47.434+0000][gc          ] GC(30) Pause Remark 170M->170M(285M) 22.592ms
[2025-12-07T21:50:47.434+0000][gc,cpu      ] GC(30) User=0.02s Sys=0.00s Real=0.02s
[2025-12-07T21:50:47.439+0000][gc,marking  ] GC(30) Concurrent Mark 62.063ms
[2025-12-07T21:50:47.439+0000][gc,marking  ] GC(30) Concurrent Rebuild Remembered Sets and Scrub Regions
[2025-12-07T21:50:47.459+0000][gc,marking  ] GC(30) Concurrent Rebuild Remembered Sets and Scrub Regions 20.120ms
[2025-12-07T21:50:47.459+0000][gc,start    ] GC(30) Pause Cleanup
[2025-12-07T21:50:47.459+0000][gc          ] GC(30) Pause Cleanup 170M->170M(285M) 0.080ms
[2025-12-07T21:50:47.459+0000][gc,cpu      ] GC(30) User=0.00s Sys=0.00s Real=0.00s
[2025-12-07T21:50:47.459+0000][gc,marking  ] GC(30) Concurrent Clear Claimed Marks
[2025-12-07T21:50:47.459+0000][gc,marking  ] GC(30) Concurrent Clear Claimed Marks 0.062ms
[2025-12-07T21:50:47.459+0000][gc,marking  ] GC(30) Concurrent Cleanup for Next Mark
[2025-12-07T21:50:47.459+0000][gc,marking  ] GC(30) Concurrent Cleanup for Next Mark 0.413ms
[2025-12-07T21:50:47.459+0000][gc          ] GC(30) Concurrent Mark Cycle 84.565ms
[2025-12-07T21:52:57.356+0000][gc,start    ] GC(31) Pause Young (Prepare Mixed) (G1 Evacuation Pause)
[2025-12-07T21:52:57.356+0000][gc,task     ] GC(31) Using 1 workers of 1 for evacuation
[2025-12-07T21:52:57.366+0000][gc,phases   ] GC(31)   Pre Evacuate Collection Set: 0.11ms
[2025-12-07T21:52:57.366+0000][gc,phases   ] GC(31)   Merge Heap Roots: 0.08ms
[2025-12-07T21:52:57.366+0000][gc,phases   ] GC(31)   Evacuate Collection Set: 8.78ms
[2025-12-07T21:52:57.366+0000][gc,phases   ] GC(31)   Post Evacuate Collection Set: 0.39ms
[2025-12-07T21:52:57.366+0000][gc,phases   ] GC(31)   Other: 0.08ms
[2025-12-07T21:52:57.366+0000][gc,heap     ] GC(31) Eden regions: 23->0(41)
[2025-12-07T21:52:57.366+0000][gc,heap     ] GC(31) Survivor regions: 2->3(4)
[2025-12-07T21:52:57.366+0000][gc,heap     ] GC(31) Old regions: 29->29
[2025-12-07T21:52:57.366+0000][gc,heap     ] GC(31) Humongous regions: 140->140
[2025-12-07T21:52:57.366+0000][gc,metaspace] GC(31) Metaspace: 48957K(49856K)->48957K(49856K) NonClass: 43399K(43840K)->43399K(43840K) Class: 5558K(6016K)->5558K(6016K)
[2025-12-07T21:52:57.366+0000][gc          ] GC(31) Pause Young (Prepare Mixed) (G1 Evacuation Pause) 193M->171M(285M) 9.614ms
[2025-12-07T21:52:57.366+0000][gc,cpu      ] GC(31) User=0.01s Sys=0.00s Real=0.01s
[2025-12-07T21:56:04.781+0000][gc,start    ] GC(32) Pause Young (Mixed) (G1 Evacuation Pause)
[2025-12-07T21:56:04.782+0000][gc,task     ] GC(32) Using 1 workers of 1 for evacuation
[2025-12-07T21:56:04.796+0000][gc,phases   ] GC(32)   Pre Evacuate Collection Set: 0.18ms
[2025-12-07T21:56:04.796+0000][gc,phases   ] GC(32)   Merge Heap Roots: 0.12ms
[2025-12-07T21:56:04.796+0000][gc,phases   ] GC(32)   Evacuate Collection Set: 11.02ms
[2025-12-07T21:56:04.796+0000][gc,phases   ] GC(32)   Post Evacuate Collection Set: 2.35ms
[2025-12-07T21:56:04.796+0000][gc,phases   ] GC(32)   Other: 0.53ms
[2025-12-07T21:56:04.796+0000][gc,heap     ] GC(32) Eden regions: 33->0(40)
[2025-12-07T21:56:04.796+0000][gc,heap     ] GC(32) Survivor regions: 3->4(5)
[2025-12-07T21:56:04.796+0000][gc,heap     ] GC(32) Old regions: 29->29
[2025-12-07T21:56:04.796+0000][gc,heap     ] GC(32) Humongous regions: 140->140
[2025-12-07T21:56:04.796+0000][gc,metaspace] GC(32) Metaspace: 49024K(49856K)->49024K(49856K) NonClass: 43457K(43840K)->43457K(43840K) Class: 5567K(6016K)->5567K(6016K)
[2025-12-07T21:56:04.796+0000][gc          ] GC(32) Pause Young (Mixed) (G1 Evacuation Pause) 204M->171M(285M) 14.353ms
[2025-12-07T21:56:04.796+0000][gc,cpu      ] GC(32) User=0.02s Sys=0.00s Real=0.02s
[2025-12-07T21:57:33.741+0000][gc,start    ] GC(33) Pause Young (Mixed) (G1 Evacuation Pause)
[2025-12-07T21:57:33.741+0000][gc,task     ] GC(33) Using 1 workers of 1 for evacuation
[2025-12-07T21:57:33.756+0000][gc,phases   ] GC(33)   Pre Evacuate Collection Set: 0.11ms
[2025-12-07T21:57:33.756+0000][gc,phases   ] GC(33)   Merge Heap Roots: 0.10ms
[2025-12-07T21:57:33.756+0000][gc,phases   ] GC(33)   Evacuate Collection Set: 13.87ms
[2025-12-07T21:57:33.756+0000][gc,phases   ] GC(33)   Post Evacuate Collection Set: 0.52ms
[2025-12-07T21:57:33.756+0000][gc,phases   ] GC(33)   Other: 0.05ms
[2025-12-07T21:57:33.756+0000][gc,heap     ] GC(33) Eden regions: 21->0(44)
[2025-12-07T21:57:33.756+0000][gc,heap     ] GC(33) Survivor regions: 4->2(4)
[2025-12-07T21:57:33.756+0000][gc,heap     ] GC(33) Old regions: 29->30
[2025-12-07T21:57:33.756+0000][gc,heap     ] GC(33) Humongous regions: 140->11
[2025-12-07T21:57:33.756+0000][gc,metaspace] GC(33) Metaspace: 50078K(50880K)->50078K(50880K) NonClass: 44295K(44736K)->44295K(44736K) Class: 5783K(6144K)->5783K(6144K)
[2025-12-07T21:57:33.756+0000][gc          ] GC(33) Pause Young (Mixed) (G1 Evacuation Pause) 192M->42M(285M) 14.785ms
[2025-12-07T21:57:33.756+0000][gc,cpu      ] GC(33) User=0.02s Sys=0.00s Real=0.02s
[2025-12-07T21:57:33.981+0000][gc,heap,exit] Heap
[2025-12-07T21:57:33.981+0000][gc,heap,exit]  garbage-first heap   total 291840K, used 47169K [0x00000000d4400000, 0x0000000100000000)
[2025-12-07T21:57:33.981+0000][gc,heap,exit]   region size 1024K, 6 young (6144K), 2 survivors (2048K)
[2025-12-07T21:57:33.981+0000][gc,heap,exit]  Metaspace       used 50204K, committed 51072K, reserved 1114112K
[2025-12-07T21:57:33.981+0000][gc,heap,exit]   class space    used 5820K, committed 6208K, reserved 1048576K
