[2025-12-06T16:16:10.351+0000][gc,init] CardTable entry size: 512
[2025-12-06T16:16:10.359+0000][gc     ] Using G1
[2025-12-06T16:16:10.362+0000][gc,init] Version: 21.0.9+10-Ubuntu-124.04 (release)
[2025-12-06T16:16:10.362+0000][gc,init] CPUs: 15 total, 1 available
[2025-12-06T16:16:10.362+0000][gc,init] Memory: 957M
[2025-12-06T16:16:10.362+0000][gc,init] Large Page Support: Disabled
[2025-12-06T16:16:10.362+0000][gc,init] NUMA Support: Disabled
[2025-12-06T16:16:10.362+0000][gc,init] Compressed Oops: Enabled (32-bit)
[2025-12-06T16:16:10.362+0000][gc,init] Heap Region Size: 1M
[2025-12-06T16:16:10.362+0000][gc,init] Heap Min Capacity: 256M
[2025-12-06T16:16:10.362+0000][gc,init] Heap Initial Capacity: 256M
[2025-12-06T16:16:10.362+0000][gc,init] Heap Max Capacity: 512M
[2025-12-06T16:16:10.362+0000][gc,init] Pre-touch: Disabled
[2025-12-06T16:16:10.362+0000][gc,init] Parallel Workers: 1
[2025-12-06T16:16:10.362+0000][gc,init] Concurrent Workers: 1
[2025-12-06T16:16:10.362+0000][gc,init] Concurrent Refinement Workers: 1
[2025-12-06T16:16:10.362+0000][gc,init] Periodic GC: Disabled
[2025-12-06T16:16:10.371+0000][gc,metaspace] CDS archive(s) mapped at: [0x000075553b000000-0x000075553bca0000-0x000075553bca0000), size 13238272, SharedBaseAddress: 0x000075553b000000, ArchiveRelocationMode: 1.
[2025-12-06T16:16:10.371+0000][gc,metaspace] Compressed class space mapped at: 0x000075553c000000-0x000075557c000000, reserved size: 1073741824
[2025-12-06T16:16:10.371+0000][gc,metaspace] Narrow klass base: 0x000075553b000000, Narrow klass shift: 0, Narrow klass range: 0x100000000
[2025-12-06T16:16:11.484+0000][gc,start    ] GC(0) Pause Young (Normal) (G1 Evacuation Pause)
[2025-12-06T16:16:11.484+0000][gc,task     ] GC(0) Using 1 workers of 1 for evacuation
[2025-12-06T16:16:11.494+0000][gc,phases   ] GC(0)   Pre Evacuate Collection Set: 0.08ms
[2025-12-06T16:16:11.494+0000][gc,phases   ] GC(0)   Merge Heap Roots: 0.03ms
[2025-12-06T16:16:11.495+0000][gc,phases   ] GC(0)   Evacuate Collection Set: 10.02ms
[2025-12-06T16:16:11.495+0000][gc,phases   ] GC(0)   Post Evacuate Collection Set: 0.19ms
[2025-12-06T16:16:11.495+0000][gc,phases   ] GC(0)   Other: 0.05ms
[2025-12-06T16:16:11.495+0000][gc,heap     ] GC(0) Eden regions: 12->0(10)
[2025-12-06T16:16:11.495+0000][gc,heap     ] GC(0) Survivor regions: 0->2(2)
[2025-12-06T16:16:11.495+0000][gc,heap     ] GC(0) Old regions: 2->5
[2025-12-06T16:16:11.495+0000][gc,heap     ] GC(0) Humongous regions: 0->0
[2025-12-06T16:16:11.495+0000][gc,metaspace] GC(0) Metaspace: 3867K(4032K)->3867K(4032K) NonClass: 3483K(3584K)->3483K(3584K) Class: 383K(448K)->383K(448K)
[2025-12-06T16:16:11.495+0000][gc          ] GC(0) Pause Young (Normal) (G1 Evacuation Pause) 13M->5M(258M) 10.558ms
[2025-12-06T16:16:11.495+0000][gc,cpu      ] GC(0) User=0.01s Sys=0.00s Real=0.01s
[2025-12-06T16:16:12.177+0000][gc,start    ] GC(1) Pause Young (Normal) (G1 Evacuation Pause)
[2025-12-06T16:16:12.178+0000][gc,task     ] GC(1) Using 1 workers of 1 for evacuation
[2025-12-06T16:16:12.184+0000][gc,phases   ] GC(1)   Pre Evacuate Collection Set: 0.07ms
[2025-12-06T16:16:12.184+0000][gc,phases   ] GC(1)   Merge Heap Roots: 0.02ms
[2025-12-06T16:16:12.184+0000][gc,phases   ] GC(1)   Evacuate Collection Set: 6.43ms
[2025-12-06T16:16:12.184+0000][gc,phases   ] GC(1)   Post Evacuate Collection Set: 0.20ms
[2025-12-06T16:16:12.184+0000][gc,phases   ] GC(1)   Other: 0.05ms
[2025-12-06T16:16:12.184+0000][gc,heap     ] GC(1) Eden regions: 10->0(10)
[2025-12-06T16:16:12.184+0000][gc,heap     ] GC(1) Survivor regions: 2->2(2)
[2025-12-06T16:16:12.184+0000][gc,heap     ] GC(1) Old regions: 5->7
[2025-12-06T16:16:12.184+0000][gc,heap     ] GC(1) Humongous regions: 0->0
[2025-12-06T16:16:12.184+0000][gc,metaspace] GC(1) Metaspace: 8171K(8384K)->8171K(8384K) NonClass: 7314K(7424K)->7314K(7424K) Class: 857K(960K)->857K(960K)
[2025-12-06T16:16:12.184+0000][gc          ] GC(1) Pause Young (Normal) (G1 Evacuation Pause) 15M->7M(258M) 6.886ms
[2025-12-06T16:16:12.184+0000][gc,cpu      ] GC(1) User=0.01s Sys=0.00s Real=0.01s
[2025-12-06T16:16:12.545+0000][gc,start    ] GC(2) Pause Young (Normal) (G1 Evacuation Pause)
[2025-12-06T16:16:12.545+0000][gc,task     ] GC(2) Using 1 workers of 1 for evacuation
[2025-12-06T16:16:12.551+0000][gc,phases   ] GC(2)   Pre Evacuate Collection Set: 0.06ms
[2025-12-06T16:16:12.551+0000][gc,phases   ] GC(2)   Merge Heap Roots: 0.02ms
[2025-12-06T16:16:12.551+0000][gc,phases   ] GC(2)   Evacuate Collection Set: 5.77ms
[2025-12-06T16:16:12.551+0000][gc,phases   ] GC(2)   Post Evacuate Collection Set: 0.20ms
[2025-12-06T16:16:12.551+0000][gc,phases   ] GC(2)   Other: 0.07ms
[2025-12-06T16:16:12.551+0000][gc,heap     ] GC(2) Eden regions: 10->0(11)
[2025-12-06T16:16:12.551+0000][gc,heap     ] GC(2) Survivor regions: 2->1(2)
[2025-12-06T16:16:12.551+0000][gc,heap     ] GC(2) Old regions: 7->9
[2025-12-06T16:16:12.551+0000][gc,heap     ] GC(2) Humongous regions: 0->0
[2025-12-06T16:16:12.551+0000][gc,metaspace] GC(2) Metaspace: 10724K(10944K)->10724K(10944K) NonClass: 9578K(9728K)->9578K(9728K) Class: 1146K(1216K)->1146K(1216K)
[2025-12-06T16:16:12.551+0000][gc          ] GC(2) Pause Young (Normal) (G1 Evacuation Pause) 17M->8M(258M) 6.253ms
[2025-12-06T16:16:12.551+0000][gc,cpu      ] GC(2) User=0.00s Sys=0.00s Real=0.00s
[2025-12-06T16:16:12.868+0000][gc,start    ] GC(3) Pause Young (Normal) (G1 Evacuation Pause)
[2025-12-06T16:16:12.868+0000][gc,task     ] GC(3) Using 1 workers of 1 for evacuation
[2025-12-06T16:16:12.872+0000][gc,phases   ] GC(3)   Pre Evacuate Collection Set: 0.07ms
[2025-12-06T16:16:12.872+0000][gc,phases   ] GC(3)   Merge Heap Roots: 0.02ms
[2025-12-06T16:16:12.872+0000][gc,phases   ] GC(3)   Evacuate Collection Set: 3.17ms
[2025-12-06T16:16:12.872+0000][gc,phases   ] GC(3)   Post Evacuate Collection Set: 0.18ms
[2025-12-06T16:16:12.872+0000][gc,phases   ] GC(3)   Other: 0.06ms
[2025-12-06T16:16:12.872+0000][gc,heap     ] GC(3) Eden regions: 11->0(10)
[2025-12-06T16:16:12.872+0000][gc,heap     ] GC(3) Survivor regions: 1->2(2)
[2025-12-06T16:16:12.872+0000][gc,heap     ] GC(3) Old regions: 9->9
[2025-12-06T16:16:12.872+0000][gc,heap     ] GC(3) Humongous regions: 0->0
[2025-12-06T16:16:12.872+0000][gc,metaspace] GC(3) Metaspace: 14102K(14272K)->14102K(14272K) NonClass: 12553K(12672K)->12553K(12672K) Class: 1548K(1600K)->1548K(1600K)
[2025-12-06T16:16:12.872+0000][gc          ] GC(3) Pause Young (Normal) (G1 Evacuation Pause) 19M->9M(258M) 3.612ms
[2025-12-06T16:16:12.872+0000][gc,cpu      ] GC(3) User=0.01s Sys=0.00s Real=0.00s
[2025-12-06T16:16:13.298+0000][gc,start    ] GC(4) Pause Young (Normal) (G1 Evacuation Pause)
[2025-12-06T16:16:13.298+0000][gc,task     ] GC(4) Using 1 workers of 1 for evacuation
[2025-12-06T16:16:13.303+0000][gc,phases   ] GC(4)   Pre Evacuate Collection Set: 0.06ms
[2025-12-06T16:16:13.303+0000][gc,phases   ] GC(4)   Merge Heap Roots: 0.02ms
[2025-12-06T16:16:13.303+0000][gc,phases   ] GC(4)   Evacuate Collection Set: 4.65ms
[2025-12-06T16:16:13.303+0000][gc,phases   ] GC(4)   Post Evacuate Collection Set: 0.22ms
[2025-12-06T16:16:13.303+0000][gc,phases   ] GC(4)   Other: 0.06ms
[2025-12-06T16:16:13.303+0000][gc,heap     ] GC(4) Eden regions: 10->0(10)
[2025-12-06T16:16:13.303+0000][gc,heap     ] GC(4) Survivor regions: 2->2(2)
[2025-12-06T16:16:13.303+0000][gc,heap     ] GC(4) Old regions: 9->10
[2025-12-06T16:16:13.303+0000][gc,heap     ] GC(4) Humongous regions: 0->0
[2025-12-06T16:16:13.303+0000][gc,metaspace] GC(4) Metaspace: 17457K(17792K)->17457K(17792K) NonClass: 15500K(15680K)->15500K(15680K) Class: 1956K(2112K)->1956K(2112K)
[2025-12-06T16:16:13.303+0000][gc          ] GC(4) Pause Young (Normal) (G1 Evacuation Pause) 19M->9M(258M) 5.122ms
[2025-12-06T16:16:13.303+0000][gc,cpu      ] GC(4) User=0.01s Sys=0.00s Real=0.01s
[2025-12-06T16:16:13.688+0000][gc,start    ] GC(5) Pause Young (Normal) (G1 Evacuation Pause)
[2025-12-06T16:16:13.688+0000][gc,task     ] GC(5) Using 1 workers of 1 for evacuation
[2025-12-06T16:16:13.693+0000][gc,phases   ] GC(5)   Pre Evacuate Collection Set: 0.07ms
[2025-12-06T16:16:13.693+0000][gc,phases   ] GC(5)   Merge Heap Roots: 0.02ms
[2025-12-06T16:16:13.693+0000][gc,phases   ] GC(5)   Evacuate Collection Set: 3.99ms
[2025-12-06T16:16:13.693+0000][gc,phases   ] GC(5)   Post Evacuate Collection Set: 0.23ms
[2025-12-06T16:16:13.693+0000][gc,phases   ] GC(5)   Other: 0.07ms
[2025-12-06T16:16:13.693+0000][gc,heap     ] GC(5) Eden regions: 10->0(10)
[2025-12-06T16:16:13.693+0000][gc,heap     ] GC(5) Survivor regions: 2->2(2)
[2025-12-06T16:16:13.693+0000][gc,heap     ] GC(5) Old regions: 10->10
[2025-12-06T16:16:13.693+0000][gc,heap     ] GC(5) Humongous regions: 0->0
[2025-12-06T16:16:13.693+0000][gc,metaspace] GC(5) Metaspace: 20922K(21184K)->20922K(21184K) NonClass: 18418K(18560K)->18418K(18560K) Class: 2504K(2624K)->2504K(2624K)
[2025-12-06T16:16:13.693+0000][gc          ] GC(5) Pause Young (Normal) (G1 Evacuation Pause) 19M->10M(258M) 4.544ms
[2025-12-06T16:16:13.693+0000][gc,cpu      ] GC(5) User=0.00s Sys=0.00s Real=0.01s
[2025-12-06T16:16:13.716+0000][gc,start    ] GC(6) Pause Young (Concurrent Start) (Metadata GC Threshold)
[2025-12-06T16:16:13.716+0000][gc,task     ] GC(6) Using 1 workers of 1 for evacuation
[2025-12-06T16:16:13.720+0000][gc,phases   ] GC(6)   Pre Evacuate Collection Set: 0.07ms
[2025-12-06T16:16:13.720+0000][gc,phases   ] GC(6)   Merge Heap Roots: 0.02ms
[2025-12-06T16:16:13.720+0000][gc,phases   ] GC(6)   Evacuate Collection Set: 3.52ms
[2025-12-06T16:16:13.720+0000][gc,phases   ] GC(6)   Post Evacuate Collection Set: 0.19ms
[2025-12-06T16:16:13.720+0000][gc,phases   ] GC(6)   Other: 0.08ms
[2025-12-06T16:16:13.720+0000][gc,heap     ] GC(6) Eden regions: 2->0(11)
[2025-12-06T16:16:13.720+0000][gc,heap     ] GC(6) Survivor regions: 2->1(2)
[2025-12-06T16:16:13.720+0000][gc,heap     ] GC(6) Old regions: 10->11
[2025-12-06T16:16:13.720+0000][gc,heap     ] GC(6) Humongous regions: 0->0
[2025-12-06T16:16:13.720+0000][gc,metaspace] GC(6) Metaspace: 21230K(21504K)->21230K(21504K) NonClass: 18677K(18816K)->18677K(18816K) Class: 2553K(2688K)->2553K(2688K)
[2025-12-06T16:16:13.721+0000][gc          ] GC(6) Pause Young (Concurrent Start) (Metadata GC Threshold) 11M->10M(258M) 4.457ms
[2025-12-06T16:16:13.721+0000][gc          ] GC(7) Concurrent Mark Cycle
[2025-12-06T16:16:13.721+0000][gc,marking  ] GC(7) Concurrent Scan Root Regions
[2025-12-06T16:16:13.722+0000][gc,cpu      ] GC(6) User=0.00s Sys=0.00s Real=0.00s
[2025-12-06T16:16:13.723+0000][gc,marking  ] GC(7) Concurrent Scan Root Regions 2.103ms
[2025-12-06T16:16:13.723+0000][gc,marking  ] GC(7) Concurrent Mark
[2025-12-06T16:16:13.723+0000][gc,marking  ] GC(7) Concurrent Mark From Roots
[2025-12-06T16:16:13.723+0000][gc,task     ] GC(7) Using 1 workers of 1 for marking
[2025-12-06T16:16:13.735+0000][gc,marking  ] GC(7) Concurrent Mark From Roots 12.670ms
[2025-12-06T16:16:13.735+0000][gc,marking  ] GC(7) Concurrent Preclean
[2025-12-06T16:16:13.736+0000][gc,marking  ] GC(7) Concurrent Preclean 0.035ms
[2025-12-06T16:16:13.736+0000][gc,start    ] GC(7) Pause Remark
[2025-12-06T16:16:13.739+0000][gc          ] GC(7) Pause Remark 10M->10M(256M) 3.542ms
[2025-12-06T16:16:13.739+0000][gc,cpu      ] GC(7) User=0.00s Sys=0.00s Real=0.00s
[2025-12-06T16:16:13.741+0000][gc,marking  ] GC(7) Concurrent Mark 17.792ms
[2025-12-06T16:16:13.741+0000][gc,marking  ] GC(7) Concurrent Rebuild Remembered Sets and Scrub Regions
[2025-12-06T16:16:13.746+0000][gc,marking  ] GC(7) Concurrent Rebuild Remembered Sets and Scrub Regions 5.591ms
[2025-12-06T16:16:13.746+0000][gc,start    ] GC(7) Pause Cleanup
[2025-12-06T16:16:13.746+0000][gc          ] GC(7) Pause Cleanup 10M->10M(256M) 0.064ms
[2025-12-06T16:16:13.746+0000][gc,cpu      ] GC(7) User=0.00s Sys=0.00s Real=0.00s
[2025-12-06T16:16:13.746+0000][gc,marking  ] GC(7) Concurrent Clear Claimed Marks
[2025-12-06T16:16:13.746+0000][gc,marking  ] GC(7) Concurrent Clear Claimed Marks 0.022ms
[2025-12-06T16:16:13.746+0000][gc,marking  ] GC(7) Concurrent Cleanup for Next Mark
[2025-12-06T16:16:13.751+0000][gc,marking  ] GC(7) Concurrent Cleanup for Next Mark 5.001ms
[2025-12-06T16:16:13.751+0000][gc          ] GC(7) Concurrent Mark Cycle 30.711ms
[2025-12-06T16:16:13.786+0000][gc,heap,exit] Heap
[2025-12-06T16:16:13.786+0000][gc,heap,exit]  garbage-first heap   total 262144K, used 11717K [0x00000000e0000000, 0x0000000100000000)
[2025-12-06T16:16:13.786+0000][gc,heap,exit]   region size 1024K, 3 young (3072K), 1 survivors (1024K)
[2025-12-06T16:16:13.786+0000][gc,heap,exit]  Metaspace       used 21534K, committed 21888K, reserved 1114112K
[2025-12-06T16:16:13.786+0000][gc,heap,exit]   class space    used 2594K, committed 2752K, reserved 1048576K
