[2025-12-04T13:34:09.228+0000][gc,init] CardTable entry size: 512
[2025-12-04T13:34:09.232+0000][gc     ] Using G1
[2025-12-04T13:34:09.235+0000][gc,init] Version: 21.0.9+10-Ubuntu-124.04 (release)
[2025-12-04T13:34:09.235+0000][gc,init] CPUs: 15 total, 1 available
[2025-12-04T13:34:09.235+0000][gc,init] Memory: 957M
[2025-12-04T13:34:09.235+0000][gc,init] Large Page Support: Disabled
[2025-12-04T13:34:09.235+0000][gc,init] NUMA Support: Disabled
[2025-12-04T13:34:09.235+0000][gc,init] Compressed Oops: Enabled (32-bit)
[2025-12-04T13:34:09.235+0000][gc,init] Heap Region Size: 1M
[2025-12-04T13:34:09.235+0000][gc,init] Heap Min Capacity: 256M
[2025-12-04T13:34:09.235+0000][gc,init] Heap Initial Capacity: 256M
[2025-12-04T13:34:09.235+0000][gc,init] Heap Max Capacity: 512M
[2025-12-04T13:34:09.235+0000][gc,init] Pre-touch: Disabled
[2025-12-04T13:34:09.235+0000][gc,init] Parallel Workers: 1
[2025-12-04T13:34:09.235+0000][gc,init] Concurrent Workers: 1
[2025-12-04T13:34:09.235+0000][gc,init] Concurrent Refinement Workers: 1
[2025-12-04T13:34:09.235+0000][gc,init] Periodic GC: Disabled
[2025-12-04T13:34:09.244+0000][gc,metaspace] CDS archive(s) mapped at: [0x00007f001f000000-0x00007f001fca0000-0x00007f001fca0000), size 13238272, SharedBaseAddress: 0x00007f001f000000, ArchiveRelocationMode: 1.
[2025-12-04T13:34:09.244+0000][gc,metaspace] Compressed class space mapped at: 0x00007f0020000000-0x00007f0060000000, reserved size: 1073741824
[2025-12-04T13:34:09.244+0000][gc,metaspace] Narrow klass base: 0x00007f001f000000, Narrow klass shift: 0, Narrow klass range: 0x100000000
[2025-12-04T13:34:09.830+0000][gc,start    ] GC(0) Pause Young (Normal) (G1 Evacuation Pause)
[2025-12-04T13:34:09.830+0000][gc,task     ] GC(0) Using 1 workers of 1 for evacuation
[2025-12-04T13:34:09.846+0000][gc,phases   ] GC(0)   Pre Evacuate Collection Set: 0.07ms
[2025-12-04T13:34:09.847+0000][gc,phases   ] GC(0)   Merge Heap Roots: 0.03ms
[2025-12-04T13:34:09.847+0000][gc,phases   ] GC(0)   Evacuate Collection Set: 14.08ms
[2025-12-04T13:34:09.847+0000][gc,phases   ] GC(0)   Post Evacuate Collection Set: 0.21ms
[2025-12-04T13:34:09.847+0000][gc,phases   ] GC(0)   Other: 0.05ms
[2025-12-04T13:34:09.847+0000][gc,heap     ] GC(0) Eden regions: 12->0(10)
[2025-12-04T13:34:09.847+0000][gc,heap     ] GC(0) Survivor regions: 0->2(2)
[2025-12-04T13:34:09.847+0000][gc,heap     ] GC(0) Old regions: 2->5
[2025-12-04T13:34:09.847+0000][gc,heap     ] GC(0) Humongous regions: 0->0
[2025-12-04T13:34:09.847+0000][gc,metaspace] GC(0) Metaspace: 3837K(4032K)->3837K(4032K) NonClass: 3454K(3584K)->3454K(3584K) Class: 383K(448K)->383K(448K)
[2025-12-04T13:34:09.847+0000][gc          ] GC(0) Pause Young (Normal) (G1 Evacuation Pause) 13M->5M(258M) 17.366ms
[2025-12-04T13:34:09.847+0000][gc,cpu      ] GC(0) User=0.01s Sys=0.01s Real=0.02s
[2025-12-04T13:34:10.351+0000][gc,start    ] GC(1) Pause Young (Normal) (G1 Evacuation Pause)
[2025-12-04T13:34:10.351+0000][gc,task     ] GC(1) Using 1 workers of 1 for evacuation
[2025-12-04T13:34:10.358+0000][gc,phases   ] GC(1)   Pre Evacuate Collection Set: 0.06ms
[2025-12-04T13:34:10.358+0000][gc,phases   ] GC(1)   Merge Heap Roots: 0.02ms
[2025-12-04T13:34:10.358+0000][gc,phases   ] GC(1)   Evacuate Collection Set: 6.51ms
[2025-12-04T13:34:10.358+0000][gc,phases   ] GC(1)   Post Evacuate Collection Set: 0.95ms
[2025-12-04T13:34:10.358+0000][gc,phases   ] GC(1)   Other: 0.06ms
[2025-12-04T13:34:10.358+0000][gc,heap     ] GC(1) Eden regions: 10->0(10)
[2025-12-04T13:34:10.358+0000][gc,heap     ] GC(1) Survivor regions: 2->2(2)
[2025-12-04T13:34:10.358+0000][gc,heap     ] GC(1) Old regions: 5->7
[2025-12-04T13:34:10.358+0000][gc,heap     ] GC(1) Humongous regions: 0->0
[2025-12-04T13:34:10.358+0000][gc,metaspace] GC(1) Metaspace: 8120K(8320K)->8120K(8320K) NonClass: 7264K(7360K)->7264K(7360K) Class: 855K(960K)->855K(960K)
[2025-12-04T13:34:10.358+0000][gc          ] GC(1) Pause Young (Normal) (G1 Evacuation Pause) 15M->7M(258M) 7.753ms
[2025-12-04T13:34:10.358+0000][gc,cpu      ] GC(1) User=0.01s Sys=0.00s Real=0.01s
[2025-12-04T13:34:10.687+0000][gc,start    ] GC(2) Pause Young (Normal) (G1 Evacuation Pause)
[2025-12-04T13:34:10.687+0000][gc,task     ] GC(2) Using 1 workers of 1 for evacuation
[2025-12-04T13:34:10.696+0000][gc,phases   ] GC(2)   Pre Evacuate Collection Set: 0.06ms
[2025-12-04T13:34:10.696+0000][gc,phases   ] GC(2)   Merge Heap Roots: 0.02ms
[2025-12-04T13:34:10.696+0000][gc,phases   ] GC(2)   Evacuate Collection Set: 7.49ms
[2025-12-04T13:34:10.696+0000][gc,phases   ] GC(2)   Post Evacuate Collection Set: 1.26ms
[2025-12-04T13:34:10.696+0000][gc,phases   ] GC(2)   Other: 0.07ms
[2025-12-04T13:34:10.696+0000][gc,heap     ] GC(2) Eden regions: 10->0(11)
[2025-12-04T13:34:10.696+0000][gc,heap     ] GC(2) Survivor regions: 2->1(2)
[2025-12-04T13:34:10.696+0000][gc,heap     ] GC(2) Old regions: 7->9
[2025-12-04T13:34:10.696+0000][gc,heap     ] GC(2) Humongous regions: 0->0
[2025-12-04T13:34:10.696+0000][gc,metaspace] GC(2) Metaspace: 10427K(10624K)->10427K(10624K) NonClass: 9306K(9408K)->9306K(9408K) Class: 1120K(1216K)->1120K(1216K)
[2025-12-04T13:34:10.696+0000][gc          ] GC(2) Pause Young (Normal) (G1 Evacuation Pause) 17M->8M(258M) 9.045ms
[2025-12-04T13:34:10.696+0000][gc,cpu      ] GC(2) User=0.01s Sys=0.00s Real=0.01s
[2025-12-04T13:34:10.947+0000][gc,start    ] GC(3) Pause Young (Normal) (G1 Evacuation Pause)
[2025-12-04T13:34:10.948+0000][gc,task     ] GC(3) Using 1 workers of 1 for evacuation
[2025-12-04T13:34:10.951+0000][gc,phases   ] GC(3)   Pre Evacuate Collection Set: 0.06ms
[2025-12-04T13:34:10.951+0000][gc,phases   ] GC(3)   Merge Heap Roots: 0.02ms
[2025-12-04T13:34:10.951+0000][gc,phases   ] GC(3)   Evacuate Collection Set: 3.12ms
[2025-12-04T13:34:10.951+0000][gc,phases   ] GC(3)   Post Evacuate Collection Set: 0.18ms
[2025-12-04T13:34:10.951+0000][gc,phases   ] GC(3)   Other: 0.07ms
[2025-12-04T13:34:10.951+0000][gc,heap     ] GC(3) Eden regions: 11->0(10)
[2025-12-04T13:34:10.951+0000][gc,heap     ] GC(3) Survivor regions: 1->2(2)
[2025-12-04T13:34:10.951+0000][gc,heap     ] GC(3) Old regions: 9->9
[2025-12-04T13:34:10.951+0000][gc,heap     ] GC(3) Humongous regions: 0->0
[2025-12-04T13:34:10.951+0000][gc,metaspace] GC(3) Metaspace: 13930K(14080K)->13930K(14080K) NonClass: 12392K(12480K)->12392K(12480K) Class: 1537K(1600K)->1537K(1600K)
[2025-12-04T13:34:10.951+0000][gc          ] GC(3) Pause Young (Normal) (G1 Evacuation Pause) 19M->9M(258M) 3.561ms
[2025-12-04T13:34:10.951+0000][gc,cpu      ] GC(3) User=0.01s Sys=0.00s Real=0.00s
[2025-12-04T13:34:11.305+0000][gc,start    ] GC(4) Pause Young (Normal) (G1 Evacuation Pause)
[2025-12-04T13:34:11.305+0000][gc,task     ] GC(4) Using 1 workers of 1 for evacuation
[2025-12-04T13:34:11.310+0000][gc,phases   ] GC(4)   Pre Evacuate Collection Set: 0.06ms
[2025-12-04T13:34:11.310+0000][gc,phases   ] GC(4)   Merge Heap Roots: 0.02ms
[2025-12-04T13:34:11.310+0000][gc,phases   ] GC(4)   Evacuate Collection Set: 5.07ms
[2025-12-04T13:34:11.310+0000][gc,phases   ] GC(4)   Post Evacuate Collection Set: 0.21ms
[2025-12-04T13:34:11.310+0000][gc,phases   ] GC(4)   Other: 0.07ms
[2025-12-04T13:34:11.310+0000][gc,heap     ] GC(4) Eden regions: 10->0(10)
[2025-12-04T13:34:11.310+0000][gc,heap     ] GC(4) Survivor regions: 2->2(2)
[2025-12-04T13:34:11.310+0000][gc,heap     ] GC(4) Old regions: 9->10
[2025-12-04T13:34:11.310+0000][gc,heap     ] GC(4) Humongous regions: 0->0
[2025-12-04T13:34:11.310+0000][gc,metaspace] GC(4) Metaspace: 17210K(17472K)->17210K(17472K) NonClass: 15275K(15424K)->15275K(15424K) Class: 1935K(2048K)->1935K(2048K)
[2025-12-04T13:34:11.310+0000][gc          ] GC(4) Pause Young (Normal) (G1 Evacuation Pause) 19M->9M(258M) 5.547ms
[2025-12-04T13:34:11.310+0000][gc,cpu      ] GC(4) User=0.01s Sys=0.00s Real=0.00s
[2025-12-04T13:34:11.578+0000][gc,start    ] GC(5) Pause Young (Normal) (G1 Evacuation Pause)
[2025-12-04T13:34:11.578+0000][gc,task     ] GC(5) Using 1 workers of 1 for evacuation
[2025-12-04T13:34:11.583+0000][gc,phases   ] GC(5)   Pre Evacuate Collection Set: 0.07ms
[2025-12-04T13:34:11.583+0000][gc,phases   ] GC(5)   Merge Heap Roots: 0.02ms
[2025-12-04T13:34:11.583+0000][gc,phases   ] GC(5)   Evacuate Collection Set: 4.47ms
[2025-12-04T13:34:11.583+0000][gc,phases   ] GC(5)   Post Evacuate Collection Set: 0.69ms
[2025-12-04T13:34:11.583+0000][gc,phases   ] GC(5)   Other: 0.07ms
[2025-12-04T13:34:11.583+0000][gc,heap     ] GC(5) Eden regions: 10->0(10)
[2025-12-04T13:34:11.583+0000][gc,heap     ] GC(5) Survivor regions: 2->2(2)
[2025-12-04T13:34:11.583+0000][gc,heap     ] GC(5) Old regions: 10->10
[2025-12-04T13:34:11.583+0000][gc,heap     ] GC(5) Humongous regions: 0->0
[2025-12-04T13:34:11.583+0000][gc,metaspace] GC(5) Metaspace: 20689K(20992K)->20689K(20992K) NonClass: 18223K(18368K)->18223K(18368K) Class: 2465K(2624K)->2465K(2624K)
[2025-12-04T13:34:11.583+0000][gc          ] GC(5) Pause Young (Normal) (G1 Evacuation Pause) 19M->9M(258M) 5.436ms
[2025-12-04T13:34:11.583+0000][gc,cpu      ] GC(5) User=0.00s Sys=0.00s Real=0.00s
[2025-12-04T13:34:11.636+0000][gc,start    ] GC(6) Pause Young (Concurrent Start) (Metadata GC Threshold)
[2025-12-04T13:34:11.637+0000][gc,task     ] GC(6) Using 1 workers of 1 for evacuation
[2025-12-04T13:34:11.640+0000][gc,phases   ] GC(6)   Pre Evacuate Collection Set: 0.06ms
[2025-12-04T13:34:11.640+0000][gc,phases   ] GC(6)   Merge Heap Roots: 0.02ms
[2025-12-04T13:34:11.640+0000][gc,phases   ] GC(6)   Evacuate Collection Set: 3.10ms
[2025-12-04T13:34:11.640+0000][gc,phases   ] GC(6)   Post Evacuate Collection Set: 0.19ms
[2025-12-04T13:34:11.640+0000][gc,phases   ] GC(6)   Other: 0.07ms
[2025-12-04T13:34:11.640+0000][gc,heap     ] GC(6) Eden regions: 2->0(11)
[2025-12-04T13:34:11.640+0000][gc,heap     ] GC(6) Survivor regions: 2->1(2)
[2025-12-04T13:34:11.640+0000][gc,heap     ] GC(6) Old regions: 10->11
[2025-12-04T13:34:11.640+0000][gc,heap     ] GC(6) Humongous regions: 0->0
[2025-12-04T13:34:11.640+0000][gc,metaspace] GC(6) Metaspace: 21274K(21504K)->21274K(21504K) NonClass: 18713K(18816K)->18713K(18816K) Class: 2561K(2688K)->2561K(2688K)
[2025-12-04T13:34:11.640+0000][gc          ] GC(6) Pause Young (Concurrent Start) (Metadata GC Threshold) 11M->10M(258M) 3.571ms
[2025-12-04T13:34:11.640+0000][gc,cpu      ] GC(6) User=0.01s Sys=0.00s Real=0.00s
[2025-12-04T13:34:11.643+0000][gc          ] GC(7) Concurrent Mark Cycle
[2025-12-04T13:34:11.643+0000][gc,marking  ] GC(7) Concurrent Scan Root Regions
[2025-12-04T13:34:11.644+0000][gc,marking  ] GC(7) Concurrent Scan Root Regions 0.998ms
[2025-12-04T13:34:11.644+0000][gc,marking  ] GC(7) Concurrent Mark
[2025-12-04T13:34:11.644+0000][gc,marking  ] GC(7) Concurrent Mark From Roots
[2025-12-04T13:34:11.644+0000][gc,task     ] GC(7) Using 1 workers of 1 for marking
[2025-12-04T13:34:11.657+0000][gc,marking  ] GC(7) Concurrent Mark From Roots 12.768ms
[2025-12-04T13:34:11.657+0000][gc,marking  ] GC(7) Concurrent Preclean
[2025-12-04T13:34:11.657+0000][gc,marking  ] GC(7) Concurrent Preclean 0.034ms
[2025-12-04T13:34:11.657+0000][gc,start    ] GC(7) Pause Remark
[2025-12-04T13:34:11.661+0000][gc          ] GC(7) Pause Remark 10M->10M(256M) 4.302ms
[2025-12-04T13:34:11.661+0000][gc,cpu      ] GC(7) User=0.01s Sys=0.00s Real=0.00s
[2025-12-04T13:34:11.663+0000][gc,marking  ] GC(7) Concurrent Mark 18.380ms
[2025-12-04T13:34:11.663+0000][gc,marking  ] GC(7) Concurrent Rebuild Remembered Sets and Scrub Regions
[2025-12-04T13:34:11.669+0000][gc,marking  ] GC(7) Concurrent Rebuild Remembered Sets and Scrub Regions 6.194ms
[2025-12-04T13:34:11.669+0000][gc,start    ] GC(7) Pause Cleanup
[2025-12-04T13:34:11.669+0000][gc          ] GC(7) Pause Cleanup 10M->10M(256M) 0.055ms
[2025-12-04T13:34:11.669+0000][gc,cpu      ] GC(7) User=0.00s Sys=0.00s Real=0.00s
[2025-12-04T13:34:11.669+0000][gc,marking  ] GC(7) Concurrent Clear Claimed Marks
[2025-12-04T13:34:11.669+0000][gc,marking  ] GC(7) Concurrent Clear Claimed Marks 0.013ms
[2025-12-04T13:34:11.669+0000][gc,marking  ] GC(7) Concurrent Cleanup for Next Mark
[2025-12-04T13:34:11.673+0000][gc,marking  ] GC(7) Concurrent Cleanup for Next Mark 4.152ms
[2025-12-04T13:34:11.673+0000][gc          ] GC(7) Concurrent Mark Cycle 29.926ms
[2025-12-04T13:34:12.080+0000][gc,start    ] GC(8) Pause Young (Prepare Mixed) (G1 Evacuation Pause)
[2025-12-04T13:34:12.081+0000][gc,task     ] GC(8) Using 1 workers of 1 for evacuation
[2025-12-04T13:34:12.086+0000][gc,phases   ] GC(8)   Pre Evacuate Collection Set: 0.07ms
[2025-12-04T13:34:12.086+0000][gc,phases   ] GC(8)   Merge Heap Roots: 0.03ms
[2025-12-04T13:34:12.086+0000][gc,phases   ] GC(8)   Evacuate Collection Set: 4.71ms
[2025-12-04T13:34:12.086+0000][gc,phases   ] GC(8)   Post Evacuate Collection Set: 0.24ms
[2025-12-04T13:34:12.086+0000][gc,phases   ] GC(8)   Other: 0.05ms
[2025-12-04T13:34:12.086+0000][gc,heap     ] GC(8) Eden regions: 11->0(10)
[2025-12-04T13:34:12.086+0000][gc,heap     ] GC(8) Survivor regions: 1->2(2)
[2025-12-04T13:34:12.086+0000][gc,heap     ] GC(8) Old regions: 11->11
[2025-12-04T13:34:12.086+0000][gc,heap     ] GC(8) Humongous regions: 0->0
[2025-12-04T13:34:12.086+0000][gc,metaspace] GC(8) Metaspace: 24484K(24768K)->24484K(24768K) NonClass: 21606K(21760K)->21606K(21760K) Class: 2877K(3008K)->2877K(3008K)
[2025-12-04T13:34:12.086+0000][gc          ] GC(8) Pause Young (Prepare Mixed) (G1 Evacuation Pause) 21M->10M(256M) 5.232ms
[2025-12-04T13:34:12.086+0000][gc,cpu      ] GC(8) User=0.00s Sys=0.01s Real=0.01s
[2025-12-04T13:34:12.287+0000][gc,start    ] GC(9) Pause Young (Mixed) (G1 Evacuation Pause)
[2025-12-04T13:34:12.287+0000][gc,task     ] GC(9) Using 1 workers of 1 for evacuation
[2025-12-04T13:34:12.292+0000][gc,phases   ] GC(9)   Pre Evacuate Collection Set: 0.07ms
[2025-12-04T13:34:12.292+0000][gc,phases   ] GC(9)   Merge Heap Roots: 0.02ms
[2025-12-04T13:34:12.292+0000][gc,phases   ] GC(9)   Evacuate Collection Set: 4.50ms
[2025-12-04T13:34:12.292+0000][gc,phases   ] GC(9)   Post Evacuate Collection Set: 1.06ms
[2025-12-04T13:34:12.293+0000][gc,phases   ] GC(9)   Other: 0.06ms
[2025-12-04T13:34:12.293+0000][gc,heap     ] GC(9) Eden regions: 10->0(10)
[2025-12-04T13:34:12.293+0000][gc,heap     ] GC(9) Survivor regions: 2->2(2)
[2025-12-04T13:34:12.293+0000][gc,heap     ] GC(9) Old regions: 11->11
[2025-12-04T13:34:12.293+0000][gc,heap     ] GC(9) Humongous regions: 0->0
[2025-12-04T13:34:12.293+0000][gc,metaspace] GC(9) Metaspace: 27638K(27904K)->27638K(27904K) NonClass: 24558K(24704K)->24558K(24704K) Class: 3080K(3200K)->3080K(3200K)
[2025-12-04T13:34:12.293+0000][gc          ] GC(9) Pause Young (Mixed) (G1 Evacuation Pause) 20M->11M(256M) 5.843ms
[2025-12-04T13:34:12.293+0000][gc,cpu      ] GC(9) User=0.00s Sys=0.00s Real=0.00s
[2025-12-04T13:34:12.619+0000][gc,start    ] GC(10) Pause Young (Normal) (G1 Evacuation Pause)
[2025-12-04T13:34:12.620+0000][gc,task     ] GC(10) Using 1 workers of 1 for evacuation
[2025-12-04T13:34:12.630+0000][gc,phases   ] GC(10)   Pre Evacuate Collection Set: 0.06ms
[2025-12-04T13:34:12.630+0000][gc,phases   ] GC(10)   Merge Heap Roots: 0.02ms
[2025-12-04T13:34:12.630+0000][gc,phases   ] GC(10)   Evacuate Collection Set: 8.72ms
[2025-12-04T13:34:12.630+0000][gc,phases   ] GC(10)   Post Evacuate Collection Set: 1.19ms
[2025-12-04T13:34:12.630+0000][gc,phases   ] GC(10)   Other: 0.06ms
[2025-12-04T13:34:12.630+0000][gc,heap     ] GC(10) Eden regions: 10->0(10)
[2025-12-04T13:34:12.630+0000][gc,heap     ] GC(10) Survivor regions: 2->2(2)
[2025-12-04T13:34:12.630+0000][gc,heap     ] GC(10) Old regions: 11->12
[2025-12-04T13:34:12.630+0000][gc,heap     ] GC(10) Humongous regions: 0->0
[2025-12-04T13:34:12.630+0000][gc,metaspace] GC(10) Metaspace: 29703K(30016K)->29703K(30016K) NonClass: 26323K(26496K)->26323K(26496K) Class: 3379K(3520K)->3379K(3520K)
[2025-12-04T13:34:12.630+0000][gc          ] GC(10) Pause Young (Normal) (G1 Evacuation Pause) 21M->13M(256M) 10.212ms
[2025-12-04T13:34:12.630+0000][gc,cpu      ] GC(10) User=0.01s Sys=0.00s Real=0.01s
[2025-12-04T13:34:13.102+0000][gc,start    ] GC(11) Pause Young (Normal) (G1 Evacuation Pause)
[2025-12-04T13:34:13.102+0000][gc,task     ] GC(11) Using 1 workers of 1 for evacuation
[2025-12-04T13:34:13.119+0000][gc,phases   ] GC(11)   Pre Evacuate Collection Set: 0.07ms
[2025-12-04T13:34:13.119+0000][gc,phases   ] GC(11)   Merge Heap Roots: 0.02ms
[2025-12-04T13:34:13.119+0000][gc,phases   ] GC(11)   Evacuate Collection Set: 17.00ms
[2025-12-04T13:34:13.119+0000][gc,phases   ] GC(11)   Post Evacuate Collection Set: 0.34ms
[2025-12-04T13:34:13.119+0000][gc,phases   ] GC(11)   Other: 0.06ms
[2025-12-04T13:34:13.119+0000][gc,heap     ] GC(11) Eden regions: 10->0(10)
[2025-12-04T13:34:13.119+0000][gc,heap     ] GC(11) Survivor regions: 2->2(2)
[2025-12-04T13:34:13.119+0000][gc,heap     ] GC(11) Old regions: 12->14
[2025-12-04T13:34:13.119+0000][gc,heap     ] GC(11) Humongous regions: 0->0
[2025-12-04T13:34:13.119+0000][gc,metaspace] GC(11) Metaspace: 32120K(32576K)->32120K(32576K) NonClass: 28409K(28672K)->28409K(28672K) Class: 3710K(3904K)->3710K(3904K)
[2025-12-04T13:34:13.119+0000][gc          ] GC(11) Pause Young (Normal) (G1 Evacuation Pause) 23M->15M(256M) 17.638ms
[2025-12-04T13:34:13.119+0000][gc,cpu      ] GC(11) User=0.02s Sys=0.01s Real=0.02s
[2025-12-04T13:34:13.552+0000][gc,start    ] GC(12) Pause Young (Normal) (G1 Evacuation Pause)
[2025-12-04T13:34:13.552+0000][gc,task     ] GC(12) Using 1 workers of 1 for evacuation
[2025-12-04T13:34:13.568+0000][gc,phases   ] GC(12)   Pre Evacuate Collection Set: 0.11ms
[2025-12-04T13:34:13.568+0000][gc,phases   ] GC(12)   Merge Heap Roots: 0.03ms
[2025-12-04T13:34:13.568+0000][gc,phases   ] GC(12)   Evacuate Collection Set: 15.69ms
[2025-12-04T13:34:13.568+0000][gc,phases   ] GC(12)   Post Evacuate Collection Set: 0.32ms
[2025-12-04T13:34:13.568+0000][gc,phases   ] GC(12)   Other: 0.04ms
[2025-12-04T13:34:13.568+0000][gc,heap     ] GC(12) Eden regions: 10->0(11)
[2025-12-04T13:34:13.568+0000][gc,heap     ] GC(12) Survivor regions: 2->1(2)
[2025-12-04T13:34:13.568+0000][gc,heap     ] GC(12) Old regions: 14->16
[2025-12-04T13:34:13.568+0000][gc,heap     ] GC(12) Humongous regions: 9->9
[2025-12-04T13:34:13.568+0000][gc,metaspace] GC(12) Metaspace: 35016K(35520K)->35016K(35520K) NonClass: 30933K(31232K)->30933K(31232K) Class: 4083K(4288K)->4083K(4288K)
[2025-12-04T13:34:13.568+0000][gc          ] GC(12) Pause Young (Normal) (G1 Evacuation Pause) 34M->24M(256M) 16.352ms
[2025-12-04T13:34:13.568+0000][gc,cpu      ] GC(12) User=0.02s Sys=0.01s Real=0.02s
[2025-12-04T13:34:13.658+0000][gc,start    ] GC(13) Pause Young (Concurrent Start) (Metadata GC Threshold)
[2025-12-04T13:34:13.658+0000][gc,task     ] GC(13) Using 1 workers of 1 for evacuation
[2025-12-04T13:34:13.661+0000][gc,phases   ] GC(13)   Pre Evacuate Collection Set: 0.07ms
[2025-12-04T13:34:13.661+0000][gc,phases   ] GC(13)   Merge Heap Roots: 0.03ms
[2025-12-04T13:34:13.661+0000][gc,phases   ] GC(13)   Evacuate Collection Set: 2.96ms
[2025-12-04T13:34:13.661+0000][gc,phases   ] GC(13)   Post Evacuate Collection Set: 0.25ms
[2025-12-04T13:34:13.661+0000][gc,phases   ] GC(13)   Other: 0.09ms
[2025-12-04T13:34:13.661+0000][gc,heap     ] GC(13) Eden regions: 3->0(11)
[2025-12-04T13:34:13.661+0000][gc,heap     ] GC(13) Survivor regions: 1->1(2)
[2025-12-04T13:34:13.661+0000][gc,heap     ] GC(13) Old regions: 16->16
[2025-12-04T13:34:13.661+0000][gc,heap     ] GC(13) Humongous regions: 9->9
[2025-12-04T13:34:13.661+0000][gc,metaspace] GC(13) Metaspace: 35730K(36160K)->35730K(36160K) NonClass: 31565K(31808K)->31565K(31808K) Class: 4165K(4352K)->4165K(4352K)
[2025-12-04T13:34:13.661+0000][gc          ] GC(13) Pause Young (Concurrent Start) (Metadata GC Threshold) 27M->24M(256M) 3.504ms
[2025-12-04T13:34:13.661+0000][gc,cpu      ] GC(13) User=0.01s Sys=0.00s Real=0.00s
[2025-12-04T13:34:13.663+0000][gc          ] GC(14) Concurrent Mark Cycle
[2025-12-04T13:34:13.663+0000][gc,marking  ] GC(14) Concurrent Scan Root Regions
[2025-12-04T13:34:13.664+0000][gc,marking  ] GC(14) Concurrent Scan Root Regions 0.849ms
[2025-12-04T13:34:13.664+0000][gc,marking  ] GC(14) Concurrent Mark
[2025-12-04T13:34:13.664+0000][gc,marking  ] GC(14) Concurrent Mark From Roots
[2025-12-04T13:34:13.664+0000][gc,task     ] GC(14) Using 1 workers of 1 for marking
[2025-12-04T13:34:13.734+0000][gc,marking  ] GC(14) Concurrent Mark From Roots 69.249ms
[2025-12-04T13:34:13.734+0000][gc,marking  ] GC(14) Concurrent Preclean
[2025-12-04T13:34:13.734+0000][gc,marking  ] GC(14) Concurrent Preclean 0.053ms
[2025-12-04T13:34:13.734+0000][gc,start    ] GC(14) Pause Remark
[2025-12-04T13:34:13.743+0000][gc          ] GC(14) Pause Remark 26M->26M(256M) 9.140ms
[2025-12-04T13:34:13.743+0000][gc,cpu      ] GC(14) User=0.01s Sys=0.00s Real=0.00s
[2025-12-04T13:34:13.743+0000][gc,marking  ] GC(14) Concurrent Mark 79.035ms
[2025-12-04T13:34:13.743+0000][gc,marking  ] GC(14) Concurrent Rebuild Remembered Sets and Scrub Regions
[2025-12-04T13:34:13.769+0000][gc,marking  ] GC(14) Concurrent Rebuild Remembered Sets and Scrub Regions 25.386ms
[2025-12-04T13:34:13.769+0000][gc,start    ] GC(14) Pause Cleanup
[2025-12-04T13:34:13.769+0000][gc          ] GC(14) Pause Cleanup 27M->27M(256M) 0.087ms
[2025-12-04T13:34:13.769+0000][gc,cpu      ] GC(14) User=0.00s Sys=0.00s Real=0.00s
[2025-12-04T13:34:13.769+0000][gc,marking  ] GC(14) Concurrent Clear Claimed Marks
[2025-12-04T13:34:13.769+0000][gc,marking  ] GC(14) Concurrent Clear Claimed Marks 0.041ms
[2025-12-04T13:34:13.769+0000][gc,marking  ] GC(14) Concurrent Cleanup for Next Mark
[2025-12-04T13:34:13.771+0000][gc,marking  ] GC(14) Concurrent Cleanup for Next Mark 1.853ms
[2025-12-04T13:34:13.771+0000][gc          ] GC(14) Concurrent Mark Cycle 107.393ms
[2025-12-04T13:34:13.999+0000][gc,start    ] GC(15) Pause Young (Prepare Mixed) (G1 Evacuation Pause)
[2025-12-04T13:34:13.999+0000][gc,task     ] GC(15) Using 1 workers of 1 for evacuation
[2025-12-04T13:34:14.007+0000][gc,phases   ] GC(15)   Pre Evacuate Collection Set: 0.07ms
[2025-12-04T13:34:14.007+0000][gc,phases   ] GC(15)   Merge Heap Roots: 0.04ms
[2025-12-04T13:34:14.007+0000][gc,phases   ] GC(15)   Evacuate Collection Set: 7.35ms
[2025-12-04T13:34:14.007+0000][gc,phases   ] GC(15)   Post Evacuate Collection Set: 0.35ms
[2025-12-04T13:34:14.007+0000][gc,phases   ] GC(15)   Other: 0.07ms
[2025-12-04T13:34:14.007+0000][gc,heap     ] GC(15) Eden regions: 11->0(10)
[2025-12-04T13:34:14.007+0000][gc,heap     ] GC(15) Survivor regions: 1->2(2)
[2025-12-04T13:34:14.007+0000][gc,heap     ] GC(15) Old regions: 16->17
[2025-12-04T13:34:14.007+0000][gc,heap     ] GC(15) Humongous regions: 9->9
[2025-12-04T13:34:14.007+0000][gc,metaspace] GC(15) Metaspace: 37822K(38464K)->37822K(38464K) NonClass: 33395K(33728K)->33395K(33728K) Class: 4426K(4736K)->4426K(4736K)
[2025-12-04T13:34:14.007+0000][gc          ] GC(15) Pause Young (Prepare Mixed) (G1 Evacuation Pause) 35M->27M(256M) 8.016ms
[2025-12-04T13:34:14.007+0000][gc,cpu      ] GC(15) User=0.01s Sys=0.00s Real=0.01s
[2025-12-04T13:34:14.204+0000][gc,start    ] GC(16) Pause Young (Mixed) (G1 Evacuation Pause)
[2025-12-04T13:34:14.204+0000][gc,task     ] GC(16) Using 1 workers of 1 for evacuation
[2025-12-04T13:34:14.217+0000][gc,phases   ] GC(16)   Pre Evacuate Collection Set: 0.08ms
[2025-12-04T13:34:14.217+0000][gc,phases   ] GC(16)   Merge Heap Roots: 0.05ms
[2025-12-04T13:34:14.217+0000][gc,phases   ] GC(16)   Evacuate Collection Set: 11.89ms
[2025-12-04T13:34:14.217+0000][gc,phases   ] GC(16)   Post Evacuate Collection Set: 0.33ms
[2025-12-04T13:34:14.217+0000][gc,phases   ] GC(16)   Other: 0.06ms
[2025-12-04T13:34:14.217+0000][gc,heap     ] GC(16) Eden regions: 10->0(10)
[2025-12-04T13:34:14.217+0000][gc,heap     ] GC(16) Survivor regions: 2->2(2)
[2025-12-04T13:34:14.217+0000][gc,heap     ] GC(16) Old regions: 17->20
[2025-12-04T13:34:14.217+0000][gc,heap     ] GC(16) Humongous regions: 9->9
[2025-12-04T13:34:14.217+0000][gc,metaspace] GC(16) Metaspace: 39092K(39744K)->39092K(39744K) NonClass: 34535K(34880K)->34535K(34880K) Class: 4557K(4864K)->4557K(4864K)
[2025-12-04T13:34:14.217+0000][gc          ] GC(16) Pause Young (Mixed) (G1 Evacuation Pause) 37M->30M(256M) 12.542ms
[2025-12-04T13:34:14.217+0000][gc,cpu      ] GC(16) User=0.01s Sys=0.01s Real=0.01s
[2025-12-04T13:34:14.466+0000][gc,start    ] GC(17) Pause Young (Concurrent Start) (G1 Humongous Allocation)
[2025-12-04T13:34:14.467+0000][gc,task     ] GC(17) Using 1 workers of 1 for evacuation
[2025-12-04T13:34:14.482+0000][gc,phases   ] GC(17)   Pre Evacuate Collection Set: 0.10ms
[2025-12-04T13:34:14.483+0000][gc,phases   ] GC(17)   Merge Heap Roots: 0.03ms
[2025-12-04T13:34:14.483+0000][gc,phases   ] GC(17)   Evacuate Collection Set: 13.34ms
[2025-12-04T13:34:14.483+0000][gc,phases   ] GC(17)   Post Evacuate Collection Set: 0.31ms
[2025-12-04T13:34:14.483+0000][gc,phases   ] GC(17)   Other: 2.15ms
[2025-12-04T13:34:14.483+0000][gc,heap     ] GC(17) Eden regions: 9->0(11)
[2025-12-04T13:34:14.483+0000][gc,heap     ] GC(17) Survivor regions: 2->1(2)
[2025-12-04T13:34:14.483+0000][gc,heap     ] GC(17) Old regions: 20->22
[2025-12-04T13:34:14.483+0000][gc,heap     ] GC(17) Humongous regions: 9->9
[2025-12-04T13:34:14.483+0000][gc,metaspace] GC(17) Metaspace: 41105K(41792K)->41105K(41792K) NonClass: 36361K(36736K)->36361K(36736K) Class: 4744K(5056K)->4744K(5056K)
[2025-12-04T13:34:14.483+0000][gc          ] GC(17) Pause Young (Concurrent Start) (G1 Humongous Allocation) 38M->31M(256M) 16.081ms
[2025-12-04T13:34:14.483+0000][gc,cpu      ] GC(17) User=0.01s Sys=0.00s Real=0.01s
[2025-12-04T13:34:14.483+0000][gc          ] GC(18) Concurrent Undo Cycle
[2025-12-04T13:34:14.483+0000][gc,marking  ] GC(18) Concurrent Clear Claimed Marks
[2025-12-04T13:34:14.483+0000][gc,marking  ] GC(18) Concurrent Clear Claimed Marks 0.061ms
[2025-12-04T13:34:14.483+0000][gc,marking  ] GC(18) Concurrent Cleanup for Next Mark
[2025-12-04T13:34:14.486+0000][gc,marking  ] GC(18) Concurrent Cleanup for Next Mark 2.807ms
[2025-12-04T13:34:14.486+0000][gc          ] GC(18) Concurrent Undo Cycle 2.908ms
[2025-12-04T13:35:14.418+0000][gc,start    ] GC(19) Pause Young (Normal) (G1 Evacuation Pause)
[2025-12-04T13:35:14.418+0000][gc,task     ] GC(19) Using 1 workers of 1 for evacuation
[2025-12-04T13:35:14.425+0000][gc,phases   ] GC(19)   Pre Evacuate Collection Set: 0.18ms
[2025-12-04T13:35:14.425+0000][gc,phases   ] GC(19)   Merge Heap Roots: 0.04ms
[2025-12-04T13:35:14.425+0000][gc,phases   ] GC(19)   Evacuate Collection Set: 5.90ms
[2025-12-04T13:35:14.425+0000][gc,phases   ] GC(19)   Post Evacuate Collection Set: 0.35ms
[2025-12-04T13:35:14.425+0000][gc,phases   ] GC(19)   Other: 0.05ms
[2025-12-04T13:35:14.425+0000][gc,heap     ] GC(19) Eden regions: 11->0(10)
[2025-12-04T13:35:14.425+0000][gc,heap     ] GC(19) Survivor regions: 1->2(2)
[2025-12-04T13:35:14.425+0000][gc,heap     ] GC(19) Old regions: 22->22
[2025-12-04T13:35:14.425+0000][gc,heap     ] GC(19) Humongous regions: 138->138
[2025-12-04T13:35:14.425+0000][gc,metaspace] GC(19) Metaspace: 42814K(43456K)->42814K(43456K) NonClass: 37848K(38208K)->37848K(38208K) Class: 4965K(5248K)->4965K(5248K)
[2025-12-04T13:35:14.425+0000][gc          ] GC(19) Pause Young (Normal) (G1 Evacuation Pause) 171M->160M(256M) 7.112ms
[2025-12-04T13:35:14.425+0000][gc,cpu      ] GC(19) User=0.01s Sys=0.00s Real=0.01s
[2025-12-04T13:35:14.761+0000][gc,heap,exit] Heap
[2025-12-04T13:35:14.761+0000][gc,heap,exit]  garbage-first heap   total 262144K, used 172670K [0x00000000e0000000, 0x0000000100000000)
[2025-12-04T13:35:14.761+0000][gc,heap,exit]   region size 1024K, 10 young (10240K), 2 survivors (2048K)
[2025-12-04T13:35:14.761+0000][gc,heap,exit]  Metaspace       used 43538K, committed 44224K, reserved 1114112K
[2025-12-04T13:35:14.761+0000][gc,heap,exit]   class space    used 5096K, committed 5376K, reserved 1048576K
